
> base44-app@0.0.0 build
> vite build

[base44] Proxy enabled: /api -> https://appforge.base44.app
[36mvite v6.4.1 [32mbuilding for production...[36m[39m
transforming...
[plugin vite:resolve] Module "crypto" has been externalized for browser compatibility, imported by "C:/Users/ferna/Downloads/appforge-main/src/lib/cryptoUtils.js". See https://vite.dev/guide/troubleshooting.html#module-externalized-for-browser-compatibility for more details.
[32mΓ£ô[39m 4671 modules transformed.
rendering chunks...
computing gzip size...
[2mdist/[22m[32mindex.html                                      [39m[1m[2m  1.04 kB[22m[1m[22m[2m Γöé gzip:   0.44 kB[22m
[2mdist/[22m[32massets/quantum_core_bg-DaqLbN4H.wasm            [39m[1m[2m215.42 kB[22m[1m[22m[2m Γöé gzip:  95.92 kB[22m
[2mdist/[22m[32massets/static_analyzer_core_bg-B5vnWHqE.wasm    [39m[1m[2m858.10 kB[22m[1m[22m[2m Γöé gzip: 319.02 kB[22m
[2mdist/[22m[35massets/index-BRmt_rXP.css                       [39m[1m[2m182.75 kB[22m[1m[22m[2m Γöé gzip:  25.91 kB[22m
[2mdist/[22m[36massets/vendor-editor-Cni1OXu_.js                [39m[1m[2m  0.04 kB[22m[1m[22m[2m Γöé gzip:   0.06 kB[22m
[2mdist/[22m[36massets/Analytics-jjssPi3c.js                    [39m[1m[2m  0.38 kB[22m[1m[22m[2m Γöé gzip:   0.24 kB[22m
[2mdist/[22m[36massets/persistenceStore-CruJG9YR.js             [39m[1m[2m  0.66 kB[22m[1m[22m[2m Γöé gzip:   0.36 kB[22m
[2mdist/[22m[36massets/EmptyState-B89vEFI9.js                   [39m[1m[2m  0.74 kB[22m[1m[22m[2m Γöé gzip:   0.45 kB[22m
[2mdist/[22m[36massets/CodeReview-B1yb_de6.js                   [39m[1m[2m  0.75 kB[22m[1m[22m[2m Γöé gzip:   0.42 kB[22m
[2mdist/[22m[36massets/AITemplates-CZgFRpuw.js                  [39m[1m[2m  0.78 kB[22m[1m[22m[2m Γöé gzip:   0.43 kB[22m
[2mdist/[22m[36massets/SuperiorAIStudio-Ce7yqFNI.js             [39m[1m[2m  0.79 kB[22m[1m[22m[2m Γöé gzip:   0.44 kB[22m
[2mdist/[22m[36massets/AIDeployment-ByQHK3SE.js                 [39m[1m[2m  0.81 kB[22m[1m[22m[2m Γöé gzip:   0.45 kB[22m
[2mdist/[22m[36massets/NetworkBadge-DSUG078w.js                 [39m[1m[2m  0.89 kB[22m[1m[22m[2m Γöé gzip:   0.51 kB[22m
[2mdist/[22m[36massets/AdminMonitoring-D4DDj2AM.js              [39m[1m[2m  0.93 kB[22m[1m[22m[2m Γöé gzip:   0.46 kB[22m
[2mdist/[22m[36massets/AdminAPIKeys-BlhxBN5L.js                 [39m[1m[2m  0.94 kB[22m[1m[22m[2m Γöé gzip:   0.47 kB[22m
[2mdist/[22m[36massets/AdminSecrets-BmfWtpxX.js                 [39m[1m[2m  0.95 kB[22m[1m[22m[2m Γöé gzip:   0.47 kB[22m
[2mdist/[22m[36massets/IntelligentInterface-PNMPs8Xp.js         [39m[1m[2m  1.53 kB[22m[1m[22m[2m Γöé gzip:   0.66 kB[22m
[2mdist/[22m[36massets/DeveloperExperience-DPPmdS6E.js          [39m[1m[2m  1.62 kB[22m[1m[22m[2m Γöé gzip:   0.70 kB[22m
[2mdist/[22m[36massets/SystemDiagnostics-BcnAKKe6.js            [39m[1m[2m  1.68 kB[22m[1m[22m[2m Γöé gzip:   0.77 kB[22m
[2mdist/[22m[36massets/VoiceInput-Dd4f3NRa.js                   [39m[1m[2m  1.91 kB[22m[1m[22m[2m Γöé gzip:   0.96 kB[22m
[2mdist/[22m[36massets/MarketplaceExtensions-BVQc-fz6.js        [39m[1m[2m  2.06 kB[22m[1m[22m[2m Γöé gzip:   0.96 kB[22m
[2mdist/[22m[36massets/Monetization-BT_UYWfQ.js                 [39m[1m[2m  2.13 kB[22m[1m[22m[2m Γöé gzip:   1.01 kB[22m
[2mdist/[22m[36massets/APIDiscoveryPanel-DgwwviTV.js            [39m[1m[2m  2.14 kB[22m[1m[22m[2m Γöé gzip:   1.03 kB[22m
[2mdist/[22m[36massets/DataPipeline-CO_9MGMX.js                 [39m[1m[2m  2.16 kB[22m[1m[22m[2m Γöé gzip:   1.01 kB[22m
[2mdist/[22m[36massets/ReportingAnalytics-BA2GNQLa.js           [39m[1m[2m  2.16 kB[22m[1m[22m[2m Γöé gzip:   1.00 kB[22m
[2mdist/[22m[36massets/RealtimeCollaboration-CF3LAUTG.js        [39m[1m[2m  2.17 kB[22m[1m[22m[2m Γöé gzip:   1.01 kB[22m
[2mdist/[22m[36massets/CodeSnippetLibrary-DxiTlXu0.js           [39m[1m[2m  2.17 kB[22m[1m[22m[2m Γöé gzip:   0.98 kB[22m
[2mdist/[22m[36massets/EnterpriseSecurity-Df3RX7Mf.js           [39m[1m[2m  2.18 kB[22m[1m[22m[2m Γöé gzip:   1.01 kB[22m
[2mdist/[22m[36massets/PerformanceScalability-Cl3McC0u.js       [39m[1m[2m  2.19 kB[22m[1m[22m[2m Γöé gzip:   1.03 kB[22m
[2mdist/[22m[36massets/IntelligentAutomation-BegvRRLB.js        [39m[1m[2m  2.22 kB[22m[1m[22m[2m Γöé gzip:   1.01 kB[22m
[2mdist/[22m[36massets/DeploymentChecklist-pt5IJt4B.js          [39m[1m[2m  2.22 kB[22m[1m[22m[2m Γöé gzip:   0.96 kB[22m
[2mdist/[22m[36massets/ComponentBuilder-hJj56Wvs.js             [39m[1m[2m  2.25 kB[22m[1m[22m[2m Γöé gzip:   0.99 kB[22m
[2mdist/[22m[36massets/ProductAnalytics-B9Pr0xEl.js             [39m[1m[2m  2.37 kB[22m[1m[22m[2m Γöé gzip:   1.07 kB[22m
[2mdist/[22m[36massets/quantumIntegration-DfJjG5qq.js           [39m[1m[2m  2.51 kB[22m[1m[22m[2m Γöé gzip:   1.17 kB[22m
[2mdist/[22m[36massets/switch-CSUB8jhA.js                       [39m[1m[2m  2.57 kB[22m[1m[22m[2m Γöé gzip:   1.26 kB[22m
[2mdist/[22m[36massets/FunctionBuilder-DePstRus.js              [39m[1m[2m  2.57 kB[22m[1m[22m[2m Γöé gzip:   1.14 kB[22m
[2mdist/[22m[36massets/IntegrationEcosystem-vrERM7WJ.js         [39m[1m[2m  2.73 kB[22m[1m[22m[2m Γöé gzip:   1.14 kB[22m
[2mdist/[22m[36massets/WalletConnect-4qyek_-B.js                [39m[1m[2m  2.74 kB[22m[1m[22m[2m Γöé gzip:   1.18 kB[22m
[2mdist/[22m[36massets/progress-LOpRdBfD.js                     [39m[1m[2m  2.78 kB[22m[1m[22m[2m Γöé gzip:   1.33 kB[22m
[2mdist/[22m[36massets/SystemHealth-CLCCzO-1.js                 [39m[1m[2m  2.99 kB[22m[1m[22m[2m Γöé gzip:   1.15 kB[22m
[2mdist/[22m[36massets/static_analyzer_core-DlPeaj6m.js         [39m[1m[2m  3.00 kB[22m[1m[22m[2m Γöé gzip:   1.26 kB[22m
[2mdist/[22m[36massets/websocketService-BIDd_pe4.js             [39m[1m[2m  3.15 kB[22m[1m[22m[2m Γöé gzip:   0.89 kB[22m
[2mdist/[22m[36massets/ProactiveQuantumSuggestions-zKLjShHb.js  [39m[1m[2m  3.18 kB[22m[1m[22m[2m Γöé gzip:   1.38 kB[22m
[2mdist/[22m[36massets/RbacTenancy-8-JgmyzR.js                  [39m[1m[2m  3.20 kB[22m[1m[22m[2m Γöé gzip:   1.29 kB[22m
[2mdist/[22m[36massets/VisualizationStudio-DoZiHc92.js          [39m[1m[2m  3.33 kB[22m[1m[22m[2m Γöé gzip:   1.22 kB[22m
[2mdist/[22m[36massets/AdminDeployments-CUiOBWgV.js             [39m[1m[2m  3.44 kB[22m[1m[22m[2m Γöé gzip:   1.19 kB[22m
[2mdist/[22m[36massets/FeedbackSummary-Dn0wOIkq.js              [39m[1m[2m  3.47 kB[22m[1m[22m[2m Γöé gzip:   1.19 kB[22m
[2mdist/[22m[36massets/ProactiveAnticipationEngine-BeYNF3t4.js  [39m[1m[2m  3.49 kB[22m[1m[22m[2m Γöé gzip:   1.31 kB[22m
[2mdist/[22m[36massets/QuantumReportGenerator-cNJ-48nU.js       [39m[1m[2m  3.50 kB[22m[1m[22m[2m Γöé gzip:   1.32 kB[22m
[2mdist/[22m[36massets/QuantumLearningEngine-CF3nmk-B.js        [39m[1m[2m  3.53 kB[22m[1m[22m[2m Γöé gzip:   1.31 kB[22m
[2mdist/[22m[36massets/Settings-BwElyNCI.js                     [39m[1m[2m  3.61 kB[22m[1m[22m[2m Γöé gzip:   1.33 kB[22m
[2mdist/[22m[36massets/searchAnalytics-D68XKVT7.js              [39m[1m[2m  3.61 kB[22m[1m[22m[2m Γöé gzip:   1.29 kB[22m
[2mdist/[22m[36massets/SmartDeployment-PhKvXjry.js              [39m[1m[2m  3.63 kB[22m[1m[22m[2m Γöé gzip:   1.42 kB[22m
[2mdist/[22m[36massets/QuantumQueryAnalyzer-2givmsIg.js         [39m[1m[2m  3.63 kB[22m[1m[22m[2m Γöé gzip:   1.45 kB[22m
[2mdist/[22m[36massets/AdminAIControl-YhY71ikO.js               [39m[1m[2m  3.72 kB[22m[1m[22m[2m Γöé gzip:   1.38 kB[22m
[2mdist/[22m[36massets/IncidentIntelligence-CQViiGeV.js         [39m[1m[2m  3.72 kB[22m[1m[22m[2m Γöé gzip:   1.59 kB[22m
[2mdist/[22m[36massets/checkbox-BaTpTAMg.js                     [39m[1m[2m  3.88 kB[22m[1m[22m[2m Γöé gzip:   1.70 kB[22m
[2mdist/[22m[36massets/CommandPalette-DmIsiM8B.js               [39m[1m[2m  3.96 kB[22m[1m[22m[2m Γöé gzip:   1.60 kB[22m
[2mdist/[22m[36massets/AIComponentGenerator-CvFbNbMp.js         [39m[1m[2m  3.96 kB[22m[1m[22m[2m Γöé gzip:   1.48 kB[22m
[2mdist/[22m[36massets/SubscriptionSuccess-CqSX1X52.js          [39m[1m[2m  4.00 kB[22m[1m[22m[2m Γöé gzip:   1.32 kB[22m
[2mdist/[22m[36massets/DocumentUpload-Dyl7iEt4.js               [39m[1m[2m  4.00 kB[22m[1m[22m[2m Γöé gzip:   1.55 kB[22m
[2mdist/[22m[36massets/AgentCollaborationBuilder-EVWEh_pX.js    [39m[1m[2m  4.01 kB[22m[1m[22m[2m Γöé gzip:   1.60 kB[22m
[2mdist/[22m[36massets/IntegrationTemplates-BBpwuvnt.js         [39m[1m[2m  4.15 kB[22m[1m[22m[2m Γöé gzip:   1.76 kB[22m
[2mdist/[22m[36massets/AdminAnalytics-DAJC6XOq.js               [39m[1m[2m  4.16 kB[22m[1m[22m[2m Γöé gzip:   1.52 kB[22m
[2mdist/[22m[36massets/AutoAgentDeployer-Cvpvio-p.js            [39m[1m[2m  4.29 kB[22m[1m[22m[2m Γöé gzip:   1.50 kB[22m
[2mdist/[22m[36massets/SuperIntelligenceDashboard-BYuPF_wy.js   [39m[1m[2m  4.52 kB[22m[1m[22m[2m Γöé gzip:   1.51 kB[22m
[2mdist/[22m[36massets/DataAnalytics-BeMthepC.js                [39m[1m[2m  4.57 kB[22m[1m[22m[2m Γöé gzip:   1.95 kB[22m
[2mdist/[22m[36massets/CodeEditorWithCompletion-CwedX4Yc.js     [39m[1m[2m  4.60 kB[22m[1m[22m[2m Γöé gzip:   1.90 kB[22m
[2mdist/[22m[36massets/IntegrationAnalytics-DeEVMpFE.js         [39m[1m[2m  4.62 kB[22m[1m[22m[2m Γöé gzip:   1.53 kB[22m
[2mdist/[22m[36massets/AgentCollaborationDashboard-zNTAMjlt.js  [39m[1m[2m  4.74 kB[22m[1m[22m[2m Γöé gzip:   1.61 kB[22m
[2mdist/[22m[36massets/ProjectExport-CAV9LEvH.js                [39m[1m[2m  4.76 kB[22m[1m[22m[2m Γöé gzip:   1.48 kB[22m
[2mdist/[22m[36massets/AIUXSuggestions-Dtohh1gA.js              [39m[1m[2m  4.85 kB[22m[1m[22m[2m Γöé gzip:   1.74 kB[22m
[2mdist/[22m[36massets/alert-dialog-BBpwvVov.js                 [39m[1m[2m  4.86 kB[22m[1m[22m[2m Γöé gzip:   1.79 kB[22m
[2mdist/[22m[36massets/AITemplateGenerator-BtKC9GSz.js          [39m[1m[2m  4.89 kB[22m[1m[22m[2m Γöé gzip:   1.72 kB[22m
[2mdist/[22m[36massets/AITestingDebugger-XHy9-fV_.js            [39m[1m[2m  4.93 kB[22m[1m[22m[2m Γöé gzip:   1.75 kB[22m
[2mdist/[22m[36massets/AdminUserManagement-Cbhfx-t1.js          [39m[1m[2m  4.98 kB[22m[1m[22m[2m Γöé gzip:   1.69 kB[22m
[2mdist/[22m[36massets/AdminAgentControl-DCHlDeIC.js            [39m[1m[2m  5.02 kB[22m[1m[22m[2m Γöé gzip:   1.55 kB[22m
[2mdist/[22m[36massets/RateLimits-DS6wKj1N.js                   [39m[1m[2m  5.03 kB[22m[1m[22m[2m Γöé gzip:   1.44 kB[22m
[2mdist/[22m[36massets/ProactiveBugDetection-7o7L_sEy.js        [39m[1m[2m  5.09 kB[22m[1m[22m[2m Γöé gzip:   1.74 kB[22m
[2mdist/[22m[36massets/AdminTemplates-DTybmLTJ.js               [39m[1m[2m  5.19 kB[22m[1m[22m[2m Γöé gzip:   1.57 kB[22m
[2mdist/[22m[36massets/CodeReview-CwQL8wuK.js                   [39m[1m[2m  5.31 kB[22m[1m[22m[2m Γöé gzip:   1.87 kB[22m
[2mdist/[22m[36massets/TwoFactorAuth-B5pRUdlY.js                [39m[1m[2m  5.65 kB[22m[1m[22m[2m Γöé gzip:   1.72 kB[22m
[2mdist/[22m[36massets/Roadmap-CFjceq6s.js                      [39m[1m[2m  5.69 kB[22m[1m[22m[2m Γöé gzip:   2.08 kB[22m
[2mdist/[22m[36massets/MediaStudio-Cghq5X5T.js                  [39m[1m[2m  5.74 kB[22m[1m[22m[2m Γöé gzip:   2.15 kB[22m
[2mdist/[22m[36massets/AlertService-CxAK_i9U.js                 [39m[1m[2m  5.75 kB[22m[1m[22m[2m Γöé gzip:   2.38 kB[22m
[2mdist/[22m[36massets/DocumentationGenerator-ZUwldTgT.js       [39m[1m[2m  5.87 kB[22m[1m[22m[2m Γöé gzip:   2.12 kB[22m
[2mdist/[22m[36massets/DeFiHub-B05O7HVk.js                      [39m[1m[2m  5.91 kB[22m[1m[22m[2m Γöé gzip:   1.98 kB[22m
[2mdist/[22m[36massets/FeedbackAnalytics-1YKsqA5D.js            [39m[1m[2m  5.92 kB[22m[1m[22m[2m Γöé gzip:   2.03 kB[22m
[2mdist/[22m[36massets/ProjectAuditorEnhanced-DaZmvmGb.js       [39m[1m[2m  5.99 kB[22m[1m[22m[2m Γöé gzip:   1.80 kB[22m
[2mdist/[22m[36massets/MedicalAI-D6MDjKp1.js                    [39m[1m[2m  6.13 kB[22m[1m[22m[2m Γöé gzip:   2.47 kB[22m
[2mdist/[22m[36massets/AuditLog-C4Fuv2RB.js                     [39m[1m[2m  6.30 kB[22m[1m[22m[2m Γöé gzip:   1.95 kB[22m
[2mdist/[22m[36massets/AgentDeploymentPanel-DUHE7Y0Z.js         [39m[1m[2m  6.40 kB[22m[1m[22m[2m Γöé gzip:   2.21 kB[22m
[2mdist/[22m[36massets/AIUsagePanel-CJaQoW8N.js                 [39m[1m[2m  6.44 kB[22m[1m[22m[2m Γöé gzip:   1.91 kB[22m
[2mdist/[22m[36massets/GovernmentTools-D4Oosn7J.js              [39m[1m[2m  6.44 kB[22m[1m[22m[2m Γöé gzip:   2.57 kB[22m
[2mdist/[22m[36massets/CodeRefactoring-C1NwuaHm.js              [39m[1m[2m  6.63 kB[22m[1m[22m[2m Γöé gzip:   1.91 kB[22m
[2mdist/[22m[36massets/DAOGovernance-CQhMgweU.js                [39m[1m[2m  6.76 kB[22m[1m[22m[2m Γöé gzip:   2.01 kB[22m
[2mdist/[22m[36massets/DeploymentModal-DMUByE-I.js              [39m[1m[2m  6.84 kB[22m[1m[22m[2m Γöé gzip:   2.13 kB[22m
[2mdist/[22m[36massets/GitHubIntegration-B3ZEkrMs.js            [39m[1m[2m  6.90 kB[22m[1m[22m[2m Γöé gzip:   2.27 kB[22m
[2mdist/[22m[36massets/EmailCampaigns-Dr8PfMFu.js               [39m[1m[2m  6.91 kB[22m[1m[22m[2m Γöé gzip:   2.15 kB[22m
[2mdist/[22m[36massets/OptimizationSuggestions-BitQmh0v.js      [39m[1m[2m  7.13 kB[22m[1m[22m[2m Γöé gzip:   2.57 kB[22m
[2mdist/[22m[36massets/CodeReviewSuggestions-D3xtdkod.js        [39m[1m[2m  7.14 kB[22m[1m[22m[2m Γöé gzip:   2.45 kB[22m
[2mdist/[22m[36massets/ContentStudio-DF_l42bO.js                [39m[1m[2m  7.15 kB[22m[1m[22m[2m Γöé gzip:   2.55 kB[22m
[2mdist/[22m[36massets/SuperiorAIStudio-D4jmI9SO.js             [39m[1m[2m  7.20 kB[22m[1m[22m[2m Γöé gzip:   2.27 kB[22m
[2mdist/[22m[36massets/ProjectDiagnostics-fkS3i8oa.js           [39m[1m[2m  7.24 kB[22m[1m[22m[2m Γöé gzip:   2.05 kB[22m
[2mdist/[22m[36massets/SecurityFeatures-DOFGpd6b.js             [39m[1m[2m  7.35 kB[22m[1m[22m[2m Γöé gzip:   2.10 kB[22m
[2mdist/[22m[36massets/FunctionValidator-arq0lrkL.js            [39m[1m[2m  7.39 kB[22m[1m[22m[2m Γöé gzip:   2.59 kB[22m
[2mdist/[22m[36massets/CryptoGambling-zrTGgdzk.js               [39m[1m[2m  7.42 kB[22m[1m[22m[2m Γöé gzip:   2.23 kB[22m
[2mdist/[22m[36massets/AdvancedAITools-BZXcKtMl.js              [39m[1m[2m  7.53 kB[22m[1m[22m[2m Γöé gzip:   1.95 kB[22m
[2mdist/[22m[36massets/GamingPlatform-CNMMDn7c.js               [39m[1m[2m  7.58 kB[22m[1m[22m[2m Γöé gzip:   2.20 kB[22m
[2mdist/[22m[36massets/Notifications-B1PUxe5-.js                [39m[1m[2m  7.64 kB[22m[1m[22m[2m Γöé gzip:   1.92 kB[22m
[2mdist/[22m[36massets/ReferralProgram-Dgfy976q.js              [39m[1m[2m  7.85 kB[22m[1m[22m[2m Γöé gzip:   2.40 kB[22m
[2mdist/[22m[36massets/ProjectTasks-BGU5KVyn.js                 [39m[1m[2m  7.87 kB[22m[1m[22m[2m Γöé gzip:   2.57 kB[22m
[2mdist/[22m[36massets/slider-DHSmyGlc.js                       [39m[1m[2m  8.09 kB[22m[1m[22m[2m Γöé gzip:   3.24 kB[22m
[2mdist/[22m[36massets/FeatureFlags-CEEFDdwb.js                 [39m[1m[2m  8.09 kB[22m[1m[22m[2m Γöé gzip:   2.38 kB[22m
[2mdist/[22m[36massets/Account-SW_-3Pzj.js                      [39m[1m[2m  8.20 kB[22m[1m[22m[2m Γöé gzip:   2.24 kB[22m
[2mdist/[22m[36massets/Guide-DL8ICdMn.js                        [39m[1m[2m  8.28 kB[22m[1m[22m[2m Γöé gzip:   3.13 kB[22m
[2mdist/[22m[36massets/CodeReviewPanel-Cc23-smA.js              [39m[1m[2m  8.32 kB[22m[1m[22m[2m Γöé gzip:   2.30 kB[22m
[2mdist/[22m[36massets/MLIntegration-12VS6SEE.js                [39m[1m[2m  8.37 kB[22m[1m[22m[2m Γöé gzip:   2.19 kB[22m
[2mdist/[22m[36massets/APIManagement-BtpG3u-k.js                [39m[1m[2m  8.46 kB[22m[1m[22m[2m Γöé gzip:   2.37 kB[22m
[2mdist/[22m[36massets/AIProjectGenerator-BCJPGzeL.js           [39m[1m[2m  8.55 kB[22m[1m[22m[2m Γöé gzip:   2.37 kB[22m
[2mdist/[22m[36massets/GitHubConnect-DybOQkS2.js                [39m[1m[2m  8.73 kB[22m[1m[22m[2m Γöé gzip:   2.52 kB[22m
[2mdist/[22m[36massets/index-BsGoqQ-j.js                        [39m[1m[2m  8.77 kB[22m[1m[22m[2m Γöé gzip:   3.49 kB[22m
[2mdist/[22m[36massets/WebhookMonitor-CSnwQ23a.js               [39m[1m[2m  8.89 kB[22m[1m[22m[2m Γöé gzip:   2.83 kB[22m
[2mdist/[22m[36massets/PersonalizationEngine-BTBbZK2h.js        [39m[1m[2m  8.96 kB[22m[1m[22m[2m Γöé gzip:   2.71 kB[22m
[2mdist/[22m[36massets/RoleManagement-CFYkPIiZ.js               [39m[1m[2m  8.97 kB[22m[1m[22m[2m Γöé gzip:   2.49 kB[22m
[2mdist/[22m[36massets/ModelSelector-C4bxTL8j.js                [39m[1m[2m  9.05 kB[22m[1m[22m[2m Γöé gzip:   2.49 kB[22m
[2mdist/[22m[36massets/AGIStudio-DBoQafYs.js                    [39m[1m[2m  9.26 kB[22m[1m[22m[2m Γöé gzip:   3.05 kB[22m
[2mdist/[22m[36massets/ProjectSettings-BMx8gsD3.js              [39m[1m[2m  9.27 kB[22m[1m[22m[2m Γöé gzip:   2.95 kB[22m
[2mdist/[22m[36massets/NFTMarketplace-DOf52EPO.js               [39m[1m[2m  9.31 kB[22m[1m[22m[2m Γöé gzip:   2.41 kB[22m
[2mdist/[22m[36massets/HelpSidebar-Dh3lBVnF.js                  [39m[1m[2m  9.36 kB[22m[1m[22m[2m Γöé gzip:   3.37 kB[22m
[2mdist/[22m[36massets/LLMSettings-BvM5-e-3.js                  [39m[1m[2m  9.36 kB[22m[1m[22m[2m Γöé gzip:   3.03 kB[22m
[2mdist/[22m[36massets/MobileAppBuilder-DD43V7fw.js             [39m[1m[2m  9.37 kB[22m[1m[22m[2m Γöé gzip:   3.15 kB[22m
[2mdist/[22m[36massets/ResourceMonitoringPanel-BtTAqQjG.js      [39m[1m[2m  9.38 kB[22m[1m[22m[2m Γöé gzip:   2.21 kB[22m
[2mdist/[22m[36massets/SidebarNew-DBX_K0XA.js                   [39m[1m[2m  9.42 kB[22m[1m[22m[2m Γöé gzip:   2.68 kB[22m
[2mdist/[22m[36massets/Components-BaX0vCnf.js                   [39m[1m[2m  9.45 kB[22m[1m[22m[2m Γöé gzip:   2.97 kB[22m
[2mdist/[22m[36massets/PredictiveModels-B7nE7mQa.js             [39m[1m[2m  9.59 kB[22m[1m[22m[2m Γöé gzip:   3.22 kB[22m
[2mdist/[22m[36massets/AdminAgents-DUk48kLb.js                  [39m[1m[2m  9.67 kB[22m[1m[22m[2m Γöé gzip:   2.72 kB[22m
[2mdist/[22m[36massets/SearchAnalytics-ZfMTCLfv.js              [39m[1m[2m  9.90 kB[22m[1m[22m[2m Γöé gzip:   2.52 kB[22m
[2mdist/[22m[36massets/Observability-CRAGoIwU.js                [39m[1m[2m  9.96 kB[22m[1m[22m[2m Γöé gzip:   2.50 kB[22m
[2mdist/[22m[36massets/AdvancedAIFunctions-O6wtZgm7.js          [39m[1m[2m 10.09 kB[22m[1m[22m[2m Γöé gzip:   3.11 kB[22m
[2mdist/[22m[36massets/CustomAgentBuilder-x5ppa3HW.js           [39m[1m[2m 10.16 kB[22m[1m[22m[2m Γöé gzip:   2.48 kB[22m
[2mdist/[22m[36massets/Pricing-C57HR7In.js                      [39m[1m[2m 10.19 kB[22m[1m[22m[2m Γöé gzip:   3.32 kB[22m
[2mdist/[22m[36massets/AIDeploymentWizard-BPFDcPgt.js           [39m[1m[2m 10.29 kB[22m[1m[22m[2m Γöé gzip:   2.96 kB[22m
[2mdist/[22m[36massets/Profile-BmuZpUCo.js                      [39m[1m[2m 10.41 kB[22m[1m[22m[2m Γöé gzip:   2.70 kB[22m
[2mdist/[22m[36massets/SecurityCenter-BnGz3YUH.js               [39m[1m[2m 10.65 kB[22m[1m[22m[2m Γöé gzip:   2.65 kB[22m
[2mdist/[22m[36massets/AutomationBuilder-CUHxv_76.js            [39m[1m[2m 10.73 kB[22m[1m[22m[2m Γöé gzip:   3.02 kB[22m
[2mdist/[22m[36massets/AdminDashboard-DDQDoz-v.js               [39m[1m[2m 10.76 kB[22m[1m[22m[2m Γöé gzip:   2.85 kB[22m
[2mdist/[22m[36massets/VSCodeIntegration-C4PHOPUV.js            [39m[1m[2m 10.78 kB[22m[1m[22m[2m Γöé gzip:   3.10 kB[22m
[2mdist/[22m[36massets/CodeGenerator-CLW0NkpF.js                [39m[1m[2m 11.47 kB[22m[1m[22m[2m Γöé gzip:   2.90 kB[22m
[2mdist/[22m[36massets/APIKeyManager-DcTmSiaX.js                [39m[1m[2m 11.48 kB[22m[1m[22m[2m Γöé gzip:   3.57 kB[22m
[2mdist/[22m[36massets/AdminSubscriptions-D43RcZhk.js           [39m[1m[2m 11.59 kB[22m[1m[22m[2m Γöé gzip:   3.15 kB[22m
[2mdist/[22m[36massets/CodePlayground-DIjie78U.js               [39m[1m[2m 11.61 kB[22m[1m[22m[2m Γöé gzip:   3.70 kB[22m
[2mdist/[22m[36massets/APIExplorer-KEFkjfUO.js                  [39m[1m[2m 11.78 kB[22m[1m[22m[2m Γöé gzip:   3.46 kB[22m
[2mdist/[22m[36massets/EmailAssistant-Dxqo3rvi.js               [39m[1m[2m 12.27 kB[22m[1m[22m[2m Γöé gzip:   3.40 kB[22m
[2mdist/[22m[36massets/scroll-area-CvFu8_-M.js                  [39m[1m[2m 12.44 kB[22m[1m[22m[2m Γöé gzip:   3.94 kB[22m
[2mdist/[22m[36massets/TeamCollaboration-BydtjP6q.js            [39m[1m[2m 12.73 kB[22m[1m[22m[2m Γöé gzip:   3.69 kB[22m
[2mdist/[22m[36massets/ProactiveSuggestions-BTh9i8kr.js         [39m[1m[2m 12.89 kB[22m[1m[22m[2m Γöé gzip:   4.42 kB[22m
[2mdist/[22m[36massets/ChatbotManager-CFHyQyy2.js               [39m[1m[2m 13.00 kB[22m[1m[22m[2m Γöé gzip:   3.75 kB[22m
[2mdist/[22m[36massets/EntityDesigner-BEZys2le.js               [39m[1m[2m 13.62 kB[22m[1m[22m[2m Γöé gzip:   4.14 kB[22m
[2mdist/[22m[36massets/Support-BtyqNd9L.js                      [39m[1m[2m 14.03 kB[22m[1m[22m[2m Γöé gzip:   4.47 kB[22m
[2mdist/[22m[36massets/PageEditor-Bj0x2o7G.js                   [39m[1m[2m 14.21 kB[22m[1m[22m[2m Γöé gzip:   4.35 kB[22m
[2mdist/[22m[36massets/AdvancedSearch-BQpZnTWK.js               [39m[1m[2m 14.68 kB[22m[1m[22m[2m Γöé gzip:   4.65 kB[22m
[2mdist/[22m[36massets/ConsolidatedAISidebar-CrZgxNQA.js        [39m[1m[2m 15.19 kB[22m[1m[22m[2m Γöé gzip:   2.86 kB[22m
[2mdist/[22m[36massets/TokenCreator-F2z-p3aD.js                 [39m[1m[2m 15.21 kB[22m[1m[22m[2m Γöé gzip:   4.30 kB[22m
[2mdist/[22m[36massets/Deployments-Dz9pe1W0.js                  [39m[1m[2m 15.51 kB[22m[1m[22m[2m Γöé gzip:   4.03 kB[22m
[2mdist/[22m[36massets/NFTStudio-CmkIFMkV.js                    [39m[1m[2m 15.62 kB[22m[1m[22m[2m Γöé gzip:   3.86 kB[22m
[2mdist/[22m[36massets/Web3Dashboard-C9Tl6wLo.js                [39m[1m[2m 16.70 kB[22m[1m[22m[2m Γöé gzip:   3.49 kB[22m
[2mdist/[22m[36massets/ContractBuilder-eSdK_cLC.js              [39m[1m[2m 17.44 kB[22m[1m[22m[2m Γöé gzip:   4.98 kB[22m
[2mdist/[22m[36massets/Security-Cp6Hjj-q.js                     [39m[1m[2m 17.71 kB[22m[1m[22m[2m Γöé gzip:   5.08 kB[22m
[2mdist/[22m[36massets/AdminCoaching-CkmvlRwx.js                [39m[1m[2m 17.91 kB[22m[1m[22m[2m Γöé gzip:   4.54 kB[22m
[2mdist/[22m[36massets/EnterpriseIntelligence-BBLusKWd.js       [39m[1m[2m 17.98 kB[22m[1m[22m[2m Γöé gzip:   4.04 kB[22m
[2mdist/[22m[36massets/DataPrivacy-B9UwfeGT.js                  [39m[1m[2m 18.33 kB[22m[1m[22m[2m Γöé gzip:   5.02 kB[22m
[2mdist/[22m[36massets/IntegrationHub-WTmbnTg0.js               [39m[1m[2m 18.83 kB[22m[1m[22m[2m Γöé gzip:   4.64 kB[22m
[2mdist/[22m[36massets/index-C0CWKJV7.js                        [39m[1m[2m 19.01 kB[22m[1m[22m[2m Γöé gzip:   4.41 kB[22m
[2mdist/[22m[36massets/ExternalBotIntegrations-BRCBPNme.js      [39m[1m[2m 19.25 kB[22m[1m[22m[2m Γöé gzip:   4.89 kB[22m
[2mdist/[22m[36massets/EnvironmentVariables-BUbIvu2S.js         [39m[1m[2m 19.39 kB[22m[1m[22m[2m Γöé gzip:   5.65 kB[22m
[2mdist/[22m[36massets/Integrations-CBpK7M56.js                 [39m[1m[2m 19.77 kB[22m[1m[22m[2m Γöé gzip:   4.85 kB[22m
[2mdist/[22m[36massets/CentralAnalytics-CW2lx2nP.js             [39m[1m[2m 19.92 kB[22m[1m[22m[2m Γöé gzip:   4.48 kB[22m
[2mdist/[22m[36massets/TemplateMarketplace-CSRIJCsl.js          [39m[1m[2m 21.58 kB[22m[1m[22m[2m Γöé gzip:   5.30 kB[22m
[2mdist/[22m[36massets/quantum_core-CRDL0z9z.js                 [39m[1m[2m 21.60 kB[22m[1m[22m[2m Γöé gzip:   4.73 kB[22m
[2mdist/[22m[36massets/AdvancedAnomalyDetection-YIz7llG0.js     [39m[1m[2m 22.13 kB[22m[1m[22m[2m Γöé gzip:   4.22 kB[22m
[2mdist/[22m[36massets/TeamManagement-DPheVjr5.js               [39m[1m[2m 23.08 kB[22m[1m[22m[2m Γöé gzip:   5.65 kB[22m
[2mdist/[22m[36massets/CryptoExchange-BjqpuX3B.js               [39m[1m[2m 24.94 kB[22m[1m[22m[2m Γöé gzip:   5.66 kB[22m
[2mdist/[22m[36massets/WorkflowBuilder-BOEV__QS.js              [39m[1m[2m 25.00 kB[22m[1m[22m[2m Γöé gzip:   6.77 kB[22m
[2mdist/[22m[36massets/ProjectViewer-Tg7NweYZ.js                [39m[1m[2m 25.21 kB[22m[1m[22m[2m Γöé gzip:   7.42 kB[22m
[2mdist/[22m[36massets/aiRouter-Dp6sPs_A.js                     [39m[1m[2m 26.02 kB[22m[1m[22m[2m Γöé gzip:   9.67 kB[22m
[2mdist/[22m[36massets/PredictiveAnalytics-B2SPEJSq.js          [39m[1m[2m 26.70 kB[22m[1m[22m[2m Γöé gzip:   5.93 kB[22m
[2mdist/[22m[36massets/Collaboration-BxEjWweA.js                [39m[1m[2m 27.76 kB[22m[1m[22m[2m Γöé gzip:   7.33 kB[22m
[2mdist/[22m[36massets/MobileStudio-xypuHtOl.js                 [39m[1m[2m 29.32 kB[22m[1m[22m[2m Γöé gzip:   7.75 kB[22m
[2mdist/[22m[36massets/AdminSystemConfig-DnwgwHP7.js            [39m[1m[2m 34.83 kB[22m[1m[22m[2m Γöé gzip:   7.69 kB[22m
[2mdist/[22m[36massets/CustomAgentStudio-D3aP93H2.js            [39m[1m[2m 42.07 kB[22m[1m[22m[2m Γöé gzip:  10.07 kB[22m
[2mdist/[22m[36massets/vendor-query-BOA1Koaw.js                 [39m[1m[2m 42.23 kB[22m[1m[22m[2m Γöé gzip:  12.26 kB[22m
[2mdist/[22m[36massets/AIMonitoring-B0yVOzbE.js                 [39m[1m[2m 43.70 kB[22m[1m[22m[2m Γöé gzip:  10.02 kB[22m
[2mdist/[22m[36massets/vendor-utils-tR_efKP6.js                 [39m[1m[2m 50.98 kB[22m[1m[22m[2m Γöé gzip:  14.85 kB[22m
[2mdist/[22m[36massets/ProjectWizard-DzgGC5Hw.js                [39m[1m[2m 51.14 kB[22m[1m[22m[2m Γöé gzip:  12.68 kB[22m
[2mdist/[22m[36massets/vendor-icons-MWcOGVAN.js                 [39m[1m[2m 53.68 kB[22m[1m[22m[2m Γöé gzip:  17.96 kB[22m
[2mdist/[22m[36massets/SocialMediaHub-DwOwgOh5.js               [39m[1m[2m 57.56 kB[22m[1m[22m[2m Γöé gzip:  16.58 kB[22m
[2mdist/[22m[36massets/BotBuilder-BbKMo9Yl.js                   [39m[1m[2m 62.72 kB[22m[1m[22m[2m Γöé gzip:  16.05 kB[22m
[2mdist/[22m[36massets/dnd.esm-C6VUs8KT.js                      [39m[1m[2m 96.10 kB[22m[1m[22m[2m Γöé gzip:  28.93 kB[22m
[2mdist/[22m[36massets/vendor-motion-Y6MKHtxX.js                [39m[1m[2m114.40 kB[22m[1m[22m[2m Γöé gzip:  36.68 kB[22m
[2mdist/[22m[36massets/index-Ba9p_D6v.js                        [39m[1m[2m116.15 kB[22m[1m[22m[2m Γöé gzip:  34.46 kB[22m
[2mdist/[22m[36massets/vendor-ui-vcKxs_AK.js                    [39m[1m[2m124.31 kB[22m[1m[22m[2m Γöé gzip:  36.81 kB[22m
[2mdist/[22m[36massets/AIAssistant-Bp7gAMdR.js                  [39m[1m[2m127.01 kB[22m[1m[22m[2m Γöé gzip:  37.27 kB[22m
[2mdist/[22m[36massets/vendor-react-Dc_7fock.js                 [39m[1m[2m152.33 kB[22m[1m[22m[2m Γöé gzip:  49.85 kB[22m
[2mdist/[22m[36massets/index.browser.esm-BVOPEZ_V.js            [39m[1m[2m302.92 kB[22m[1m[22m[2m Γöé gzip:  84.95 kB[22m
[2mdist/[22m[36massets/vendor-charts-jSlRjDoV.js                [39m[1m[2m444.75 kB[22m[1m[22m[2m Γöé gzip: 111.78 kB[22m
[2mdist/[22m[36massets/index-D17fnnD_.js                        [39m[1m[33m702.22 kB[39m[22m[2m Γöé gzip: 218.45 kB[22m

(!) Some chunks are larger than 600 kB after minification. Consider:
- Using dynamic import() to code-split the application
- Use build.rollupOptions.output.manualChunks to improve chunking: https://rollupjs.org/configuration-options/#output-manualchunks
- Adjust chunk size limit for this warning via build.chunkSizeWarningLimit.
[32mΓ£ô built in 1m 7s[39m
