
> base44-app@0.0.0 test
> vitest run --run


[1m[46m RUN [49m[22m [36mv4.0.18 [39m[90mC:/Users/ferna/Downloads/appforge-main[39m

stderr | src/hooks/useDeployments.test.js > useDeployments Hook > should load deployment history
Warning: An update to TestComponent inside a test was not wrapped in act(...).

When testing, code that causes React state updates should be wrapped into act(...):

act(() => {
  /* fire events that update state */
});
/* assert on the output */

This ensures that you're testing the behavior the user would see in the browser. Learn more at https://reactjs.org/link/wrap-tests-with-act
    at TestComponent (C:\Users\ferna\Downloads\appforge-main\node_modules\@testing-library\react\dist\pure.js:328:5)

 [32mΓ£ô[39m src/hooks/useDeployments.test.js [2m([22m[2m19 tests[22m[2m)[22m[32m 251[2mms[22m[39m
 [32mΓ£ô[39m src/hooks/useProjectCloning.test.js [2m([22m[2m19 tests[22m[2m)[22m[32m 221[2mms[22m[39m
stderr | src/tests/unit/integration/apiIntegration.test.js > API Service Integration > appforgeClient > should have axios instance configured
Γ¥î Environment Configuration Error
Missing required variables: [
  'VITE_BASE44_USERNAME',
  'VITE_BASE44_PASSWORD',
  'VITE_BASE44_API_URL'
]
Please create .env.local from .env.example and fill in your credentials

stderr | src/utils/__tests__/analytics.test.js > Analytics System > Event Batching > should handle batch flush
Analytics flush error: TypeError: Failed to parse URL from /api/analytics
    at node:internal/deps/undici/undici:16416:13
    at processTicksAndRejections (node:internal/process/task_queues:103:5)
    at Module.flushAnalytics (C:/Users/ferna/Downloads/appforge-main/src/utils/analytics.js:131:22) {
  [cause]: TypeError: Invalid URL
      at new URL (node:internal/url:828:25)
      at new URL$1 (file:///C:/Users/ferna/Downloads/appforge-main/node_modules/vitest/dist/chunks/index.CyBMJtT7.js:556:9)
      at new Request (node:internal/deps/undici/undici:10971:25)
      at fetch (node:internal/deps/undici/undici:11891:25)
      at fetch (node:internal/deps/undici/undici:16414:10)
      at fetch (node:internal/bootstrap/web/exposed-window-or-worker:83:12)
      at Module.flushAnalytics (C:/Users/ferna/Downloads/appforge-main/src/utils/analytics.js:131:28)
      at C:/Users/ferna/Downloads/appforge-main/src/utils/__tests__/analytics.test.js:143:19
      at Proxy.assertThrows (file:///C:/Users/ferna/Downloads/appforge-main/node_modules/chai/index.js:2798:5)
      at Proxy.methodWrapper (file:///C:/Users/ferna/Downloads/appforge-main/node_modules/chai/index.js:1700:25) {
    code: 'ERR_INVALID_URL',
    input: '/api/analytics'
  }
}

 [32mΓ£ô[39m src/utils/__tests__/analytics.test.js [2m([22m[2m24 tests[22m[2m)[22m[32m 47[2mms[22m[39m
 [32mΓ£ô[39m src/tests/unit/integration/apiIntegration.test.js [2m([22m[2m11 tests[22m[2m)[22m[33m 374[2mms[22m[39m
stderr | src/tests/unit/hooks/useOfflineDetection.test.jsx > useOfflineDetection > should detect offline state when navigator.onLine changes
Warning: An update to TestComponent inside a test was not wrapped in act(...).

When testing, code that causes React state updates should be wrapped into act(...):

act(() => {
  /* fire events that update state */
});
/* assert on the output */

This ensures that you're testing the behavior the user would see in the browser. Learn more at https://reactjs.org/link/wrap-tests-with-act
    at TestComponent (C:\Users\ferna\Downloads\appforge-main\node_modules\@testing-library\react\dist\pure.js:328:5)
Warning: An update to TestComponent inside a test was not wrapped in act(...).

When testing, code that causes React state updates should be wrapped into act(...):

act(() => {
  /* fire events that update state */
});
/* assert on the output */

This ensures that you're testing the behavior the user would see in the browser. Learn more at https://reactjs.org/link/wrap-tests-with-act
    at TestComponent (C:\Users\ferna\Downloads\appforge-main\node_modules\@testing-library\react\dist\pure.js:328:5)

stderr | src/tests/unit/hooks/useOfflineDetection.test.jsx > useOfflineDetection > should detect online state after being offline
Warning: An update to TestComponent inside a test was not wrapped in act(...).

When testing, code that causes React state updates should be wrapped into act(...):

act(() => {
  /* fire events that update state */
});
/* assert on the output */

This ensures that you're testing the behavior the user would see in the browser. Learn more at https://reactjs.org/link/wrap-tests-with-act
    at TestComponent (C:\Users\ferna\Downloads\appforge-main\node_modules\@testing-library\react\dist\pure.js:328:5)
Warning: An update to TestComponent inside a test was not wrapped in act(...).

When testing, code that causes React state updates should be wrapped into act(...):

act(() => {
  /* fire events that update state */
});
/* assert on the output */

This ensures that you're testing the behavior the user would see in the browser. Learn more at https://reactjs.org/link/wrap-tests-with-act
    at TestComponent (C:\Users\ferna\Downloads\appforge-main\node_modules\@testing-library\react\dist\pure.js:328:5)

 [32mΓ£ô[39m src/utils/__tests__/webhooks.test.js [2m([22m[2m29 tests[22m[2m)[22m[33m 397[2mms[22m[39m
stderr | src/tests/unit/hooks/useOfflineDetection.test.jsx > useOfflineDetection > should detect online state after being offline
Warning: An update to TestComponent inside a test was not wrapped in act(...).

When testing, code that causes React state updates should be wrapped into act(...):

act(() => {
  /* fire events that update state */
});
/* assert on the output */

This ensures that you're testing the behavior the user would see in the browser. Learn more at https://reactjs.org/link/wrap-tests-with-act
    at TestComponent (C:\Users\ferna\Downloads\appforge-main\node_modules\@testing-library\react\dist\pure.js:328:5)
Warning: An update to TestComponent inside a test was not wrapped in act(...).

When testing, code that causes React state updates should be wrapped into act(...):

act(() => {
  /* fire events that update state */
});
/* assert on the output */

This ensures that you're testing the behavior the user would see in the browser. Learn more at https://reactjs.org/link/wrap-tests-with-act
    at TestComponent (C:\Users\ferna\Downloads\appforge-main\node_modules\@testing-library\react\dist\pure.js:328:5)

 [32mΓ£ô[39m src/tests/unit/hooks/useOfflineDetection.test.jsx [2m([22m[2m5 tests[22m[2m)[22m[32m 286[2mms[22m[39m
 [32mΓ£ô[39m src/components/ui/__tests__/button.test.jsx [2m([22m[2m6 tests[22m[2m)[22m[33m 549[2mms[22m[39m
stderr | src/utils/__tests__/errorTracking.test.js
Γ¥î Environment Configuration Error
Missing required variables: [
  'VITE_BASE44_USERNAME',
  'VITE_BASE44_PASSWORD',
  'VITE_BASE44_API_URL'
]
Please create .env.local from .env.example and fill in your credentials

stderr | src/utils/__tests__/errorTracking.test.js > Error Tracker > captures errors with context
≡ƒö┤ Error captured: {
  message: 'Test error',
  stack: 'Error: Test error\n' +
    '    at C:/Users/ferna/Downloads/appforge-main/src/utils/__tests__/errorTracking.test.js:15:19\n' +
    '    at file:///C:/Users/ferna/Downloads/appforge-main/node_modules/@vitest/runner/dist/index.js:145:11\n' +
    '    at file:///C:/Users/ferna/Downloads/appforge-main/node_modules/@vitest/runner/dist/index.js:915:26\n' +
    '    at file:///C:/Users/ferna/Downloads/appforge-main/node_modules/@vitest/runner/dist/index.js:1243:20\n' +
    '    at new Promise (<anonymous>)\n' +
    '    at runWithTimeout (file:///C:/Users/ferna/Downloads/appforge-main/node_modules/@vitest/runner/dist/index.js:1209:10)\n' +
    '    at file:///C:/Users/ferna/Downloads/appforge-main/node_modules/@vitest/runner/dist/index.js:1653:37\n' +
    '    at Traces.$ (file:///C:/Users/ferna/Downloads/appforge-main/node_modules/vitest/dist/chunks/traces.CCmnQaNT.js:142:27)\n' +
    '    at trace (file:///C:/Users/ferna/Downloads/appforge-main/node_modules/vitest/dist/chunks/test.B8ej_ZHS.js:239:21)\n' +
    '    at runTest (file:///C:/Users/ferna/Downloads/appforge-main/node_modules/@vitest/runner/dist/index.js:1653:12)',
  timestamp: '2026-01-29T14:34:15.553Z',
  context: { component: 'TestComponent' },
  userAgent: 'Mozilla/5.0 (win32) AppleWebKit/537.36 (KHTML, like Gecko) jsdom/25.0.1',
  url: 'http://localhost:3000/',
  env: 'development'
}

stderr | src/utils/__tests__/errorTracking.test.js > Error Tracker > stores recent errors
≡ƒö┤ Error captured: {
  message: 'Error 1',
  stack: 'Error: Error 1\n' +
    '    at C:/Users/ferna/Downloads/appforge-main/src/utils/__tests__/errorTracking.test.js:26:31\n' +
    '    at file:///C:/Users/ferna/Downloads/appforge-main/node_modules/@vitest/runner/dist/index.js:145:11\n' +
    '    at file:///C:/Users/ferna/Downloads/appforge-main/node_modules/@vitest/runner/dist/index.js:915:26\n' +
    '    at file:///C:/Users/ferna/Downloads/appforge-main/node_modules/@vitest/runner/dist/index.js:1243:20\n' +
    '    at new Promise (<anonymous>)\n' +
    '    at runWithTimeout (file:///C:/Users/ferna/Downloads/appforge-main/node_modules/@vitest/runner/dist/index.js:1209:10)\n' +
    '    at file:///C:/Users/ferna/Downloads/appforge-main/node_modules/@vitest/runner/dist/index.js:1653:37\n' +
    '    at Traces.$ (file:///C:/Users/ferna/Downloads/appforge-main/node_modules/vitest/dist/chunks/traces.CCmnQaNT.js:142:27)\n' +
    '    at trace (file:///C:/Users/ferna/Downloads/appforge-main/node_modules/vitest/dist/chunks/test.B8ej_ZHS.js:239:21)\n' +
    '    at runTest (file:///C:/Users/ferna/Downloads/appforge-main/node_modules/@vitest/runner/dist/index.js:1653:12)',
  timestamp: '2026-01-29T14:34:15.559Z',
  context: {},
  userAgent: 'Mozilla/5.0 (win32) AppleWebKit/537.36 (KHTML, like Gecko) jsdom/25.0.1',
  url: 'http://localhost:3000/',
  env: 'development'
}
≡ƒö┤ Error captured: {
  message: 'Error 2',
  stack: 'Error: Error 2\n' +
    '    at C:/Users/ferna/Downloads/appforge-main/src/utils/__tests__/errorTracking.test.js:27:31\n' +
    '    at file:///C:/Users/ferna/Downloads/appforge-main/node_modules/@vitest/runner/dist/index.js:145:11\n' +
    '    at file:///C:/Users/ferna/Downloads/appforge-main/node_modules/@vitest/runner/dist/index.js:915:26\n' +
    '    at file:///C:/Users/ferna/Downloads/appforge-main/node_modules/@vitest/runner/dist/index.js:1243:20\n' +
    '    at new Promise (<anonymous>)\n' +
    '    at runWithTimeout (file:///C:/Users/ferna/Downloads/appforge-main/node_modules/@vitest/runner/dist/index.js:1209:10)\n' +
    '    at file:///C:/Users/ferna/Downloads/appforge-main/node_modules/@vitest/runner/dist/index.js:1653:37\n' +
    '    at Traces.$ (file:///C:/Users/ferna/Downloads/appforge-main/node_modules/vitest/dist/chunks/traces.CCmnQaNT.js:142:27)\n' +
    '    at trace (file:///C:/Users/ferna/Downloads/appforge-main/node_modules/vitest/dist/chunks/test.B8ej_ZHS.js:239:21)\n' +
    '    at runTest (file:///C:/Users/ferna/Downloads/appforge-main/node_modules/@vitest/runner/dist/index.js:1653:12)',
  timestamp: '2026-01-29T14:34:15.560Z',
  context: {},
  userAgent: 'Mozilla/5.0 (win32) AppleWebKit/537.36 (KHTML, like Gecko) jsdom/25.0.1',
  url: 'http://localhost:3000/',
  env: 'development'
}
≡ƒö┤ Error captured: {
  message: 'Error 3',
  stack: 'Error: Error 3\n' +
    '    at C:/Users/ferna/Downloads/appforge-main/src/utils/__tests__/errorTracking.test.js:28:31\n' +
    '    at file:///C:/Users/ferna/Downloads/appforge-main/node_modules/@vitest/runner/dist/index.js:145:11\n' +
    '    at file:///C:/Users/ferna/Downloads/appforge-main/node_modules/@vitest/runner/dist/index.js:915:26\n' +
    '    at file:///C:/Users/ferna/Downloads/appforge-main/node_modules/@vitest/runner/dist/index.js:1243:20\n' +
    '    at new Promise (<anonymous>)\n' +
    '    at runWithTimeout (file:///C:/Users/ferna/Downloads/appforge-main/node_modules/@vitest/runner/dist/index.js:1209:10)\n' +
    '    at file:///C:/Users/ferna/Downloads/appforge-main/node_modules/@vitest/runner/dist/index.js:1653:37\n' +
    '    at Traces.$ (file:///C:/Users/ferna/Downloads/appforge-main/node_modules/vitest/dist/chunks/traces.CCmnQaNT.js:142:27)\n' +
    '    at trace (file:///C:/Users/ferna/Downloads/appforge-main/node_modules/vitest/dist/chunks/test.B8ej_ZHS.js:239:21)\n' +
    '    at runTest (file:///C:/Users/ferna/Downloads/appforge-main/node_modules/@vitest/runner/dist/index.js:1653:12)',
  timestamp: '2026-01-29T14:34:15.561Z',
  context: {},
  userAgent: 'Mozilla/5.0 (win32) AppleWebKit/537.36 (KHTML, like Gecko) jsdom/25.0.1',
  url: 'http://localhost:3000/',
  env: 'development'
}

stderr | src/hooks/useAPIKeys.test.js > useAPIKeys Hook > should load API keys
Warning: An update to TestComponent inside a test was not wrapped in act(...).

When testing, code that causes React state updates should be wrapped into act(...):

act(() => {
  /* fire events that update state */
});
/* assert on the output */

This ensures that you're testing the behavior the user would see in the browser. Learn more at https://reactjs.org/link/wrap-tests-with-act
    at TestComponent (C:\Users\ferna\Downloads\appforge-main\node_modules\@testing-library\react\dist\pure.js:328:5)

stderr | src/utils/__tests__/errorTracking.test.js > Error Tracker > limits stored errors to max count
≡ƒö┤ Error captured: {
  message: 'Error 0',
  stack: 'Error: Error 0\n' +
    '    at C:/Users/ferna/Downloads/appforge-main/src/utils/__tests__/errorTracking.test.js:40:33\n' +
    '    at file:///C:/Users/ferna/Downloads/appforge-main/node_modules/@vitest/runner/dist/index.js:145:11\n' +
    '    at file:///C:/Users/ferna/Downloads/appforge-main/node_modules/@vitest/runner/dist/index.js:915:26\n' +
    '    at file:///C:/Users/ferna/Downloads/appforge-main/node_modules/@vitest/runner/dist/index.js:1243:20\n' +
    '    at new Promise (<anonymous>)\n' +
    '    at runWithTimeout (file:///C:/Users/ferna/Downloads/appforge-main/node_modules/@vitest/runner/dist/index.js:1209:10)\n' +
    '    at file:///C:/Users/ferna/Downloads/appforge-main/node_modules/@vitest/runner/dist/index.js:1653:37\n' +
    '    at Traces.$ (file:///C:/Users/ferna/Downloads/appforge-main/node_modules/vitest/dist/chunks/traces.CCmnQaNT.js:142:27)\n' +
    '    at trace (file:///C:/Users/ferna/Downloads/appforge-main/node_modules/vitest/dist/chunks/test.B8ej_ZHS.js:239:21)\n' +
    '    at runTest (file:///C:/Users/ferna/Downloads/appforge-main/node_modules/@vitest/runner/dist/index.js:1653:12)',
  timestamp: '2026-01-29T14:34:15.564Z',
  context: {},
  userAgent: 'Mozilla/5.0 (win32) AppleWebKit/537.36 (KHTML, like Gecko) jsdom/25.0.1',
  url: 'http://localhost:3000/',
  env: 'development'
}
≡ƒö┤ Error captured: {
  message: 'Error 1',
  stack: 'Error: Error 1\n' +
    '    at C:/Users/ferna/Downloads/appforge-main/src/utils/__tests__/errorTracking.test.js:40:33\n' +
    '    at file:///C:/Users/ferna/Downloads/appforge-main/node_modules/@vitest/runner/dist/index.js:145:11\n' +
    '    at file:///C:/Users/ferna/Downloads/appforge-main/node_modules/@vitest/runner/dist/index.js:915:26\n' +
    '    at file:///C:/Users/ferna/Downloads/appforge-main/node_modules/@vitest/runner/dist/index.js:1243:20\n' +
    '    at new Promise (<anonymous>)\n' +
    '    at runWithTimeout (file:///C:/Users/ferna/Downloads/appforge-main/node_modules/@vitest/runner/dist/index.js:1209:10)\n' +
    '    at file:///C:/Users/ferna/Downloads/appforge-main/node_modules/@vitest/runner/dist/index.js:1653:37\n' +
    '    at Traces.$ (file:///C:/Users/ferna/Downloads/appforge-main/node_modules/vitest/dist/chunks/traces.CCmnQaNT.js:142:27)\n' +
    '    at trace (file:///C:/Users/ferna/Downloads/appforge-main/node_modules/vitest/dist/chunks/test.B8ej_ZHS.js:239:21)\n' +
    '    at runTest (file:///C:/Users/ferna/Downloads/appforge-main/node_modules/@vitest/runner/dist/index.js:1653:12)',
  timestamp: '2026-01-29T14:34:15.565Z',
  context: {},
  userAgent: 'Mozilla/5.0 (win32) AppleWebKit/537.36 (KHTML, like Gecko) jsdom/25.0.1',
  url: 'http://localhost:3000/',
  env: 'development'
}
≡ƒö┤ Error captured: {
  message: 'Error 2',
  stack: 'Error: Error 2\n' +
    '    at C:/Users/ferna/Downloads/appforge-main/src/utils/__tests__/errorTracking.test.js:40:33\n' +
    '    at file:///C:/Users/ferna/Downloads/appforge-main/node_modules/@vitest/runner/dist/index.js:145:11\n' +
    '    at file:///C:/Users/ferna/Downloads/appforge-main/node_modules/@vitest/runner/dist/index.js:915:26\n' +
    '    at file:///C:/Users/ferna/Downloads/appforge-main/node_modules/@vitest/runner/dist/index.js:1243:20\n' +
    '    at new Promise (<anonymous>)\n' +
    '    at runWithTimeout (file:///C:/Users/ferna/Downloads/appforge-main/node_modules/@vitest/runner/dist/index.js:1209:10)\n' +
    '    at file:///C:/Users/ferna/Downloads/appforge-main/node_modules/@vitest/runner/dist/index.js:1653:37\n' +
    '    at Traces.$ (file:///C:/Users/ferna/Downloads/appforge-main/node_modules/vitest/dist/chunks/traces.CCmnQaNT.js:142:27)\n' +
    '    at trace (file:///C:/Users/ferna/Downloads/appforge-main/node_modules/vitest/dist/chunks/test.B8ej_ZHS.js:239:21)\n' +
    '    at runTest (file:///C:/Users/ferna/Downloads/appforge-main/node_modules/@vitest/runner/dist/index.js:1653:12)',
  timestamp: '2026-01-29T14:34:15.566Z',
  context: {},
  userAgent: 'Mozilla/5.0 (win32) AppleWebKit/537.36 (KHTML, like Gecko) jsdom/25.0.1',
  url: 'http://localhost:3000/',
  env: 'development'
}
≡ƒö┤ Error captured: {
  message: 'Error 3',
  stack: 'Error: Error 3\n' +
    '    at C:/Users/ferna/Downloads/appforge-main/src/utils/__tests__/errorTracking.test.js:40:33\n' +
    '    at file:///C:/Users/ferna/Downloads/appforge-main/node_modules/@vitest/runner/dist/index.js:145:11\n' +
    '    at file:///C:/Users/ferna/Downloads/appforge-main/node_modules/@vitest/runner/dist/index.js:915:26\n' +
    '    at file:///C:/Users/ferna/Downloads/appforge-main/node_modules/@vitest/runner/dist/index.js:1243:20\n' +
    '    at new Promise (<anonymous>)\n' +
    '    at runWithTimeout (file:///C:/Users/ferna/Downloads/appforge-main/node_modules/@vitest/runner/dist/index.js:1209:10)\n' +
    '    at file:///C:/Users/ferna/Downloads/appforge-main/node_modules/@vitest/runner/dist/index.js:1653:37\n' +
    '    at Traces.$ (file:///C:/Users/ferna/Downloads/appforge-main/node_modules/vitest/dist/chunks/traces.CCmnQaNT.js:142:27)\n' +
    '    at trace (file:///C:/Users/ferna/Downloads/appforge-main/node_modules/vitest/dist/chunks/test.B8ej_ZHS.js:239:21)\n' +
    '    at runTest (file:///C:/Users/ferna/Downloads/appforge-main/node_modules/@vitest/runner/dist/index.js:1653:12)',
  timestamp: '2026-01-29T14:34:15.567Z',
  context: {},
  userAgent: 'Mozilla/5.0 (win32) AppleWebKit/537.36 (KHTML, like Gecko) jsdom/25.0.1',
  url: 'http://localhost:3000/',
  env: 'development'
}
≡ƒö┤ Error captured: {
  message: 'Error 4',
  stack: 'Error: Error 4\n' +
    '    at C:/Users/ferna/Downloads/appforge-main/src/utils/__tests__/errorTracking.test.js:40:33\n' +
    '    at file:///C:/Users/ferna/Downloads/appforge-main/node_modules/@vitest/runner/dist/index.js:145:11\n' +
    '    at file:///C:/Users/ferna/Downloads/appforge-main/node_modules/@vitest/runner/dist/index.js:915:26\n' +
    '    at file:///C:/Users/ferna/Downloads/appforge-main/node_modules/@vitest/runner/dist/index.js:1243:20\n' +
    '    at new Promise (<anonymous>)\n' +
    '    at runWithTimeout (file:///C:/Users/ferna/Downloads/appforge-main/node_modules/@vitest/runner/dist/index.js:1209:10)\n' +
    '    at file:///C:/Users/ferna/Downloads/appforge-main/node_modules/@vitest/runner/dist/index.js:1653:37\n' +
    '    at Traces.$ (file:///C:/Users/ferna/Downloads/appforge-main/node_modules/vitest/dist/chunks/traces.CCmnQaNT.js:142:27)\n' +
    '    at trace (file:///C:/Users/ferna/Downloads/appforge-main/node_modules/vitest/dist/chunks/test.B8ej_ZHS.js:239:21)\n' +
    '    at runTest (file:///C:/Users/ferna/Downloads/appforge-main/node_modules/@vitest/runner/dist/index.js:1653:12)',
  timestamp: '2026-01-29T14:34:15.567Z',
  context: {},
  userAgent: 'Mozilla/5.0 (win32) AppleWebKit/537.36 (KHTML, like Gecko) jsdom/25.0.1',
  url: 'http://localhost:3000/',
  env: 'development'
}
≡ƒö┤ Error captured: {
  message: 'Error 5',
  stack: 'Error: Error 5\n' +
    '    at C:/Users/ferna/Downloads/appforge-main/src/utils/__tests__/errorTracking.test.js:40:33\n' +
    '    at file:///C:/Users/ferna/Downloads/appforge-main/node_modules/@vitest/runner/dist/index.js:145:11\n' +
    '    at file:///C:/Users/ferna/Downloads/appforge-main/node_modules/@vitest/runner/dist/index.js:915:26\n' +
    '    at file:///C:/Users/ferna/Downloads/appforge-main/node_modules/@vitest/runner/dist/index.js:1243:20\n' +
    '    at new Promise (<anonymous>)\n' +
    '    at runWithTimeout (file:///C:/Users/ferna/Downloads/appforge-main/node_modules/@vitest/runner/dist/index.js:1209:10)\n' +
    '    at file:///C:/Users/ferna/Downloads/appforge-main/node_modules/@vitest/runner/dist/index.js:1653:37\n' +
    '    at Traces.$ (file:///C:/Users/ferna/Downloads/appforge-main/node_modules/vitest/dist/chunks/traces.CCmnQaNT.js:142:27)\n' +
    '    at trace (file:///C:/Users/ferna/Downloads/appforge-main/node_modules/vitest/dist/chunks/test.B8ej_ZHS.js:239:21)\n' +
    '    at runTest (file:///C:/Users/ferna/Downloads/appforge-main/node_modules/@vitest/runner/dist/index.js:1653:12)',
  timestamp: '2026-01-29T14:34:15.568Z',
  context: {},
  userAgent: 'Mozilla/5.0 (win32) AppleWebKit/537.36 (KHTML, like Gecko) jsdom/25.0.1',
  url: 'http://localhost:3000/',
  env: 'development'
}
≡ƒö┤ Error captured: {
  message: 'Error 6',
  stack: 'Error: Error 6\n' +
    '    at C:/Users/ferna/Downloads/appforge-main/src/utils/__tests__/errorTracking.test.js:40:33\n' +
    '    at file:///C:/Users/ferna/Downloads/appforge-main/node_modules/@vitest/runner/dist/index.js:145:11\n' +
    '    at file:///C:/Users/ferna/Downloads/appforge-main/node_modules/@vitest/runner/dist/index.js:915:26\n' +
    '    at file:///C:/Users/ferna/Downloads/appforge-main/node_modules/@vitest/runner/dist/index.js:1243:20\n' +
    '    at new Promise (<anonymous>)\n' +
    '    at runWithTimeout (file:///C:/Users/ferna/Downloads/appforge-main/node_modules/@vitest/runner/dist/index.js:1209:10)\n' +
    '    at file:///C:/Users/ferna/Downloads/appforge-main/node_modules/@vitest/runner/dist/index.js:1653:37\n' +
    '    at Traces.$ (file:///C:/Users/ferna/Downloads/appforge-main/node_modules/vitest/dist/chunks/traces.CCmnQaNT.js:142:27)\n' +
    '    at trace (file:///C:/Users/ferna/Downloads/appforge-main/node_modules/vitest/dist/chunks/test.B8ej_ZHS.js:239:21)\n' +
    '    at runTest (file:///C:/Users/ferna/Downloads/appforge-main/node_modules/@vitest/runner/dist/index.js:1653:12)',
  timestamp: '2026-01-29T14:34:15.568Z',
  context: {},
  userAgent: 'Mozilla/5.0 (win32) AppleWebKit/537.36 (KHTML, like Gecko) jsdom/25.0.1',
  url: 'http://localhost:3000/',
  env: 'development'
}
≡ƒö┤ Error captured: {
  message: 'Error 7',
  stack: 'Error: Error 7\n' +
    '    at C:/Users/ferna/Downloads/appforge-main/src/utils/__tests__/errorTracking.test.js:40:33\n' +
    '    at file:///C:/Users/ferna/Downloads/appforge-main/node_modules/@vitest/runner/dist/index.js:145:11\n' +
    '    at file:///C:/Users/ferna/Downloads/appforge-main/node_modules/@vitest/runner/dist/index.js:915:26\n' +
    '    at file:///C:/Users/ferna/Downloads/appforge-main/node_modules/@vitest/runner/dist/index.js:1243:20\n' +
    '    at new Promise (<anonymous>)\n' +
    '    at runWithTimeout (file:///C:/Users/ferna/Downloads/appforge-main/node_modules/@vitest/runner/dist/index.js:1209:10)\n' +
    '    at file:///C:/Users/ferna/Downloads/appforge-main/node_modules/@vitest/runner/dist/index.js:1653:37\n' +
    '    at Traces.$ (file:///C:/Users/ferna/Downloads/appforge-main/node_modules/vitest/dist/chunks/traces.CCmnQaNT.js:142:27)\n' +
    '    at trace (file:///C:/Users/ferna/Downloads/appforge-main/node_modules/vitest/dist/chunks/test.B8ej_ZHS.js:239:21)\n' +
    '    at runTest (file:///C:/Users/ferna/Downloads/appforge-main/node_modules/@vitest/runner/dist/index.js:1653:12)',
  timestamp: '2026-01-29T14:34:15.569Z',
  context: {},
  userAgent: 'Mozilla/5.0 (win32) AppleWebKit/537.36 (KHTML, like Gecko) jsdom/25.0.1',
  url: 'http://localhost:3000/',
  env: 'development'
}
≡ƒö┤ Error captured: {
  message: 'Error 8',
  stack: 'Error: Error 8\n' +
    '    at C:/Users/ferna/Downloads/appforge-main/src/utils/__tests__/errorTracking.test.js:40:33\n' +
    '    at file:///C:/Users/ferna/Downloads/appforge-main/node_modules/@vitest/runner/dist/index.js:145:11\n' +
    '    at file:///C:/Users/ferna/Downloads/appforge-main/node_modules/@vitest/runner/dist/index.js:915:26\n' +
    '    at file:///C:/Users/ferna/Downloads/appforge-main/node_modules/@vitest/runner/dist/index.js:1243:20\n' +
    '    at new Promise (<anonymous>)\n' +
    '    at runWithTimeout (file:///C:/Users/ferna/Downloads/appforge-main/node_modules/@vitest/runner/dist/index.js:1209:10)\n' +
    '    at file:///C:/Users/ferna/Downloads/appforge-main/node_modules/@vitest/runner/dist/index.js:1653:37\n' +
    '    at Traces.$ (file:///C:/Users/ferna/Downloads/appforge-main/node_modules/vitest/dist/chunks/traces.CCmnQaNT.js:142:27)\n' +
    '    at trace (file:///C:/Users/ferna/Downloads/appforge-main/node_modules/vitest/dist/chunks/test.B8ej_ZHS.js:239:21)\n' +
    '    at runTest (file:///C:/Users/ferna/Downloads/appforge-main/node_modules/@vitest/runner/dist/index.js:1653:12)',
  timestamp: '2026-01-29T14:34:15.570Z',
  context: {},
  userAgent: 'Mozilla/5.0 (win32) AppleWebKit/537.36 (KHTML, like Gecko) jsdom/25.0.1',
  url: 'http://localhost:3000/',
  env: 'development'
}
≡ƒö┤ Error captured: {
  message: 'Error 9',
  stack: 'Error: Error 9\n' +
    '    at C:/Users/ferna/Downloads/appforge-main/src/utils/__tests__/errorTracking.test.js:40:33\n' +
    '    at file:///C:/Users/ferna/Downloads/appforge-main/node_modules/@vitest/runner/dist/index.js:145:11\n' +
    '    at file:///C:/Users/ferna/Downloads/appforge-main/node_modules/@vitest/runner/dist/index.js:915:26\n' +
    '    at file:///C:/Users/ferna/Downloads/appforge-main/node_modules/@vitest/runner/dist/index.js:1243:20\n' +
    '    at new Promise (<anonymous>)\n' +
    '    at runWithTimeout (file:///C:/Users/ferna/Downloads/appforge-main/node_modules/@vitest/runner/dist/index.js:1209:10)\n' +
    '    at file:///C:/Users/ferna/Downloads/appforge-main/node_modules/@vitest/runner/dist/index.js:1653:37\n' +
    '    at Traces.$ (file:///C:/Users/ferna/Downloads/appforge-main/node_modules/vitest/dist/chunks/traces.CCmnQaNT.js:142:27)\n' +
    '    at trace (file:///C:/Users/ferna/Downloads/appforge-main/node_modules/vitest/dist/chunks/test.B8ej_ZHS.js:239:21)\n' +
    '    at runTest (file:///C:/Users/ferna/Downloads/appforge-main/node_modules/@vitest/runner/dist/index.js:1653:12)',
  timestamp: '2026-01-29T14:34:15.570Z',
  context: {},
  userAgent: 'Mozilla/5.0 (win32) AppleWebKit/537.36 (KHTML, like Gecko) jsdom/25.0.1',
  url: 'http://localhost:3000/',
  env: 'development'
}
≡ƒö┤ Error captured: {
  message: 'Error 10',
  stack: 'Error: Error 10\n' +
    '    at C:/Users/ferna/Downloads/appforge-main/src/utils/__tests__/errorTracking.test.js:40:33\n' +
    '    at file:///C:/Users/ferna/Downloads/appforge-main/node_modules/@vitest/runner/dist/index.js:145:11\n' +
    '    at file:///C:/Users/ferna/Downloads/appforge-main/node_modules/@vitest/runner/dist/index.js:915:26\n' +
    '    at file:///C:/Users/ferna/Downloads/appforge-main/node_modules/@vitest/runner/dist/index.js:1243:20\n' +
    '    at new Promise (<anonymous>)\n' +
    '    at runWithTimeout (file:///C:/Users/ferna/Downloads/appforge-main/node_modules/@vitest/runner/dist/index.js:1209:10)\n' +
    '    at file:///C:/Users/ferna/Downloads/appforge-main/node_modules/@vitest/runner/dist/index.js:1653:37\n' +
    '    at Traces.$ (file:///C:/Users/ferna/Downloads/appforge-main/node_modules/vitest/dist/chunks/traces.CCmnQaNT.js:142:27)\n' +
    '    at trace (file:///C:/Users/ferna/Downloads/appforge-main/node_modules/vitest/dist/chunks/test.B8ej_ZHS.js:239:21)\n' +
    '    at runTest (file:///C:/Users/ferna/Downloads/appforge-main/node_modules/@vitest/runner/dist/index.js:1653:12)',
  timestamp: '2026-01-29T14:34:15.571Z',
  context: {},
  userAgent: 'Mozilla/5.0 (win32) AppleWebKit/537.36 (KHTML, like Gecko) jsdom/25.0.1',
  url: 'http://localhost:3000/',
  env: 'development'
}
≡ƒö┤ Error captured: {
  message: 'Error 11',
  stack: 'Error: Error 11\n' +
    '    at C:/Users/ferna/Downloads/appforge-main/src/utils/__tests__/errorTracking.test.js:40:33\n' +
    '    at file:///C:/Users/ferna/Downloads/appforge-main/node_modules/@vitest/runner/dist/index.js:145:11\n' +
    '    at file:///C:/Users/ferna/Downloads/appforge-main/node_modules/@vitest/runner/dist/index.js:915:26\n' +
    '    at file:///C:/Users/ferna/Downloads/appforge-main/node_modules/@vitest/runner/dist/index.js:1243:20\n' +
    '    at new Promise (<anonymous>)\n' +
    '    at runWithTimeout (file:///C:/Users/ferna/Downloads/appforge-main/node_modules/@vitest/runner/dist/index.js:1209:10)\n' +
    '    at file:///C:/Users/ferna/Downloads/appforge-main/node_modules/@vitest/runner/dist/index.js:1653:37\n' +
    '    at Traces.$ (file:///C:/Users/ferna/Downloads/appforge-main/node_modules/vitest/dist/chunks/traces.CCmnQaNT.js:142:27)\n' +
    '    at trace (file:///C:/Users/ferna/Downloads/appforge-main/node_modules/vitest/dist/chunks/test.B8ej_ZHS.js:239:21)\n' +
    '    at runTest (file:///C:/Users/ferna/Downloads/appforge-main/node_modules/@vitest/runner/dist/index.js:1653:12)',
  timestamp: '2026-01-29T14:34:15.571Z',
  context: {},
  userAgent: 'Mozilla/5.0 (win32) AppleWebKit/537.36 (KHTML, like Gecko) jsdom/25.0.1',
  url: 'http://localhost:3000/',
  env: 'development'
}
≡ƒö┤ Error captured: {
  message: 'Error 12',
  stack: 'Error: Error 12\n' +
    '    at C:/Users/ferna/Downloads/appforge-main/src/utils/__tests__/errorTracking.test.js:40:33\n' +
    '    at file:///C:/Users/ferna/Downloads/appforge-main/node_modules/@vitest/runner/dist/index.js:145:11\n' +
    '    at file:///C:/Users/ferna/Downloads/appforge-main/node_modules/@vitest/runner/dist/index.js:915:26\n' +
    '    at file:///C:/Users/ferna/Downloads/appforge-main/node_modules/@vitest/runner/dist/index.js:1243:20\n' +
    '    at new Promise (<anonymous>)\n' +
    '    at runWithTimeout (file:///C:/Users/ferna/Downloads/appforge-main/node_modules/@vitest/runner/dist/index.js:1209:10)\n' +
    '    at file:///C:/Users/ferna/Downloads/appforge-main/node_modules/@vitest/runner/dist/index.js:1653:37\n' +
    '    at Traces.$ (file:///C:/Users/ferna/Downloads/appforge-main/node_modules/vitest/dist/chunks/traces.CCmnQaNT.js:142:27)\n' +
    '    at trace (file:///C:/Users/ferna/Downloads/appforge-main/node_modules/vitest/dist/chunks/test.B8ej_ZHS.js:239:21)\n' +
    '    at runTest (file:///C:/Users/ferna/Downloads/appforge-main/node_modules/@vitest/runner/dist/index.js:1653:12)',
  timestamp: '2026-01-29T14:34:15.572Z',
  context: {},
  userAgent: 'Mozilla/5.0 (win32) AppleWebKit/537.36 (KHTML, like Gecko) jsdom/25.0.1',
  url: 'http://localhost:3000/',
  env: 'development'
}
≡ƒö┤ Error captured: {
  message: 'Error 13',
  stack: 'Error: Error 13\n' +
    '    at C:/Users/ferna/Downloads/appforge-main/src/utils/__tests__/errorTracking.test.js:40:33\n' +
    '    at file:///C:/Users/ferna/Downloads/appforge-main/node_modules/@vitest/runner/dist/index.js:145:11\n' +
    '    at file:///C:/Users/ferna/Downloads/appforge-main/node_modules/@vitest/runner/dist/index.js:915:26\n' +
    '    at file:///C:/Users/ferna/Downloads/appforge-main/node_modules/@vitest/runner/dist/index.js:1243:20\n' +
    '    at new Promise (<anonymous>)\n' +
    '    at runWithTimeout (file:///C:/Users/ferna/Downloads/appforge-main/node_modules/@vitest/runner/dist/index.js:1209:10)\n' +
    '    at file:///C:/Users/ferna/Downloads/appforge-main/node_modules/@vitest/runner/dist/index.js:1653:37\n' +
    '    at Traces.$ (file:///C:/Users/ferna/Downloads/appforge-main/node_modules/vitest/dist/chunks/traces.CCmnQaNT.js:142:27)\n' +
    '    at trace (file:///C:/Users/ferna/Downloads/appforge-main/node_modules/vitest/dist/chunks/test.B8ej_ZHS.js:239:21)\n' +
    '    at runTest (file:///C:/Users/ferna/Downloads/appforge-main/node_modules/@vitest/runner/dist/index.js:1653:12)',
  timestamp: '2026-01-29T14:34:15.572Z',
  context: {},
  userAgent: 'Mozilla/5.0 (win32) AppleWebKit/537.36 (KHTML, like Gecko) jsdom/25.0.1',
  url: 'http://localhost:3000/',
  env: 'development'
}
≡ƒö┤ Error captured: {
  message: 'Error 14',
  stack: 'Error: Error 14\n' +
    '    at C:/Users/ferna/Downloads/appforge-main/src/utils/__tests__/errorTracking.test.js:40:33\n' +
    '    at file:///C:/Users/ferna/Downloads/appforge-main/node_modules/@vitest/runner/dist/index.js:145:11\n' +
    '    at file:///C:/Users/ferna/Downloads/appforge-main/node_modules/@vitest/runner/dist/index.js:915:26\n' +
    '    at file:///C:/Users/ferna/Downloads/appforge-main/node_modules/@vitest/runner/dist/index.js:1243:20\n' +
    '    at new Promise (<anonymous>)\n' +
    '    at runWithTimeout (file:///C:/Users/ferna/Downloads/appforge-main/node_modules/@vitest/runner/dist/index.js:1209:10)\n' +
    '    at file:///C:/Users/ferna/Downloads/appforge-main/node_modules/@vitest/runner/dist/index.js:1653:37\n' +
    '    at Traces.$ (file:///C:/Users/ferna/Downloads/appforge-main/node_modules/vitest/dist/chunks/traces.CCmnQaNT.js:142:27)\n' +
    '    at trace (file:///C:/Users/ferna/Downloads/appforge-main/node_modules/vitest/dist/chunks/test.B8ej_ZHS.js:239:21)\n' +
    '    at runTest (file:///C:/Users/ferna/Downloads/appforge-main/node_modules/@vitest/runner/dist/index.js:1653:12)',
  timestamp: '2026-01-29T14:34:15.573Z',
  context: {},
  userAgent: 'Mozilla/5.0 (win32) AppleWebKit/537.36 (KHTML, like Gecko) jsdom/25.0.1',
  url: 'http://localhost:3000/',
  env: 'development'
}
≡ƒö┤ Error captured: {
  message: 'Error 15',
  stack: 'Error: Error 15\n' +
    '    at C:/Users/ferna/Downloads/appforge-main/src/utils/__tests__/errorTracking.test.js:40:33\n' +
    '    at file:///C:/Users/ferna/Downloads/appforge-main/node_modules/@vitest/runner/dist/index.js:145:11\n' +
    '    at file:///C:/Users/ferna/Downloads/appforge-main/node_modules/@vitest/runner/dist/index.js:915:26\n' +
    '    at file:///C:/Users/ferna/Downloads/appforge-main/node_modules/@vitest/runner/dist/index.js:1243:20\n' +
    '    at new Promise (<anonymous>)\n' +
    '    at runWithTimeout (file:///C:/Users/ferna/Downloads/appforge-main/node_modules/@vitest/runner/dist/index.js:1209:10)\n' +
    '    at file:///C:/Users/ferna/Downloads/appforge-main/node_modules/@vitest/runner/dist/index.js:1653:37\n' +
    '    at Traces.$ (file:///C:/Users/ferna/Downloads/appforge-main/node_modules/vitest/dist/chunks/traces.CCmnQaNT.js:142:27)\n' +
    '    at trace (file:///C:/Users/ferna/Downloads/appforge-main/node_modules/vitest/dist/chunks/test.B8ej_ZHS.js:239:21)\n' +
    '    at runTest (file:///C:/Users/ferna/Downloads/appforge-main/node_modules/@vitest/runner/dist/index.js:1653:12)',
  timestamp: '2026-01-29T14:34:15.573Z',
  context: {},
  userAgent: 'Mozilla/5.0 (win32) AppleWebKit/537.36 (KHTML, like Gecko) jsdom/25.0.1',
  url: 'http://localhost:3000/',
  env: 'development'
}
≡ƒö┤ Error captured: {
  message: 'Error 16',
  stack: 'Error: Error 16\n' +
    '    at C:/Users/ferna/Downloads/appforge-main/src/utils/__tests__/errorTracking.test.js:40:33\n' +
    '    at file:///C:/Users/ferna/Downloads/appforge-main/node_modules/@vitest/runner/dist/index.js:145:11\n' +
    '    at file:///C:/Users/ferna/Downloads/appforge-main/node_modules/@vitest/runner/dist/index.js:915:26\n' +
    '    at file:///C:/Users/ferna/Downloads/appforge-main/node_modules/@vitest/runner/dist/index.js:1243:20\n' +
    '    at new Promise (<anonymous>)\n' +
    '    at runWithTimeout (file:///C:/Users/ferna/Downloads/appforge-main/node_modules/@vitest/runner/dist/index.js:1209:10)\n' +
    '    at file:///C:/Users/ferna/Downloads/appforge-main/node_modules/@vitest/runner/dist/index.js:1653:37\n' +
    '    at Traces.$ (file:///C:/Users/ferna/Downloads/appforge-main/node_modules/vitest/dist/chunks/traces.CCmnQaNT.js:142:27)\n' +
    '    at trace (file:///C:/Users/ferna/Downloads/appforge-main/node_modules/vitest/dist/chunks/test.B8ej_ZHS.js:239:21)\n' +
    '    at runTest (file:///C:/Users/ferna/Downloads/appforge-main/node_modules/@vitest/runner/dist/index.js:1653:12)',
  timestamp: '2026-01-29T14:34:15.574Z',
  context: {},
  userAgent: 'Mozilla/5.0 (win32) AppleWebKit/537.36 (KHTML, like Gecko) jsdom/25.0.1',
  url: 'http://localhost:3000/',
  env: 'development'
}
≡ƒö┤ Error captured: {
  message: 'Error 17',
  stack: 'Error: Error 17\n' +
    '    at C:/Users/ferna/Downloads/appforge-main/src/utils/__tests__/errorTracking.test.js:40:33\n' +
    '    at file:///C:/Users/ferna/Downloads/appforge-main/node_modules/@vitest/runner/dist/index.js:145:11\n' +
    '    at file:///C:/Users/ferna/Downloads/appforge-main/node_modules/@vitest/runner/dist/index.js:915:26\n' +
    '    at file:///C:/Users/ferna/Downloads/appforge-main/node_modules/@vitest/runner/dist/index.js:1243:20\n' +
    '    at new Promise (<anonymous>)\n' +
    '    at runWithTimeout (file:///C:/Users/ferna/Downloads/appforge-main/node_modules/@vitest/runner/dist/index.js:1209:10)\n' +
    '    at file:///C:/Users/ferna/Downloads/appforge-main/node_modules/@vitest/runner/dist/index.js:1653:37\n' +
    '    at Traces.$ (file:///C:/Users/ferna/Downloads/appforge-main/node_modules/vitest/dist/chunks/traces.CCmnQaNT.js:142:27)\n' +
    '    at trace (file:///C:/Users/ferna/Downloads/appforge-main/node_modules/vitest/dist/chunks/test.B8ej_ZHS.js:239:21)\n' +
    '    at runTest (file:///C:/Users/ferna/Downloads/appforge-main/node_modules/@vitest/runner/dist/index.js:1653:12)',
  timestamp: '2026-01-29T14:34:15.574Z',
  context: {},
  userAgent: 'Mozilla/5.0 (win32) AppleWebKit/537.36 (KHTML, like Gecko) jsdom/25.0.1',
  url: 'http://localhost:3000/',
  env: 'development'
}
≡ƒö┤ Error captured: {
  message: 'Error 18',
  stack: 'Error: Error 18\n' +
    '    at C:/Users/ferna/Downloads/appforge-main/src/utils/__tests__/errorTracking.test.js:40:33\n' +
    '    at file:///C:/Users/ferna/Downloads/appforge-main/node_modules/@vitest/runner/dist/index.js:145:11\n' +
    '    at file:///C:/Users/ferna/Downloads/appforge-main/node_modules/@vitest/runner/dist/index.js:915:26\n' +
    '    at file:///C:/Users/ferna/Downloads/appforge-main/node_modules/@vitest/runner/dist/index.js:1243:20\n' +
    '    at new Promise (<anonymous>)\n' +
    '    at runWithTimeout (file:///C:/Users/ferna/Downloads/appforge-main/node_modules/@vitest/runner/dist/index.js:1209:10)\n' +
    '    at file:///C:/Users/ferna/Downloads/appforge-main/node_modules/@vitest/runner/dist/index.js:1653:37\n' +
    '    at Traces.$ (file:///C:/Users/ferna/Downloads/appforge-main/node_modules/vitest/dist/chunks/traces.CCmnQaNT.js:142:27)\n' +
    '    at trace (file:///C:/Users/ferna/Downloads/appforge-main/node_modules/vitest/dist/chunks/test.B8ej_ZHS.js:239:21)\n' +
    '    at runTest (file:///C:/Users/ferna/Downloads/appforge-main/node_modules/@vitest/runner/dist/index.js:1653:12)',
  timestamp: '2026-01-29T14:34:15.575Z',
  context: {},
  userAgent: 'Mozilla/5.0 (win32) AppleWebKit/537.36 (KHTML, like Gecko) jsdom/25.0.1',
  url: 'http://localhost:3000/',
  env: 'development'
}
≡ƒö┤ Error captured: {
  message: 'Error 19',
  stack: 'Error: Error 19\n' +
    '    at C:/Users/ferna/Downloads/appforge-main/src/utils/__tests__/errorTracking.test.js:40:33\n' +
    '    at file:///C:/Users/ferna/Downloads/appforge-main/node_modules/@vitest/runner/dist/index.js:145:11\n' +
    '    at file:///C:/Users/ferna/Downloads/appforge-main/node_modules/@vitest/runner/dist/index.js:915:26\n' +
    '    at file:///C:/Users/ferna/Downloads/appforge-main/node_modules/@vitest/runner/dist/index.js:1243:20\n' +
    '    at new Promise (<anonymous>)\n' +
    '    at runWithTimeout (file:///C:/Users/ferna/Downloads/appforge-main/node_modules/@vitest/runner/dist/index.js:1209:10)\n' +
    '    at file:///C:/Users/ferna/Downloads/appforge-main/node_modules/@vitest/runner/dist/index.js:1653:37\n' +
    '    at Traces.$ (file:///C:/Users/ferna/Downloads/appforge-main/node_modules/vitest/dist/chunks/traces.CCmnQaNT.js:142:27)\n' +
    '    at trace (file:///C:/Users/ferna/Downloads/appforge-main/node_modules/vitest/dist/chunks/test.B8ej_ZHS.js:239:21)\n' +
    '    at runTest (file:///C:/Users/ferna/Downloads/appforge-main/node_modules/@vitest/runner/dist/index.js:1653:12)',
  timestamp: '2026-01-29T14:34:15.575Z',
  context: {},
  userAgent: 'Mozilla/5.0 (win32) AppleWebKit/537.36 (KHTML, like Gecko) jsdom/25.0.1',
  url: 'http://localhost:3000/',
  env: 'development'
}
≡ƒö┤ Error captured: {
  message: 'Error 20',
  stack: 'Error: Error 20\n' +
    '    at C:/Users/ferna/Downloads/appforge-main/src/utils/__tests__/errorTracking.test.js:40:33\n' +
    '    at file:///C:/Users/ferna/Downloads/appforge-main/node_modules/@vitest/runner/dist/index.js:145:11\n' +
    '    at file:///C:/Users/ferna/Downloads/appforge-main/node_modules/@vitest/runner/dist/index.js:915:26\n' +
    '    at file:///C:/Users/ferna/Downloads/appforge-main/node_modules/@vitest/runner/dist/index.js:1243:20\n' +
    '    at new Promise (<anonymous>)\n' +
    '    at runWithTimeout (file:///C:/Users/ferna/Downloads/appforge-main/node_modules/@vitest/runner/dist/index.js:1209:10)\n' +
    '    at file:///C:/Users/ferna/Downloads/appforge-main/node_modules/@vitest/runner/dist/index.js:1653:37\n' +
    '    at Traces.$ (file:///C:/Users/ferna/Downloads/appforge-main/node_modules/vitest/dist/chunks/traces.CCmnQaNT.js:142:27)\n' +
    '    at trace (file:///C:/Users/ferna/Downloads/appforge-main/node_modules/vitest/dist/chunks/test.B8ej_ZHS.js:239:21)\n' +
    '    at runTest (file:///C:/Users/ferna/Downloads/appforge-main/node_modules/@vitest/runner/dist/index.js:1653:12)',
  timestamp: '2026-01-29T14:34:15.576Z',
  context: {},
  userAgent: 'Mozilla/5.0 (win32) AppleWebKit/537.36 (KHTML, like Gecko) jsdom/25.0.1',
  url: 'http://localhost:3000/',
  env: 'development'
}
≡ƒö┤ Error captured: {
  message: 'Error 21',
  stack: 'Error: Error 21\n' +
    '    at C:/Users/ferna/Downloads/appforge-main/src/utils/__tests__/errorTracking.test.js:40:33\n' +
    '    at file:///C:/Users/ferna/Downloads/appforge-main/node_modules/@vitest/runner/dist/index.js:145:11\n' +
    '    at file:///C:/Users/ferna/Downloads/appforge-main/node_modules/@vitest/runner/dist/index.js:915:26\n' +
    '    at file:///C:/Users/ferna/Downloads/appforge-main/node_modules/@vitest/runner/dist/index.js:1243:20\n' +
    '    at new Promise (<anonymous>)\n' +
    '    at runWithTimeout (file:///C:/Users/ferna/Downloads/appforge-main/node_modules/@vitest/runner/dist/index.js:1209:10)\n' +
    '    at file:///C:/Users/ferna/Downloads/appforge-main/node_modules/@vitest/runner/dist/index.js:1653:37\n' +
    '    at Traces.$ (file:///C:/Users/ferna/Downloads/appforge-main/node_modules/vitest/dist/chunks/traces.CCmnQaNT.js:142:27)\n' +
    '    at trace (file:///C:/Users/ferna/Downloads/appforge-main/node_modules/vitest/dist/chunks/test.B8ej_ZHS.js:239:21)\n' +
    '    at runTest (file:///C:/Users/ferna/Downloads/appforge-main/node_modules/@vitest/runner/dist/index.js:1653:12)',
  timestamp: '2026-01-29T14:34:15.577Z',
  context: {},
  userAgent: 'Mozilla/5.0 (win32) AppleWebKit/537.36 (KHTML, like Gecko) jsdom/25.0.1',
  url: 'http://localhost:3000/',
  env: 'development'
}
≡ƒö┤ Error captured: {
  message: 'Error 22',
  stack: 'Error: Error 22\n' +
    '    at C:/Users/ferna/Downloads/appforge-main/src/utils/__tests__/errorTracking.test.js:40:33\n' +
    '    at file:///C:/Users/ferna/Downloads/appforge-main/node_modules/@vitest/runner/dist/index.js:145:11\n' +
    '    at file:///C:/Users/ferna/Downloads/appforge-main/node_modules/@vitest/runner/dist/index.js:915:26\n' +
    '    at file:///C:/Users/ferna/Downloads/appforge-main/node_modules/@vitest/runner/dist/index.js:1243:20\n' +
    '    at new Promise (<anonymous>)\n' +
    '    at runWithTimeout (file:///C:/Users/ferna/Downloads/appforge-main/node_modules/@vitest/runner/dist/index.js:1209:10)\n' +
    '    at file:///C:/Users/ferna/Downloads/appforge-main/node_modules/@vitest/runner/dist/index.js:1653:37\n' +
    '    at Traces.$ (file:///C:/Users/ferna/Downloads/appforge-main/node_modules/vitest/dist/chunks/traces.CCmnQaNT.js:142:27)\n' +
    '    at trace (file:///C:/Users/ferna/Downloads/appforge-main/node_modules/vitest/dist/chunks/test.B8ej_ZHS.js:239:21)\n' +
    '    at runTest (file:///C:/Users/ferna/Downloads/appforge-main/node_modules/@vitest/runner/dist/index.js:1653:12)',
  timestamp: '2026-01-29T14:34:15.577Z',
  context: {},
  userAgent: 'Mozilla/5.0 (win32) AppleWebKit/537.36 (KHTML, like Gecko) jsdom/25.0.1',
  url: 'http://localhost:3000/',
  env: 'development'
}
≡ƒö┤ Error captured: {
  message: 'Error 23',
  stack: 'Error: Error 23\n' +
    '    at C:/Users/ferna/Downloads/appforge-main/src/utils/__tests__/errorTracking.test.js:40:33\n' +
    '    at file:///C:/Users/ferna/Downloads/appforge-main/node_modules/@vitest/runner/dist/index.js:145:11\n' +
    '    at file:///C:/Users/ferna/Downloads/appforge-main/node_modules/@vitest/runner/dist/index.js:915:26\n' +
    '    at file:///C:/Users/ferna/Downloads/appforge-main/node_modules/@vitest/runner/dist/index.js:1243:20\n' +
    '    at new Promise (<anonymous>)\n' +
    '    at runWithTimeout (file:///C:/Users/ferna/Downloads/appforge-main/node_modules/@vitest/runner/dist/index.js:1209:10)\n' +
    '    at file:///C:/Users/ferna/Downloads/appforge-main/node_modules/@vitest/runner/dist/index.js:1653:37\n' +
    '    at Traces.$ (file:///C:/Users/ferna/Downloads/appforge-main/node_modules/vitest/dist/chunks/traces.CCmnQaNT.js:142:27)\n' +
    '    at trace (file:///C:/Users/ferna/Downloads/appforge-main/node_modules/vitest/dist/chunks/test.B8ej_ZHS.js:239:21)\n' +
    '    at runTest (file:///C:/Users/ferna/Downloads/appforge-main/node_modules/@vitest/runner/dist/index.js:1653:12)',
  timestamp: '2026-01-29T14:34:15.578Z',
  context: {},
  userAgent: 'Mozilla/5.0 (win32) AppleWebKit/537.36 (KHTML, like Gecko) jsdom/25.0.1',
  url: 'http://localhost:3000/',
  env: 'development'
}
≡ƒö┤ Error captured: {
  message: 'Error 24',
  stack: 'Error: Error 24\n' +
    '    at C:/Users/ferna/Downloads/appforge-main/src/utils/__tests__/errorTracking.test.js:40:33\n' +
    '    at file:///C:/Users/ferna/Downloads/appforge-main/node_modules/@vitest/runner/dist/index.js:145:11\n' +
    '    at file:///C:/Users/ferna/Downloads/appforge-main/node_modules/@vitest/runner/dist/index.js:915:26\n' +
    '    at file:///C:/Users/ferna/Downloads/appforge-main/node_modules/@vitest/runner/dist/index.js:1243:20\n' +
    '    at new Promise (<anonymous>)\n' +
    '    at runWithTimeout (file:///C:/Users/ferna/Downloads/appforge-main/node_modules/@vitest/runner/dist/index.js:1209:10)\n' +
    '    at file:///C:/Users/ferna/Downloads/appforge-main/node_modules/@vitest/runner/dist/index.js:1653:37\n' +
    '    at Traces.$ (file:///C:/Users/ferna/Downloads/appforge-main/node_modules/vitest/dist/chunks/traces.CCmnQaNT.js:142:27)\n' +
    '    at trace (file:///C:/Users/ferna/Downloads/appforge-main/node_modules/vitest/dist/chunks/test.B8ej_ZHS.js:239:21)\n' +
    '    at runTest (file:///C:/Users/ferna/Downloads/appforge-main/node_modules/@vitest/runner/dist/index.js:1653:12)',
  timestamp: '2026-01-29T14:34:15.579Z',
  context: {},
  userAgent: 'Mozilla/5.0 (win32) AppleWebKit/537.36 (KHTML, like Gecko) jsdom/25.0.1',
  url: 'http://localhost:3000/',
  env: 'development'
}
≡ƒö┤ Error captured: {
  message: 'Error 25',
  stack: 'Error: Error 25\n' +
    '    at C:/Users/ferna/Downloads/appforge-main/src/utils/__tests__/errorTracking.test.js:40:33\n' +
    '    at file:///C:/Users/ferna/Downloads/appforge-main/node_modules/@vitest/runner/dist/index.js:145:11\n' +
    '    at file:///C:/Users/ferna/Downloads/appforge-main/node_modules/@vitest/runner/dist/index.js:915:26\n' +
    '    at file:///C:/Users/ferna/Downloads/appforge-main/node_modules/@vitest/runner/dist/index.js:1243:20\n' +
    '    at new Promise (<anonymous>)\n' +
    '    at runWithTimeout (file:///C:/Users/ferna/Downloads/appforge-main/node_modules/@vitest/runner/dist/index.js:1209:10)\n' +
    '    at file:///C:/Users/ferna/Downloads/appforge-main/node_modules/@vitest/runner/dist/index.js:1653:37\n' +
    '    at Traces.$ (file:///C:/Users/ferna/Downloads/appforge-main/node_modules/vitest/dist/chunks/traces.CCmnQaNT.js:142:27)\n' +
    '    at trace (file:///C:/Users/ferna/Downloads/appforge-main/node_modules/vitest/dist/chunks/test.B8ej_ZHS.js:239:21)\n' +
    '    at runTest (file:///C:/Users/ferna/Downloads/appforge-main/node_modules/@vitest/runner/dist/index.js:1653:12)',
  timestamp: '2026-01-29T14:34:15.579Z',
  context: {},
  userAgent: 'Mozilla/5.0 (win32) AppleWebKit/537.36 (KHTML, like Gecko) jsdom/25.0.1',
  url: 'http://localhost:3000/',
  env: 'development'
}
≡ƒö┤ Error captured: {
  message: 'Error 26',
  stack: 'Error: Error 26\n' +
    '    at C:/Users/ferna/Downloads/appforge-main/src/utils/__tests__/errorTracking.test.js:40:33\n' +
    '    at file:///C:/Users/ferna/Downloads/appforge-main/node_modules/@vitest/runner/dist/index.js:145:11\n' +
    '    at file:///C:/Users/ferna/Downloads/appforge-main/node_modules/@vitest/runner/dist/index.js:915:26\n' +
    '    at file:///C:/Users/ferna/Downloads/appforge-main/node_modules/@vitest/runner/dist/index.js:1243:20\n' +
    '    at new Promise (<anonymous>)\n' +
    '    at runWithTimeout (file:///C:/Users/ferna/Downloads/appforge-main/node_modules/@vitest/runner/dist/index.js:1209:10)\n' +
    '    at file:///C:/Users/ferna/Downloads/appforge-main/node_modules/@vitest/runner/dist/index.js:1653:37\n' +
    '    at Traces.$ (file:///C:/Users/ferna/Downloads/appforge-main/node_modules/vitest/dist/chunks/traces.CCmnQaNT.js:142:27)\n' +
    '    at trace (file:///C:/Users/ferna/Downloads/appforge-main/node_modules/vitest/dist/chunks/test.B8ej_ZHS.js:239:21)\n' +
    '    at runTest (file:///C:/Users/ferna/Downloads/appforge-main/node_modules/@vitest/runner/dist/index.js:1653:12)',
  timestamp: '2026-01-29T14:34:15.580Z',
  context: {},
  userAgent: 'Mozilla/5.0 (win32) AppleWebKit/537.36 (KHTML, like Gecko) jsdom/25.0.1',
  url: 'http://localhost:3000/',
  env: 'development'
}
≡ƒö┤ Error captured: {
  message: 'Error 27',
  stack: 'Error: Error 27\n' +
    '    at C:/Users/ferna/Downloads/appforge-main/src/utils/__tests__/errorTracking.test.js:40:33\n' +
    '    at file:///C:/Users/ferna/Downloads/appforge-main/node_modules/@vitest/runner/dist/index.js:145:11\n' +
    '    at file:///C:/Users/ferna/Downloads/appforge-main/node_modules/@vitest/runner/dist/index.js:915:26\n' +
    '    at file:///C:/Users/ferna/Downloads/appforge-main/node_modules/@vitest/runner/dist/index.js:1243:20\n' +
    '    at new Promise (<anonymous>)\n' +
    '    at runWithTimeout (file:///C:/Users/ferna/Downloads/appforge-main/node_modules/@vitest/runner/dist/index.js:1209:10)\n' +
    '    at file:///C:/Users/ferna/Downloads/appforge-main/node_modules/@vitest/runner/dist/index.js:1653:37\n' +
    '    at Traces.$ (file:///C:/Users/ferna/Downloads/appforge-main/node_modules/vitest/dist/chunks/traces.CCmnQaNT.js:142:27)\n' +
    '    at trace (file:///C:/Users/ferna/Downloads/appforge-main/node_modules/vitest/dist/chunks/test.B8ej_ZHS.js:239:21)\n' +
    '    at runTest (file:///C:/Users/ferna/Downloads/appforge-main/node_modules/@vitest/runner/dist/index.js:1653:12)',
  timestamp: '2026-01-29T14:34:15.581Z',
  context: {},
  userAgent: 'Mozilla/5.0 (win32) AppleWebKit/537.36 (KHTML, like Gecko) jsdom/25.0.1',
  url: 'http://localhost:3000/',
  env: 'development'
}
≡ƒö┤ Error captured: {
  message: 'Error 28',
  stack: 'Error: Error 28\n' +
    '    at C:/Users/ferna/Downloads/appforge-main/src/utils/__tests__/errorTracking.test.js:40:33\n' +
    '    at file:///C:/Users/ferna/Downloads/appforge-main/node_modules/@vitest/runner/dist/index.js:145:11\n' +
    '    at file:///C:/Users/ferna/Downloads/appforge-main/node_modules/@vitest/runner/dist/index.js:915:26\n' +
    '    at file:///C:/Users/ferna/Downloads/appforge-main/node_modules/@vitest/runner/dist/index.js:1243:20\n' +
    '    at new Promise (<anonymous>)\n' +
    '    at runWithTimeout (file:///C:/Users/ferna/Downloads/appforge-main/node_modules/@vitest/runner/dist/index.js:1209:10)\n' +
    '    at file:///C:/Users/ferna/Downloads/appforge-main/node_modules/@vitest/runner/dist/index.js:1653:37\n' +
    '    at Traces.$ (file:///C:/Users/ferna/Downloads/appforge-main/node_modules/vitest/dist/chunks/traces.CCmnQaNT.js:142:27)\n' +
    '    at trace (file:///C:/Users/ferna/Downloads/appforge-main/node_modules/vitest/dist/chunks/test.B8ej_ZHS.js:239:21)\n' +
    '    at runTest (file:///C:/Users/ferna/Downloads/appforge-main/node_modules/@vitest/runner/dist/index.js:1653:12)',
  timestamp: '2026-01-29T14:34:15.581Z',
  context: {},
  userAgent: 'Mozilla/5.0 (win32) AppleWebKit/537.36 (KHTML, like Gecko) jsdom/25.0.1',
  url: 'http://localhost:3000/',
  env: 'development'
}
≡ƒö┤ Error captured: {
  message: 'Error 29',
  stack: 'Error: Error 29\n' +
    '    at C:/Users/ferna/Downloads/appforge-main/src/utils/__tests__/errorTracking.test.js:40:33\n' +
    '    at file:///C:/Users/ferna/Downloads/appforge-main/node_modules/@vitest/runner/dist/index.js:145:11\n' +
    '    at file:///C:/Users/ferna/Downloads/appforge-main/node_modules/@vitest/runner/dist/index.js:915:26\n' +
    '    at file:///C:/Users/ferna/Downloads/appforge-main/node_modules/@vitest/runner/dist/index.js:1243:20\n' +
    '    at new Promise (<anonymous>)\n' +
    '    at runWithTimeout (file:///C:/Users/ferna/Downloads/appforge-main/node_modules/@vitest/runner/dist/index.js:1209:10)\n' +
    '    at file:///C:/Users/ferna/Downloads/appforge-main/node_modules/@vitest/runner/dist/index.js:1653:37\n' +
    '    at Traces.$ (file:///C:/Users/ferna/Downloads/appforge-main/node_modules/vitest/dist/chunks/traces.CCmnQaNT.js:142:27)\n' +
    '    at trace (file:///C:/Users/ferna/Downloads/appforge-main/node_modules/vitest/dist/chunks/test.B8ej_ZHS.js:239:21)\n' +
    '    at runTest (file:///C:/Users/ferna/Downloads/appforge-main/node_modules/@vitest/runner/dist/index.js:1653:12)',
  timestamp: '2026-01-29T14:34:15.582Z',
  context: {},
  userAgent: 'Mozilla/5.0 (win32) AppleWebKit/537.36 (KHTML, like Gecko) jsdom/25.0.1',
  url: 'http://localhost:3000/',
  env: 'development'
}
≡ƒö┤ Error captured: {
  message: 'Error 30',
  stack: 'Error: Error 30\n' +
    '    at C:/Users/ferna/Downloads/appforge-main/src/utils/__tests__/errorTracking.test.js:40:33\n' +
    '    at file:///C:/Users/ferna/Downloads/appforge-main/node_modules/@vitest/runner/dist/index.js:145:11\n' +
    '    at file:///C:/Users/ferna/Downloads/appforge-main/node_modules/@vitest/runner/dist/index.js:915:26\n' +
    '    at file:///C:/Users/ferna/Downloads/appforge-main/node_modules/@vitest/runner/dist/index.js:1243:20\n' +
    '    at new Promise (<anonymous>)\n' +
    '    at runWithTimeout (file:///C:/Users/ferna/Downloads/appforge-main/node_modules/@vitest/runner/dist/index.js:1209:10)\n' +
    '    at file:///C:/Users/ferna/Downloads/appforge-main/node_modules/@vitest/runner/dist/index.js:1653:37\n' +
    '    at Traces.$ (file:///C:/Users/ferna/Downloads/appforge-main/node_modules/vitest/dist/chunks/traces.CCmnQaNT.js:142:27)\n' +
    '    at trace (file:///C:/Users/ferna/Downloads/appforge-main/node_modules/vitest/dist/chunks/test.B8ej_ZHS.js:239:21)\n' +
    '    at runTest (file:///C:/Users/ferna/Downloads/appforge-main/node_modules/@vitest/runner/dist/index.js:1653:12)',
  timestamp: '2026-01-29T14:34:15.582Z',
  context: {},
  userAgent: 'Mozilla/5.0 (win32) AppleWebKit/537.36 (KHTML, like Gecko) jsdom/25.0.1',
  url: 'http://localhost:3000/',
  env: 'development'
}
≡ƒö┤ Error captured: {
  message: 'Error 31',
  stack: 'Error: Error 31\n' +
    '    at C:/Users/ferna/Downloads/appforge-main/src/utils/__tests__/errorTracking.test.js:40:33\n' +
    '    at file:///C:/Users/ferna/Downloads/appforge-main/node_modules/@vitest/runner/dist/index.js:145:11\n' +
    '    at file:///C:/Users/ferna/Downloads/appforge-main/node_modules/@vitest/runner/dist/index.js:915:26\n' +
    '    at file:///C:/Users/ferna/Downloads/appforge-main/node_modules/@vitest/runner/dist/index.js:1243:20\n' +
    '    at new Promise (<anonymous>)\n' +
    '    at runWithTimeout (file:///C:/Users/ferna/Downloads/appforge-main/node_modules/@vitest/runner/dist/index.js:1209:10)\n' +
    '    at file:///C:/Users/ferna/Downloads/appforge-main/node_modules/@vitest/runner/dist/index.js:1653:37\n' +
    '    at Traces.$ (file:///C:/Users/ferna/Downloads/appforge-main/node_modules/vitest/dist/chunks/traces.CCmnQaNT.js:142:27)\n' +
    '    at trace (file:///C:/Users/ferna/Downloads/appforge-main/node_modules/vitest/dist/chunks/test.B8ej_ZHS.js:239:21)\n' +
    '    at runTest (file:///C:/Users/ferna/Downloads/appforge-main/node_modules/@vitest/runner/dist/index.js:1653:12)',
  timestamp: '2026-01-29T14:34:15.582Z',
  context: {},
  userAgent: 'Mozilla/5.0 (win32) AppleWebKit/537.36 (KHTML, like Gecko) jsdom/25.0.1',
  url: 'http://localhost:3000/',
  env: 'development'
}
≡ƒö┤ Error captured: {
  message: 'Error 32',
  stack: 'Error: Error 32\n' +
    '    at C:/Users/ferna/Downloads/appforge-main/src/utils/__tests__/errorTracking.test.js:40:33\n' +
    '    at file:///C:/Users/ferna/Downloads/appforge-main/node_modules/@vitest/runner/dist/index.js:145:11\n' +
    '    at file:///C:/Users/ferna/Downloads/appforge-main/node_modules/@vitest/runner/dist/index.js:915:26\n' +
    '    at file:///C:/Users/ferna/Downloads/appforge-main/node_modules/@vitest/runner/dist/index.js:1243:20\n' +
    '    at new Promise (<anonymous>)\n' +
    '    at runWithTimeout (file:///C:/Users/ferna/Downloads/appforge-main/node_modules/@vitest/runner/dist/index.js:1209:10)\n' +
    '    at file:///C:/Users/ferna/Downloads/appforge-main/node_modules/@vitest/runner/dist/index.js:1653:37\n' +
    '    at Traces.$ (file:///C:/Users/ferna/Downloads/appforge-main/node_modules/vitest/dist/chunks/traces.CCmnQaNT.js:142:27)\n' +
    '    at trace (file:///C:/Users/ferna/Downloads/appforge-main/node_modules/vitest/dist/chunks/test.B8ej_ZHS.js:239:21)\n' +
    '    at runTest (file:///C:/Users/ferna/Downloads/appforge-main/node_modules/@vitest/runner/dist/index.js:1653:12)',
  timestamp: '2026-01-29T14:34:15.583Z',
  context: {},
  userAgent: 'Mozilla/5.0 (win32) AppleWebKit/537.36 (KHTML, like Gecko) jsdom/25.0.1',
  url: 'http://localhost:3000/',
  env: 'development'
}
≡ƒö┤ Error captured: {
  message: 'Error 33',
  stack: 'Error: Error 33\n' +
    '    at C:/Users/ferna/Downloads/appforge-main/src/utils/__tests__/errorTracking.test.js:40:33\n' +
    '    at file:///C:/Users/ferna/Downloads/appforge-main/node_modules/@vitest/runner/dist/index.js:145:11\n' +
    '    at file:///C:/Users/ferna/Downloads/appforge-main/node_modules/@vitest/runner/dist/index.js:915:26\n' +
    '    at file:///C:/Users/ferna/Downloads/appforge-main/node_modules/@vitest/runner/dist/index.js:1243:20\n' +
    '    at new Promise (<anonymous>)\n' +
    '    at runWithTimeout (file:///C:/Users/ferna/Downloads/appforge-main/node_modules/@vitest/runner/dist/index.js:1209:10)\n' +
    '    at file:///C:/Users/ferna/Downloads/appforge-main/node_modules/@vitest/runner/dist/index.js:1653:37\n' +
    '    at Traces.$ (file:///C:/Users/ferna/Downloads/appforge-main/node_modules/vitest/dist/chunks/traces.CCmnQaNT.js:142:27)\n' +
    '    at trace (file:///C:/Users/ferna/Downloads/appforge-main/node_modules/vitest/dist/chunks/test.B8ej_ZHS.js:239:21)\n' +
    '    at runTest (file:///C:/Users/ferna/Downloads/appforge-main/node_modules/@vitest/runner/dist/index.js:1653:12)',
  timestamp: '2026-01-29T14:34:15.583Z',
  context: {},
  userAgent: 'Mozilla/5.0 (win32) AppleWebKit/537.36 (KHTML, like Gecko) jsdom/25.0.1',
  url: 'http://localhost:3000/',
  env: 'development'
}
≡ƒö┤ Error captured: {
  message: 'Error 34',
  stack: 'Error: Error 34\n' +
    '    at C:/Users/ferna/Downloads/appforge-main/src/utils/__tests__/errorTracking.test.js:40:33\n' +
    '    at file:///C:/Users/ferna/Downloads/appforge-main/node_modules/@vitest/runner/dist/index.js:145:11\n' +
    '    at file:///C:/Users/ferna/Downloads/appforge-main/node_modules/@vitest/runner/dist/index.js:915:26\n' +
    '    at file:///C:/Users/ferna/Downloads/appforge-main/node_modules/@vitest/runner/dist/index.js:1243:20\n' +
    '    at new Promise (<anonymous>)\n' +
    '    at runWithTimeout (file:///C:/Users/ferna/Downloads/appforge-main/node_modules/@vitest/runner/dist/index.js:1209:10)\n' +
    '    at file:///C:/Users/ferna/Downloads/appforge-main/node_modules/@vitest/runner/dist/index.js:1653:37\n' +
    '    at Traces.$ (file:///C:/Users/ferna/Downloads/appforge-main/node_modules/vitest/dist/chunks/traces.CCmnQaNT.js:142:27)\n' +
    '    at trace (file:///C:/Users/ferna/Downloads/appforge-main/node_modules/vitest/dist/chunks/test.B8ej_ZHS.js:239:21)\n' +
    '    at runTest (file:///C:/Users/ferna/Downloads/appforge-main/node_modules/@vitest/runner/dist/index.js:1653:12)',
  timestamp: '2026-01-29T14:34:15.584Z',
  context: {},
  userAgent: 'Mozilla/5.0 (win32) AppleWebKit/537.36 (KHTML, like Gecko) jsdom/25.0.1',
  url: 'http://localhost:3000/',
  env: 'development'
}
≡ƒö┤ Error captured: {
  message: 'Error 35',
  stack: 'Error: Error 35\n' +
    '    at C:/Users/ferna/Downloads/appforge-main/src/utils/__tests__/errorTracking.test.js:40:33\n' +
    '    at file:///C:/Users/ferna/Downloads/appforge-main/node_modules/@vitest/runner/dist/index.js:145:11\n' +
    '    at file:///C:/Users/ferna/Downloads/appforge-main/node_modules/@vitest/runner/dist/index.js:915:26\n' +
    '    at file:///C:/Users/ferna/Downloads/appforge-main/node_modules/@vitest/runner/dist/index.js:1243:20\n' +
    '    at new Promise (<anonymous>)\n' +
    '    at runWithTimeout (file:///C:/Users/ferna/Downloads/appforge-main/node_modules/@vitest/runner/dist/index.js:1209:10)\n' +
    '    at file:///C:/Users/ferna/Downloads/appforge-main/node_modules/@vitest/runner/dist/index.js:1653:37\n' +
    '    at Traces.$ (file:///C:/Users/ferna/Downloads/appforge-main/node_modules/vitest/dist/chunks/traces.CCmnQaNT.js:142:27)\n' +
    '    at trace (file:///C:/Users/ferna/Downloads/appforge-main/node_modules/vitest/dist/chunks/test.B8ej_ZHS.js:239:21)\n' +
    '    at runTest (file:///C:/Users/ferna/Downloads/appforge-main/node_modules/@vitest/runner/dist/index.js:1653:12)',
  timestamp: '2026-01-29T14:34:15.585Z',
  context: {},
  userAgent: 'Mozilla/5.0 (win32) AppleWebKit/537.36 (KHTML, like Gecko) jsdom/25.0.1',
  url: 'http://localhost:3000/',
  env: 'development'
}
≡ƒö┤ Error captured: {
  message: 'Error 36',
  stack: 'Error: Error 36\n' +
    '    at C:/Users/ferna/Downloads/appforge-main/src/utils/__tests__/errorTracking.test.js:40:33\n' +
    '    at file:///C:/Users/ferna/Downloads/appforge-main/node_modules/@vitest/runner/dist/index.js:145:11\n' +
    '    at file:///C:/Users/ferna/Downloads/appforge-main/node_modules/@vitest/runner/dist/index.js:915:26\n' +
    '    at file:///C:/Users/ferna/Downloads/appforge-main/node_modules/@vitest/runner/dist/index.js:1243:20\n' +
    '    at new Promise (<anonymous>)\n' +
    '    at runWithTimeout (file:///C:/Users/ferna/Downloads/appforge-main/node_modules/@vitest/runner/dist/index.js:1209:10)\n' +
    '    at file:///C:/Users/ferna/Downloads/appforge-main/node_modules/@vitest/runner/dist/index.js:1653:37\n' +
    '    at Traces.$ (file:///C:/Users/ferna/Downloads/appforge-main/node_modules/vitest/dist/chunks/traces.CCmnQaNT.js:142:27)\n' +
    '    at trace (file:///C:/Users/ferna/Downloads/appforge-main/node_modules/vitest/dist/chunks/test.B8ej_ZHS.js:239:21)\n' +
    '    at runTest (file:///C:/Users/ferna/Downloads/appforge-main/node_modules/@vitest/runner/dist/index.js:1653:12)',
  timestamp: '2026-01-29T14:34:15.585Z',
  context: {},
  userAgent: 'Mozilla/5.0 (win32) AppleWebKit/537.36 (KHTML, like Gecko) jsdom/25.0.1',
  url: 'http://localhost:3000/',
  env: 'development'
}
≡ƒö┤ Error captured: {
  message: 'Error 37',
  stack: 'Error: Error 37\n' +
    '    at C:/Users/ferna/Downloads/appforge-main/src/utils/__tests__/errorTracking.test.js:40:33\n' +
    '    at file:///C:/Users/ferna/Downloads/appforge-main/node_modules/@vitest/runner/dist/index.js:145:11\n' +
    '    at file:///C:/Users/ferna/Downloads/appforge-main/node_modules/@vitest/runner/dist/index.js:915:26\n' +
    '    at file:///C:/Users/ferna/Downloads/appforge-main/node_modules/@vitest/runner/dist/index.js:1243:20\n' +
    '    at new Promise (<anonymous>)\n' +
    '    at runWithTimeout (file:///C:/Users/ferna/Downloads/appforge-main/node_modules/@vitest/runner/dist/index.js:1209:10)\n' +
    '    at file:///C:/Users/ferna/Downloads/appforge-main/node_modules/@vitest/runner/dist/index.js:1653:37\n' +
    '    at Traces.$ (file:///C:/Users/ferna/Downloads/appforge-main/node_modules/vitest/dist/chunks/traces.CCmnQaNT.js:142:27)\n' +
    '    at trace (file:///C:/Users/ferna/Downloads/appforge-main/node_modules/vitest/dist/chunks/test.B8ej_ZHS.js:239:21)\n' +
    '    at runTest (file:///C:/Users/ferna/Downloads/appforge-main/node_modules/@vitest/runner/dist/index.js:1653:12)',
  timestamp: '2026-01-29T14:34:15.586Z',
  context: {},
  userAgent: 'Mozilla/5.0 (win32) AppleWebKit/537.36 (KHTML, like Gecko) jsdom/25.0.1',
  url: 'http://localhost:3000/',
  env: 'development'
}
≡ƒö┤ Error captured: {
  message: 'Error 38',
  stack: 'Error: Error 38\n' +
    '    at C:/Users/ferna/Downloads/appforge-main/src/utils/__tests__/errorTracking.test.js:40:33\n' +
    '    at file:///C:/Users/ferna/Downloads/appforge-main/node_modules/@vitest/runner/dist/index.js:145:11\n' +
    '    at file:///C:/Users/ferna/Downloads/appforge-main/node_modules/@vitest/runner/dist/index.js:915:26\n' +
    '    at file:///C:/Users/ferna/Downloads/appforge-main/node_modules/@vitest/runner/dist/index.js:1243:20\n' +
    '    at new Promise (<anonymous>)\n' +
    '    at runWithTimeout (file:///C:/Users/ferna/Downloads/appforge-main/node_modules/@vitest/runner/dist/index.js:1209:10)\n' +
    '    at file:///C:/Users/ferna/Downloads/appforge-main/node_modules/@vitest/runner/dist/index.js:1653:37\n' +
    '    at Traces.$ (file:///C:/Users/ferna/Downloads/appforge-main/node_modules/vitest/dist/chunks/traces.CCmnQaNT.js:142:27)\n' +
    '    at trace (file:///C:/Users/ferna/Downloads/appforge-main/node_modules/vitest/dist/chunks/test.B8ej_ZHS.js:239:21)\n' +
    '    at runTest (file:///C:/Users/ferna/Downloads/appforge-main/node_modules/@vitest/runner/dist/index.js:1653:12)',
  timestamp: '2026-01-29T14:34:15.587Z',
  context: {},
  userAgent: 'Mozilla/5.0 (win32) AppleWebKit/537.36 (KHTML, like Gecko) jsdom/25.0.1',
  url: 'http://localhost:3000/',
  env: 'development'
}
≡ƒö┤ Error captured: {
  message: 'Error 39',
  stack: 'Error: Error 39\n' +
    '    at C:/Users/ferna/Downloads/appforge-main/src/utils/__tests__/errorTracking.test.js:40:33\n' +
    '    at file:///C:/Users/ferna/Downloads/appforge-main/node_modules/@vitest/runner/dist/index.js:145:11\n' +
    '    at file:///C:/Users/ferna/Downloads/appforge-main/node_modules/@vitest/runner/dist/index.js:915:26\n' +
    '    at file:///C:/Users/ferna/Downloads/appforge-main/node_modules/@vitest/runner/dist/index.js:1243:20\n' +
    '    at new Promise (<anonymous>)\n' +
    '    at runWithTimeout (file:///C:/Users/ferna/Downloads/appforge-main/node_modules/@vitest/runner/dist/index.js:1209:10)\n' +
    '    at file:///C:/Users/ferna/Downloads/appforge-main/node_modules/@vitest/runner/dist/index.js:1653:37\n' +
    '    at Traces.$ (file:///C:/Users/ferna/Downloads/appforge-main/node_modules/vitest/dist/chunks/traces.CCmnQaNT.js:142:27)\n' +
    '    at trace (file:///C:/Users/ferna/Downloads/appforge-main/node_modules/vitest/dist/chunks/test.B8ej_ZHS.js:239:21)\n' +
    '    at runTest (file:///C:/Users/ferna/Downloads/appforge-main/node_modules/@vitest/runner/dist/index.js:1653:12)',
  timestamp: '2026-01-29T14:34:15.587Z',
  context: {},
  userAgent: 'Mozilla/5.0 (win32) AppleWebKit/537.36 (KHTML, like Gecko) jsdom/25.0.1',
  url: 'http://localhost:3000/',
  env: 'development'
}
≡ƒö┤ Error captured: {
  message: 'Error 40',
  stack: 'Error: Error 40\n' +
    '    at C:/Users/ferna/Downloads/appforge-main/src/utils/__tests__/errorTracking.test.js:40:33\n' +
    '    at file:///C:/Users/ferna/Downloads/appforge-main/node_modules/@vitest/runner/dist/index.js:145:11\n' +
    '    at file:///C:/Users/ferna/Downloads/appforge-main/node_modules/@vitest/runner/dist/index.js:915:26\n' +
    '    at file:///C:/Users/ferna/Downloads/appforge-main/node_modules/@vitest/runner/dist/index.js:1243:20\n' +
    '    at new Promise (<anonymous>)\n' +
    '    at runWithTimeout (file:///C:/Users/ferna/Downloads/appforge-main/node_modules/@vitest/runner/dist/index.js:1209:10)\n' +
    '    at file:///C:/Users/ferna/Downloads/appforge-main/node_modules/@vitest/runner/dist/index.js:1653:37\n' +
    '    at Traces.$ (file:///C:/Users/ferna/Downloads/appforge-main/node_modules/vitest/dist/chunks/traces.CCmnQaNT.js:142:27)\n' +
    '    at trace (file:///C:/Users/ferna/Downloads/appforge-main/node_modules/vitest/dist/chunks/test.B8ej_ZHS.js:239:21)\n' +
    '    at runTest (file:///C:/Users/ferna/Downloads/appforge-main/node_modules/@vitest/runner/dist/index.js:1653:12)',
  timestamp: '2026-01-29T14:34:15.588Z',
  context: {},
  userAgent: 'Mozilla/5.0 (win32) AppleWebKit/537.36 (KHTML, like Gecko) jsdom/25.0.1',
  url: 'http://localhost:3000/',
  env: 'development'
}
≡ƒö┤ Error captured: {
  message: 'Error 41',
  stack: 'Error: Error 41\n' +
    '    at C:/Users/ferna/Downloads/appforge-main/src/utils/__tests__/errorTracking.test.js:40:33\n' +
    '    at file:///C:/Users/ferna/Downloads/appforge-main/node_modules/@vitest/runner/dist/index.js:145:11\n' +
    '    at file:///C:/Users/ferna/Downloads/appforge-main/node_modules/@vitest/runner/dist/index.js:915:26\n' +
    '    at file:///C:/Users/ferna/Downloads/appforge-main/node_modules/@vitest/runner/dist/index.js:1243:20\n' +
    '    at new Promise (<anonymous>)\n' +
    '    at runWithTimeout (file:///C:/Users/ferna/Downloads/appforge-main/node_modules/@vitest/runner/dist/index.js:1209:10)\n' +
    '    at file:///C:/Users/ferna/Downloads/appforge-main/node_modules/@vitest/runner/dist/index.js:1653:37\n' +
    '    at Traces.$ (file:///C:/Users/ferna/Downloads/appforge-main/node_modules/vitest/dist/chunks/traces.CCmnQaNT.js:142:27)\n' +
    '    at trace (file:///C:/Users/ferna/Downloads/appforge-main/node_modules/vitest/dist/chunks/test.B8ej_ZHS.js:239:21)\n' +
    '    at runTest (file:///C:/Users/ferna/Downloads/appforge-main/node_modules/@vitest/runner/dist/index.js:1653:12)',
  timestamp: '2026-01-29T14:34:15.588Z',
  context: {},
  userAgent: 'Mozilla/5.0 (win32) AppleWebKit/537.36 (KHTML, like Gecko) jsdom/25.0.1',
  url: 'http://localhost:3000/',
  env: 'development'
}
≡ƒö┤ Error captured: {
  message: 'Error 42',
  stack: 'Error: Error 42\n' +
    '    at C:/Users/ferna/Downloads/appforge-main/src/utils/__tests__/errorTracking.test.js:40:33\n' +
    '    at file:///C:/Users/ferna/Downloads/appforge-main/node_modules/@vitest/runner/dist/index.js:145:11\n' +
    '    at file:///C:/Users/ferna/Downloads/appforge-main/node_modules/@vitest/runner/dist/index.js:915:26\n' +
    '    at file:///C:/Users/ferna/Downloads/appforge-main/node_modules/@vitest/runner/dist/index.js:1243:20\n' +
    '    at new Promise (<anonymous>)\n' +
    '    at runWithTimeout (file:///C:/Users/ferna/Downloads/appforge-main/node_modules/@vitest/runner/dist/index.js:1209:10)\n' +
    '    at file:///C:/Users/ferna/Downloads/appforge-main/node_modules/@vitest/runner/dist/index.js:1653:37\n' +
    '    at Traces.$ (file:///C:/Users/ferna/Downloads/appforge-main/node_modules/vitest/dist/chunks/traces.CCmnQaNT.js:142:27)\n' +
    '    at trace (file:///C:/Users/ferna/Downloads/appforge-main/node_modules/vitest/dist/chunks/test.B8ej_ZHS.js:239:21)\n' +
    '    at runTest (file:///C:/Users/ferna/Downloads/appforge-main/node_modules/@vitest/runner/dist/index.js:1653:12)',
  timestamp: '2026-01-29T14:34:15.589Z',
  context: {},
  userAgent: 'Mozilla/5.0 (win32) AppleWebKit/537.36 (KHTML, like Gecko) jsdom/25.0.1',
  url: 'http://localhost:3000/',
  env: 'development'
}
≡ƒö┤ Error captured: {
  message: 'Error 43',
  stack: 'Error: Error 43\n' +
    '    at C:/Users/ferna/Downloads/appforge-main/src/utils/__tests__/errorTracking.test.js:40:33\n' +
    '    at file:///C:/Users/ferna/Downloads/appforge-main/node_modules/@vitest/runner/dist/index.js:145:11\n' +
    '    at file:///C:/Users/ferna/Downloads/appforge-main/node_modules/@vitest/runner/dist/index.js:915:26\n' +
    '    at file:///C:/Users/ferna/Downloads/appforge-main/node_modules/@vitest/runner/dist/index.js:1243:20\n' +
    '    at new Promise (<anonymous>)\n' +
    '    at runWithTimeout (file:///C:/Users/ferna/Downloads/appforge-main/node_modules/@vitest/runner/dist/index.js:1209:10)\n' +
    '    at file:///C:/Users/ferna/Downloads/appforge-main/node_modules/@vitest/runner/dist/index.js:1653:37\n' +
    '    at Traces.$ (file:///C:/Users/ferna/Downloads/appforge-main/node_modules/vitest/dist/chunks/traces.CCmnQaNT.js:142:27)\n' +
    '    at trace (file:///C:/Users/ferna/Downloads/appforge-main/node_modules/vitest/dist/chunks/test.B8ej_ZHS.js:239:21)\n' +
    '    at runTest (file:///C:/Users/ferna/Downloads/appforge-main/node_modules/@vitest/runner/dist/index.js:1653:12)',
  timestamp: '2026-01-29T14:34:15.590Z',
  context: {},
  userAgent: 'Mozilla/5.0 (win32) AppleWebKit/537.36 (KHTML, like Gecko) jsdom/25.0.1',
  url: 'http://localhost:3000/',
  env: 'development'
}
≡ƒö┤ Error captured: {
  message: 'Error 44',
  stack: 'Error: Error 44\n' +
    '    at C:/Users/ferna/Downloads/appforge-main/src/utils/__tests__/errorTracking.test.js:40:33\n' +
    '    at file:///C:/Users/ferna/Downloads/appforge-main/node_modules/@vitest/runner/dist/index.js:145:11\n' +
    '    at file:///C:/Users/ferna/Downloads/appforge-main/node_modules/@vitest/runner/dist/index.js:915:26\n' +
    '    at file:///C:/Users/ferna/Downloads/appforge-main/node_modules/@vitest/runner/dist/index.js:1243:20\n' +
    '    at new Promise (<anonymous>)\n' +
    '    at runWithTimeout (file:///C:/Users/ferna/Downloads/appforge-main/node_modules/@vitest/runner/dist/index.js:1209:10)\n' +
    '    at file:///C:/Users/ferna/Downloads/appforge-main/node_modules/@vitest/runner/dist/index.js:1653:37\n' +
    '    at Traces.$ (file:///C:/Users/ferna/Downloads/appforge-main/node_modules/vitest/dist/chunks/traces.CCmnQaNT.js:142:27)\n' +
    '    at trace (file:///C:/Users/ferna/Downloads/appforge-main/node_modules/vitest/dist/chunks/test.B8ej_ZHS.js:239:21)\n' +
    '    at runTest (file:///C:/Users/ferna/Downloads/appforge-main/node_modules/@vitest/runner/dist/index.js:1653:12)',
  timestamp: '2026-01-29T14:34:15.590Z',
  context: {},
  userAgent: 'Mozilla/5.0 (win32) AppleWebKit/537.36 (KHTML, like Gecko) jsdom/25.0.1',
  url: 'http://localhost:3000/',
  env: 'development'
}
≡ƒö┤ Error captured: {
  message: 'Error 45',
  stack: 'Error: Error 45\n' +
    '    at C:/Users/ferna/Downloads/appforge-main/src/utils/__tests__/errorTracking.test.js:40:33\n' +
    '    at file:///C:/Users/ferna/Downloads/appforge-main/node_modules/@vitest/runner/dist/index.js:145:11\n' +
    '    at file:///C:/Users/ferna/Downloads/appforge-main/node_modules/@vitest/runner/dist/index.js:915:26\n' +
    '    at file:///C:/Users/ferna/Downloads/appforge-main/node_modules/@vitest/runner/dist/index.js:1243:20\n' +
    '    at new Promise (<anonymous>)\n' +
    '    at runWithTimeout (file:///C:/Users/ferna/Downloads/appforge-main/node_modules/@vitest/runner/dist/index.js:1209:10)\n' +
    '    at file:///C:/Users/ferna/Downloads/appforge-main/node_modules/@vitest/runner/dist/index.js:1653:37\n' +
    '    at Traces.$ (file:///C:/Users/ferna/Downloads/appforge-main/node_modules/vitest/dist/chunks/traces.CCmnQaNT.js:142:27)\n' +
    '    at trace (file:///C:/Users/ferna/Downloads/appforge-main/node_modules/vitest/dist/chunks/test.B8ej_ZHS.js:239:21)\n' +
    '    at runTest (file:///C:/Users/ferna/Downloads/appforge-main/node_modules/@vitest/runner/dist/index.js:1653:12)',
  timestamp: '2026-01-29T14:34:15.591Z',
  context: {},
  userAgent: 'Mozilla/5.0 (win32) AppleWebKit/537.36 (KHTML, like Gecko) jsdom/25.0.1',
  url: 'http://localhost:3000/',
  env: 'development'
}
≡ƒö┤ Error captured: {
  message: 'Error 46',
  stack: 'Error: Error 46\n' +
    '    at C:/Users/ferna/Downloads/appforge-main/src/utils/__tests__/errorTracking.test.js:40:33\n' +
    '    at file:///C:/Users/ferna/Downloads/appforge-main/node_modules/@vitest/runner/dist/index.js:145:11\n' +
    '    at file:///C:/Users/ferna/Downloads/appforge-main/node_modules/@vitest/runner/dist/index.js:915:26\n' +
    '    at file:///C:/Users/ferna/Downloads/appforge-main/node_modules/@vitest/runner/dist/index.js:1243:20\n' +
    '    at new Promise (<anonymous>)\n' +
    '    at runWithTimeout (file:///C:/Users/ferna/Downloads/appforge-main/node_modules/@vitest/runner/dist/index.js:1209:10)\n' +
    '    at file:///C:/Users/ferna/Downloads/appforge-main/node_modules/@vitest/runner/dist/index.js:1653:37\n' +
    '    at Traces.$ (file:///C:/Users/ferna/Downloads/appforge-main/node_modules/vitest/dist/chunks/traces.CCmnQaNT.js:142:27)\n' +
    '    at trace (file:///C:/Users/ferna/Downloads/appforge-main/node_modules/vitest/dist/chunks/test.B8ej_ZHS.js:239:21)\n' +
    '    at runTest (file:///C:/Users/ferna/Downloads/appforge-main/node_modules/@vitest/runner/dist/index.js:1653:12)',
  timestamp: '2026-01-29T14:34:15.591Z',
  context: {},
  userAgent: 'Mozilla/5.0 (win32) AppleWebKit/537.36 (KHTML, like Gecko) jsdom/25.0.1',
  url: 'http://localhost:3000/',
  env: 'development'
}
≡ƒö┤ Error captured: {
  message: 'Error 47',
  stack: 'Error: Error 47\n' +
    '    at C:/Users/ferna/Downloads/appforge-main/src/utils/__tests__/errorTracking.test.js:40:33\n' +
    '    at file:///C:/Users/ferna/Downloads/appforge-main/node_modules/@vitest/runner/dist/index.js:145:11\n' +
    '    at file:///C:/Users/ferna/Downloads/appforge-main/node_modules/@vitest/runner/dist/index.js:915:26\n' +
    '    at file:///C:/Users/ferna/Downloads/appforge-main/node_modules/@vitest/runner/dist/index.js:1243:20\n' +
    '    at new Promise (<anonymous>)\n' +
    '    at runWithTimeout (file:///C:/Users/ferna/Downloads/appforge-main/node_modules/@vitest/runner/dist/index.js:1209:10)\n' +
    '    at file:///C:/Users/ferna/Downloads/appforge-main/node_modules/@vitest/runner/dist/index.js:1653:37\n' +
    '    at Traces.$ (file:///C:/Users/ferna/Downloads/appforge-main/node_modules/vitest/dist/chunks/traces.CCmnQaNT.js:142:27)\n' +
    '    at trace (file:///C:/Users/ferna/Downloads/appforge-main/node_modules/vitest/dist/chunks/test.B8ej_ZHS.js:239:21)\n' +
    '    at runTest (file:///C:/Users/ferna/Downloads/appforge-main/node_modules/@vitest/runner/dist/index.js:1653:12)',
  timestamp: '2026-01-29T14:34:15.592Z',
  context: {},
  userAgent: 'Mozilla/5.0 (win32) AppleWebKit/537.36 (KHTML, like Gecko) jsdom/25.0.1',
  url: 'http://localhost:3000/',
  env: 'development'
}
≡ƒö┤ Error captured: {
  message: 'Error 48',
  stack: 'Error: Error 48\n' +
    '    at C:/Users/ferna/Downloads/appforge-main/src/utils/__tests__/errorTracking.test.js:40:33\n' +
    '    at file:///C:/Users/ferna/Downloads/appforge-main/node_modules/@vitest/runner/dist/index.js:145:11\n' +
    '    at file:///C:/Users/ferna/Downloads/appforge-main/node_modules/@vitest/runner/dist/index.js:915:26\n' +
    '    at file:///C:/Users/ferna/Downloads/appforge-main/node_modules/@vitest/runner/dist/index.js:1243:20\n' +
    '    at new Promise (<anonymous>)\n' +
    '    at runWithTimeout (file:///C:/Users/ferna/Downloads/appforge-main/node_modules/@vitest/runner/dist/index.js:1209:10)\n' +
    '    at file:///C:/Users/ferna/Downloads/appforge-main/node_modules/@vitest/runner/dist/index.js:1653:37\n' +
    '    at Traces.$ (file:///C:/Users/ferna/Downloads/appforge-main/node_modules/vitest/dist/chunks/traces.CCmnQaNT.js:142:27)\n' +
    '    at trace (file:///C:/Users/ferna/Downloads/appforge-main/node_modules/vitest/dist/chunks/test.B8ej_ZHS.js:239:21)\n' +
    '    at runTest (file:///C:/Users/ferna/Downloads/appforge-main/node_modules/@vitest/runner/dist/index.js:1653:12)',
  timestamp: '2026-01-29T14:34:15.593Z',
  context: {},
  userAgent: 'Mozilla/5.0 (win32) AppleWebKit/537.36 (KHTML, like Gecko) jsdom/25.0.1',
  url: 'http://localhost:3000/',
  env: 'development'
}
≡ƒö┤ Error captured: {
  message: 'Error 49',
  stack: 'Error: Error 49\n' +
    '    at C:/Users/ferna/Downloads/appforge-main/src/utils/__tests__/errorTracking.test.js:40:33\n' +
    '    at file:///C:/Users/ferna/Downloads/appforge-main/node_modules/@vitest/runner/dist/index.js:145:11\n' +
    '    at file:///C:/Users/ferna/Downloads/appforge-main/node_modules/@vitest/runner/dist/index.js:915:26\n' +
    '    at file:///C:/Users/ferna/Downloads/appforge-main/node_modules/@vitest/runner/dist/index.js:1243:20\n' +
    '    at new Promise (<anonymous>)\n' +
    '    at runWithTimeout (file:///C:/Users/ferna/Downloads/appforge-main/node_modules/@vitest/runner/dist/index.js:1209:10)\n' +
    '    at file:///C:/Users/ferna/Downloads/appforge-main/node_modules/@vitest/runner/dist/index.js:1653:37\n' +
    '    at Traces.$ (file:///C:/Users/ferna/Downloads/appforge-main/node_modules/vitest/dist/chunks/traces.CCmnQaNT.js:142:27)\n' +
    '    at trace (file:///C:/Users/ferna/Downloads/appforge-main/node_modules/vitest/dist/chunks/test.B8ej_ZHS.js:239:21)\n' +
    '    at runTest (file:///C:/Users/ferna/Downloads/appforge-main/node_modules/@vitest/runner/dist/index.js:1653:12)',
  timestamp: '2026-01-29T14:34:15.593Z',
  context: {},
  userAgent: 'Mozilla/5.0 (win32) AppleWebKit/537.36 (KHTML, like Gecko) jsdom/25.0.1',
  url: 'http://localhost:3000/',
  env: 'development'
}
≡ƒö┤ Error captured: {
  message: 'Error 50',
  stack: 'Error: Error 50\n' +
    '    at C:/Users/ferna/Downloads/appforge-main/src/utils/__tests__/errorTracking.test.js:40:33\n' +
    '    at file:///C:/Users/ferna/Downloads/appforge-main/node_modules/@vitest/runner/dist/index.js:145:11\n' +
    '    at file:///C:/Users/ferna/Downloads/appforge-main/node_modules/@vitest/runner/dist/index.js:915:26\n' +
    '    at file:///C:/Users/ferna/Downloads/appforge-main/node_modules/@vitest/runner/dist/index.js:1243:20\n' +
    '    at new Promise (<anonymous>)\n' +
    '    at runWithTimeout (file:///C:/Users/ferna/Downloads/appforge-main/node_modules/@vitest/runner/dist/index.js:1209:10)\n' +
    '    at file:///C:/Users/ferna/Downloads/appforge-main/node_modules/@vitest/runner/dist/index.js:1653:37\n' +
    '    at Traces.$ (file:///C:/Users/ferna/Downloads/appforge-main/node_modules/vitest/dist/chunks/traces.CCmnQaNT.js:142:27)\n' +
    '    at trace (file:///C:/Users/ferna/Downloads/appforge-main/node_modules/vitest/dist/chunks/test.B8ej_ZHS.js:239:21)\n' +
    '    at runTest (file:///C:/Users/ferna/Downloads/appforge-main/node_modules/@vitest/runner/dist/index.js:1653:12)',
  timestamp: '2026-01-29T14:34:15.594Z',
  context: {},
  userAgent: 'Mozilla/5.0 (win32) AppleWebKit/537.36 (KHTML, like Gecko) jsdom/25.0.1',
  url: 'http://localhost:3000/',
  env: 'development'
}
≡ƒö┤ Error captured: {
  message: 'Error 51',
  stack: 'Error: Error 51\n' +
    '    at C:/Users/ferna/Downloads/appforge-main/src/utils/__tests__/errorTracking.test.js:40:33\n' +
    '    at file:///C:/Users/ferna/Downloads/appforge-main/node_modules/@vitest/runner/dist/index.js:145:11\n' +
    '    at file:///C:/Users/ferna/Downloads/appforge-main/node_modules/@vitest/runner/dist/index.js:915:26\n' +
    '    at file:///C:/Users/ferna/Downloads/appforge-main/node_modules/@vitest/runner/dist/index.js:1243:20\n' +
    '    at new Promise (<anonymous>)\n' +
    '    at runWithTimeout (file:///C:/Users/ferna/Downloads/appforge-main/node_modules/@vitest/runner/dist/index.js:1209:10)\n' +
    '    at file:///C:/Users/ferna/Downloads/appforge-main/node_modules/@vitest/runner/dist/index.js:1653:37\n' +
    '    at Traces.$ (file:///C:/Users/ferna/Downloads/appforge-main/node_modules/vitest/dist/chunks/traces.CCmnQaNT.js:142:27)\n' +
    '    at trace (file:///C:/Users/ferna/Downloads/appforge-main/node_modules/vitest/dist/chunks/test.B8ej_ZHS.js:239:21)\n' +
    '    at runTest (file:///C:/Users/ferna/Downloads/appforge-main/node_modules/@vitest/runner/dist/index.js:1653:12)',
  timestamp: '2026-01-29T14:34:15.594Z',
  context: {},
  userAgent: 'Mozilla/5.0 (win32) AppleWebKit/537.36 (KHTML, like Gecko) jsdom/25.0.1',
  url: 'http://localhost:3000/',
  env: 'development'
}
≡ƒö┤ Error captured: {
  message: 'Error 52',
  stack: 'Error: Error 52\n' +
    '    at C:/Users/ferna/Downloads/appforge-main/src/utils/__tests__/errorTracking.test.js:40:33\n' +
    '    at file:///C:/Users/ferna/Downloads/appforge-main/node_modules/@vitest/runner/dist/index.js:145:11\n' +
    '    at file:///C:/Users/ferna/Downloads/appforge-main/node_modules/@vitest/runner/dist/index.js:915:26\n' +
    '    at file:///C:/Users/ferna/Downloads/appforge-main/node_modules/@vitest/runner/dist/index.js:1243:20\n' +
    '    at new Promise (<anonymous>)\n' +
    '    at runWithTimeout (file:///C:/Users/ferna/Downloads/appforge-main/node_modules/@vitest/runner/dist/index.js:1209:10)\n' +
    '    at file:///C:/Users/ferna/Downloads/appforge-main/node_modules/@vitest/runner/dist/index.js:1653:37\n' +
    '    at Traces.$ (file:///C:/Users/ferna/Downloads/appforge-main/node_modules/vitest/dist/chunks/traces.CCmnQaNT.js:142:27)\n' +
    '    at trace (file:///C:/Users/ferna/Downloads/appforge-main/node_modules/vitest/dist/chunks/test.B8ej_ZHS.js:239:21)\n' +
    '    at runTest (file:///C:/Users/ferna/Downloads/appforge-main/node_modules/@vitest/runner/dist/index.js:1653:12)',
  timestamp: '2026-01-29T14:34:15.595Z',
  context: {},
  userAgent: 'Mozilla/5.0 (win32) AppleWebKit/537.36 (KHTML, like Gecko) jsdom/25.0.1',
  url: 'http://localhost:3000/',
  env: 'development'
}
≡ƒö┤ Error captured: {
  message: 'Error 53',
  stack: 'Error: Error 53\n' +
    '    at C:/Users/ferna/Downloads/appforge-main/src/utils/__tests__/errorTracking.test.js:40:33\n' +
    '    at file:///C:/Users/ferna/Downloads/appforge-main/node_modules/@vitest/runner/dist/index.js:145:11\n' +
    '    at file:///C:/Users/ferna/Downloads/appforge-main/node_modules/@vitest/runner/dist/index.js:915:26\n' +
    '    at file:///C:/Users/ferna/Downloads/appforge-main/node_modules/@vitest/runner/dist/index.js:1243:20\n' +
    '    at new Promise (<anonymous>)\n' +
    '    at runWithTimeout (file:///C:/Users/ferna/Downloads/appforge-main/node_modules/@vitest/runner/dist/index.js:1209:10)\n' +
    '    at file:///C:/Users/ferna/Downloads/appforge-main/node_modules/@vitest/runner/dist/index.js:1653:37\n' +
    '    at Traces.$ (file:///C:/Users/ferna/Downloads/appforge-main/node_modules/vitest/dist/chunks/traces.CCmnQaNT.js:142:27)\n' +
    '    at trace (file:///C:/Users/ferna/Downloads/appforge-main/node_modules/vitest/dist/chunks/test.B8ej_ZHS.js:239:21)\n' +
    '    at runTest (file:///C:/Users/ferna/Downloads/appforge-main/node_modules/@vitest/runner/dist/index.js:1653:12)',
  timestamp: '2026-01-29T14:34:15.595Z',
  context: {},
  userAgent: 'Mozilla/5.0 (win32) AppleWebKit/537.36 (KHTML, like Gecko) jsdom/25.0.1',
  url: 'http://localhost:3000/',
  env: 'development'
}
≡ƒö┤ Error captured: {
  message: 'Error 54',
  stack: 'Error: Error 54\n' +
    '    at C:/Users/ferna/Downloads/appforge-main/src/utils/__tests__/errorTracking.test.js:40:33\n' +
    '    at file:///C:/Users/ferna/Downloads/appforge-main/node_modules/@vitest/runner/dist/index.js:145:11\n' +
    '    at file:///C:/Users/ferna/Downloads/appforge-main/node_modules/@vitest/runner/dist/index.js:915:26\n' +
    '    at file:///C:/Users/ferna/Downloads/appforge-main/node_modules/@vitest/runner/dist/index.js:1243:20\n' +
    '    at new Promise (<anonymous>)\n' +
    '    at runWithTimeout (file:///C:/Users/ferna/Downloads/appforge-main/node_modules/@vitest/runner/dist/index.js:1209:10)\n' +
    '    at file:///C:/Users/ferna/Downloads/appforge-main/node_modules/@vitest/runner/dist/index.js:1653:37\n' +
    '    at Traces.$ (file:///C:/Users/ferna/Downloads/appforge-main/node_modules/vitest/dist/chunks/traces.CCmnQaNT.js:142:27)\n' +
    '    at trace (file:///C:/Users/ferna/Downloads/appforge-main/node_modules/vitest/dist/chunks/test.B8ej_ZHS.js:239:21)\n' +
    '    at runTest (file:///C:/Users/ferna/Downloads/appforge-main/node_modules/@vitest/runner/dist/index.js:1653:12)',
  timestamp: '2026-01-29T14:34:15.597Z',
  context: {},
  userAgent: 'Mozilla/5.0 (win32) AppleWebKit/537.36 (KHTML, like Gecko) jsdom/25.0.1',
  url: 'http://localhost:3000/',
  env: 'development'
}
≡ƒö┤ Error captured: {
  message: 'Error 55',
  stack: 'Error: Error 55\n' +
    '    at C:/Users/ferna/Downloads/appforge-main/src/utils/__tests__/errorTracking.test.js:40:33\n' +
    '    at file:///C:/Users/ferna/Downloads/appforge-main/node_modules/@vitest/runner/dist/index.js:145:11\n' +
    '    at file:///C:/Users/ferna/Downloads/appforge-main/node_modules/@vitest/runner/dist/index.js:915:26\n' +
    '    at file:///C:/Users/ferna/Downloads/appforge-main/node_modules/@vitest/runner/dist/index.js:1243:20\n' +
    '    at new Promise (<anonymous>)\n' +
    '    at runWithTimeout (file:///C:/Users/ferna/Downloads/appforge-main/node_modules/@vitest/runner/dist/index.js:1209:10)\n' +
    '    at file:///C:/Users/ferna/Downloads/appforge-main/node_modules/@vitest/runner/dist/index.js:1653:37\n' +
    '    at Traces.$ (file:///C:/Users/ferna/Downloads/appforge-main/node_modules/vitest/dist/chunks/traces.CCmnQaNT.js:142:27)\n' +
    '    at trace (file:///C:/Users/ferna/Downloads/appforge-main/node_modules/vitest/dist/chunks/test.B8ej_ZHS.js:239:21)\n' +
    '    at runTest (file:///C:/Users/ferna/Downloads/appforge-main/node_modules/@vitest/runner/dist/index.js:1653:12)',
  timestamp: '2026-01-29T14:34:15.597Z',
  context: {},
  userAgent: 'Mozilla/5.0 (win32) AppleWebKit/537.36 (KHTML, like Gecko) jsdom/25.0.1',
  url: 'http://localhost:3000/',
  env: 'development'
}
≡ƒö┤ Error captured: {
  message: 'Error 56',
  stack: 'Error: Error 56\n' +
    '    at C:/Users/ferna/Downloads/appforge-main/src/utils/__tests__/errorTracking.test.js:40:33\n' +
    '    at file:///C:/Users/ferna/Downloads/appforge-main/node_modules/@vitest/runner/dist/index.js:145:11\n' +
    '    at file:///C:/Users/ferna/Downloads/appforge-main/node_modules/@vitest/runner/dist/index.js:915:26\n' +
    '    at file:///C:/Users/ferna/Downloads/appforge-main/node_modules/@vitest/runner/dist/index.js:1243:20\n' +
    '    at new Promise (<anonymous>)\n' +
    '    at runWithTimeout (file:///C:/Users/ferna/Downloads/appforge-main/node_modules/@vitest/runner/dist/index.js:1209:10)\n' +
    '    at file:///C:/Users/ferna/Downloads/appforge-main/node_modules/@vitest/runner/dist/index.js:1653:37\n' +
    '    at Traces.$ (file:///C:/Users/ferna/Downloads/appforge-main/node_modules/vitest/dist/chunks/traces.CCmnQaNT.js:142:27)\n' +
    '    at trace (file:///C:/Users/ferna/Downloads/appforge-main/node_modules/vitest/dist/chunks/test.B8ej_ZHS.js:239:21)\n' +
    '    at runTest (file:///C:/Users/ferna/Downloads/appforge-main/node_modules/@vitest/runner/dist/index.js:1653:12)',
  timestamp: '2026-01-29T14:34:15.598Z',
  context: {},
  userAgent: 'Mozilla/5.0 (win32) AppleWebKit/537.36 (KHTML, like Gecko) jsdom/25.0.1',
  url: 'http://localhost:3000/',
  env: 'development'
}
≡ƒö┤ Error captured: {
  message: 'Error 57',
  stack: 'Error: Error 57\n' +
    '    at C:/Users/ferna/Downloads/appforge-main/src/utils/__tests__/errorTracking.test.js:40:33\n' +
    '    at file:///C:/Users/ferna/Downloads/appforge-main/node_modules/@vitest/runner/dist/index.js:145:11\n' +
    '    at file:///C:/Users/ferna/Downloads/appforge-main/node_modules/@vitest/runner/dist/index.js:915:26\n' +
    '    at file:///C:/Users/ferna/Downloads/appforge-main/node_modules/@vitest/runner/dist/index.js:1243:20\n' +
    '    at new Promise (<anonymous>)\n' +
    '    at runWithTimeout (file:///C:/Users/ferna/Downloads/appforge-main/node_modules/@vitest/runner/dist/index.js:1209:10)\n' +
    '    at file:///C:/Users/ferna/Downloads/appforge-main/node_modules/@vitest/runner/dist/index.js:1653:37\n' +
    '    at Traces.$ (file:///C:/Users/ferna/Downloads/appforge-main/node_modules/vitest/dist/chunks/traces.CCmnQaNT.js:142:27)\n' +
    '    at trace (file:///C:/Users/ferna/Downloads/appforge-main/node_modules/vitest/dist/chunks/test.B8ej_ZHS.js:239:21)\n' +
    '    at runTest (file:///C:/Users/ferna/Downloads/appforge-main/node_modules/@vitest/runner/dist/index.js:1653:12)',
  timestamp: '2026-01-29T14:34:15.598Z',
  context: {},
  userAgent: 'Mozilla/5.0 (win32) AppleWebKit/537.36 (KHTML, like Gecko) jsdom/25.0.1',
  url: 'http://localhost:3000/',
  env: 'development'
}
≡ƒö┤ Error captured: {
  message: 'Error 58',
  stack: 'Error: Error 58\n' +
    '    at C:/Users/ferna/Downloads/appforge-main/src/utils/__tests__/errorTracking.test.js:40:33\n' +
    '    at file:///C:/Users/ferna/Downloads/appforge-main/node_modules/@vitest/runner/dist/index.js:145:11\n' +
    '    at file:///C:/Users/ferna/Downloads/appforge-main/node_modules/@vitest/runner/dist/index.js:915:26\n' +
    '    at file:///C:/Users/ferna/Downloads/appforge-main/node_modules/@vitest/runner/dist/index.js:1243:20\n' +
    '    at new Promise (<anonymous>)\n' +
    '    at runWithTimeout (file:///C:/Users/ferna/Downloads/appforge-main/node_modules/@vitest/runner/dist/index.js:1209:10)\n' +
    '    at file:///C:/Users/ferna/Downloads/appforge-main/node_modules/@vitest/runner/dist/index.js:1653:37\n' +
    '    at Traces.$ (file:///C:/Users/ferna/Downloads/appforge-main/node_modules/vitest/dist/chunks/traces.CCmnQaNT.js:142:27)\n' +
    '    at trace (file:///C:/Users/ferna/Downloads/appforge-main/node_modules/vitest/dist/chunks/test.B8ej_ZHS.js:239:21)\n' +
    '    at runTest (file:///C:/Users/ferna/Downloads/appforge-main/node_modules/@vitest/runner/dist/index.js:1653:12)',
  timestamp: '2026-01-29T14:34:15.599Z',
  context: {},
  userAgent: 'Mozilla/5.0 (win32) AppleWebKit/537.36 (KHTML, like Gecko) jsdom/25.0.1',
  url: 'http://localhost:3000/',
  env: 'development'
}
≡ƒö┤ Error captured: {
  message: 'Error 59',
  stack: 'Error: Error 59\n' +
    '    at C:/Users/ferna/Downloads/appforge-main/src/utils/__tests__/errorTracking.test.js:40:33\n' +
    '    at file:///C:/Users/ferna/Downloads/appforge-main/node_modules/@vitest/runner/dist/index.js:145:11\n' +
    '    at file:///C:/Users/ferna/Downloads/appforge-main/node_modules/@vitest/runner/dist/index.js:915:26\n' +
    '    at file:///C:/Users/ferna/Downloads/appforge-main/node_modules/@vitest/runner/dist/index.js:1243:20\n' +
    '    at new Promise (<anonymous>)\n' +
    '    at runWithTimeout (file:///C:/Users/ferna/Downloads/appforge-main/node_modules/@vitest/runner/dist/index.js:1209:10)\n' +
    '    at file:///C:/Users/ferna/Downloads/appforge-main/node_modules/@vitest/runner/dist/index.js:1653:37\n' +
    '    at Traces.$ (file:///C:/Users/ferna/Downloads/appforge-main/node_modules/vitest/dist/chunks/traces.CCmnQaNT.js:142:27)\n' +
    '    at trace (file:///C:/Users/ferna/Downloads/appforge-main/node_modules/vitest/dist/chunks/test.B8ej_ZHS.js:239:21)\n' +
    '    at runTest (file:///C:/Users/ferna/Downloads/appforge-main/node_modules/@vitest/runner/dist/index.js:1653:12)',
  timestamp: '2026-01-29T14:34:15.599Z',
  context: {},
  userAgent: 'Mozilla/5.0 (win32) AppleWebKit/537.36 (KHTML, like Gecko) jsdom/25.0.1',
  url: 'http://localhost:3000/',
  env: 'development'
}
≡ƒö┤ Error captured: {
  message: 'Error 60',
  stack: 'Error: Error 60\n' +
    '    at C:/Users/ferna/Downloads/appforge-main/src/utils/__tests__/errorTracking.test.js:40:33\n' +
    '    at file:///C:/Users/ferna/Downloads/appforge-main/node_modules/@vitest/runner/dist/index.js:145:11\n' +
    '    at file:///C:/Users/ferna/Downloads/appforge-main/node_modules/@vitest/runner/dist/index.js:915:26\n' +
    '    at file:///C:/Users/ferna/Downloads/appforge-main/node_modules/@vitest/runner/dist/index.js:1243:20\n' +
    '    at new Promise (<anonymous>)\n' +
    '    at runWithTimeout (file:///C:/Users/ferna/Downloads/appforge-main/node_modules/@vitest/runner/dist/index.js:1209:10)\n' +
    '    at file:///C:/Users/ferna/Downloads/appforge-main/node_modules/@vitest/runner/dist/index.js:1653:37\n' +
    '    at Traces.$ (file:///C:/Users/ferna/Downloads/appforge-main/node_modules/vitest/dist/chunks/traces.CCmnQaNT.js:142:27)\n' +
    '    at trace (file:///C:/Users/ferna/Downloads/appforge-main/node_modules/vitest/dist/chunks/test.B8ej_ZHS.js:239:21)\n' +
    '    at runTest (file:///C:/Users/ferna/Downloads/appforge-main/node_modules/@vitest/runner/dist/index.js:1653:12)',
  timestamp: '2026-01-29T14:34:15.600Z',
  context: {},
  userAgent: 'Mozilla/5.0 (win32) AppleWebKit/537.36 (KHTML, like Gecko) jsdom/25.0.1',
  url: 'http://localhost:3000/',
  env: 'development'
}
≡ƒö┤ Error captured: {
  message: 'Error 61',
  stack: 'Error: Error 61\n' +
    '    at C:/Users/ferna/Downloads/appforge-main/src/utils/__tests__/errorTracking.test.js:40:33\n' +
    '    at file:///C:/Users/ferna/Downloads/appforge-main/node_modules/@vitest/runner/dist/index.js:145:11\n' +
    '    at file:///C:/Users/ferna/Downloads/appforge-main/node_modules/@vitest/runner/dist/index.js:915:26\n' +
    '    at file:///C:/Users/ferna/Downloads/appforge-main/node_modules/@vitest/runner/dist/index.js:1243:20\n' +
    '    at new Promise (<anonymous>)\n' +
    '    at runWithTimeout (file:///C:/Users/ferna/Downloads/appforge-main/node_modules/@vitest/runner/dist/index.js:1209:10)\n' +
    '    at file:///C:/Users/ferna/Downloads/appforge-main/node_modules/@vitest/runner/dist/index.js:1653:37\n' +
    '    at Traces.$ (file:///C:/Users/ferna/Downloads/appforge-main/node_modules/vitest/dist/chunks/traces.CCmnQaNT.js:142:27)\n' +
    '    at trace (file:///C:/Users/ferna/Downloads/appforge-main/node_modules/vitest/dist/chunks/test.B8ej_ZHS.js:239:21)\n' +
    '    at runTest (file:///C:/Users/ferna/Downloads/appforge-main/node_modules/@vitest/runner/dist/index.js:1653:12)',
  timestamp: '2026-01-29T14:34:15.600Z',
  context: {},
  userAgent: 'Mozilla/5.0 (win32) AppleWebKit/537.36 (KHTML, like Gecko) jsdom/25.0.1',
  url: 'http://localhost:3000/',
  env: 'development'
}
≡ƒö┤ Error captured: {
  message: 'Error 62',
  stack: 'Error: Error 62\n' +
    '    at C:/Users/ferna/Downloads/appforge-main/src/utils/__tests__/errorTracking.test.js:40:33\n' +
    '    at file:///C:/Users/ferna/Downloads/appforge-main/node_modules/@vitest/runner/dist/index.js:145:11\n' +
    '    at file:///C:/Users/ferna/Downloads/appforge-main/node_modules/@vitest/runner/dist/index.js:915:26\n' +
    '    at file:///C:/Users/ferna/Downloads/appforge-main/node_modules/@vitest/runner/dist/index.js:1243:20\n' +
    '    at new Promise (<anonymous>)\n' +
    '    at runWithTimeout (file:///C:/Users/ferna/Downloads/appforge-main/node_modules/@vitest/runner/dist/index.js:1209:10)\n' +
    '    at file:///C:/Users/ferna/Downloads/appforge-main/node_modules/@vitest/runner/dist/index.js:1653:37\n' +
    '    at Traces.$ (file:///C:/Users/ferna/Downloads/appforge-main/node_modules/vitest/dist/chunks/traces.CCmnQaNT.js:142:27)\n' +
    '    at trace (file:///C:/Users/ferna/Downloads/appforge-main/node_modules/vitest/dist/chunks/test.B8ej_ZHS.js:239:21)\n' +
    '    at runTest (file:///C:/Users/ferna/Downloads/appforge-main/node_modules/@vitest/runner/dist/index.js:1653:12)',
  timestamp: '2026-01-29T14:34:15.601Z',
  context: {},
  userAgent: 'Mozilla/5.0 (win32) AppleWebKit/537.36 (KHTML, like Gecko) jsdom/25.0.1',
  url: 'http://localhost:3000/',
  env: 'development'
}
≡ƒö┤ Error captured: {
  message: 'Error 63',
  stack: 'Error: Error 63\n' +
    '    at C:/Users/ferna/Downloads/appforge-main/src/utils/__tests__/errorTracking.test.js:40:33\n' +
    '    at file:///C:/Users/ferna/Downloads/appforge-main/node_modules/@vitest/runner/dist/index.js:145:11\n' +
    '    at file:///C:/Users/ferna/Downloads/appforge-main/node_modules/@vitest/runner/dist/index.js:915:26\n' +
    '    at file:///C:/Users/ferna/Downloads/appforge-main/node_modules/@vitest/runner/dist/index.js:1243:20\n' +
    '    at new Promise (<anonymous>)\n' +
    '    at runWithTimeout (file:///C:/Users/ferna/Downloads/appforge-main/node_modules/@vitest/runner/dist/index.js:1209:10)\n' +
    '    at file:///C:/Users/ferna/Downloads/appforge-main/node_modules/@vitest/runner/dist/index.js:1653:37\n' +
    '    at Traces.$ (file:///C:/Users/ferna/Downloads/appforge-main/node_modules/vitest/dist/chunks/traces.CCmnQaNT.js:142:27)\n' +
    '    at trace (file:///C:/Users/ferna/Downloads/appforge-main/node_modules/vitest/dist/chunks/test.B8ej_ZHS.js:239:21)\n' +
    '    at runTest (file:///C:/Users/ferna/Downloads/appforge-main/node_modules/@vitest/runner/dist/index.js:1653:12)',
  timestamp: '2026-01-29T14:34:15.601Z',
  context: {},
  userAgent: 'Mozilla/5.0 (win32) AppleWebKit/537.36 (KHTML, like Gecko) jsdom/25.0.1',
  url: 'http://localhost:3000/',
  env: 'development'
}
≡ƒö┤ Error captured: {
  message: 'Error 64',
  stack: 'Error: Error 64\n' +
    '    at C:/Users/ferna/Downloads/appforge-main/src/utils/__tests__/errorTracking.test.js:40:33\n' +
    '    at file:///C:/Users/ferna/Downloads/appforge-main/node_modules/@vitest/runner/dist/index.js:145:11\n' +
    '    at file:///C:/Users/ferna/Downloads/appforge-main/node_modules/@vitest/runner/dist/index.js:915:26\n' +
    '    at file:///C:/Users/ferna/Downloads/appforge-main/node_modules/@vitest/runner/dist/index.js:1243:20\n' +
    '    at new Promise (<anonymous>)\n' +
    '    at runWithTimeout (file:///C:/Users/ferna/Downloads/appforge-main/node_modules/@vitest/runner/dist/index.js:1209:10)\n' +
    '    at file:///C:/Users/ferna/Downloads/appforge-main/node_modules/@vitest/runner/dist/index.js:1653:37\n' +
    '    at Traces.$ (file:///C:/Users/ferna/Downloads/appforge-main/node_modules/vitest/dist/chunks/traces.CCmnQaNT.js:142:27)\n' +
    '    at trace (file:///C:/Users/ferna/Downloads/appforge-main/node_modules/vitest/dist/chunks/test.B8ej_ZHS.js:239:21)\n' +
    '    at runTest (file:///C:/Users/ferna/Downloads/appforge-main/node_modules/@vitest/runner/dist/index.js:1653:12)',
  timestamp: '2026-01-29T14:34:15.602Z',
  context: {},
  userAgent: 'Mozilla/5.0 (win32) AppleWebKit/537.36 (KHTML, like Gecko) jsdom/25.0.1',
  url: 'http://localhost:3000/',
  env: 'development'
}
≡ƒö┤ Error captured: {
  message: 'Error 65',
  stack: 'Error: Error 65\n' +
    '    at C:/Users/ferna/Downloads/appforge-main/src/utils/__tests__/errorTracking.test.js:40:33\n' +
    '    at file:///C:/Users/ferna/Downloads/appforge-main/node_modules/@vitest/runner/dist/index.js:145:11\n' +
    '    at file:///C:/Users/ferna/Downloads/appforge-main/node_modules/@vitest/runner/dist/index.js:915:26\n' +
    '    at file:///C:/Users/ferna/Downloads/appforge-main/node_modules/@vitest/runner/dist/index.js:1243:20\n' +
    '    at new Promise (<anonymous>)\n' +
    '    at runWithTimeout (file:///C:/Users/ferna/Downloads/appforge-main/node_modules/@vitest/runner/dist/index.js:1209:10)\n' +
    '    at file:///C:/Users/ferna/Downloads/appforge-main/node_modules/@vitest/runner/dist/index.js:1653:37\n' +
    '    at Traces.$ (file:///C:/Users/ferna/Downloads/appforge-main/node_modules/vitest/dist/chunks/traces.CCmnQaNT.js:142:27)\n' +
    '    at trace (file:///C:/Users/ferna/Downloads/appforge-main/node_modules/vitest/dist/chunks/test.B8ej_ZHS.js:239:21)\n' +
    '    at runTest (file:///C:/Users/ferna/Downloads/appforge-main/node_modules/@vitest/runner/dist/index.js:1653:12)',
  timestamp: '2026-01-29T14:34:15.602Z',
  context: {},
  userAgent: 'Mozilla/5.0 (win32) AppleWebKit/537.36 (KHTML, like Gecko) jsdom/25.0.1',
  url: 'http://localhost:3000/',
  env: 'development'
}
≡ƒö┤ Error captured: {
  message: 'Error 66',
  stack: 'Error: Error 66\n' +
    '    at C:/Users/ferna/Downloads/appforge-main/src/utils/__tests__/errorTracking.test.js:40:33\n' +
    '    at file:///C:/Users/ferna/Downloads/appforge-main/node_modules/@vitest/runner/dist/index.js:145:11\n' +
    '    at file:///C:/Users/ferna/Downloads/appforge-main/node_modules/@vitest/runner/dist/index.js:915:26\n' +
    '    at file:///C:/Users/ferna/Downloads/appforge-main/node_modules/@vitest/runner/dist/index.js:1243:20\n' +
    '    at new Promise (<anonymous>)\n' +
    '    at runWithTimeout (file:///C:/Users/ferna/Downloads/appforge-main/node_modules/@vitest/runner/dist/index.js:1209:10)\n' +
    '    at file:///C:/Users/ferna/Downloads/appforge-main/node_modules/@vitest/runner/dist/index.js:1653:37\n' +
    '    at Traces.$ (file:///C:/Users/ferna/Downloads/appforge-main/node_modules/vitest/dist/chunks/traces.CCmnQaNT.js:142:27)\n' +
    '    at trace (file:///C:/Users/ferna/Downloads/appforge-main/node_modules/vitest/dist/chunks/test.B8ej_ZHS.js:239:21)\n' +
    '    at runTest (file:///C:/Users/ferna/Downloads/appforge-main/node_modules/@vitest/runner/dist/index.js:1653:12)',
  timestamp: '2026-01-29T14:34:15.602Z',
  context: {},
  userAgent: 'Mozilla/5.0 (win32) AppleWebKit/537.36 (KHTML, like Gecko) jsdom/25.0.1',
  url: 'http://localhost:3000/',
  env: 'development'
}
≡ƒö┤ Error captured: {
  message: 'Error 67',
  stack: 'Error: Error 67\n' +
    '    at C:/Users/ferna/Downloads/appforge-main/src/utils/__tests__/errorTracking.test.js:40:33\n' +
    '    at file:///C:/Users/ferna/Downloads/appforge-main/node_modules/@vitest/runner/dist/index.js:145:11\n' +
    '    at file:///C:/Users/ferna/Downloads/appforge-main/node_modules/@vitest/runner/dist/index.js:915:26\n' +
    '    at file:///C:/Users/ferna/Downloads/appforge-main/node_modules/@vitest/runner/dist/index.js:1243:20\n' +
    '    at new Promise (<anonymous>)\n' +
    '    at runWithTimeout (file:///C:/Users/ferna/Downloads/appforge-main/node_modules/@vitest/runner/dist/index.js:1209:10)\n' +
    '    at file:///C:/Users/ferna/Downloads/appforge-main/node_modules/@vitest/runner/dist/index.js:1653:37\n' +
    '    at Traces.$ (file:///C:/Users/ferna/Downloads/appforge-main/node_modules/vitest/dist/chunks/traces.CCmnQaNT.js:142:27)\n' +
    '    at trace (file:///C:/Users/ferna/Downloads/appforge-main/node_modules/vitest/dist/chunks/test.B8ej_ZHS.js:239:21)\n' +
    '    at runTest (file:///C:/Users/ferna/Downloads/appforge-main/node_modules/@vitest/runner/dist/index.js:1653:12)',
  timestamp: '2026-01-29T14:34:15.603Z',
  context: {},
  userAgent: 'Mozilla/5.0 (win32) AppleWebKit/537.36 (KHTML, like Gecko) jsdom/25.0.1',
  url: 'http://localhost:3000/',
  env: 'development'
}
≡ƒö┤ Error captured: {
  message: 'Error 68',
  stack: 'Error: Error 68\n' +
    '    at C:/Users/ferna/Downloads/appforge-main/src/utils/__tests__/errorTracking.test.js:40:33\n' +
    '    at file:///C:/Users/ferna/Downloads/appforge-main/node_modules/@vitest/runner/dist/index.js:145:11\n' +
    '    at file:///C:/Users/ferna/Downloads/appforge-main/node_modules/@vitest/runner/dist/index.js:915:26\n' +
    '    at file:///C:/Users/ferna/Downloads/appforge-main/node_modules/@vitest/runner/dist/index.js:1243:20\n' +
    '    at new Promise (<anonymous>)\n' +
    '    at runWithTimeout (file:///C:/Users/ferna/Downloads/appforge-main/node_modules/@vitest/runner/dist/index.js:1209:10)\n' +
    '    at file:///C:/Users/ferna/Downloads/appforge-main/node_modules/@vitest/runner/dist/index.js:1653:37\n' +
    '    at Traces.$ (file:///C:/Users/ferna/Downloads/appforge-main/node_modules/vitest/dist/chunks/traces.CCmnQaNT.js:142:27)\n' +
    '    at trace (file:///C:/Users/ferna/Downloads/appforge-main/node_modules/vitest/dist/chunks/test.B8ej_ZHS.js:239:21)\n' +
    '    at runTest (file:///C:/Users/ferna/Downloads/appforge-main/node_modules/@vitest/runner/dist/index.js:1653:12)',
  timestamp: '2026-01-29T14:34:15.603Z',
  context: {},
  userAgent: 'Mozilla/5.0 (win32) AppleWebKit/537.36 (KHTML, like Gecko) jsdom/25.0.1',
  url: 'http://localhost:3000/',
  env: 'development'
}
≡ƒö┤ Error captured: {
  message: 'Error 69',
  stack: 'Error: Error 69\n' +
    '    at C:/Users/ferna/Downloads/appforge-main/src/utils/__tests__/errorTracking.test.js:40:33\n' +
    '    at file:///C:/Users/ferna/Downloads/appforge-main/node_modules/@vitest/runner/dist/index.js:145:11\n' +
    '    at file:///C:/Users/ferna/Downloads/appforge-main/node_modules/@vitest/runner/dist/index.js:915:26\n' +
    '    at file:///C:/Users/ferna/Downloads/appforge-main/node_modules/@vitest/runner/dist/index.js:1243:20\n' +
    '    at new Promise (<anonymous>)\n' +
    '    at runWithTimeout (file:///C:/Users/ferna/Downloads/appforge-main/node_modules/@vitest/runner/dist/index.js:1209:10)\n' +
    '    at file:///C:/Users/ferna/Downloads/appforge-main/node_modules/@vitest/runner/dist/index.js:1653:37\n' +
    '    at Traces.$ (file:///C:/Users/ferna/Downloads/appforge-main/node_modules/vitest/dist/chunks/traces.CCmnQaNT.js:142:27)\n' +
    '    at trace (file:///C:/Users/ferna/Downloads/appforge-main/node_modules/vitest/dist/chunks/test.B8ej_ZHS.js:239:21)\n' +
    '    at runTest (file:///C:/Users/ferna/Downloads/appforge-main/node_modules/@vitest/runner/dist/index.js:1653:12)',
  timestamp: '2026-01-29T14:34:15.604Z',
  context: {},
  userAgent: 'Mozilla/5.0 (win32) AppleWebKit/537.36 (KHTML, like Gecko) jsdom/25.0.1',
  url: 'http://localhost:3000/',
  env: 'development'
}
≡ƒö┤ Error captured: {
  message: 'Error 70',
  stack: 'Error: Error 70\n' +
    '    at C:/Users/ferna/Downloads/appforge-main/src/utils/__tests__/errorTracking.test.js:40:33\n' +
    '    at file:///C:/Users/ferna/Downloads/appforge-main/node_modules/@vitest/runner/dist/index.js:145:11\n' +
    '    at file:///C:/Users/ferna/Downloads/appforge-main/node_modules/@vitest/runner/dist/index.js:915:26\n' +
    '    at file:///C:/Users/ferna/Downloads/appforge-main/node_modules/@vitest/runner/dist/index.js:1243:20\n' +
    '    at new Promise (<anonymous>)\n' +
    '    at runWithTimeout (file:///C:/Users/ferna/Downloads/appforge-main/node_modules/@vitest/runner/dist/index.js:1209:10)\n' +
    '    at file:///C:/Users/ferna/Downloads/appforge-main/node_modules/@vitest/runner/dist/index.js:1653:37\n' +
    '    at Traces.$ (file:///C:/Users/ferna/Downloads/appforge-main/node_modules/vitest/dist/chunks/traces.CCmnQaNT.js:142:27)\n' +
    '    at trace (file:///C:/Users/ferna/Downloads/appforge-main/node_modules/vitest/dist/chunks/test.B8ej_ZHS.js:239:21)\n' +
    '    at runTest (file:///C:/Users/ferna/Downloads/appforge-main/node_modules/@vitest/runner/dist/index.js:1653:12)',
  timestamp: '2026-01-29T14:34:15.609Z',
  context: {},
  userAgent: 'Mozilla/5.0 (win32) AppleWebKit/537.36 (KHTML, like Gecko) jsdom/25.0.1',
  url: 'http://localhost:3000/',
  env: 'development'
}
≡ƒö┤ Error captured: {
  message: 'Error 71',
  stack: 'Error: Error 71\n' +
    '    at C:/Users/ferna/Downloads/appforge-main/src/utils/__tests__/errorTracking.test.js:40:33\n' +
    '    at file:///C:/Users/ferna/Downloads/appforge-main/node_modules/@vitest/runner/dist/index.js:145:11\n' +
    '    at file:///C:/Users/ferna/Downloads/appforge-main/node_modules/@vitest/runner/dist/index.js:915:26\n' +
    '    at file:///C:/Users/ferna/Downloads/appforge-main/node_modules/@vitest/runner/dist/index.js:1243:20\n' +
    '    at new Promise (<anonymous>)\n' +
    '    at runWithTimeout (file:///C:/Users/ferna/Downloads/appforge-main/node_modules/@vitest/runner/dist/index.js:1209:10)\n' +
    '    at file:///C:/Users/ferna/Downloads/appforge-main/node_modules/@vitest/runner/dist/index.js:1653:37\n' +
    '    at Traces.$ (file:///C:/Users/ferna/Downloads/appforge-main/node_modules/vitest/dist/chunks/traces.CCmnQaNT.js:142:27)\n' +
    '    at trace (file:///C:/Users/ferna/Downloads/appforge-main/node_modules/vitest/dist/chunks/test.B8ej_ZHS.js:239:21)\n' +
    '    at runTest (file:///C:/Users/ferna/Downloads/appforge-main/node_modules/@vitest/runner/dist/index.js:1653:12)',
  timestamp: '2026-01-29T14:34:15.611Z',
  context: {},
  userAgent: 'Mozilla/5.0 (win32) AppleWebKit/537.36 (KHTML, like Gecko) jsdom/25.0.1',
  url: 'http://localhost:3000/',
  env: 'development'
}
≡ƒö┤ Error captured: {
  message: 'Error 72',
  stack: 'Error: Error 72\n' +
    '    at C:/Users/ferna/Downloads/appforge-main/src/utils/__tests__/errorTracking.test.js:40:33\n' +
    '    at file:///C:/Users/ferna/Downloads/appforge-main/node_modules/@vitest/runner/dist/index.js:145:11\n' +
    '    at file:///C:/Users/ferna/Downloads/appforge-main/node_modules/@vitest/runner/dist/index.js:915:26\n' +
    '    at file:///C:/Users/ferna/Downloads/appforge-main/node_modules/@vitest/runner/dist/index.js:1243:20\n' +
    '    at new Promise (<anonymous>)\n' +
    '    at runWithTimeout (file:///C:/Users/ferna/Downloads/appforge-main/node_modules/@vitest/runner/dist/index.js:1209:10)\n' +
    '    at file:///C:/Users/ferna/Downloads/appforge-main/node_modules/@vitest/runner/dist/index.js:1653:37\n' +
    '    at Traces.$ (file:///C:/Users/ferna/Downloads/appforge-main/node_modules/vitest/dist/chunks/traces.CCmnQaNT.js:142:27)\n' +
    '    at trace (file:///C:/Users/ferna/Downloads/appforge-main/node_modules/vitest/dist/chunks/test.B8ej_ZHS.js:239:21)\n' +
    '    at runTest (file:///C:/Users/ferna/Downloads/appforge-main/node_modules/@vitest/runner/dist/index.js:1653:12)',
  timestamp: '2026-01-29T14:34:15.615Z',
  context: {},
  userAgent: 'Mozilla/5.0 (win32) AppleWebKit/537.36 (KHTML, like Gecko) jsdom/25.0.1',
  url: 'http://localhost:3000/',
  env: 'development'
}
≡ƒö┤ Error captured: {
  message: 'Error 73',
  stack: 'Error: Error 73\n' +
    '    at C:/Users/ferna/Downloads/appforge-main/src/utils/__tests__/errorTracking.test.js:40:33\n' +
    '    at file:///C:/Users/ferna/Downloads/appforge-main/node_modules/@vitest/runner/dist/index.js:145:11\n' +
    '    at file:///C:/Users/ferna/Downloads/appforge-main/node_modules/@vitest/runner/dist/index.js:915:26\n' +
    '    at file:///C:/Users/ferna/Downloads/appforge-main/node_modules/@vitest/runner/dist/index.js:1243:20\n' +
    '    at new Promise (<anonymous>)\n' +
    '    at runWithTimeout (file:///C:/Users/ferna/Downloads/appforge-main/node_modules/@vitest/runner/dist/index.js:1209:10)\n' +
    '    at file:///C:/Users/ferna/Downloads/appforge-main/node_modules/@vitest/runner/dist/index.js:1653:37\n' +
    '    at Traces.$ (file:///C:/Users/ferna/Downloads/appforge-main/node_modules/vitest/dist/chunks/traces.CCmnQaNT.js:142:27)\n' +
    '    at trace (file:///C:/Users/ferna/Downloads/appforge-main/node_modules/vitest/dist/chunks/test.B8ej_ZHS.js:239:21)\n' +
    '    at runTest (file:///C:/Users/ferna/Downloads/appforge-main/node_modules/@vitest/runner/dist/index.js:1653:12)',
  timestamp: '2026-01-29T14:34:15.615Z',
  context: {},
  userAgent: 'Mozilla/5.0 (win32) AppleWebKit/537.36 (KHTML, like Gecko) jsdom/25.0.1',
  url: 'http://localhost:3000/',
  env: 'development'
}
≡ƒö┤ Error captured: {
  message: 'Error 74',
  stack: 'Error: Error 74\n' +
    '    at C:/Users/ferna/Downloads/appforge-main/src/utils/__tests__/errorTracking.test.js:40:33\n' +
    '    at file:///C:/Users/ferna/Downloads/appforge-main/node_modules/@vitest/runner/dist/index.js:145:11\n' +
    '    at file:///C:/Users/ferna/Downloads/appforge-main/node_modules/@vitest/runner/dist/index.js:915:26\n' +
    '    at file:///C:/Users/ferna/Downloads/appforge-main/node_modules/@vitest/runner/dist/index.js:1243:20\n' +
    '    at new Promise (<anonymous>)\n' +
    '    at runWithTimeout (file:///C:/Users/ferna/Downloads/appforge-main/node_modules/@vitest/runner/dist/index.js:1209:10)\n' +
    '    at file:///C:/Users/ferna/Downloads/appforge-main/node_modules/@vitest/runner/dist/index.js:1653:37\n' +
    '    at Traces.$ (file:///C:/Users/ferna/Downloads/appforge-main/node_modules/vitest/dist/chunks/traces.CCmnQaNT.js:142:27)\n' +
    '    at trace (file:///C:/Users/ferna/Downloads/appforge-main/node_modules/vitest/dist/chunks/test.B8ej_ZHS.js:239:21)\n' +
    '    at runTest (file:///C:/Users/ferna/Downloads/appforge-main/node_modules/@vitest/runner/dist/index.js:1653:12)',
  timestamp: '2026-01-29T14:34:15.616Z',
  context: {},
  userAgent: 'Mozilla/5.0 (win32) AppleWebKit/537.36 (KHTML, like Gecko) jsdom/25.0.1',
  url: 'http://localhost:3000/',
  env: 'development'
}
≡ƒö┤ Error captured: {
  message: 'Error 75',
  stack: 'Error: Error 75\n' +
    '    at C:/Users/ferna/Downloads/appforge-main/src/utils/__tests__/errorTracking.test.js:40:33\n' +
    '    at file:///C:/Users/ferna/Downloads/appforge-main/node_modules/@vitest/runner/dist/index.js:145:11\n' +
    '    at file:///C:/Users/ferna/Downloads/appforge-main/node_modules/@vitest/runner/dist/index.js:915:26\n' +
    '    at file:///C:/Users/ferna/Downloads/appforge-main/node_modules/@vitest/runner/dist/index.js:1243:20\n' +
    '    at new Promise (<anonymous>)\n' +
    '    at runWithTimeout (file:///C:/Users/ferna/Downloads/appforge-main/node_modules/@vitest/runner/dist/index.js:1209:10)\n' +
    '    at file:///C:/Users/ferna/Downloads/appforge-main/node_modules/@vitest/runner/dist/index.js:1653:37\n' +
    '    at Traces.$ (file:///C:/Users/ferna/Downloads/appforge-main/node_modules/vitest/dist/chunks/traces.CCmnQaNT.js:142:27)\n' +
    '    at trace (file:///C:/Users/ferna/Downloads/appforge-main/node_modules/vitest/dist/chunks/test.B8ej_ZHS.js:239:21)\n' +
    '    at runTest (file:///C:/Users/ferna/Downloads/appforge-main/node_modules/@vitest/runner/dist/index.js:1653:12)',
  timestamp: '2026-01-29T14:34:15.617Z',
  context: {},
  userAgent: 'Mozilla/5.0 (win32) AppleWebKit/537.36 (KHTML, like Gecko) jsdom/25.0.1',
  url: 'http://localhost:3000/',
  env: 'development'
}
≡ƒö┤ Error captured: {
  message: 'Error 76',
  stack: 'Error: Error 76\n' +
    '    at C:/Users/ferna/Downloads/appforge-main/src/utils/__tests__/errorTracking.test.js:40:33\n' +
    '    at file:///C:/Users/ferna/Downloads/appforge-main/node_modules/@vitest/runner/dist/index.js:145:11\n' +
    '    at file:///C:/Users/ferna/Downloads/appforge-main/node_modules/@vitest/runner/dist/index.js:915:26\n' +
    '    at file:///C:/Users/ferna/Downloads/appforge-main/node_modules/@vitest/runner/dist/index.js:1243:20\n' +
    '    at new Promise (<anonymous>)\n' +
    '    at runWithTimeout (file:///C:/Users/ferna/Downloads/appforge-main/node_modules/@vitest/runner/dist/index.js:1209:10)\n' +
    '    at file:///C:/Users/ferna/Downloads/appforge-main/node_modules/@vitest/runner/dist/index.js:1653:37\n' +
    '    at Traces.$ (file:///C:/Users/ferna/Downloads/appforge-main/node_modules/vitest/dist/chunks/traces.CCmnQaNT.js:142:27)\n' +
    '    at trace (file:///C:/Users/ferna/Downloads/appforge-main/node_modules/vitest/dist/chunks/test.B8ej_ZHS.js:239:21)\n' +
    '    at runTest (file:///C:/Users/ferna/Downloads/appforge-main/node_modules/@vitest/runner/dist/index.js:1653:12)',
  timestamp: '2026-01-29T14:34:15.617Z',
  context: {},
  userAgent: 'Mozilla/5.0 (win32) AppleWebKit/537.36 (KHTML, like Gecko) jsdom/25.0.1',
  url: 'http://localhost:3000/',
  env: 'development'
}
≡ƒö┤ Error captured: {
  message: 'Error 77',
  stack: 'Error: Error 77\n' +
    '    at C:/Users/ferna/Downloads/appforge-main/src/utils/__tests__/errorTracking.test.js:40:33\n' +
    '    at file:///C:/Users/ferna/Downloads/appforge-main/node_modules/@vitest/runner/dist/index.js:145:11\n' +
    '    at file:///C:/Users/ferna/Downloads/appforge-main/node_modules/@vitest/runner/dist/index.js:915:26\n' +
    '    at file:///C:/Users/ferna/Downloads/appforge-main/node_modules/@vitest/runner/dist/index.js:1243:20\n' +
    '    at new Promise (<anonymous>)\n' +
    '    at runWithTimeout (file:///C:/Users/ferna/Downloads/appforge-main/node_modules/@vitest/runner/dist/index.js:1209:10)\n' +
    '    at file:///C:/Users/ferna/Downloads/appforge-main/node_modules/@vitest/runner/dist/index.js:1653:37\n' +
    '    at Traces.$ (file:///C:/Users/ferna/Downloads/appforge-main/node_modules/vitest/dist/chunks/traces.CCmnQaNT.js:142:27)\n' +
    '    at trace (file:///C:/Users/ferna/Downloads/appforge-main/node_modules/vitest/dist/chunks/test.B8ej_ZHS.js:239:21)\n' +
    '    at runTest (file:///C:/Users/ferna/Downloads/appforge-main/node_modules/@vitest/runner/dist/index.js:1653:12)',
  timestamp: '2026-01-29T14:34:15.618Z',
  context: {},
  userAgent: 'Mozilla/5.0 (win32) AppleWebKit/537.36 (KHTML, like Gecko) jsdom/25.0.1',
  url: 'http://localhost:3000/',
  env: 'development'
}
≡ƒö┤ Error captured: {
  message: 'Error 78',
  stack: 'Error: Error 78\n' +
    '    at C:/Users/ferna/Downloads/appforge-main/src/utils/__tests__/errorTracking.test.js:40:33\n' +
    '    at file:///C:/Users/ferna/Downloads/appforge-main/node_modules/@vitest/runner/dist/index.js:145:11\n' +
    '    at file:///C:/Users/ferna/Downloads/appforge-main/node_modules/@vitest/runner/dist/index.js:915:26\n' +
    '    at file:///C:/Users/ferna/Downloads/appforge-main/node_modules/@vitest/runner/dist/index.js:1243:20\n' +
    '    at new Promise (<anonymous>)\n' +
    '    at runWithTimeout (file:///C:/Users/ferna/Downloads/appforge-main/node_modules/@vitest/runner/dist/index.js:1209:10)\n' +
    '    at file:///C:/Users/ferna/Downloads/appforge-main/node_modules/@vitest/runner/dist/index.js:1653:37\n' +
    '    at Traces.$ (file:///C:/Users/ferna/Downloads/appforge-main/node_modules/vitest/dist/chunks/traces.CCmnQaNT.js:142:27)\n' +
    '    at trace (file:///C:/Users/ferna/Downloads/appforge-main/node_modules/vitest/dist/chunks/test.B8ej_ZHS.js:239:21)\n' +
    '    at runTest (file:///C:/Users/ferna/Downloads/appforge-main/node_modules/@vitest/runner/dist/index.js:1653:12)',
  timestamp: '2026-01-29T14:34:15.618Z',
  context: {},
  userAgent: 'Mozilla/5.0 (win32) AppleWebKit/537.36 (KHTML, like Gecko) jsdom/25.0.1',
  url: 'http://localhost:3000/',
  env: 'development'
}
≡ƒö┤ Error captured: {
  message: 'Error 79',
  stack: 'Error: Error 79\n' +
    '    at C:/Users/ferna/Downloads/appforge-main/src/utils/__tests__/errorTracking.test.js:40:33\n' +
    '    at file:///C:/Users/ferna/Downloads/appforge-main/node_modules/@vitest/runner/dist/index.js:145:11\n' +
    '    at file:///C:/Users/ferna/Downloads/appforge-main/node_modules/@vitest/runner/dist/index.js:915:26\n' +
    '    at file:///C:/Users/ferna/Downloads/appforge-main/node_modules/@vitest/runner/dist/index.js:1243:20\n' +
    '    at new Promise (<anonymous>)\n' +
    '    at runWithTimeout (file:///C:/Users/ferna/Downloads/appforge-main/node_modules/@vitest/runner/dist/index.js:1209:10)\n' +
    '    at file:///C:/Users/ferna/Downloads/appforge-main/node_modules/@vitest/runner/dist/index.js:1653:37\n' +
    '    at Traces.$ (file:///C:/Users/ferna/Downloads/appforge-main/node_modules/vitest/dist/chunks/traces.CCmnQaNT.js:142:27)\n' +
    '    at trace (file:///C:/Users/ferna/Downloads/appforge-main/node_modules/vitest/dist/chunks/test.B8ej_ZHS.js:239:21)\n' +
    '    at runTest (file:///C:/Users/ferna/Downloads/appforge-main/node_modules/@vitest/runner/dist/index.js:1653:12)',
  timestamp: '2026-01-29T14:34:15.619Z',
  context: {},
  userAgent: 'Mozilla/5.0 (win32) AppleWebKit/537.36 (KHTML, like Gecko) jsdom/25.0.1',
  url: 'http://localhost:3000/',
  env: 'development'
}
≡ƒö┤ Error captured: {
  message: 'Error 80',
  stack: 'Error: Error 80\n' +
    '    at C:/Users/ferna/Downloads/appforge-main/src/utils/__tests__/errorTracking.test.js:40:33\n' +
    '    at file:///C:/Users/ferna/Downloads/appforge-main/node_modules/@vitest/runner/dist/index.js:145:11\n' +
    '    at file:///C:/Users/ferna/Downloads/appforge-main/node_modules/@vitest/runner/dist/index.js:915:26\n' +
    '    at file:///C:/Users/ferna/Downloads/appforge-main/node_modules/@vitest/runner/dist/index.js:1243:20\n' +
    '    at new Promise (<anonymous>)\n' +
    '    at runWithTimeout (file:///C:/Users/ferna/Downloads/appforge-main/node_modules/@vitest/runner/dist/index.js:1209:10)\n' +
    '    at file:///C:/Users/ferna/Downloads/appforge-main/node_modules/@vitest/runner/dist/index.js:1653:37\n' +
    '    at Traces.$ (file:///C:/Users/ferna/Downloads/appforge-main/node_modules/vitest/dist/chunks/traces.CCmnQaNT.js:142:27)\n' +
    '    at trace (file:///C:/Users/ferna/Downloads/appforge-main/node_modules/vitest/dist/chunks/test.B8ej_ZHS.js:239:21)\n' +
    '    at runTest (file:///C:/Users/ferna/Downloads/appforge-main/node_modules/@vitest/runner/dist/index.js:1653:12)',
  timestamp: '2026-01-29T14:34:15.619Z',
  context: {},
  userAgent: 'Mozilla/5.0 (win32) AppleWebKit/537.36 (KHTML, like Gecko) jsdom/25.0.1',
  url: 'http://localhost:3000/',
  env: 'development'
}
≡ƒö┤ Error captured: {
  message: 'Error 81',
  stack: 'Error: Error 81\n' +
    '    at C:/Users/ferna/Downloads/appforge-main/src/utils/__tests__/errorTracking.test.js:40:33\n' +
    '    at file:///C:/Users/ferna/Downloads/appforge-main/node_modules/@vitest/runner/dist/index.js:145:11\n' +
    '    at file:///C:/Users/ferna/Downloads/appforge-main/node_modules/@vitest/runner/dist/index.js:915:26\n' +
    '    at file:///C:/Users/ferna/Downloads/appforge-main/node_modules/@vitest/runner/dist/index.js:1243:20\n' +
    '    at new Promise (<anonymous>)\n' +
    '    at runWithTimeout (file:///C:/Users/ferna/Downloads/appforge-main/node_modules/@vitest/runner/dist/index.js:1209:10)\n' +
    '    at file:///C:/Users/ferna/Downloads/appforge-main/node_modules/@vitest/runner/dist/index.js:1653:37\n' +
    '    at Traces.$ (file:///C:/Users/ferna/Downloads/appforge-main/node_modules/vitest/dist/chunks/traces.CCmnQaNT.js:142:27)\n' +
    '    at trace (file:///C:/Users/ferna/Downloads/appforge-main/node_modules/vitest/dist/chunks/test.B8ej_ZHS.js:239:21)\n' +
    '    at runTest (file:///C:/Users/ferna/Downloads/appforge-main/node_modules/@vitest/runner/dist/index.js:1653:12)',
  timestamp: '2026-01-29T14:34:15.620Z',
  context: {},
  userAgent: 'Mozilla/5.0 (win32) AppleWebKit/537.36 (KHTML, like Gecko) jsdom/25.0.1',
  url: 'http://localhost:3000/',
  env: 'development'
}
≡ƒö┤ Error captured: {
  message: 'Error 82',
  stack: 'Error: Error 82\n' +
    '    at C:/Users/ferna/Downloads/appforge-main/src/utils/__tests__/errorTracking.test.js:40:33\n' +
    '    at file:///C:/Users/ferna/Downloads/appforge-main/node_modules/@vitest/runner/dist/index.js:145:11\n' +
    '    at file:///C:/Users/ferna/Downloads/appforge-main/node_modules/@vitest/runner/dist/index.js:915:26\n' +
    '    at file:///C:/Users/ferna/Downloads/appforge-main/node_modules/@vitest/runner/dist/index.js:1243:20\n' +
    '    at new Promise (<anonymous>)\n' +
    '    at runWithTimeout (file:///C:/Users/ferna/Downloads/appforge-main/node_modules/@vitest/runner/dist/index.js:1209:10)\n' +
    '    at file:///C:/Users/ferna/Downloads/appforge-main/node_modules/@vitest/runner/dist/index.js:1653:37\n' +
    '    at Traces.$ (file:///C:/Users/ferna/Downloads/appforge-main/node_modules/vitest/dist/chunks/traces.CCmnQaNT.js:142:27)\n' +
    '    at trace (file:///C:/Users/ferna/Downloads/appforge-main/node_modules/vitest/dist/chunks/test.B8ej_ZHS.js:239:21)\n' +
    '    at runTest (file:///C:/Users/ferna/Downloads/appforge-main/node_modules/@vitest/runner/dist/index.js:1653:12)',
  timestamp: '2026-01-29T14:34:15.621Z',
  context: {},
  userAgent: 'Mozilla/5.0 (win32) AppleWebKit/537.36 (KHTML, like Gecko) jsdom/25.0.1',
  url: 'http://localhost:3000/',
  env: 'development'
}
≡ƒö┤ Error captured: {
  message: 'Error 83',
  stack: 'Error: Error 83\n' +
    '    at C:/Users/ferna/Downloads/appforge-main/src/utils/__tests__/errorTracking.test.js:40:33\n' +
    '    at file:///C:/Users/ferna/Downloads/appforge-main/node_modules/@vitest/runner/dist/index.js:145:11\n' +
    '    at file:///C:/Users/ferna/Downloads/appforge-main/node_modules/@vitest/runner/dist/index.js:915:26\n' +
    '    at file:///C:/Users/ferna/Downloads/appforge-main/node_modules/@vitest/runner/dist/index.js:1243:20\n' +
    '    at new Promise (<anonymous>)\n' +
    '    at runWithTimeout (file:///C:/Users/ferna/Downloads/appforge-main/node_modules/@vitest/runner/dist/index.js:1209:10)\n' +
    '    at file:///C:/Users/ferna/Downloads/appforge-main/node_modules/@vitest/runner/dist/index.js:1653:37\n' +
    '    at Traces.$ (file:///C:/Users/ferna/Downloads/appforge-main/node_modules/vitest/dist/chunks/traces.CCmnQaNT.js:142:27)\n' +
    '    at trace (file:///C:/Users/ferna/Downloads/appforge-main/node_modules/vitest/dist/chunks/test.B8ej_ZHS.js:239:21)\n' +
    '    at runTest (file:///C:/Users/ferna/Downloads/appforge-main/node_modules/@vitest/runner/dist/index.js:1653:12)',
  timestamp: '2026-01-29T14:34:15.621Z',
  context: {},
  userAgent: 'Mozilla/5.0 (win32) AppleWebKit/537.36 (KHTML, like Gecko) jsdom/25.0.1',
  url: 'http://localhost:3000/',
  env: 'development'
}
≡ƒö┤ Error captured: {
  message: 'Error 84',
  stack: 'Error: Error 84\n' +
    '    at C:/Users/ferna/Downloads/appforge-main/src/utils/__tests__/errorTracking.test.js:40:33\n' +
    '    at file:///C:/Users/ferna/Downloads/appforge-main/node_modules/@vitest/runner/dist/index.js:145:11\n' +
    '    at file:///C:/Users/ferna/Downloads/appforge-main/node_modules/@vitest/runner/dist/index.js:915:26\n' +
    '    at file:///C:/Users/ferna/Downloads/appforge-main/node_modules/@vitest/runner/dist/index.js:1243:20\n' +
    '    at new Promise (<anonymous>)\n' +
    '    at runWithTimeout (file:///C:/Users/ferna/Downloads/appforge-main/node_modules/@vitest/runner/dist/index.js:1209:10)\n' +
    '    at file:///C:/Users/ferna/Downloads/appforge-main/node_modules/@vitest/runner/dist/index.js:1653:37\n' +
    '    at Traces.$ (file:///C:/Users/ferna/Downloads/appforge-main/node_modules/vitest/dist/chunks/traces.CCmnQaNT.js:142:27)\n' +
    '    at trace (file:///C:/Users/ferna/Downloads/appforge-main/node_modules/vitest/dist/chunks/test.B8ej_ZHS.js:239:21)\n' +
    '    at runTest (file:///C:/Users/ferna/Downloads/appforge-main/node_modules/@vitest/runner/dist/index.js:1653:12)',
  timestamp: '2026-01-29T14:34:15.622Z',
  context: {},
  userAgent: 'Mozilla/5.0 (win32) AppleWebKit/537.36 (KHTML, like Gecko) jsdom/25.0.1',
  url: 'http://localhost:3000/',
  env: 'development'
}
≡ƒö┤ Error captured: {
  message: 'Error 85',
  stack: 'Error: Error 85\n' +
    '    at C:/Users/ferna/Downloads/appforge-main/src/utils/__tests__/errorTracking.test.js:40:33\n' +
    '    at file:///C:/Users/ferna/Downloads/appforge-main/node_modules/@vitest/runner/dist/index.js:145:11\n' +
    '    at file:///C:/Users/ferna/Downloads/appforge-main/node_modules/@vitest/runner/dist/index.js:915:26\n' +
    '    at file:///C:/Users/ferna/Downloads/appforge-main/node_modules/@vitest/runner/dist/index.js:1243:20\n' +
    '    at new Promise (<anonymous>)\n' +
    '    at runWithTimeout (file:///C:/Users/ferna/Downloads/appforge-main/node_modules/@vitest/runner/dist/index.js:1209:10)\n' +
    '    at file:///C:/Users/ferna/Downloads/appforge-main/node_modules/@vitest/runner/dist/index.js:1653:37\n' +
    '    at Traces.$ (file:///C:/Users/ferna/Downloads/appforge-main/node_modules/vitest/dist/chunks/traces.CCmnQaNT.js:142:27)\n' +
    '    at trace (file:///C:/Users/ferna/Downloads/appforge-main/node_modules/vitest/dist/chunks/test.B8ej_ZHS.js:239:21)\n' +
    '    at runTest (file:///C:/Users/ferna/Downloads/appforge-main/node_modules/@vitest/runner/dist/index.js:1653:12)',
  timestamp: '2026-01-29T14:34:15.622Z',
  context: {},
  userAgent: 'Mozilla/5.0 (win32) AppleWebKit/537.36 (KHTML, like Gecko) jsdom/25.0.1',
  url: 'http://localhost:3000/',
  env: 'development'
}
≡ƒö┤ Error captured: {
  message: 'Error 86',
  stack: 'Error: Error 86\n' +
    '    at C:/Users/ferna/Downloads/appforge-main/src/utils/__tests__/errorTracking.test.js:40:33\n' +
    '    at file:///C:/Users/ferna/Downloads/appforge-main/node_modules/@vitest/runner/dist/index.js:145:11\n' +
    '    at file:///C:/Users/ferna/Downloads/appforge-main/node_modules/@vitest/runner/dist/index.js:915:26\n' +
    '    at file:///C:/Users/ferna/Downloads/appforge-main/node_modules/@vitest/runner/dist/index.js:1243:20\n' +
    '    at new Promise (<anonymous>)\n' +
    '    at runWithTimeout (file:///C:/Users/ferna/Downloads/appforge-main/node_modules/@vitest/runner/dist/index.js:1209:10)\n' +
    '    at file:///C:/Users/ferna/Downloads/appforge-main/node_modules/@vitest/runner/dist/index.js:1653:37\n' +
    '    at Traces.$ (file:///C:/Users/ferna/Downloads/appforge-main/node_modules/vitest/dist/chunks/traces.CCmnQaNT.js:142:27)\n' +
    '    at trace (file:///C:/Users/ferna/Downloads/appforge-main/node_modules/vitest/dist/chunks/test.B8ej_ZHS.js:239:21)\n' +
    '    at runTest (file:///C:/Users/ferna/Downloads/appforge-main/node_modules/@vitest/runner/dist/index.js:1653:12)',
  timestamp: '2026-01-29T14:34:15.623Z',
  context: {},
  userAgent: 'Mozilla/5.0 (win32) AppleWebKit/537.36 (KHTML, like Gecko) jsdom/25.0.1',
  url: 'http://localhost:3000/',
  env: 'development'
}
≡ƒö┤ Error captured: {
  message: 'Error 87',
  stack: 'Error: Error 87\n' +
    '    at C:/Users/ferna/Downloads/appforge-main/src/utils/__tests__/errorTracking.test.js:40:33\n' +
    '    at file:///C:/Users/ferna/Downloads/appforge-main/node_modules/@vitest/runner/dist/index.js:145:11\n' +
    '    at file:///C:/Users/ferna/Downloads/appforge-main/node_modules/@vitest/runner/dist/index.js:915:26\n' +
    '    at file:///C:/Users/ferna/Downloads/appforge-main/node_modules/@vitest/runner/dist/index.js:1243:20\n' +
    '    at new Promise (<anonymous>)\n' +
    '    at runWithTimeout (file:///C:/Users/ferna/Downloads/appforge-main/node_modules/@vitest/runner/dist/index.js:1209:10)\n' +
    '    at file:///C:/Users/ferna/Downloads/appforge-main/node_modules/@vitest/runner/dist/index.js:1653:37\n' +
    '    at Traces.$ (file:///C:/Users/ferna/Downloads/appforge-main/node_modules/vitest/dist/chunks/traces.CCmnQaNT.js:142:27)\n' +
    '    at trace (file:///C:/Users/ferna/Downloads/appforge-main/node_modules/vitest/dist/chunks/test.B8ej_ZHS.js:239:21)\n' +
    '    at runTest (file:///C:/Users/ferna/Downloads/appforge-main/node_modules/@vitest/runner/dist/index.js:1653:12)',
  timestamp: '2026-01-29T14:34:15.623Z',
  context: {},
  userAgent: 'Mozilla/5.0 (win32) AppleWebKit/537.36 (KHTML, like Gecko) jsdom/25.0.1',
  url: 'http://localhost:3000/',
  env: 'development'
}
≡ƒö┤ Error captured: {
  message: 'Error 88',
  stack: 'Error: Error 88\n' +
    '    at C:/Users/ferna/Downloads/appforge-main/src/utils/__tests__/errorTracking.test.js:40:33\n' +
    '    at file:///C:/Users/ferna/Downloads/appforge-main/node_modules/@vitest/runner/dist/index.js:145:11\n' +
    '    at file:///C:/Users/ferna/Downloads/appforge-main/node_modules/@vitest/runner/dist/index.js:915:26\n' +
    '    at file:///C:/Users/ferna/Downloads/appforge-main/node_modules/@vitest/runner/dist/index.js:1243:20\n' +
    '    at new Promise (<anonymous>)\n' +
    '    at runWithTimeout (file:///C:/Users/ferna/Downloads/appforge-main/node_modules/@vitest/runner/dist/index.js:1209:10)\n' +
    '    at file:///C:/Users/ferna/Downloads/appforge-main/node_modules/@vitest/runner/dist/index.js:1653:37\n' +
    '    at Traces.$ (file:///C:/Users/ferna/Downloads/appforge-main/node_modules/vitest/dist/chunks/traces.CCmnQaNT.js:142:27)\n' +
    '    at trace (file:///C:/Users/ferna/Downloads/appforge-main/node_modules/vitest/dist/chunks/test.B8ej_ZHS.js:239:21)\n' +
    '    at runTest (file:///C:/Users/ferna/Downloads/appforge-main/node_modules/@vitest/runner/dist/index.js:1653:12)',
  timestamp: '2026-01-29T14:34:15.623Z',
  context: {},
  userAgent: 'Mozilla/5.0 (win32) AppleWebKit/537.36 (KHTML, like Gecko) jsdom/25.0.1',
  url: 'http://localhost:3000/',
  env: 'development'
}
≡ƒö┤ Error captured: {
  message: 'Error 89',
  stack: 'Error: Error 89\n' +
    '    at C:/Users/ferna/Downloads/appforge-main/src/utils/__tests__/errorTracking.test.js:40:33\n' +
    '    at file:///C:/Users/ferna/Downloads/appforge-main/node_modules/@vitest/runner/dist/index.js:145:11\n' +
    '    at file:///C:/Users/ferna/Downloads/appforge-main/node_modules/@vitest/runner/dist/index.js:915:26\n' +
    '    at file:///C:/Users/ferna/Downloads/appforge-main/node_modules/@vitest/runner/dist/index.js:1243:20\n' +
    '    at new Promise (<anonymous>)\n' +
    '    at runWithTimeout (file:///C:/Users/ferna/Downloads/appforge-main/node_modules/@vitest/runner/dist/index.js:1209:10)\n' +
    '    at file:///C:/Users/ferna/Downloads/appforge-main/node_modules/@vitest/runner/dist/index.js:1653:37\n' +
    '    at Traces.$ (file:///C:/Users/ferna/Downloads/appforge-main/node_modules/vitest/dist/chunks/traces.CCmnQaNT.js:142:27)\n' +
    '    at trace (file:///C:/Users/ferna/Downloads/appforge-main/node_modules/vitest/dist/chunks/test.B8ej_ZHS.js:239:21)\n' +
    '    at runTest (file:///C:/Users/ferna/Downloads/appforge-main/node_modules/@vitest/runner/dist/index.js:1653:12)',
  timestamp: '2026-01-29T14:34:15.624Z',
  context: {},
  userAgent: 'Mozilla/5.0 (win32) AppleWebKit/537.36 (KHTML, like Gecko) jsdom/25.0.1',
  url: 'http://localhost:3000/',
  env: 'development'
}
≡ƒö┤ Error captured: {
  message: 'Error 90',
  stack: 'Error: Error 90\n' +
    '    at C:/Users/ferna/Downloads/appforge-main/src/utils/__tests__/errorTracking.test.js:40:33\n' +
    '    at file:///C:/Users/ferna/Downloads/appforge-main/node_modules/@vitest/runner/dist/index.js:145:11\n' +
    '    at file:///C:/Users/ferna/Downloads/appforge-main/node_modules/@vitest/runner/dist/index.js:915:26\n' +
    '    at file:///C:/Users/ferna/Downloads/appforge-main/node_modules/@vitest/runner/dist/index.js:1243:20\n' +
    '    at new Promise (<anonymous>)\n' +
    '    at runWithTimeout (file:///C:/Users/ferna/Downloads/appforge-main/node_modules/@vitest/runner/dist/index.js:1209:10)\n' +
    '    at file:///C:/Users/ferna/Downloads/appforge-main/node_modules/@vitest/runner/dist/index.js:1653:37\n' +
    '    at Traces.$ (file:///C:/Users/ferna/Downloads/appforge-main/node_modules/vitest/dist/chunks/traces.CCmnQaNT.js:142:27)\n' +
    '    at trace (file:///C:/Users/ferna/Downloads/appforge-main/node_modules/vitest/dist/chunks/test.B8ej_ZHS.js:239:21)\n' +
    '    at runTest (file:///C:/Users/ferna/Downloads/appforge-main/node_modules/@vitest/runner/dist/index.js:1653:12)',
  timestamp: '2026-01-29T14:34:15.624Z',
  context: {},
  userAgent: 'Mozilla/5.0 (win32) AppleWebKit/537.36 (KHTML, like Gecko) jsdom/25.0.1',
  url: 'http://localhost:3000/',
  env: 'development'
}
≡ƒö┤ Error captured: {
  message: 'Error 91',
  stack: 'Error: Error 91\n' +
    '    at C:/Users/ferna/Downloads/appforge-main/src/utils/__tests__/errorTracking.test.js:40:33\n' +
    '    at file:///C:/Users/ferna/Downloads/appforge-main/node_modules/@vitest/runner/dist/index.js:145:11\n' +
    '    at file:///C:/Users/ferna/Downloads/appforge-main/node_modules/@vitest/runner/dist/index.js:915:26\n' +
    '    at file:///C:/Users/ferna/Downloads/appforge-main/node_modules/@vitest/runner/dist/index.js:1243:20\n' +
    '    at new Promise (<anonymous>)\n' +
    '    at runWithTimeout (file:///C:/Users/ferna/Downloads/appforge-main/node_modules/@vitest/runner/dist/index.js:1209:10)\n' +
    '    at file:///C:/Users/ferna/Downloads/appforge-main/node_modules/@vitest/runner/dist/index.js:1653:37\n' +
    '    at Traces.$ (file:///C:/Users/ferna/Downloads/appforge-main/node_modules/vitest/dist/chunks/traces.CCmnQaNT.js:142:27)\n' +
    '    at trace (file:///C:/Users/ferna/Downloads/appforge-main/node_modules/vitest/dist/chunks/test.B8ej_ZHS.js:239:21)\n' +
    '    at runTest (file:///C:/Users/ferna/Downloads/appforge-main/node_modules/@vitest/runner/dist/index.js:1653:12)',
  timestamp: '2026-01-29T14:34:15.624Z',
  context: {},
  userAgent: 'Mozilla/5.0 (win32) AppleWebKit/537.36 (KHTML, like Gecko) jsdom/25.0.1',
  url: 'http://localhost:3000/',
  env: 'development'
}
≡ƒö┤ Error captured: {
  message: 'Error 92',
  stack: 'Error: Error 92\n' +
    '    at C:/Users/ferna/Downloads/appforge-main/src/utils/__tests__/errorTracking.test.js:40:33\n' +
    '    at file:///C:/Users/ferna/Downloads/appforge-main/node_modules/@vitest/runner/dist/index.js:145:11\n' +
    '    at file:///C:/Users/ferna/Downloads/appforge-main/node_modules/@vitest/runner/dist/index.js:915:26\n' +
    '    at file:///C:/Users/ferna/Downloads/appforge-main/node_modules/@vitest/runner/dist/index.js:1243:20\n' +
    '    at new Promise (<anonymous>)\n' +
    '    at runWithTimeout (file:///C:/Users/ferna/Downloads/appforge-main/node_modules/@vitest/runner/dist/index.js:1209:10)\n' +
    '    at file:///C:/Users/ferna/Downloads/appforge-main/node_modules/@vitest/runner/dist/index.js:1653:37\n' +
    '    at Traces.$ (file:///C:/Users/ferna/Downloads/appforge-main/node_modules/vitest/dist/chunks/traces.CCmnQaNT.js:142:27)\n' +
    '    at trace (file:///C:/Users/ferna/Downloads/appforge-main/node_modules/vitest/dist/chunks/test.B8ej_ZHS.js:239:21)\n' +
    '    at runTest (file:///C:/Users/ferna/Downloads/appforge-main/node_modules/@vitest/runner/dist/index.js:1653:12)',
  timestamp: '2026-01-29T14:34:15.625Z',
  context: {},
  userAgent: 'Mozilla/5.0 (win32) AppleWebKit/537.36 (KHTML, like Gecko) jsdom/25.0.1',
  url: 'http://localhost:3000/',
  env: 'development'
}
≡ƒö┤ Error captured: {
  message: 'Error 93',
  stack: 'Error: Error 93\n' +
    '    at C:/Users/ferna/Downloads/appforge-main/src/utils/__tests__/errorTracking.test.js:40:33\n' +
    '    at file:///C:/Users/ferna/Downloads/appforge-main/node_modules/@vitest/runner/dist/index.js:145:11\n' +
    '    at file:///C:/Users/ferna/Downloads/appforge-main/node_modules/@vitest/runner/dist/index.js:915:26\n' +
    '    at file:///C:/Users/ferna/Downloads/appforge-main/node_modules/@vitest/runner/dist/index.js:1243:20\n' +
    '    at new Promise (<anonymous>)\n' +
    '    at runWithTimeout (file:///C:/Users/ferna/Downloads/appforge-main/node_modules/@vitest/runner/dist/index.js:1209:10)\n' +
    '    at file:///C:/Users/ferna/Downloads/appforge-main/node_modules/@vitest/runner/dist/index.js:1653:37\n' +
    '    at Traces.$ (file:///C:/Users/ferna/Downloads/appforge-main/node_modules/vitest/dist/chunks/traces.CCmnQaNT.js:142:27)\n' +
    '    at trace (file:///C:/Users/ferna/Downloads/appforge-main/node_modules/vitest/dist/chunks/test.B8ej_ZHS.js:239:21)\n' +
    '    at runTest (file:///C:/Users/ferna/Downloads/appforge-main/node_modules/@vitest/runner/dist/index.js:1653:12)',
  timestamp: '2026-01-29T14:34:15.625Z',
  context: {},
  userAgent: 'Mozilla/5.0 (win32) AppleWebKit/537.36 (KHTML, like Gecko) jsdom/25.0.1',
  url: 'http://localhost:3000/',
  env: 'development'
}
≡ƒö┤ Error captured: {
  message: 'Error 94',
  stack: 'Error: Error 94\n' +
    '    at C:/Users/ferna/Downloads/appforge-main/src/utils/__tests__/errorTracking.test.js:40:33\n' +
    '    at file:///C:/Users/ferna/Downloads/appforge-main/node_modules/@vitest/runner/dist/index.js:145:11\n' +
    '    at file:///C:/Users/ferna/Downloads/appforge-main/node_modules/@vitest/runner/dist/index.js:915:26\n' +
    '    at file:///C:/Users/ferna/Downloads/appforge-main/node_modules/@vitest/runner/dist/index.js:1243:20\n' +
    '    at new Promise (<anonymous>)\n' +
    '    at runWithTimeout (file:///C:/Users/ferna/Downloads/appforge-main/node_modules/@vitest/runner/dist/index.js:1209:10)\n' +
    '    at file:///C:/Users/ferna/Downloads/appforge-main/node_modules/@vitest/runner/dist/index.js:1653:37\n' +
    '    at Traces.$ (file:///C:/Users/ferna/Downloads/appforge-main/node_modules/vitest/dist/chunks/traces.CCmnQaNT.js:142:27)\n' +
    '    at trace (file:///C:/Users/ferna/Downloads/appforge-main/node_modules/vitest/dist/chunks/test.B8ej_ZHS.js:239:21)\n' +
    '    at runTest (file:///C:/Users/ferna/Downloads/appforge-main/node_modules/@vitest/runner/dist/index.js:1653:12)',
  timestamp: '2026-01-29T14:34:15.625Z',
  context: {},
  userAgent: 'Mozilla/5.0 (win32) AppleWebKit/537.36 (KHTML, like Gecko) jsdom/25.0.1',
  url: 'http://localhost:3000/',
  env: 'development'
}
≡ƒö┤ Error captured: {
  message: 'Error 95',
  stack: 'Error: Error 95\n' +
    '    at C:/Users/ferna/Downloads/appforge-main/src/utils/__tests__/errorTracking.test.js:40:33\n' +
    '    at file:///C:/Users/ferna/Downloads/appforge-main/node_modules/@vitest/runner/dist/index.js:145:11\n' +
    '    at file:///C:/Users/ferna/Downloads/appforge-main/node_modules/@vitest/runner/dist/index.js:915:26\n' +
    '    at file:///C:/Users/ferna/Downloads/appforge-main/node_modules/@vitest/runner/dist/index.js:1243:20\n' +
    '    at new Promise (<anonymous>)\n' +
    '    at runWithTimeout (file:///C:/Users/ferna/Downloads/appforge-main/node_modules/@vitest/runner/dist/index.js:1209:10)\n' +
    '    at file:///C:/Users/ferna/Downloads/appforge-main/node_modules/@vitest/runner/dist/index.js:1653:37\n' +
    '    at Traces.$ (file:///C:/Users/ferna/Downloads/appforge-main/node_modules/vitest/dist/chunks/traces.CCmnQaNT.js:142:27)\n' +
    '    at trace (file:///C:/Users/ferna/Downloads/appforge-main/node_modules/vitest/dist/chunks/test.B8ej_ZHS.js:239:21)\n' +
    '    at runTest (file:///C:/Users/ferna/Downloads/appforge-main/node_modules/@vitest/runner/dist/index.js:1653:12)',
  timestamp: '2026-01-29T14:34:15.626Z',
  context: {},
  userAgent: 'Mozilla/5.0 (win32) AppleWebKit/537.36 (KHTML, like Gecko) jsdom/25.0.1',
  url: 'http://localhost:3000/',
  env: 'development'
}
≡ƒö┤ Error captured: {
  message: 'Error 96',
  stack: 'Error: Error 96\n' +
    '    at C:/Users/ferna/Downloads/appforge-main/src/utils/__tests__/errorTracking.test.js:40:33\n' +
    '    at file:///C:/Users/ferna/Downloads/appforge-main/node_modules/@vitest/runner/dist/index.js:145:11\n' +
    '    at file:///C:/Users/ferna/Downloads/appforge-main/node_modules/@vitest/runner/dist/index.js:915:26\n' +
    '    at file:///C:/Users/ferna/Downloads/appforge-main/node_modules/@vitest/runner/dist/index.js:1243:20\n' +
    '    at new Promise (<anonymous>)\n' +
    '    at runWithTimeout (file:///C:/Users/ferna/Downloads/appforge-main/node_modules/@vitest/runner/dist/index.js:1209:10)\n' +
    '    at file:///C:/Users/ferna/Downloads/appforge-main/node_modules/@vitest/runner/dist/index.js:1653:37\n' +
    '    at Traces.$ (file:///C:/Users/ferna/Downloads/appforge-main/node_modules/vitest/dist/chunks/traces.CCmnQaNT.js:142:27)\n' +
    '    at trace (file:///C:/Users/ferna/Downloads/appforge-main/node_modules/vitest/dist/chunks/test.B8ej_ZHS.js:239:21)\n' +
    '    at runTest (file:///C:/Users/ferna/Downloads/appforge-main/node_modules/@vitest/runner/dist/index.js:1653:12)',
  timestamp: '2026-01-29T14:34:15.626Z',
  context: {},
  userAgent: 'Mozilla/5.0 (win32) AppleWebKit/537.36 (KHTML, like Gecko) jsdom/25.0.1',
  url: 'http://localhost:3000/',
  env: 'development'
}
≡ƒö┤ Error captured: {
  message: 'Error 97',
  stack: 'Error: Error 97\n' +
    '    at C:/Users/ferna/Downloads/appforge-main/src/utils/__tests__/errorTracking.test.js:40:33\n' +
    '    at file:///C:/Users/ferna/Downloads/appforge-main/node_modules/@vitest/runner/dist/index.js:145:11\n' +
    '    at file:///C:/Users/ferna/Downloads/appforge-main/node_modules/@vitest/runner/dist/index.js:915:26\n' +
    '    at file:///C:/Users/ferna/Downloads/appforge-main/node_modules/@vitest/runner/dist/index.js:1243:20\n' +
    '    at new Promise (<anonymous>)\n' +
    '    at runWithTimeout (file:///C:/Users/ferna/Downloads/appforge-main/node_modules/@vitest/runner/dist/index.js:1209:10)\n' +
    '    at file:///C:/Users/ferna/Downloads/appforge-main/node_modules/@vitest/runner/dist/index.js:1653:37\n' +
    '    at Traces.$ (file:///C:/Users/ferna/Downloads/appforge-main/node_modules/vitest/dist/chunks/traces.CCmnQaNT.js:142:27)\n' +
    '    at trace (file:///C:/Users/ferna/Downloads/appforge-main/node_modules/vitest/dist/chunks/test.B8ej_ZHS.js:239:21)\n' +
    '    at runTest (file:///C:/Users/ferna/Downloads/appforge-main/node_modules/@vitest/runner/dist/index.js:1653:12)',
  timestamp: '2026-01-29T14:34:15.626Z',
  context: {},
  userAgent: 'Mozilla/5.0 (win32) AppleWebKit/537.36 (KHTML, like Gecko) jsdom/25.0.1',
  url: 'http://localhost:3000/',
  env: 'development'
}
≡ƒö┤ Error captured: {
  message: 'Error 98',
  stack: 'Error: Error 98\n' +
    '    at C:/Users/ferna/Downloads/appforge-main/src/utils/__tests__/errorTracking.test.js:40:33\n' +
    '    at file:///C:/Users/ferna/Downloads/appforge-main/node_modules/@vitest/runner/dist/index.js:145:11\n' +
    '    at file:///C:/Users/ferna/Downloads/appforge-main/node_modules/@vitest/runner/dist/index.js:915:26\n' +
    '    at file:///C:/Users/ferna/Downloads/appforge-main/node_modules/@vitest/runner/dist/index.js:1243:20\n' +
    '    at new Promise (<anonymous>)\n' +
    '    at runWithTimeout (file:///C:/Users/ferna/Downloads/appforge-main/node_modules/@vitest/runner/dist/index.js:1209:10)\n' +
    '    at file:///C:/Users/ferna/Downloads/appforge-main/node_modules/@vitest/runner/dist/index.js:1653:37\n' +
    '    at Traces.$ (file:///C:/Users/ferna/Downloads/appforge-main/node_modules/vitest/dist/chunks/traces.CCmnQaNT.js:142:27)\n' +
    '    at trace (file:///C:/Users/ferna/Downloads/appforge-main/node_modules/vitest/dist/chunks/test.B8ej_ZHS.js:239:21)\n' +
    '    at runTest (file:///C:/Users/ferna/Downloads/appforge-main/node_modules/@vitest/runner/dist/index.js:1653:12)',
  timestamp: '2026-01-29T14:34:15.627Z',
  context: {},
  userAgent: 'Mozilla/5.0 (win32) AppleWebKit/537.36 (KHTML, like Gecko) jsdom/25.0.1',
  url: 'http://localhost:3000/',
  env: 'development'
}
≡ƒö┤ Error captured: {
  message: 'Error 99',
  stack: 'Error: Error 99\n' +
    '    at C:/Users/ferna/Downloads/appforge-main/src/utils/__tests__/errorTracking.test.js:40:33\n' +
    '    at file:///C:/Users/ferna/Downloads/appforge-main/node_modules/@vitest/runner/dist/index.js:145:11\n' +
    '    at file:///C:/Users/ferna/Downloads/appforge-main/node_modules/@vitest/runner/dist/index.js:915:26\n' +
    '    at file:///C:/Users/ferna/Downloads/appforge-main/node_modules/@vitest/runner/dist/index.js:1243:20\n' +
    '    at new Promise (<anonymous>)\n' +
    '    at runWithTimeout (file:///C:/Users/ferna/Downloads/appforge-main/node_modules/@vitest/runner/dist/index.js:1209:10)\n' +
    '    at file:///C:/Users/ferna/Downloads/appforge-main/node_modules/@vitest/runner/dist/index.js:1653:37\n' +
    '    at Traces.$ (file:///C:/Users/ferna/Downloads/appforge-main/node_modules/vitest/dist/chunks/traces.CCmnQaNT.js:142:27)\n' +
    '    at trace (file:///C:/Users/ferna/Downloads/appforge-main/node_modules/vitest/dist/chunks/test.B8ej_ZHS.js:239:21)\n' +
    '    at runTest (file:///C:/Users/ferna/Downloads/appforge-main/node_modules/@vitest/runner/dist/index.js:1653:12)',
  timestamp: '2026-01-29T14:34:15.627Z',
  context: {},
  userAgent: 'Mozilla/5.0 (win32) AppleWebKit/537.36 (KHTML, like Gecko) jsdom/25.0.1',
  url: 'http://localhost:3000/',
  env: 'development'
}
≡ƒö┤ Error captured: {
  message: 'Error 100',
  stack: 'Error: Error 100\n' +
    '    at C:/Users/ferna/Downloads/appforge-main/src/utils/__tests__/errorTracking.test.js:40:33\n' +
    '    at file:///C:/Users/ferna/Downloads/appforge-main/node_modules/@vitest/runner/dist/index.js:145:11\n' +
    '    at file:///C:/Users/ferna/Downloads/appforge-main/node_modules/@vitest/runner/dist/index.js:915:26\n' +
    '    at file:///C:/Users/ferna/Downloads/appforge-main/node_modules/@vitest/runner/dist/index.js:1243:20\n' +
    '    at new Promise (<anonymous>)\n' +
    '    at runWithTimeout (file:///C:/Users/ferna/Downloads/appforge-main/node_modules/@vitest/runner/dist/index.js:1209:10)\n' +
    '    at file:///C:/Users/ferna/Downloads/appforge-main/node_modules/@vitest/runner/dist/index.js:1653:37\n' +
    '    at Traces.$ (file:///C:/Users/ferna/Downloads/appforge-main/node_modules/vitest/dist/chunks/traces.CCmnQaNT.js:142:27)\n' +
    '    at trace (file:///C:/Users/ferna/Downloads/appforge-main/node_modules/vitest/dist/chunks/test.B8ej_ZHS.js:239:21)\n' +
    '    at runTest (file:///C:/Users/ferna/Downloads/appforge-main/node_modules/@vitest/runner/dist/index.js:1653:12)',
  timestamp: '2026-01-29T14:34:15.627Z',
  context: {},
  userAgent: 'Mozilla/5.0 (win32) AppleWebKit/537.36 (KHTML, like Gecko) jsdom/25.0.1',
  url: 'http://localhost:3000/',
  env: 'development'
}
≡ƒö┤ Error captured: {
  message: 'Error 101',
  stack: 'Error: Error 101\n' +
    '    at C:/Users/ferna/Downloads/appforge-main/src/utils/__tests__/errorTracking.test.js:40:33\n' +
    '    at file:///C:/Users/ferna/Downloads/appforge-main/node_modules/@vitest/runner/dist/index.js:145:11\n' +
    '    at file:///C:/Users/ferna/Downloads/appforge-main/node_modules/@vitest/runner/dist/index.js:915:26\n' +
    '    at file:///C:/Users/ferna/Downloads/appforge-main/node_modules/@vitest/runner/dist/index.js:1243:20\n' +
    '    at new Promise (<anonymous>)\n' +
    '    at runWithTimeout (file:///C:/Users/ferna/Downloads/appforge-main/node_modules/@vitest/runner/dist/index.js:1209:10)\n' +
    '    at file:///C:/Users/ferna/Downloads/appforge-main/node_modules/@vitest/runner/dist/index.js:1653:37\n' +
    '    at Traces.$ (file:///C:/Users/ferna/Downloads/appforge-main/node_modules/vitest/dist/chunks/traces.CCmnQaNT.js:142:27)\n' +
    '    at trace (file:///C:/Users/ferna/Downloads/appforge-main/node_modules/vitest/dist/chunks/test.B8ej_ZHS.js:239:21)\n' +
    '    at runTest (file:///C:/Users/ferna/Downloads/appforge-main/node_modules/@vitest/runner/dist/index.js:1653:12)',
  timestamp: '2026-01-29T14:34:15.628Z',
  context: {},
  userAgent: 'Mozilla/5.0 (win32) AppleWebKit/537.36 (KHTML, like Gecko) jsdom/25.0.1',
  url: 'http://localhost:3000/',
  env: 'development'
}
≡ƒö┤ Error captured: {
  message: 'Error 102',
  stack: 'Error: Error 102\n' +
    '    at C:/Users/ferna/Downloads/appforge-main/src/utils/__tests__/errorTracking.test.js:40:33\n' +
    '    at file:///C:/Users/ferna/Downloads/appforge-main/node_modules/@vitest/runner/dist/index.js:145:11\n' +
    '    at file:///C:/Users/ferna/Downloads/appforge-main/node_modules/@vitest/runner/dist/index.js:915:26\n' +
    '    at file:///C:/Users/ferna/Downloads/appforge-main/node_modules/@vitest/runner/dist/index.js:1243:20\n' +
    '    at new Promise (<anonymous>)\n' +
    '    at runWithTimeout (file:///C:/Users/ferna/Downloads/appforge-main/node_modules/@vitest/runner/dist/index.js:1209:10)\n' +
    '    at file:///C:/Users/ferna/Downloads/appforge-main/node_modules/@vitest/runner/dist/index.js:1653:37\n' +
    '    at Traces.$ (file:///C:/Users/ferna/Downloads/appforge-main/node_modules/vitest/dist/chunks/traces.CCmnQaNT.js:142:27)\n' +
    '    at trace (file:///C:/Users/ferna/Downloads/appforge-main/node_modules/vitest/dist/chunks/test.B8ej_ZHS.js:239:21)\n' +
    '    at runTest (file:///C:/Users/ferna/Downloads/appforge-main/node_modules/@vitest/runner/dist/index.js:1653:12)',
  timestamp: '2026-01-29T14:34:15.628Z',
  context: {},
  userAgent: 'Mozilla/5.0 (win32) AppleWebKit/537.36 (KHTML, like Gecko) jsdom/25.0.1',
  url: 'http://localhost:3000/',
  env: 'development'
}
≡ƒö┤ Error captured: {
  message: 'Error 103',
  stack: 'Error: Error 103\n' +
    '    at C:/Users/ferna/Downloads/appforge-main/src/utils/__tests__/errorTracking.test.js:40:33\n' +
    '    at file:///C:/Users/ferna/Downloads/appforge-main/node_modules/@vitest/runner/dist/index.js:145:11\n' +
    '    at file:///C:/Users/ferna/Downloads/appforge-main/node_modules/@vitest/runner/dist/index.js:915:26\n' +
    '    at file:///C:/Users/ferna/Downloads/appforge-main/node_modules/@vitest/runner/dist/index.js:1243:20\n' +
    '    at new Promise (<anonymous>)\n' +
    '    at runWithTimeout (file:///C:/Users/ferna/Downloads/appforge-main/node_modules/@vitest/runner/dist/index.js:1209:10)\n' +
    '    at file:///C:/Users/ferna/Downloads/appforge-main/node_modules/@vitest/runner/dist/index.js:1653:37\n' +
    '    at Traces.$ (file:///C:/Users/ferna/Downloads/appforge-main/node_modules/vitest/dist/chunks/traces.CCmnQaNT.js:142:27)\n' +
    '    at trace (file:///C:/Users/ferna/Downloads/appforge-main/node_modules/vitest/dist/chunks/test.B8ej_ZHS.js:239:21)\n' +
    '    at runTest (file:///C:/Users/ferna/Downloads/appforge-main/node_modules/@vitest/runner/dist/index.js:1653:12)',
  timestamp: '2026-01-29T14:34:15.629Z',
  context: {},
  userAgent: 'Mozilla/5.0 (win32) AppleWebKit/537.36 (KHTML, like Gecko) jsdom/25.0.1',
  url: 'http://localhost:3000/',
  env: 'development'
}
≡ƒö┤ Error captured: {
  message: 'Error 104',
  stack: 'Error: Error 104\n' +
    '    at C:/Users/ferna/Downloads/appforge-main/src/utils/__tests__/errorTracking.test.js:40:33\n' +
    '    at file:///C:/Users/ferna/Downloads/appforge-main/node_modules/@vitest/runner/dist/index.js:145:11\n' +
    '    at file:///C:/Users/ferna/Downloads/appforge-main/node_modules/@vitest/runner/dist/index.js:915:26\n' +
    '    at file:///C:/Users/ferna/Downloads/appforge-main/node_modules/@vitest/runner/dist/index.js:1243:20\n' +
    '    at new Promise (<anonymous>)\n' +
    '    at runWithTimeout (file:///C:/Users/ferna/Downloads/appforge-main/node_modules/@vitest/runner/dist/index.js:1209:10)\n' +
    '    at file:///C:/Users/ferna/Downloads/appforge-main/node_modules/@vitest/runner/dist/index.js:1653:37\n' +
    '    at Traces.$ (file:///C:/Users/ferna/Downloads/appforge-main/node_modules/vitest/dist/chunks/traces.CCmnQaNT.js:142:27)\n' +
    '    at trace (file:///C:/Users/ferna/Downloads/appforge-main/node_modules/vitest/dist/chunks/test.B8ej_ZHS.js:239:21)\n' +
    '    at runTest (file:///C:/Users/ferna/Downloads/appforge-main/node_modules/@vitest/runner/dist/index.js:1653:12)',
  timestamp: '2026-01-29T14:34:15.630Z',
  context: {},
  userAgent: 'Mozilla/5.0 (win32) AppleWebKit/537.36 (KHTML, like Gecko) jsdom/25.0.1',
  url: 'http://localhost:3000/',
  env: 'development'
}
≡ƒö┤ Error captured: {
  message: 'Error 105',
  stack: 'Error: Error 105\n' +
    '    at C:/Users/ferna/Downloads/appforge-main/src/utils/__tests__/errorTracking.test.js:40:33\n' +
    '    at file:///C:/Users/ferna/Downloads/appforge-main/node_modules/@vitest/runner/dist/index.js:145:11\n' +
    '    at file:///C:/Users/ferna/Downloads/appforge-main/node_modules/@vitest/runner/dist/index.js:915:26\n' +
    '    at file:///C:/Users/ferna/Downloads/appforge-main/node_modules/@vitest/runner/dist/index.js:1243:20\n' +
    '    at new Promise (<anonymous>)\n' +
    '    at runWithTimeout (file:///C:/Users/ferna/Downloads/appforge-main/node_modules/@vitest/runner/dist/index.js:1209:10)\n' +
    '    at file:///C:/Users/ferna/Downloads/appforge-main/node_modules/@vitest/runner/dist/index.js:1653:37\n' +
    '    at Traces.$ (file:///C:/Users/ferna/Downloads/appforge-main/node_modules/vitest/dist/chunks/traces.CCmnQaNT.js:142:27)\n' +
    '    at trace (file:///C:/Users/ferna/Downloads/appforge-main/node_modules/vitest/dist/chunks/test.B8ej_ZHS.js:239:21)\n' +
    '    at runTest (file:///C:/Users/ferna/Downloads/appforge-main/node_modules/@vitest/runner/dist/index.js:1653:12)',
  timestamp: '2026-01-29T14:34:15.630Z',
  context: {},
  userAgent: 'Mozilla/5.0 (win32) AppleWebKit/537.36 (KHTML, like Gecko) jsdom/25.0.1',
  url: 'http://localhost:3000/',
  env: 'development'
}
≡ƒö┤ Error captured: {
  message: 'Error 106',
  stack: 'Error: Error 106\n' +
    '    at C:/Users/ferna/Downloads/appforge-main/src/utils/__tests__/errorTracking.test.js:40:33\n' +
    '    at file:///C:/Users/ferna/Downloads/appforge-main/node_modules/@vitest/runner/dist/index.js:145:11\n' +
    '    at file:///C:/Users/ferna/Downloads/appforge-main/node_modules/@vitest/runner/dist/index.js:915:26\n' +
    '    at file:///C:/Users/ferna/Downloads/appforge-main/node_modules/@vitest/runner/dist/index.js:1243:20\n' +
    '    at new Promise (<anonymous>)\n' +
    '    at runWithTimeout (file:///C:/Users/ferna/Downloads/appforge-main/node_modules/@vitest/runner/dist/index.js:1209:10)\n' +
    '    at file:///C:/Users/ferna/Downloads/appforge-main/node_modules/@vitest/runner/dist/index.js:1653:37\n' +
    '    at Traces.$ (file:///C:/Users/ferna/Downloads/appforge-main/node_modules/vitest/dist/chunks/traces.CCmnQaNT.js:142:27)\n' +
    '    at trace (file:///C:/Users/ferna/Downloads/appforge-main/node_modules/vitest/dist/chunks/test.B8ej_ZHS.js:239:21)\n' +
    '    at runTest (file:///C:/Users/ferna/Downloads/appforge-main/node_modules/@vitest/runner/dist/index.js:1653:12)',
  timestamp: '2026-01-29T14:34:15.642Z',
  context: {},
  userAgent: 'Mozilla/5.0 (win32) AppleWebKit/537.36 (KHTML, like Gecko) jsdom/25.0.1',
  url: 'http://localhost:3000/',
  env: 'development'
}
≡ƒö┤ Error captured: {
  message: 'Error 107',
  stack: 'Error: Error 107\n' +
    '    at C:/Users/ferna/Downloads/appforge-main/src/utils/__tests__/errorTracking.test.js:40:33\n' +
    '    at file:///C:/Users/ferna/Downloads/appforge-main/node_modules/@vitest/runner/dist/index.js:145:11\n' +
    '    at file:///C:/Users/ferna/Downloads/appforge-main/node_modules/@vitest/runner/dist/index.js:915:26\n' +
    '    at file:///C:/Users/ferna/Downloads/appforge-main/node_modules/@vitest/runner/dist/index.js:1243:20\n' +
    '    at new Promise (<anonymous>)\n' +
    '    at runWithTimeout (file:///C:/Users/ferna/Downloads/appforge-main/node_modules/@vitest/runner/dist/index.js:1209:10)\n' +
    '    at file:///C:/Users/ferna/Downloads/appforge-main/node_modules/@vitest/runner/dist/index.js:1653:37\n' +
    '    at Traces.$ (file:///C:/Users/ferna/Downloads/appforge-main/node_modules/vitest/dist/chunks/traces.CCmnQaNT.js:142:27)\n' +
    '    at trace (file:///C:/Users/ferna/Downloads/appforge-main/node_modules/vitest/dist/chunks/test.B8ej_ZHS.js:239:21)\n' +
    '    at runTest (file:///C:/Users/ferna/Downloads/appforge-main/node_modules/@vitest/runner/dist/index.js:1653:12)',
  timestamp: '2026-01-29T14:34:15.642Z',
  context: {},
  userAgent: 'Mozilla/5.0 (win32) AppleWebKit/537.36 (KHTML, like Gecko) jsdom/25.0.1',
  url: 'http://localhost:3000/',
  env: 'development'
}
≡ƒö┤ Error captured: {
  message: 'Error 108',
  stack: 'Error: Error 108\n' +
    '    at C:/Users/ferna/Downloads/appforge-main/src/utils/__tests__/errorTracking.test.js:40:33\n' +
    '    at file:///C:/Users/ferna/Downloads/appforge-main/node_modules/@vitest/runner/dist/index.js:145:11\n' +
    '    at file:///C:/Users/ferna/Downloads/appforge-main/node_modules/@vitest/runner/dist/index.js:915:26\n' +
    '    at file:///C:/Users/ferna/Downloads/appforge-main/node_modules/@vitest/runner/dist/index.js:1243:20\n' +
    '    at new Promise (<anonymous>)\n' +
    '    at runWithTimeout (file:///C:/Users/ferna/Downloads/appforge-main/node_modules/@vitest/runner/dist/index.js:1209:10)\n' +
    '    at file:///C:/Users/ferna/Downloads/appforge-main/node_modules/@vitest/runner/dist/index.js:1653:37\n' +
    '    at Traces.$ (file:///C:/Users/ferna/Downloads/appforge-main/node_modules/vitest/dist/chunks/traces.CCmnQaNT.js:142:27)\n' +
    '    at trace (file:///C:/Users/ferna/Downloads/appforge-main/node_modules/vitest/dist/chunks/test.B8ej_ZHS.js:239:21)\n' +
    '    at runTest (file:///C:/Users/ferna/Downloads/appforge-main/node_modules/@vitest/runner/dist/index.js:1653:12)',
  timestamp: '2026-01-29T14:34:15.643Z',
  context: {},
  userAgent: 'Mozilla/5.0 (win32) AppleWebKit/537.36 (KHTML, like Gecko) jsdom/25.0.1',
  url: 'http://localhost:3000/',
  env: 'development'
}
≡ƒö┤ Error captured: {
  message: 'Error 109',
  stack: 'Error: Error 109\n' +
    '    at C:/Users/ferna/Downloads/appforge-main/src/utils/__tests__/errorTracking.test.js:40:33\n' +
    '    at file:///C:/Users/ferna/Downloads/appforge-main/node_modules/@vitest/runner/dist/index.js:145:11\n' +
    '    at file:///C:/Users/ferna/Downloads/appforge-main/node_modules/@vitest/runner/dist/index.js:915:26\n' +
    '    at file:///C:/Users/ferna/Downloads/appforge-main/node_modules/@vitest/runner/dist/index.js:1243:20\n' +
    '    at new Promise (<anonymous>)\n' +
    '    at runWithTimeout (file:///C:/Users/ferna/Downloads/appforge-main/node_modules/@vitest/runner/dist/index.js:1209:10)\n' +
    '    at file:///C:/Users/ferna/Downloads/appforge-main/node_modules/@vitest/runner/dist/index.js:1653:37\n' +
    '    at Traces.$ (file:///C:/Users/ferna/Downloads/appforge-main/node_modules/vitest/dist/chunks/traces.CCmnQaNT.js:142:27)\n' +
    '    at trace (file:///C:/Users/ferna/Downloads/appforge-main/node_modules/vitest/dist/chunks/test.B8ej_ZHS.js:239:21)\n' +
    '    at runTest (file:///C:/Users/ferna/Downloads/appforge-main/node_modules/@vitest/runner/dist/index.js:1653:12)',
  timestamp: '2026-01-29T14:34:15.643Z',
  context: {},
  userAgent: 'Mozilla/5.0 (win32) AppleWebKit/537.36 (KHTML, like Gecko) jsdom/25.0.1',
  url: 'http://localhost:3000/',
  env: 'development'
}
≡ƒö┤ Error captured: {
  message: 'Error 110',
  stack: 'Error: Error 110\n' +
    '    at C:/Users/ferna/Downloads/appforge-main/src/utils/__tests__/errorTracking.test.js:40:33\n' +
    '    at file:///C:/Users/ferna/Downloads/appforge-main/node_modules/@vitest/runner/dist/index.js:145:11\n' +
    '    at file:///C:/Users/ferna/Downloads/appforge-main/node_modules/@vitest/runner/dist/index.js:915:26\n' +
    '    at file:///C:/Users/ferna/Downloads/appforge-main/node_modules/@vitest/runner/dist/index.js:1243:20\n' +
    '    at new Promise (<anonymous>)\n' +
    '    at runWithTimeout (file:///C:/Users/ferna/Downloads/appforge-main/node_modules/@vitest/runner/dist/index.js:1209:10)\n' +
    '    at file:///C:/Users/ferna/Downloads/appforge-main/node_modules/@vitest/runner/dist/index.js:1653:37\n' +
    '    at Traces.$ (file:///C:/Users/ferna/Downloads/appforge-main/node_modules/vitest/dist/chunks/traces.CCmnQaNT.js:142:27)\n' +
    '    at trace (file:///C:/Users/ferna/Downloads/appforge-main/node_modules/vitest/dist/chunks/test.B8ej_ZHS.js:239:21)\n' +
    '    at runTest (file:///C:/Users/ferna/Downloads/appforge-main/node_modules/@vitest/runner/dist/index.js:1653:12)',
  timestamp: '2026-01-29T14:34:15.644Z',
  context: {},
  userAgent: 'Mozilla/5.0 (win32) AppleWebKit/537.36 (KHTML, like Gecko) jsdom/25.0.1',
  url: 'http://localhost:3000/',
  env: 'development'
}
≡ƒö┤ Error captured: {
  message: 'Error 111',
  stack: 'Error: Error 111\n' +
    '    at C:/Users/ferna/Downloads/appforge-main/src/utils/__tests__/errorTracking.test.js:40:33\n' +
    '    at file:///C:/Users/ferna/Downloads/appforge-main/node_modules/@vitest/runner/dist/index.js:145:11\n' +
    '    at file:///C:/Users/ferna/Downloads/appforge-main/node_modules/@vitest/runner/dist/index.js:915:26\n' +
    '    at file:///C:/Users/ferna/Downloads/appforge-main/node_modules/@vitest/runner/dist/index.js:1243:20\n' +
    '    at new Promise (<anonymous>)\n' +
    '    at runWithTimeout (file:///C:/Users/ferna/Downloads/appforge-main/node_modules/@vitest/runner/dist/index.js:1209:10)\n' +
    '    at file:///C:/Users/ferna/Downloads/appforge-main/node_modules/@vitest/runner/dist/index.js:1653:37\n' +
    '    at Traces.$ (file:///C:/Users/ferna/Downloads/appforge-main/node_modules/vitest/dist/chunks/traces.CCmnQaNT.js:142:27)\n' +
    '    at trace (file:///C:/Users/ferna/Downloads/appforge-main/node_modules/vitest/dist/chunks/test.B8ej_ZHS.js:239:21)\n' +
    '    at runTest (file:///C:/Users/ferna/Downloads/appforge-main/node_modules/@vitest/runner/dist/index.js:1653:12)',
  timestamp: '2026-01-29T14:34:15.644Z',
  context: {},
  userAgent: 'Mozilla/5.0 (win32) AppleWebKit/537.36 (KHTML, like Gecko) jsdom/25.0.1',
  url: 'http://localhost:3000/',
  env: 'development'
}
≡ƒö┤ Error captured: {
  message: 'Error 112',
  stack: 'Error: Error 112\n' +
    '    at C:/Users/ferna/Downloads/appforge-main/src/utils/__tests__/errorTracking.test.js:40:33\n' +
    '    at file:///C:/Users/ferna/Downloads/appforge-main/node_modules/@vitest/runner/dist/index.js:145:11\n' +
    '    at file:///C:/Users/ferna/Downloads/appforge-main/node_modules/@vitest/runner/dist/index.js:915:26\n' +
    '    at file:///C:/Users/ferna/Downloads/appforge-main/node_modules/@vitest/runner/dist/index.js:1243:20\n' +
    '    at new Promise (<anonymous>)\n' +
    '    at runWithTimeout (file:///C:/Users/ferna/Downloads/appforge-main/node_modules/@vitest/runner/dist/index.js:1209:10)\n' +
    '    at file:///C:/Users/ferna/Downloads/appforge-main/node_modules/@vitest/runner/dist/index.js:1653:37\n' +
    '    at Traces.$ (file:///C:/Users/ferna/Downloads/appforge-main/node_modules/vitest/dist/chunks/traces.CCmnQaNT.js:142:27)\n' +
    '    at trace (file:///C:/Users/ferna/Downloads/appforge-main/node_modules/vitest/dist/chunks/test.B8ej_ZHS.js:239:21)\n' +
    '    at runTest (file:///C:/Users/ferna/Downloads/appforge-main/node_modules/@vitest/runner/dist/index.js:1653:12)',
  timestamp: '2026-01-29T14:34:15.645Z',
  context: {},
  userAgent: 'Mozilla/5.0 (win32) AppleWebKit/537.36 (KHTML, like Gecko) jsdom/25.0.1',
  url: 'http://localhost:3000/',
  env: 'development'
}
≡ƒö┤ Error captured: {
  message: 'Error 113',
  stack: 'Error: Error 113\n' +
    '    at C:/Users/ferna/Downloads/appforge-main/src/utils/__tests__/errorTracking.test.js:40:33\n' +
    '    at file:///C:/Users/ferna/Downloads/appforge-main/node_modules/@vitest/runner/dist/index.js:145:11\n' +
    '    at file:///C:/Users/ferna/Downloads/appforge-main/node_modules/@vitest/runner/dist/index.js:915:26\n' +
    '    at file:///C:/Users/ferna/Downloads/appforge-main/node_modules/@vitest/runner/dist/index.js:1243:20\n' +
    '    at new Promise (<anonymous>)\n' +
    '    at runWithTimeout (file:///C:/Users/ferna/Downloads/appforge-main/node_modules/@vitest/runner/dist/index.js:1209:10)\n' +
    '    at file:///C:/Users/ferna/Downloads/appforge-main/node_modules/@vitest/runner/dist/index.js:1653:37\n' +
    '    at Traces.$ (file:///C:/Users/ferna/Downloads/appforge-main/node_modules/vitest/dist/chunks/traces.CCmnQaNT.js:142:27)\n' +
    '    at trace (file:///C:/Users/ferna/Downloads/appforge-main/node_modules/vitest/dist/chunks/test.B8ej_ZHS.js:239:21)\n' +
    '    at runTest (file:///C:/Users/ferna/Downloads/appforge-main/node_modules/@vitest/runner/dist/index.js:1653:12)',
  timestamp: '2026-01-29T14:34:15.645Z',
  context: {},
  userAgent: 'Mozilla/5.0 (win32) AppleWebKit/537.36 (KHTML, like Gecko) jsdom/25.0.1',
  url: 'http://localhost:3000/',
  env: 'development'
}
≡ƒö┤ Error captured: {
  message: 'Error 114',
  stack: 'Error: Error 114\n' +
    '    at C:/Users/ferna/Downloads/appforge-main/src/utils/__tests__/errorTracking.test.js:40:33\n' +
    '    at file:///C:/Users/ferna/Downloads/appforge-main/node_modules/@vitest/runner/dist/index.js:145:11\n' +
    '    at file:///C:/Users/ferna/Downloads/appforge-main/node_modules/@vitest/runner/dist/index.js:915:26\n' +
    '    at file:///C:/Users/ferna/Downloads/appforge-main/node_modules/@vitest/runner/dist/index.js:1243:20\n' +
    '    at new Promise (<anonymous>)\n' +
    '    at runWithTimeout (file:///C:/Users/ferna/Downloads/appforge-main/node_modules/@vitest/runner/dist/index.js:1209:10)\n' +
    '    at file:///C:/Users/ferna/Downloads/appforge-main/node_modules/@vitest/runner/dist/index.js:1653:37\n' +
    '    at Traces.$ (file:///C:/Users/ferna/Downloads/appforge-main/node_modules/vitest/dist/chunks/traces.CCmnQaNT.js:142:27)\n' +
    '    at trace (file:///C:/Users/ferna/Downloads/appforge-main/node_modules/vitest/dist/chunks/test.B8ej_ZHS.js:239:21)\n' +
    '    at runTest (file:///C:/Users/ferna/Downloads/appforge-main/node_modules/@vitest/runner/dist/index.js:1653:12)',
  timestamp: '2026-01-29T14:34:15.645Z',
  context: {},
  userAgent: 'Mozilla/5.0 (win32) AppleWebKit/537.36 (KHTML, like Gecko) jsdom/25.0.1',
  url: 'http://localhost:3000/',
  env: 'development'
}
≡ƒö┤ Error captured: {
  message: 'Error 115',
  stack: 'Error: Error 115\n' +
    '    at C:/Users/ferna/Downloads/appforge-main/src/utils/__tests__/errorTracking.test.js:40:33\n' +
    '    at file:///C:/Users/ferna/Downloads/appforge-main/node_modules/@vitest/runner/dist/index.js:145:11\n' +
    '    at file:///C:/Users/ferna/Downloads/appforge-main/node_modules/@vitest/runner/dist/index.js:915:26\n' +
    '    at file:///C:/Users/ferna/Downloads/appforge-main/node_modules/@vitest/runner/dist/index.js:1243:20\n' +
    '    at new Promise (<anonymous>)\n' +
    '    at runWithTimeout (file:///C:/Users/ferna/Downloads/appforge-main/node_modules/@vitest/runner/dist/index.js:1209:10)\n' +
    '    at file:///C:/Users/ferna/Downloads/appforge-main/node_modules/@vitest/runner/dist/index.js:1653:37\n' +
    '    at Traces.$ (file:///C:/Users/ferna/Downloads/appforge-main/node_modules/vitest/dist/chunks/traces.CCmnQaNT.js:142:27)\n' +
    '    at trace (file:///C:/Users/ferna/Downloads/appforge-main/node_modules/vitest/dist/chunks/test.B8ej_ZHS.js:239:21)\n' +
    '    at runTest (file:///C:/Users/ferna/Downloads/appforge-main/node_modules/@vitest/runner/dist/index.js:1653:12)',
  timestamp: '2026-01-29T14:34:15.646Z',
  context: {},
  userAgent: 'Mozilla/5.0 (win32) AppleWebKit/537.36 (KHTML, like Gecko) jsdom/25.0.1',
  url: 'http://localhost:3000/',
  env: 'development'
}
≡ƒö┤ Error captured: {
  message: 'Error 116',
  stack: 'Error: Error 116\n' +
    '    at C:/Users/ferna/Downloads/appforge-main/src/utils/__tests__/errorTracking.test.js:40:33\n' +
    '    at file:///C:/Users/ferna/Downloads/appforge-main/node_modules/@vitest/runner/dist/index.js:145:11\n' +
    '    at file:///C:/Users/ferna/Downloads/appforge-main/node_modules/@vitest/runner/dist/index.js:915:26\n' +
    '    at file:///C:/Users/ferna/Downloads/appforge-main/node_modules/@vitest/runner/dist/index.js:1243:20\n' +
    '    at new Promise (<anonymous>)\n' +
    '    at runWithTimeout (file:///C:/Users/ferna/Downloads/appforge-main/node_modules/@vitest/runner/dist/index.js:1209:10)\n' +
    '    at file:///C:/Users/ferna/Downloads/appforge-main/node_modules/@vitest/runner/dist/index.js:1653:37\n' +
    '    at Traces.$ (file:///C:/Users/ferna/Downloads/appforge-main/node_modules/vitest/dist/chunks/traces.CCmnQaNT.js:142:27)\n' +
    '    at trace (file:///C:/Users/ferna/Downloads/appforge-main/node_modules/vitest/dist/chunks/test.B8ej_ZHS.js:239:21)\n' +
    '    at runTest (file:///C:/Users/ferna/Downloads/appforge-main/node_modules/@vitest/runner/dist/index.js:1653:12)',
  timestamp: '2026-01-29T14:34:15.647Z',
  context: {},
  userAgent: 'Mozilla/5.0 (win32) AppleWebKit/537.36 (KHTML, like Gecko) jsdom/25.0.1',
  url: 'http://localhost:3000/',
  env: 'development'
}
≡ƒö┤ Error captured: {
  message: 'Error 117',
  stack: 'Error: Error 117\n' +
    '    at C:/Users/ferna/Downloads/appforge-main/src/utils/__tests__/errorTracking.test.js:40:33\n' +
    '    at file:///C:/Users/ferna/Downloads/appforge-main/node_modules/@vitest/runner/dist/index.js:145:11\n' +
    '    at file:///C:/Users/ferna/Downloads/appforge-main/node_modules/@vitest/runner/dist/index.js:915:26\n' +
    '    at file:///C:/Users/ferna/Downloads/appforge-main/node_modules/@vitest/runner/dist/index.js:1243:20\n' +
    '    at new Promise (<anonymous>)\n' +
    '    at runWithTimeout (file:///C:/Users/ferna/Downloads/appforge-main/node_modules/@vitest/runner/dist/index.js:1209:10)\n' +
    '    at file:///C:/Users/ferna/Downloads/appforge-main/node_modules/@vitest/runner/dist/index.js:1653:37\n' +
    '    at Traces.$ (file:///C:/Users/ferna/Downloads/appforge-main/node_modules/vitest/dist/chunks/traces.CCmnQaNT.js:142:27)\n' +
    '    at trace (file:///C:/Users/ferna/Downloads/appforge-main/node_modules/vitest/dist/chunks/test.B8ej_ZHS.js:239:21)\n' +
    '    at runTest (file:///C:/Users/ferna/Downloads/appforge-main/node_modules/@vitest/runner/dist/index.js:1653:12)',
  timestamp: '2026-01-29T14:34:15.647Z',
  context: {},
  userAgent: 'Mozilla/5.0 (win32) AppleWebKit/537.36 (KHTML, like Gecko) jsdom/25.0.1',
  url: 'http://localhost:3000/',
  env: 'development'
}
≡ƒö┤ Error captured: {
  message: 'Error 118',
  stack: 'Error: Error 118\n' +
    '    at C:/Users/ferna/Downloads/appforge-main/src/utils/__tests__/errorTracking.test.js:40:33\n' +
    '    at file:///C:/Users/ferna/Downloads/appforge-main/node_modules/@vitest/runner/dist/index.js:145:11\n' +
    '    at file:///C:/Users/ferna/Downloads/appforge-main/node_modules/@vitest/runner/dist/index.js:915:26\n' +
    '    at file:///C:/Users/ferna/Downloads/appforge-main/node_modules/@vitest/runner/dist/index.js:1243:20\n' +
    '    at new Promise (<anonymous>)\n' +
    '    at runWithTimeout (file:///C:/Users/ferna/Downloads/appforge-main/node_modules/@vitest/runner/dist/index.js:1209:10)\n' +
    '    at file:///C:/Users/ferna/Downloads/appforge-main/node_modules/@vitest/runner/dist/index.js:1653:37\n' +
    '    at Traces.$ (file:///C:/Users/ferna/Downloads/appforge-main/node_modules/vitest/dist/chunks/traces.CCmnQaNT.js:142:27)\n' +
    '    at trace (file:///C:/Users/ferna/Downloads/appforge-main/node_modules/vitest/dist/chunks/test.B8ej_ZHS.js:239:21)\n' +
    '    at runTest (file:///C:/Users/ferna/Downloads/appforge-main/node_modules/@vitest/runner/dist/index.js:1653:12)',
  timestamp: '2026-01-29T14:34:15.647Z',
  context: {},
  userAgent: 'Mozilla/5.0 (win32) AppleWebKit/537.36 (KHTML, like Gecko) jsdom/25.0.1',
  url: 'http://localhost:3000/',
  env: 'development'
}
≡ƒö┤ Error captured: {
  message: 'Error 119',
  stack: 'Error: Error 119\n' +
    '    at C:/Users/ferna/Downloads/appforge-main/src/utils/__tests__/errorTracking.test.js:40:33\n' +
    '    at file:///C:/Users/ferna/Downloads/appforge-main/node_modules/@vitest/runner/dist/index.js:145:11\n' +
    '    at file:///C:/Users/ferna/Downloads/appforge-main/node_modules/@vitest/runner/dist/index.js:915:26\n' +
    '    at file:///C:/Users/ferna/Downloads/appforge-main/node_modules/@vitest/runner/dist/index.js:1243:20\n' +
    '    at new Promise (<anonymous>)\n' +
    '    at runWithTimeout (file:///C:/Users/ferna/Downloads/appforge-main/node_modules/@vitest/runner/dist/index.js:1209:10)\n' +
    '    at file:///C:/Users/ferna/Downloads/appforge-main/node_modules/@vitest/runner/dist/index.js:1653:37\n' +
    '    at Traces.$ (file:///C:/Users/ferna/Downloads/appforge-main/node_modules/vitest/dist/chunks/traces.CCmnQaNT.js:142:27)\n' +
    '    at trace (file:///C:/Users/ferna/Downloads/appforge-main/node_modules/vitest/dist/chunks/test.B8ej_ZHS.js:239:21)\n' +
    '    at runTest (file:///C:/Users/ferna/Downloads/appforge-main/node_modules/@vitest/runner/dist/index.js:1653:12)',
  timestamp: '2026-01-29T14:34:15.648Z',
  context: {},
  userAgent: 'Mozilla/5.0 (win32) AppleWebKit/537.36 (KHTML, like Gecko) jsdom/25.0.1',
  url: 'http://localhost:3000/',
  env: 'development'
}
≡ƒö┤ Error captured: {
  message: 'Error 120',
  stack: 'Error: Error 120\n' +
    '    at C:/Users/ferna/Downloads/appforge-main/src/utils/__tests__/errorTracking.test.js:40:33\n' +
    '    at file:///C:/Users/ferna/Downloads/appforge-main/node_modules/@vitest/runner/dist/index.js:145:11\n' +
    '    at file:///C:/Users/ferna/Downloads/appforge-main/node_modules/@vitest/runner/dist/index.js:915:26\n' +
    '    at file:///C:/Users/ferna/Downloads/appforge-main/node_modules/@vitest/runner/dist/index.js:1243:20\n' +
    '    at new Promise (<anonymous>)\n' +
    '    at runWithTimeout (file:///C:/Users/ferna/Downloads/appforge-main/node_modules/@vitest/runner/dist/index.js:1209:10)\n' +
    '    at file:///C:/Users/ferna/Downloads/appforge-main/node_modules/@vitest/runner/dist/index.js:1653:37\n' +
    '    at Traces.$ (file:///C:/Users/ferna/Downloads/appforge-main/node_modules/vitest/dist/chunks/traces.CCmnQaNT.js:142:27)\n' +
    '    at trace (file:///C:/Users/ferna/Downloads/appforge-main/node_modules/vitest/dist/chunks/test.B8ej_ZHS.js:239:21)\n' +
    '    at runTest (file:///C:/Users/ferna/Downloads/appforge-main/node_modules/@vitest/runner/dist/index.js:1653:12)',
  timestamp: '2026-01-29T14:34:15.649Z',
  context: {},
  userAgent: 'Mozilla/5.0 (win32) AppleWebKit/537.36 (KHTML, like Gecko) jsdom/25.0.1',
  url: 'http://localhost:3000/',
  env: 'development'
}
≡ƒö┤ Error captured: {
  message: 'Error 121',
  stack: 'Error: Error 121\n' +
    '    at C:/Users/ferna/Downloads/appforge-main/src/utils/__tests__/errorTracking.test.js:40:33\n' +
    '    at file:///C:/Users/ferna/Downloads/appforge-main/node_modules/@vitest/runner/dist/index.js:145:11\n' +
    '    at file:///C:/Users/ferna/Downloads/appforge-main/node_modules/@vitest/runner/dist/index.js:915:26\n' +
    '    at file:///C:/Users/ferna/Downloads/appforge-main/node_modules/@vitest/runner/dist/index.js:1243:20\n' +
    '    at new Promise (<anonymous>)\n' +
    '    at runWithTimeout (file:///C:/Users/ferna/Downloads/appforge-main/node_modules/@vitest/runner/dist/index.js:1209:10)\n' +
    '    at file:///C:/Users/ferna/Downloads/appforge-main/node_modules/@vitest/runner/dist/index.js:1653:37\n' +
    '    at Traces.$ (file:///C:/Users/ferna/Downloads/appforge-main/node_modules/vitest/dist/chunks/traces.CCmnQaNT.js:142:27)\n' +
    '    at trace (file:///C:/Users/ferna/Downloads/appforge-main/node_modules/vitest/dist/chunks/test.B8ej_ZHS.js:239:21)\n' +
    '    at runTest (file:///C:/Users/ferna/Downloads/appforge-main/node_modules/@vitest/runner/dist/index.js:1653:12)',
  timestamp: '2026-01-29T14:34:15.650Z',
  context: {},
  userAgent: 'Mozilla/5.0 (win32) AppleWebKit/537.36 (KHTML, like Gecko) jsdom/25.0.1',
  url: 'http://localhost:3000/',
  env: 'development'
}
≡ƒö┤ Error captured: {
  message: 'Error 122',
  stack: 'Error: Error 122\n' +
    '    at C:/Users/ferna/Downloads/appforge-main/src/utils/__tests__/errorTracking.test.js:40:33\n' +
    '    at file:///C:/Users/ferna/Downloads/appforge-main/node_modules/@vitest/runner/dist/index.js:145:11\n' +
    '    at file:///C:/Users/ferna/Downloads/appforge-main/node_modules/@vitest/runner/dist/index.js:915:26\n' +
    '    at file:///C:/Users/ferna/Downloads/appforge-main/node_modules/@vitest/runner/dist/index.js:1243:20\n' +
    '    at new Promise (<anonymous>)\n' +
    '    at runWithTimeout (file:///C:/Users/ferna/Downloads/appforge-main/node_modules/@vitest/runner/dist/index.js:1209:10)\n' +
    '    at file:///C:/Users/ferna/Downloads/appforge-main/node_modules/@vitest/runner/dist/index.js:1653:37\n' +
    '    at Traces.$ (file:///C:/Users/ferna/Downloads/appforge-main/node_modules/vitest/dist/chunks/traces.CCmnQaNT.js:142:27)\n' +
    '    at trace (file:///C:/Users/ferna/Downloads/appforge-main/node_modules/vitest/dist/chunks/test.B8ej_ZHS.js:239:21)\n' +
    '    at runTest (file:///C:/Users/ferna/Downloads/appforge-main/node_modules/@vitest/runner/dist/index.js:1653:12)',
  timestamp: '2026-01-29T14:34:15.650Z',
  context: {},
  userAgent: 'Mozilla/5.0 (win32) AppleWebKit/537.36 (KHTML, like Gecko) jsdom/25.0.1',
  url: 'http://localhost:3000/',
  env: 'development'
}
≡ƒö┤ Error captured: {
  message: 'Error 123',
  stack: 'Error: Error 123\n' +
    '    at C:/Users/ferna/Downloads/appforge-main/src/utils/__tests__/errorTracking.test.js:40:33\n' +
    '    at file:///C:/Users/ferna/Downloads/appforge-main/node_modules/@vitest/runner/dist/index.js:145:11\n' +
    '    at file:///C:/Users/ferna/Downloads/appforge-main/node_modules/@vitest/runner/dist/index.js:915:26\n' +
    '    at file:///C:/Users/ferna/Downloads/appforge-main/node_modules/@vitest/runner/dist/index.js:1243:20\n' +
    '    at new Promise (<anonymous>)\n' +
    '    at runWithTimeout (file:///C:/Users/ferna/Downloads/appforge-main/node_modules/@vitest/runner/dist/index.js:1209:10)\n' +
    '    at file:///C:/Users/ferna/Downloads/appforge-main/node_modules/@vitest/runner/dist/index.js:1653:37\n' +
    '    at Traces.$ (file:///C:/Users/ferna/Downloads/appforge-main/node_modules/vitest/dist/chunks/traces.CCmnQaNT.js:142:27)\n' +
    '    at trace (file:///C:/Users/ferna/Downloads/appforge-main/node_modules/vitest/dist/chunks/test.B8ej_ZHS.js:239:21)\n' +
    '    at runTest (file:///C:/Users/ferna/Downloads/appforge-main/node_modules/@vitest/runner/dist/index.js:1653:12)',
  timestamp: '2026-01-29T14:34:15.651Z',
  context: {},
  userAgent: 'Mozilla/5.0 (win32) AppleWebKit/537.36 (KHTML, like Gecko) jsdom/25.0.1',
  url: 'http://localhost:3000/',
  env: 'development'
}
≡ƒö┤ Error captured: {
  message: 'Error 124',
  stack: 'Error: Error 124\n' +
    '    at C:/Users/ferna/Downloads/appforge-main/src/utils/__tests__/errorTracking.test.js:40:33\n' +
    '    at file:///C:/Users/ferna/Downloads/appforge-main/node_modules/@vitest/runner/dist/index.js:145:11\n' +
    '    at file:///C:/Users/ferna/Downloads/appforge-main/node_modules/@vitest/runner/dist/index.js:915:26\n' +
    '    at file:///C:/Users/ferna/Downloads/appforge-main/node_modules/@vitest/runner/dist/index.js:1243:20\n' +
    '    at new Promise (<anonymous>)\n' +
    '    at runWithTimeout (file:///C:/Users/ferna/Downloads/appforge-main/node_modules/@vitest/runner/dist/index.js:1209:10)\n' +
    '    at file:///C:/Users/ferna/Downloads/appforge-main/node_modules/@vitest/runner/dist/index.js:1653:37\n' +
    '    at Traces.$ (file:///C:/Users/ferna/Downloads/appforge-main/node_modules/vitest/dist/chunks/traces.CCmnQaNT.js:142:27)\n' +
    '    at trace (file:///C:/Users/ferna/Downloads/appforge-main/node_modules/vitest/dist/chunks/test.B8ej_ZHS.js:239:21)\n' +
    '    at runTest (file:///C:/Users/ferna/Downloads/appforge-main/node_modules/@vitest/runner/dist/index.js:1653:12)',
  timestamp: '2026-01-29T14:34:15.651Z',
  context: {},
  userAgent: 'Mozilla/5.0 (win32) AppleWebKit/537.36 (KHTML, like Gecko) jsdom/25.0.1',
  url: 'http://localhost:3000/',
  env: 'development'
}
≡ƒö┤ Error captured: {
  message: 'Error 125',
  stack: 'Error: Error 125\n' +
    '    at C:/Users/ferna/Downloads/appforge-main/src/utils/__tests__/errorTracking.test.js:40:33\n' +
    '    at file:///C:/Users/ferna/Downloads/appforge-main/node_modules/@vitest/runner/dist/index.js:145:11\n' +
    '    at file:///C:/Users/ferna/Downloads/appforge-main/node_modules/@vitest/runner/dist/index.js:915:26\n' +
    '    at file:///C:/Users/ferna/Downloads/appforge-main/node_modules/@vitest/runner/dist/index.js:1243:20\n' +
    '    at new Promise (<anonymous>)\n' +
    '    at runWithTimeout (file:///C:/Users/ferna/Downloads/appforge-main/node_modules/@vitest/runner/dist/index.js:1209:10)\n' +
    '    at file:///C:/Users/ferna/Downloads/appforge-main/node_modules/@vitest/runner/dist/index.js:1653:37\n' +
    '    at Traces.$ (file:///C:/Users/ferna/Downloads/appforge-main/node_modules/vitest/dist/chunks/traces.CCmnQaNT.js:142:27)\n' +
    '    at trace (file:///C:/Users/ferna/Downloads/appforge-main/node_modules/vitest/dist/chunks/test.B8ej_ZHS.js:239:21)\n' +
    '    at runTest (file:///C:/Users/ferna/Downloads/appforge-main/node_modules/@vitest/runner/dist/index.js:1653:12)',
  timestamp: '2026-01-29T14:34:15.652Z',
  context: {},
  userAgent: 'Mozilla/5.0 (win32) AppleWebKit/537.36 (KHTML, like Gecko) jsdom/25.0.1',
  url: 'http://localhost:3000/',
  env: 'development'
}
≡ƒö┤ Error captured: {
  message: 'Error 126',
  stack: 'Error: Error 126\n' +
    '    at C:/Users/ferna/Downloads/appforge-main/src/utils/__tests__/errorTracking.test.js:40:33\n' +
    '    at file:///C:/Users/ferna/Downloads/appforge-main/node_modules/@vitest/runner/dist/index.js:145:11\n' +
    '    at file:///C:/Users/ferna/Downloads/appforge-main/node_modules/@vitest/runner/dist/index.js:915:26\n' +
    '    at file:///C:/Users/ferna/Downloads/appforge-main/node_modules/@vitest/runner/dist/index.js:1243:20\n' +
    '    at new Promise (<anonymous>)\n' +
    '    at runWithTimeout (file:///C:/Users/ferna/Downloads/appforge-main/node_modules/@vitest/runner/dist/index.js:1209:10)\n' +
    '    at file:///C:/Users/ferna/Downloads/appforge-main/node_modules/@vitest/runner/dist/index.js:1653:37\n' +
    '    at Traces.$ (file:///C:/Users/ferna/Downloads/appforge-main/node_modules/vitest/dist/chunks/traces.CCmnQaNT.js:142:27)\n' +
    '    at trace (file:///C:/Users/ferna/Downloads/appforge-main/node_modules/vitest/dist/chunks/test.B8ej_ZHS.js:239:21)\n' +
    '    at runTest (file:///C:/Users/ferna/Downloads/appforge-main/node_modules/@vitest/runner/dist/index.js:1653:12)',
  timestamp: '2026-01-29T14:34:15.652Z',
  context: {},
  userAgent: 'Mozilla/5.0 (win32) AppleWebKit/537.36 (KHTML, like Gecko) jsdom/25.0.1',
  url: 'http://localhost:3000/',
  env: 'development'
}
≡ƒö┤ Error captured: {
  message: 'Error 127',
  stack: 'Error: Error 127\n' +
    '    at C:/Users/ferna/Downloads/appforge-main/src/utils/__tests__/errorTracking.test.js:40:33\n' +
    '    at file:///C:/Users/ferna/Downloads/appforge-main/node_modules/@vitest/runner/dist/index.js:145:11\n' +
    '    at file:///C:/Users/ferna/Downloads/appforge-main/node_modules/@vitest/runner/dist/index.js:915:26\n' +
    '    at file:///C:/Users/ferna/Downloads/appforge-main/node_modules/@vitest/runner/dist/index.js:1243:20\n' +
    '    at new Promise (<anonymous>)\n' +
    '    at runWithTimeout (file:///C:/Users/ferna/Downloads/appforge-main/node_modules/@vitest/runner/dist/index.js:1209:10)\n' +
    '    at file:///C:/Users/ferna/Downloads/appforge-main/node_modules/@vitest/runner/dist/index.js:1653:37\n' +
    '    at Traces.$ (file:///C:/Users/ferna/Downloads/appforge-main/node_modules/vitest/dist/chunks/traces.CCmnQaNT.js:142:27)\n' +
    '    at trace (file:///C:/Users/ferna/Downloads/appforge-main/node_modules/vitest/dist/chunks/test.B8ej_ZHS.js:239:21)\n' +
    '    at runTest (file:///C:/Users/ferna/Downloads/appforge-main/node_modules/@vitest/runner/dist/index.js:1653:12)',
  timestamp: '2026-01-29T14:34:15.653Z',
  context: {},
  userAgent: 'Mozilla/5.0 (win32) AppleWebKit/537.36 (KHTML, like Gecko) jsdom/25.0.1',
  url: 'http://localhost:3000/',
  env: 'development'
}
≡ƒö┤ Error captured: {
  message: 'Error 128',
  stack: 'Error: Error 128\n' +
    '    at C:/Users/ferna/Downloads/appforge-main/src/utils/__tests__/errorTracking.test.js:40:33\n' +
    '    at file:///C:/Users/ferna/Downloads/appforge-main/node_modules/@vitest/runner/dist/index.js:145:11\n' +
    '    at file:///C:/Users/ferna/Downloads/appforge-main/node_modules/@vitest/runner/dist/index.js:915:26\n' +
    '    at file:///C:/Users/ferna/Downloads/appforge-main/node_modules/@vitest/runner/dist/index.js:1243:20\n' +
    '    at new Promise (<anonymous>)\n' +
    '    at runWithTimeout (file:///C:/Users/ferna/Downloads/appforge-main/node_modules/@vitest/runner/dist/index.js:1209:10)\n' +
    '    at file:///C:/Users/ferna/Downloads/appforge-main/node_modules/@vitest/runner/dist/index.js:1653:37\n' +
    '    at Traces.$ (file:///C:/Users/ferna/Downloads/appforge-main/node_modules/vitest/dist/chunks/traces.CCmnQaNT.js:142:27)\n' +
    '    at trace (file:///C:/Users/ferna/Downloads/appforge-main/node_modules/vitest/dist/chunks/test.B8ej_ZHS.js:239:21)\n' +
    '    at runTest (file:///C:/Users/ferna/Downloads/appforge-main/node_modules/@vitest/runner/dist/index.js:1653:12)',
  timestamp: '2026-01-29T14:34:15.653Z',
  context: {},
  userAgent: 'Mozilla/5.0 (win32) AppleWebKit/537.36 (KHTML, like Gecko) jsdom/25.0.1',
  url: 'http://localhost:3000/',
  env: 'development'
}
≡ƒö┤ Error captured: {
  message: 'Error 129',
  stack: 'Error: Error 129\n' +
    '    at C:/Users/ferna/Downloads/appforge-main/src/utils/__tests__/errorTracking.test.js:40:33\n' +
    '    at file:///C:/Users/ferna/Downloads/appforge-main/node_modules/@vitest/runner/dist/index.js:145:11\n' +
    '    at file:///C:/Users/ferna/Downloads/appforge-main/node_modules/@vitest/runner/dist/index.js:915:26\n' +
    '    at file:///C:/Users/ferna/Downloads/appforge-main/node_modules/@vitest/runner/dist/index.js:1243:20\n' +
    '    at new Promise (<anonymous>)\n' +
    '    at runWithTimeout (file:///C:/Users/ferna/Downloads/appforge-main/node_modules/@vitest/runner/dist/index.js:1209:10)\n' +
    '    at file:///C:/Users/ferna/Downloads/appforge-main/node_modules/@vitest/runner/dist/index.js:1653:37\n' +
    '    at Traces.$ (file:///C:/Users/ferna/Downloads/appforge-main/node_modules/vitest/dist/chunks/traces.CCmnQaNT.js:142:27)\n' +
    '    at trace (file:///C:/Users/ferna/Downloads/appforge-main/node_modules/vitest/dist/chunks/test.B8ej_ZHS.js:239:21)\n' +
    '    at runTest (file:///C:/Users/ferna/Downloads/appforge-main/node_modules/@vitest/runner/dist/index.js:1653:12)',
  timestamp: '2026-01-29T14:34:15.654Z',
  context: {},
  userAgent: 'Mozilla/5.0 (win32) AppleWebKit/537.36 (KHTML, like Gecko) jsdom/25.0.1',
  url: 'http://localhost:3000/',
  env: 'development'
}
≡ƒö┤ Error captured: {
  message: 'Error 130',
  stack: 'Error: Error 130\n' +
    '    at C:/Users/ferna/Downloads/appforge-main/src/utils/__tests__/errorTracking.test.js:40:33\n' +
    '    at file:///C:/Users/ferna/Downloads/appforge-main/node_modules/@vitest/runner/dist/index.js:145:11\n' +
    '    at file:///C:/Users/ferna/Downloads/appforge-main/node_modules/@vitest/runner/dist/index.js:915:26\n' +
    '    at file:///C:/Users/ferna/Downloads/appforge-main/node_modules/@vitest/runner/dist/index.js:1243:20\n' +
    '    at new Promise (<anonymous>)\n' +
    '    at runWithTimeout (file:///C:/Users/ferna/Downloads/appforge-main/node_modules/@vitest/runner/dist/index.js:1209:10)\n' +
    '    at file:///C:/Users/ferna/Downloads/appforge-main/node_modules/@vitest/runner/dist/index.js:1653:37\n' +
    '    at Traces.$ (file:///C:/Users/ferna/Downloads/appforge-main/node_modules/vitest/dist/chunks/traces.CCmnQaNT.js:142:27)\n' +
    '    at trace (file:///C:/Users/ferna/Downloads/appforge-main/node_modules/vitest/dist/chunks/test.B8ej_ZHS.js:239:21)\n' +
    '    at runTest (file:///C:/Users/ferna/Downloads/appforge-main/node_modules/@vitest/runner/dist/index.js:1653:12)',
  timestamp: '2026-01-29T14:34:15.660Z',
  context: {},
  userAgent: 'Mozilla/5.0 (win32) AppleWebKit/537.36 (KHTML, like Gecko) jsdom/25.0.1',
  url: 'http://localhost:3000/',
  env: 'development'
}
≡ƒö┤ Error captured: {
  message: 'Error 131',
  stack: 'Error: Error 131\n' +
    '    at C:/Users/ferna/Downloads/appforge-main/src/utils/__tests__/errorTracking.test.js:40:33\n' +
    '    at file:///C:/Users/ferna/Downloads/appforge-main/node_modules/@vitest/runner/dist/index.js:145:11\n' +
    '    at file:///C:/Users/ferna/Downloads/appforge-main/node_modules/@vitest/runner/dist/index.js:915:26\n' +
    '    at file:///C:/Users/ferna/Downloads/appforge-main/node_modules/@vitest/runner/dist/index.js:1243:20\n' +
    '    at new Promise (<anonymous>)\n' +
    '    at runWithTimeout (file:///C:/Users/ferna/Downloads/appforge-main/node_modules/@vitest/runner/dist/index.js:1209:10)\n' +
    '    at file:///C:/Users/ferna/Downloads/appforge-main/node_modules/@vitest/runner/dist/index.js:1653:37\n' +
    '    at Traces.$ (file:///C:/Users/ferna/Downloads/appforge-main/node_modules/vitest/dist/chunks/traces.CCmnQaNT.js:142:27)\n' +
    '    at trace (file:///C:/Users/ferna/Downloads/appforge-main/node_modules/vitest/dist/chunks/test.B8ej_ZHS.js:239:21)\n' +
    '    at runTest (file:///C:/Users/ferna/Downloads/appforge-main/node_modules/@vitest/runner/dist/index.js:1653:12)',
  timestamp: '2026-01-29T14:34:15.660Z',
  context: {},
  userAgent: 'Mozilla/5.0 (win32) AppleWebKit/537.36 (KHTML, like Gecko) jsdom/25.0.1',
  url: 'http://localhost:3000/',
  env: 'development'
}
≡ƒö┤ Error captured: {
  message: 'Error 132',
  stack: 'Error: Error 132\n' +
    '    at C:/Users/ferna/Downloads/appforge-main/src/utils/__tests__/errorTracking.test.js:40:33\n' +
    '    at file:///C:/Users/ferna/Downloads/appforge-main/node_modules/@vitest/runner/dist/index.js:145:11\n' +
    '    at file:///C:/Users/ferna/Downloads/appforge-main/node_modules/@vitest/runner/dist/index.js:915:26\n' +
    '    at file:///C:/Users/ferna/Downloads/appforge-main/node_modules/@vitest/runner/dist/index.js:1243:20\n' +
    '    at new Promise (<anonymous>)\n' +
    '    at runWithTimeout (file:///C:/Users/ferna/Downloads/appforge-main/node_modules/@vitest/runner/dist/index.js:1209:10)\n' +
    '    at file:///C:/Users/ferna/Downloads/appforge-main/node_modules/@vitest/runner/dist/index.js:1653:37\n' +
    '    at Traces.$ (file:///C:/Users/ferna/Downloads/appforge-main/node_modules/vitest/dist/chunks/traces.CCmnQaNT.js:142:27)\n' +
    '    at trace (file:///C:/Users/ferna/Downloads/appforge-main/node_modules/vitest/dist/chunks/test.B8ej_ZHS.js:239:21)\n' +
    '    at runTest (file:///C:/Users/ferna/Downloads/appforge-main/node_modules/@vitest/runner/dist/index.js:1653:12)',
  timestamp: '2026-01-29T14:34:15.661Z',
  context: {},
  userAgent: 'Mozilla/5.0 (win32) AppleWebKit/537.36 (KHTML, like Gecko) jsdom/25.0.1',
  url: 'http://localhost:3000/',
  env: 'development'
}
≡ƒö┤ Error captured: {
  message: 'Error 133',
  stack: 'Error: Error 133\n' +
    '    at C:/Users/ferna/Downloads/appforge-main/src/utils/__tests__/errorTracking.test.js:40:33\n' +
    '    at file:///C:/Users/ferna/Downloads/appforge-main/node_modules/@vitest/runner/dist/index.js:145:11\n' +
    '    at file:///C:/Users/ferna/Downloads/appforge-main/node_modules/@vitest/runner/dist/index.js:915:26\n' +
    '    at file:///C:/Users/ferna/Downloads/appforge-main/node_modules/@vitest/runner/dist/index.js:1243:20\n' +
    '    at new Promise (<anonymous>)\n' +
    '    at runWithTimeout (file:///C:/Users/ferna/Downloads/appforge-main/node_modules/@vitest/runner/dist/index.js:1209:10)\n' +
    '    at file:///C:/Users/ferna/Downloads/appforge-main/node_modules/@vitest/runner/dist/index.js:1653:37\n' +
    '    at Traces.$ (file:///C:/Users/ferna/Downloads/appforge-main/node_modules/vitest/dist/chunks/traces.CCmnQaNT.js:142:27)\n' +
    '    at trace (file:///C:/Users/ferna/Downloads/appforge-main/node_modules/vitest/dist/chunks/test.B8ej_ZHS.js:239:21)\n' +
    '    at runTest (file:///C:/Users/ferna/Downloads/appforge-main/node_modules/@vitest/runner/dist/index.js:1653:12)',
  timestamp: '2026-01-29T14:34:15.661Z',
  context: {},
  userAgent: 'Mozilla/5.0 (win32) AppleWebKit/537.36 (KHTML, like Gecko) jsdom/25.0.1',
  url: 'http://localhost:3000/',
  env: 'development'
}
≡ƒö┤ Error captured: {
  message: 'Error 134',
  stack: 'Error: Error 134\n' +
    '    at C:/Users/ferna/Downloads/appforge-main/src/utils/__tests__/errorTracking.test.js:40:33\n' +
    '    at file:///C:/Users/ferna/Downloads/appforge-main/node_modules/@vitest/runner/dist/index.js:145:11\n' +
    '    at file:///C:/Users/ferna/Downloads/appforge-main/node_modules/@vitest/runner/dist/index.js:915:26\n' +
    '    at file:///C:/Users/ferna/Downloads/appforge-main/node_modules/@vitest/runner/dist/index.js:1243:20\n' +
    '    at new Promise (<anonymous>)\n' +
    '    at runWithTimeout (file:///C:/Users/ferna/Downloads/appforge-main/node_modules/@vitest/runner/dist/index.js:1209:10)\n' +
    '    at file:///C:/Users/ferna/Downloads/appforge-main/node_modules/@vitest/runner/dist/index.js:1653:37\n' +
    '    at Traces.$ (file:///C:/Users/ferna/Downloads/appforge-main/node_modules/vitest/dist/chunks/traces.CCmnQaNT.js:142:27)\n' +
    '    at trace (file:///C:/Users/ferna/Downloads/appforge-main/node_modules/vitest/dist/chunks/test.B8ej_ZHS.js:239:21)\n' +
    '    at runTest (file:///C:/Users/ferna/Downloads/appforge-main/node_modules/@vitest/runner/dist/index.js:1653:12)',
  timestamp: '2026-01-29T14:34:15.662Z',
  context: {},
  userAgent: 'Mozilla/5.0 (win32) AppleWebKit/537.36 (KHTML, like Gecko) jsdom/25.0.1',
  url: 'http://localhost:3000/',
  env: 'development'
}
≡ƒö┤ Error captured: {
  message: 'Error 135',
  stack: 'Error: Error 135\n' +
    '    at C:/Users/ferna/Downloads/appforge-main/src/utils/__tests__/errorTracking.test.js:40:33\n' +
    '    at file:///C:/Users/ferna/Downloads/appforge-main/node_modules/@vitest/runner/dist/index.js:145:11\n' +
    '    at file:///C:/Users/ferna/Downloads/appforge-main/node_modules/@vitest/runner/dist/index.js:915:26\n' +
    '    at file:///C:/Users/ferna/Downloads/appforge-main/node_modules/@vitest/runner/dist/index.js:1243:20\n' +
    '    at new Promise (<anonymous>)\n' +
    '    at runWithTimeout (file:///C:/Users/ferna/Downloads/appforge-main/node_modules/@vitest/runner/dist/index.js:1209:10)\n' +
    '    at file:///C:/Users/ferna/Downloads/appforge-main/node_modules/@vitest/runner/dist/index.js:1653:37\n' +
    '    at Traces.$ (file:///C:/Users/ferna/Downloads/appforge-main/node_modules/vitest/dist/chunks/traces.CCmnQaNT.js:142:27)\n' +
    '    at trace (file:///C:/Users/ferna/Downloads/appforge-main/node_modules/vitest/dist/chunks/test.B8ej_ZHS.js:239:21)\n' +
    '    at runTest (file:///C:/Users/ferna/Downloads/appforge-main/node_modules/@vitest/runner/dist/index.js:1653:12)',
  timestamp: '2026-01-29T14:34:15.663Z',
  context: {},
  userAgent: 'Mozilla/5.0 (win32) AppleWebKit/537.36 (KHTML, like Gecko) jsdom/25.0.1',
  url: 'http://localhost:3000/',
  env: 'development'
}
≡ƒö┤ Error captured: {
  message: 'Error 136',
  stack: 'Error: Error 136\n' +
    '    at C:/Users/ferna/Downloads/appforge-main/src/utils/__tests__/errorTracking.test.js:40:33\n' +
    '    at file:///C:/Users/ferna/Downloads/appforge-main/node_modules/@vitest/runner/dist/index.js:145:11\n' +
    '    at file:///C:/Users/ferna/Downloads/appforge-main/node_modules/@vitest/runner/dist/index.js:915:26\n' +
    '    at file:///C:/Users/ferna/Downloads/appforge-main/node_modules/@vitest/runner/dist/index.js:1243:20\n' +
    '    at new Promise (<anonymous>)\n' +
    '    at runWithTimeout (file:///C:/Users/ferna/Downloads/appforge-main/node_modules/@vitest/runner/dist/index.js:1209:10)\n' +
    '    at file:///C:/Users/ferna/Downloads/appforge-main/node_modules/@vitest/runner/dist/index.js:1653:37\n' +
    '    at Traces.$ (file:///C:/Users/ferna/Downloads/appforge-main/node_modules/vitest/dist/chunks/traces.CCmnQaNT.js:142:27)\n' +
    '    at trace (file:///C:/Users/ferna/Downloads/appforge-main/node_modules/vitest/dist/chunks/test.B8ej_ZHS.js:239:21)\n' +
    '    at runTest (file:///C:/Users/ferna/Downloads/appforge-main/node_modules/@vitest/runner/dist/index.js:1653:12)',
  timestamp: '2026-01-29T14:34:15.664Z',
  context: {},
  userAgent: 'Mozilla/5.0 (win32) AppleWebKit/537.36 (KHTML, like Gecko) jsdom/25.0.1',
  url: 'http://localhost:3000/',
  env: 'development'
}
≡ƒö┤ Error captured: {
  message: 'Error 137',
  stack: 'Error: Error 137\n' +
    '    at C:/Users/ferna/Downloads/appforge-main/src/utils/__tests__/errorTracking.test.js:40:33\n' +
    '    at file:///C:/Users/ferna/Downloads/appforge-main/node_modules/@vitest/runner/dist/index.js:145:11\n' +
    '    at file:///C:/Users/ferna/Downloads/appforge-main/node_modules/@vitest/runner/dist/index.js:915:26\n' +
    '    at file:///C:/Users/ferna/Downloads/appforge-main/node_modules/@vitest/runner/dist/index.js:1243:20\n' +
    '    at new Promise (<anonymous>)\n' +
    '    at runWithTimeout (file:///C:/Users/ferna/Downloads/appforge-main/node_modules/@vitest/runner/dist/index.js:1209:10)\n' +
    '    at file:///C:/Users/ferna/Downloads/appforge-main/node_modules/@vitest/runner/dist/index.js:1653:37\n' +
    '    at Traces.$ (file:///C:/Users/ferna/Downloads/appforge-main/node_modules/vitest/dist/chunks/traces.CCmnQaNT.js:142:27)\n' +
    '    at trace (file:///C:/Users/ferna/Downloads/appforge-main/node_modules/vitest/dist/chunks/test.B8ej_ZHS.js:239:21)\n' +
    '    at runTest (file:///C:/Users/ferna/Downloads/appforge-main/node_modules/@vitest/runner/dist/index.js:1653:12)',
  timestamp: '2026-01-29T14:34:15.664Z',
  context: {},
  userAgent: 'Mozilla/5.0 (win32) AppleWebKit/537.36 (KHTML, like Gecko) jsdom/25.0.1',
  url: 'http://localhost:3000/',
  env: 'development'
}
≡ƒö┤ Error captured: {
  message: 'Error 138',
  stack: 'Error: Error 138\n' +
    '    at C:/Users/ferna/Downloads/appforge-main/src/utils/__tests__/errorTracking.test.js:40:33\n' +
    '    at file:///C:/Users/ferna/Downloads/appforge-main/node_modules/@vitest/runner/dist/index.js:145:11\n' +
    '    at file:///C:/Users/ferna/Downloads/appforge-main/node_modules/@vitest/runner/dist/index.js:915:26\n' +
    '    at file:///C:/Users/ferna/Downloads/appforge-main/node_modules/@vitest/runner/dist/index.js:1243:20\n' +
    '    at new Promise (<anonymous>)\n' +
    '    at runWithTimeout (file:///C:/Users/ferna/Downloads/appforge-main/node_modules/@vitest/runner/dist/index.js:1209:10)\n' +
    '    at file:///C:/Users/ferna/Downloads/appforge-main/node_modules/@vitest/runner/dist/index.js:1653:37\n' +
    '    at Traces.$ (file:///C:/Users/ferna/Downloads/appforge-main/node_modules/vitest/dist/chunks/traces.CCmnQaNT.js:142:27)\n' +
    '    at trace (file:///C:/Users/ferna/Downloads/appforge-main/node_modules/vitest/dist/chunks/test.B8ej_ZHS.js:239:21)\n' +
    '    at runTest (file:///C:/Users/ferna/Downloads/appforge-main/node_modules/@vitest/runner/dist/index.js:1653:12)',
  timestamp: '2026-01-29T14:34:15.665Z',
  context: {},
  userAgent: 'Mozilla/5.0 (win32) AppleWebKit/537.36 (KHTML, like Gecko) jsdom/25.0.1',
  url: 'http://localhost:3000/',
  env: 'development'
}
≡ƒö┤ Error captured: {
  message: 'Error 139',
  stack: 'Error: Error 139\n' +
    '    at C:/Users/ferna/Downloads/appforge-main/src/utils/__tests__/errorTracking.test.js:40:33\n' +
    '    at file:///C:/Users/ferna/Downloads/appforge-main/node_modules/@vitest/runner/dist/index.js:145:11\n' +
    '    at file:///C:/Users/ferna/Downloads/appforge-main/node_modules/@vitest/runner/dist/index.js:915:26\n' +
    '    at file:///C:/Users/ferna/Downloads/appforge-main/node_modules/@vitest/runner/dist/index.js:1243:20\n' +
    '    at new Promise (<anonymous>)\n' +
    '    at runWithTimeout (file:///C:/Users/ferna/Downloads/appforge-main/node_modules/@vitest/runner/dist/index.js:1209:10)\n' +
    '    at file:///C:/Users/ferna/Downloads/appforge-main/node_modules/@vitest/runner/dist/index.js:1653:37\n' +
    '    at Traces.$ (file:///C:/Users/ferna/Downloads/appforge-main/node_modules/vitest/dist/chunks/traces.CCmnQaNT.js:142:27)\n' +
    '    at trace (file:///C:/Users/ferna/Downloads/appforge-main/node_modules/vitest/dist/chunks/test.B8ej_ZHS.js:239:21)\n' +
    '    at runTest (file:///C:/Users/ferna/Downloads/appforge-main/node_modules/@vitest/runner/dist/index.js:1653:12)',
  timestamp: '2026-01-29T14:34:15.665Z',
  context: {},
  userAgent: 'Mozilla/5.0 (win32) AppleWebKit/537.36 (KHTML, like Gecko) jsdom/25.0.1',
  url: 'http://localhost:3000/',
  env: 'development'
}
≡ƒö┤ Error captured: {
  message: 'Error 140',
  stack: 'Error: Error 140\n' +
    '    at C:/Users/ferna/Downloads/appforge-main/src/utils/__tests__/errorTracking.test.js:40:33\n' +
    '    at file:///C:/Users/ferna/Downloads/appforge-main/node_modules/@vitest/runner/dist/index.js:145:11\n' +
    '    at file:///C:/Users/ferna/Downloads/appforge-main/node_modules/@vitest/runner/dist/index.js:915:26\n' +
    '    at file:///C:/Users/ferna/Downloads/appforge-main/node_modules/@vitest/runner/dist/index.js:1243:20\n' +
    '    at new Promise (<anonymous>)\n' +
    '    at runWithTimeout (file:///C:/Users/ferna/Downloads/appforge-main/node_modules/@vitest/runner/dist/index.js:1209:10)\n' +
    '    at file:///C:/Users/ferna/Downloads/appforge-main/node_modules/@vitest/runner/dist/index.js:1653:37\n' +
    '    at Traces.$ (file:///C:/Users/ferna/Downloads/appforge-main/node_modules/vitest/dist/chunks/traces.CCmnQaNT.js:142:27)\n' +
    '    at trace (file:///C:/Users/ferna/Downloads/appforge-main/node_modules/vitest/dist/chunks/test.B8ej_ZHS.js:239:21)\n' +
    '    at runTest (file:///C:/Users/ferna/Downloads/appforge-main/node_modules/@vitest/runner/dist/index.js:1653:12)',
  timestamp: '2026-01-29T14:34:15.666Z',
  context: {},
  userAgent: 'Mozilla/5.0 (win32) AppleWebKit/537.36 (KHTML, like Gecko) jsdom/25.0.1',
  url: 'http://localhost:3000/',
  env: 'development'
}
≡ƒö┤ Error captured: {
  message: 'Error 141',
  stack: 'Error: Error 141\n' +
    '    at C:/Users/ferna/Downloads/appforge-main/src/utils/__tests__/errorTracking.test.js:40:33\n' +
    '    at file:///C:/Users/ferna/Downloads/appforge-main/node_modules/@vitest/runner/dist/index.js:145:11\n' +
    '    at file:///C:/Users/ferna/Downloads/appforge-main/node_modules/@vitest/runner/dist/index.js:915:26\n' +
    '    at file:///C:/Users/ferna/Downloads/appforge-main/node_modules/@vitest/runner/dist/index.js:1243:20\n' +
    '    at new Promise (<anonymous>)\n' +
    '    at runWithTimeout (file:///C:/Users/ferna/Downloads/appforge-main/node_modules/@vitest/runner/dist/index.js:1209:10)\n' +
    '    at file:///C:/Users/ferna/Downloads/appforge-main/node_modules/@vitest/runner/dist/index.js:1653:37\n' +
    '    at Traces.$ (file:///C:/Users/ferna/Downloads/appforge-main/node_modules/vitest/dist/chunks/traces.CCmnQaNT.js:142:27)\n' +
    '    at trace (file:///C:/Users/ferna/Downloads/appforge-main/node_modules/vitest/dist/chunks/test.B8ej_ZHS.js:239:21)\n' +
    '    at runTest (file:///C:/Users/ferna/Downloads/appforge-main/node_modules/@vitest/runner/dist/index.js:1653:12)',
  timestamp: '2026-01-29T14:34:15.666Z',
  context: {},
  userAgent: 'Mozilla/5.0 (win32) AppleWebKit/537.36 (KHTML, like Gecko) jsdom/25.0.1',
  url: 'http://localhost:3000/',
  env: 'development'
}
≡ƒö┤ Error captured: {
  message: 'Error 142',
  stack: 'Error: Error 142\n' +
    '    at C:/Users/ferna/Downloads/appforge-main/src/utils/__tests__/errorTracking.test.js:40:33\n' +
    '    at file:///C:/Users/ferna/Downloads/appforge-main/node_modules/@vitest/runner/dist/index.js:145:11\n' +
    '    at file:///C:/Users/ferna/Downloads/appforge-main/node_modules/@vitest/runner/dist/index.js:915:26\n' +
    '    at file:///C:/Users/ferna/Downloads/appforge-main/node_modules/@vitest/runner/dist/index.js:1243:20\n' +
    '    at new Promise (<anonymous>)\n' +
    '    at runWithTimeout (file:///C:/Users/ferna/Downloads/appforge-main/node_modules/@vitest/runner/dist/index.js:1209:10)\n' +
    '    at file:///C:/Users/ferna/Downloads/appforge-main/node_modules/@vitest/runner/dist/index.js:1653:37\n' +
    '    at Traces.$ (file:///C:/Users/ferna/Downloads/appforge-main/node_modules/vitest/dist/chunks/traces.CCmnQaNT.js:142:27)\n' +
    '    at trace (file:///C:/Users/ferna/Downloads/appforge-main/node_modules/vitest/dist/chunks/test.B8ej_ZHS.js:239:21)\n' +
    '    at runTest (file:///C:/Users/ferna/Downloads/appforge-main/node_modules/@vitest/runner/dist/index.js:1653:12)',
  timestamp: '2026-01-29T14:34:15.666Z',
  context: {},
  userAgent: 'Mozilla/5.0 (win32) AppleWebKit/537.36 (KHTML, like Gecko) jsdom/25.0.1',
  url: 'http://localhost:3000/',
  env: 'development'
}
≡ƒö┤ Error captured: {
  message: 'Error 143',
  stack: 'Error: Error 143\n' +
    '    at C:/Users/ferna/Downloads/appforge-main/src/utils/__tests__/errorTracking.test.js:40:33\n' +
    '    at file:///C:/Users/ferna/Downloads/appforge-main/node_modules/@vitest/runner/dist/index.js:145:11\n' +
    '    at file:///C:/Users/ferna/Downloads/appforge-main/node_modules/@vitest/runner/dist/index.js:915:26\n' +
    '    at file:///C:/Users/ferna/Downloads/appforge-main/node_modules/@vitest/runner/dist/index.js:1243:20\n' +
    '    at new Promise (<anonymous>)\n' +
    '    at runWithTimeout (file:///C:/Users/ferna/Downloads/appforge-main/node_modules/@vitest/runner/dist/index.js:1209:10)\n' +
    '    at file:///C:/Users/ferna/Downloads/appforge-main/node_modules/@vitest/runner/dist/index.js:1653:37\n' +
    '    at Traces.$ (file:///C:/Users/ferna/Downloads/appforge-main/node_modules/vitest/dist/chunks/traces.CCmnQaNT.js:142:27)\n' +
    '    at trace (file:///C:/Users/ferna/Downloads/appforge-main/node_modules/vitest/dist/chunks/test.B8ej_ZHS.js:239:21)\n' +
    '    at runTest (file:///C:/Users/ferna/Downloads/appforge-main/node_modules/@vitest/runner/dist/index.js:1653:12)',
  timestamp: '2026-01-29T14:34:15.667Z',
  context: {},
  userAgent: 'Mozilla/5.0 (win32) AppleWebKit/537.36 (KHTML, like Gecko) jsdom/25.0.1',
  url: 'http://localhost:3000/',
  env: 'development'
}
≡ƒö┤ Error captured: {
  message: 'Error 144',
  stack: 'Error: Error 144\n' +
    '    at C:/Users/ferna/Downloads/appforge-main/src/utils/__tests__/errorTracking.test.js:40:33\n' +
    '    at file:///C:/Users/ferna/Downloads/appforge-main/node_modules/@vitest/runner/dist/index.js:145:11\n' +
    '    at file:///C:/Users/ferna/Downloads/appforge-main/node_modules/@vitest/runner/dist/index.js:915:26\n' +
    '    at file:///C:/Users/ferna/Downloads/appforge-main/node_modules/@vitest/runner/dist/index.js:1243:20\n' +
    '    at new Promise (<anonymous>)\n' +
    '    at runWithTimeout (file:///C:/Users/ferna/Downloads/appforge-main/node_modules/@vitest/runner/dist/index.js:1209:10)\n' +
    '    at file:///C:/Users/ferna/Downloads/appforge-main/node_modules/@vitest/runner/dist/index.js:1653:37\n' +
    '    at Traces.$ (file:///C:/Users/ferna/Downloads/appforge-main/node_modules/vitest/dist/chunks/traces.CCmnQaNT.js:142:27)\n' +
    '    at trace (file:///C:/Users/ferna/Downloads/appforge-main/node_modules/vitest/dist/chunks/test.B8ej_ZHS.js:239:21)\n' +
    '    at runTest (file:///C:/Users/ferna/Downloads/appforge-main/node_modules/@vitest/runner/dist/index.js:1653:12)',
  timestamp: '2026-01-29T14:34:15.668Z',
  context: {},
  userAgent: 'Mozilla/5.0 (win32) AppleWebKit/537.36 (KHTML, like Gecko) jsdom/25.0.1',
  url: 'http://localhost:3000/',
  env: 'development'
}
≡ƒö┤ Error captured: {
  message: 'Error 145',
  stack: 'Error: Error 145\n' +
    '    at C:/Users/ferna/Downloads/appforge-main/src/utils/__tests__/errorTracking.test.js:40:33\n' +
    '    at file:///C:/Users/ferna/Downloads/appforge-main/node_modules/@vitest/runner/dist/index.js:145:11\n' +
    '    at file:///C:/Users/ferna/Downloads/appforge-main/node_modules/@vitest/runner/dist/index.js:915:26\n' +
    '    at file:///C:/Users/ferna/Downloads/appforge-main/node_modules/@vitest/runner/dist/index.js:1243:20\n' +
    '    at new Promise (<anonymous>)\n' +
    '    at runWithTimeout (file:///C:/Users/ferna/Downloads/appforge-main/node_modules/@vitest/runner/dist/index.js:1209:10)\n' +
    '    at file:///C:/Users/ferna/Downloads/appforge-main/node_modules/@vitest/runner/dist/index.js:1653:37\n' +
    '    at Traces.$ (file:///C:/Users/ferna/Downloads/appforge-main/node_modules/vitest/dist/chunks/traces.CCmnQaNT.js:142:27)\n' +
    '    at trace (file:///C:/Users/ferna/Downloads/appforge-main/node_modules/vitest/dist/chunks/test.B8ej_ZHS.js:239:21)\n' +
    '    at runTest (file:///C:/Users/ferna/Downloads/appforge-main/node_modules/@vitest/runner/dist/index.js:1653:12)',
  timestamp: '2026-01-29T14:34:15.668Z',
  context: {},
  userAgent: 'Mozilla/5.0 (win32) AppleWebKit/537.36 (KHTML, like Gecko) jsdom/25.0.1',
  url: 'http://localhost:3000/',
  env: 'development'
}
≡ƒö┤ Error captured: {
  message: 'Error 146',
  stack: 'Error: Error 146\n' +
    '    at C:/Users/ferna/Downloads/appforge-main/src/utils/__tests__/errorTracking.test.js:40:33\n' +
    '    at file:///C:/Users/ferna/Downloads/appforge-main/node_modules/@vitest/runner/dist/index.js:145:11\n' +
    '    at file:///C:/Users/ferna/Downloads/appforge-main/node_modules/@vitest/runner/dist/index.js:915:26\n' +
    '    at file:///C:/Users/ferna/Downloads/appforge-main/node_modules/@vitest/runner/dist/index.js:1243:20\n' +
    '    at new Promise (<anonymous>)\n' +
    '    at runWithTimeout (file:///C:/Users/ferna/Downloads/appforge-main/node_modules/@vitest/runner/dist/index.js:1209:10)\n' +
    '    at file:///C:/Users/ferna/Downloads/appforge-main/node_modules/@vitest/runner/dist/index.js:1653:37\n' +
    '    at Traces.$ (file:///C:/Users/ferna/Downloads/appforge-main/node_modules/vitest/dist/chunks/traces.CCmnQaNT.js:142:27)\n' +
    '    at trace (file:///C:/Users/ferna/Downloads/appforge-main/node_modules/vitest/dist/chunks/test.B8ej_ZHS.js:239:21)\n' +
    '    at runTest (file:///C:/Users/ferna/Downloads/appforge-main/node_modules/@vitest/runner/dist/index.js:1653:12)',
  timestamp: '2026-01-29T14:34:15.669Z',
  context: {},
  userAgent: 'Mozilla/5.0 (win32) AppleWebKit/537.36 (KHTML, like Gecko) jsdom/25.0.1',
  url: 'http://localhost:3000/',
  env: 'development'
}
≡ƒö┤ Error captured: {
  message: 'Error 147',
  stack: 'Error: Error 147\n' +
    '    at C:/Users/ferna/Downloads/appforge-main/src/utils/__tests__/errorTracking.test.js:40:33\n' +
    '    at file:///C:/Users/ferna/Downloads/appforge-main/node_modules/@vitest/runner/dist/index.js:145:11\n' +
    '    at file:///C:/Users/ferna/Downloads/appforge-main/node_modules/@vitest/runner/dist/index.js:915:26\n' +
    '    at file:///C:/Users/ferna/Downloads/appforge-main/node_modules/@vitest/runner/dist/index.js:1243:20\n' +
    '    at new Promise (<anonymous>)\n' +
    '    at runWithTimeout (file:///C:/Users/ferna/Downloads/appforge-main/node_modules/@vitest/runner/dist/index.js:1209:10)\n' +
    '    at file:///C:/Users/ferna/Downloads/appforge-main/node_modules/@vitest/runner/dist/index.js:1653:37\n' +
    '    at Traces.$ (file:///C:/Users/ferna/Downloads/appforge-main/node_modules/vitest/dist/chunks/traces.CCmnQaNT.js:142:27)\n' +
    '    at trace (file:///C:/Users/ferna/Downloads/appforge-main/node_modules/vitest/dist/chunks/test.B8ej_ZHS.js:239:21)\n' +
    '    at runTest (file:///C:/Users/ferna/Downloads/appforge-main/node_modules/@vitest/runner/dist/index.js:1653:12)',
  timestamp: '2026-01-29T14:34:15.669Z',
  context: {},
  userAgent: 'Mozilla/5.0 (win32) AppleWebKit/537.36 (KHTML, like Gecko) jsdom/25.0.1',
  url: 'http://localhost:3000/',
  env: 'development'
}
≡ƒö┤ Error captured: {
  message: 'Error 148',
  stack: 'Error: Error 148\n' +
    '    at C:/Users/ferna/Downloads/appforge-main/src/utils/__tests__/errorTracking.test.js:40:33\n' +
    '    at file:///C:/Users/ferna/Downloads/appforge-main/node_modules/@vitest/runner/dist/index.js:145:11\n' +
    '    at file:///C:/Users/ferna/Downloads/appforge-main/node_modules/@vitest/runner/dist/index.js:915:26\n' +
    '    at file:///C:/Users/ferna/Downloads/appforge-main/node_modules/@vitest/runner/dist/index.js:1243:20\n' +
    '    at new Promise (<anonymous>)\n' +
    '    at runWithTimeout (file:///C:/Users/ferna/Downloads/appforge-main/node_modules/@vitest/runner/dist/index.js:1209:10)\n' +
    '    at file:///C:/Users/ferna/Downloads/appforge-main/node_modules/@vitest/runner/dist/index.js:1653:37\n' +
    '    at Traces.$ (file:///C:/Users/ferna/Downloads/appforge-main/node_modules/vitest/dist/chunks/traces.CCmnQaNT.js:142:27)\n' +
    '    at trace (file:///C:/Users/ferna/Downloads/appforge-main/node_modules/vitest/dist/chunks/test.B8ej_ZHS.js:239:21)\n' +
    '    at runTest (file:///C:/Users/ferna/Downloads/appforge-main/node_modules/@vitest/runner/dist/index.js:1653:12)',
  timestamp: '2026-01-29T14:34:15.670Z',
  context: {},
  userAgent: 'Mozilla/5.0 (win32) AppleWebKit/537.36 (KHTML, like Gecko) jsdom/25.0.1',
  url: 'http://localhost:3000/',
  env: 'development'
}
≡ƒö┤ Error captured: {
  message: 'Error 149',
  stack: 'Error: Error 149\n' +
    '    at C:/Users/ferna/Downloads/appforge-main/src/utils/__tests__/errorTracking.test.js:40:33\n' +
    '    at file:///C:/Users/ferna/Downloads/appforge-main/node_modules/@vitest/runner/dist/index.js:145:11\n' +
    '    at file:///C:/Users/ferna/Downloads/appforge-main/node_modules/@vitest/runner/dist/index.js:915:26\n' +
    '    at file:///C:/Users/ferna/Downloads/appforge-main/node_modules/@vitest/runner/dist/index.js:1243:20\n' +
    '    at new Promise (<anonymous>)\n' +
    '    at runWithTimeout (file:///C:/Users/ferna/Downloads/appforge-main/node_modules/@vitest/runner/dist/index.js:1209:10)\n' +
    '    at file:///C:/Users/ferna/Downloads/appforge-main/node_modules/@vitest/runner/dist/index.js:1653:37\n' +
    '    at Traces.$ (file:///C:/Users/ferna/Downloads/appforge-main/node_modules/vitest/dist/chunks/traces.CCmnQaNT.js:142:27)\n' +
    '    at trace (file:///C:/Users/ferna/Downloads/appforge-main/node_modules/vitest/dist/chunks/test.B8ej_ZHS.js:239:21)\n' +
    '    at runTest (file:///C:/Users/ferna/Downloads/appforge-main/node_modules/@vitest/runner/dist/index.js:1653:12)',
  timestamp: '2026-01-29T14:34:15.670Z',
  context: {},
  userAgent: 'Mozilla/5.0 (win32) AppleWebKit/537.36 (KHTML, like Gecko) jsdom/25.0.1',
  url: 'http://localhost:3000/',
  env: 'development'
}

[90mstdout[2m | src/utils/__tests__/errorTracking.test.js[2m > [22m[2mError Tracker[2m > [22m[2mcaptures messages with levels
[22m[39m≡ƒô¥ Message [info]: Test message { test: [33mtrue[39m }

stderr | src/utils/__tests__/errorTracking.test.js > Error Tracker > clears errors
≡ƒö┤ Error captured: {
  message: 'Test',
  stack: 'Error: Test\n' +
    '    at C:/Users/ferna/Downloads/appforge-main/src/utils/__tests__/errorTracking.test.js:58:31\n' +
    '    at file:///C:/Users/ferna/Downloads/appforge-main/node_modules/@vitest/runner/dist/index.js:145:11\n' +
    '    at file:///C:/Users/ferna/Downloads/appforge-main/node_modules/@vitest/runner/dist/index.js:915:26\n' +
    '    at file:///C:/Users/ferna/Downloads/appforge-main/node_modules/@vitest/runner/dist/index.js:1243:20\n' +
    '    at new Promise (<anonymous>)\n' +
    '    at runWithTimeout (file:///C:/Users/ferna/Downloads/appforge-main/node_modules/@vitest/runner/dist/index.js:1209:10)\n' +
    '    at file:///C:/Users/ferna/Downloads/appforge-main/node_modules/@vitest/runner/dist/index.js:1653:37\n' +
    '    at Traces.$ (file:///C:/Users/ferna/Downloads/appforge-main/node_modules/vitest/dist/chunks/traces.CCmnQaNT.js:142:27)\n' +
    '    at trace (file:///C:/Users/ferna/Downloads/appforge-main/node_modules/vitest/dist/chunks/test.B8ej_ZHS.js:239:21)\n' +
    '    at runTest (file:///C:/Users/ferna/Downloads/appforge-main/node_modules/@vitest/runner/dist/index.js:1653:12)',
  timestamp: '2026-01-29T14:34:15.678Z',
  context: {},
  userAgent: 'Mozilla/5.0 (win32) AppleWebKit/537.36 (KHTML, like Gecko) jsdom/25.0.1',
  url: 'http://localhost:3000/',
  env: 'development'
}

 [32mΓ£ô[39m src/utils/__tests__/errorTracking.test.js [2m([22m[2m5 tests[22m[2m)[22m[32m 136[2mms[22m[39m
 [32mΓ£ô[39m src/hooks/useAPIKeys.test.js [2m([22m[2m14 tests[22m[2m)[22m[32m 228[2mms[22m[39m
Error: AggregateError
    at Object.dispatchError (C:\Users\ferna\Downloads\appforge-main\node_modules\jsdom\lib\jsdom\living\xhr\xhr-utils.js:63:19)
    at Request.<anonymous> (C:\Users\ferna\Downloads\appforge-main\node_modules\jsdom\lib\jsdom\living\xhr\XMLHttpRequest-impl.js:655:18)
    at Request.emit (node:events:520:35)
    at ClientRequest.<anonymous> (C:\Users\ferna\Downloads\appforge-main\node_modules\jsdom\lib\jsdom\living\helpers\http-request.js:127:14)
    at ClientRequest.emit (node:events:508:28)
    at emitErrorEvent (node:_http_client:108:11)
    at Socket.socketErrorListener (node:_http_client:575:5)
    at Socket.emit (node:events:508:28)
    at emitErrorNT (node:internal/streams/destroy:170:8)
    at emitErrorCloseNT (node:internal/streams/destroy:129:3) undefined
stderr | src/hooks/useEnvironmentVariables.test.js
[Base44 SDK Error] undefined: Network Error

Error: AggregateError
    at Object.dispatchError (C:\Users\ferna\Downloads\appforge-main\node_modules\jsdom\lib\jsdom\living\xhr\xhr-utils.js:63:19)
    at Request.<anonymous> (C:\Users\ferna\Downloads\appforge-main\node_modules\jsdom\lib\jsdom\living\xhr\XMLHttpRequest-impl.js:655:18)
    at Request.emit (node:events:520:35)
    at ClientRequest.<anonymous> (C:\Users\ferna\Downloads\appforge-main\node_modules\jsdom\lib\jsdom\living\helpers\http-request.js:127:14)
    at ClientRequest.emit (node:events:508:28)
    at emitErrorEvent (node:_http_client:108:11)
    at Socket.socketErrorListener (node:_http_client:575:5)
    at Socket.emit (node:events:508:28)
    at emitErrorNT (node:internal/streams/destroy:170:8)
    at emitErrorCloseNT (node:internal/streams/destroy:129:3) undefined
stderr | src/hooks/useEnvironmentVariables.test.js
[Base44 SDK Error] undefined: Network Error

Error: AggregateError
    at Object.dispatchError (C:\Users\ferna\Downloads\appforge-main\node_modules\jsdom\lib\jsdom\living\xhr\xhr-utils.js:63:19)
    at Request.<anonymous> (C:\Users\ferna\Downloads\appforge-main\node_modules\jsdom\lib\jsdom\living\xhr\XMLHttpRequest-impl.js:655:18)
    at Request.emit (node:events:520:35)
    at ClientRequest.<anonymous> (C:\Users\ferna\Downloads\appforge-main\node_modules\jsdom\lib\jsdom\living\helpers\http-request.js:127:14)
    at ClientRequest.emit (node:events:508:28)
    at emitErrorEvent (node:_http_client:108:11)
    at Socket.socketErrorListener (node:_http_client:575:5)
    at Socket.emit (node:events:508:28)
    at emitErrorNT (node:internal/streams/destroy:170:8)
    at emitErrorCloseNT (node:internal/streams/destroy:129:3) undefined
stderr | src/hooks/useTeamInvites.test.js
[Base44 SDK Error] undefined: Network Error

 [32mΓ£ô[39m src/hooks/useFavorites.test.js [2m([22m[2m16 tests[22m[2m)[22m[32m 258[2mms[22m[39m
Error: AggregateError
    at Object.dispatchError (C:\Users\ferna\Downloads\appforge-main\node_modules\jsdom\lib\jsdom\living\xhr\xhr-utils.js:63:19)
    at Request.<anonymous> (C:\Users\ferna\Downloads\appforge-main\node_modules\jsdom\lib\jsdom\living\xhr\XMLHttpRequest-impl.js:655:18)
    at Request.emit (node:events:520:35)
    at ClientRequest.<anonymous> (C:\Users\ferna\Downloads\appforge-main\node_modules\jsdom\lib\jsdom\living\helpers\http-request.js:127:14)
    at ClientRequest.emit (node:events:508:28)
    at emitErrorEvent (node:_http_client:108:11)
    at Socket.socketErrorListener (node:_http_client:575:5)
    at Socket.emit (node:events:508:28)
    at emitErrorNT (node:internal/streams/destroy:170:8)
    at emitErrorCloseNT (node:internal/streams/destroy:129:3) undefined
stderr | src/hooks/useTeamInvites.test.js > useTeamInvites Hook > should load team data
[Base44 SDK Error] undefined: Network Error

 [32mΓ£ô[39m src/components/ui/__tests__/card.test.jsx [2m([22m[2m3 tests[22m[2m)[22m[32m 155[2mms[22m[39m
 [32mΓ£ô[39m src/hooks/useEnvironmentVariables.test.js [2m([22m[2m21 tests[22m[2m)[22m[32m 255[2mms[22m[39m
 [32mΓ£ô[39m src/hooks/useTeamInvites.test.js [2m([22m[2m22 tests[22m[2m)[22m[32m 225[2mms[22m[39m
stderr | src/tests/unit/components/PrivateRoute.test.jsx
Γ¥î Environment Configuration Error
Missing required variables: [
  'VITE_BASE44_USERNAME',
  'VITE_BASE44_PASSWORD',
  'VITE_BASE44_API_URL'
]
Please create .env.local from .env.example and fill in your credentials

stderr | src/tests/unit/components/PrivateRoute.test.jsx > PrivateRoute > should render protected content when authenticated
ΓÜá∩╕Å React Router Future Flag Warning: React Router will begin wrapping state updates in `React.startTransition` in v7. You can use the `v7_startTransition` future flag to opt-in early. For more information, see https://reactrouter.com/v6/upgrading/future#v7_starttransition.
ΓÜá∩╕Å React Router Future Flag Warning: Relative route resolution within Splat routes is changing in v7. You can use the `v7_relativeSplatPath` future flag to opt-in early. For more information, see https://reactrouter.com/v6/upgrading/future#v7_relativesplatpath.

 [32mΓ£ô[39m src/tests/unit/components/PrivateRoute.test.jsx [2m([22m[2m3 tests[22m[2m)[22m[32m 104[2mms[22m[39m
 [32mΓ£ô[39m src/lib/apiKeyUtils.test.js [2m([22m[2m18 tests[22m[2m)[22m[32m 171[2mms[22m[39m
 [32mΓ£ô[39m src/lib/favorites.test.js [2m([22m[2m16 tests[22m[2m)[22m[32m 21[2mms[22m[39m
 [32mΓ£ô[39m src/utils/__tests__/apiRateLimit.test.js [2m([22m[2m29 tests[22m[2m)[22m[32m 148[2mms[22m[39m
 [32mΓ£ô[39m src/utils/__tests__/advancedPermissions.test.js [2m([22m[2m37 tests[22m[2m)[22m[32m 79[2mms[22m[39m
stderr | src/hooks/useSearch.test.js > useSearch Hook > should debounce search input
Warning: An update to TestComponent inside a test was not wrapped in act(...).

When testing, code that causes React state updates should be wrapped into act(...):

act(() => {
  /* fire events that update state */
});
/* assert on the output */

This ensures that you're testing the behavior the user would see in the browser. Learn more at https://reactjs.org/link/wrap-tests-with-act
    at TestComponent (C:\Users\ferna\Downloads\appforge-main\node_modules\@testing-library\react\dist\pure.js:328:5)

 [32mΓ£ô[39m src/hooks/useSearch.test.js [2m([22m[2m18 tests[22m[2m)[22m[32m 277[2mms[22m[39m
 [32mΓ£ô[39m src/utils/__tests__/quantumComputing.test.js [2m([22m[2m31 tests[22m[2m)[22m[33m 444[2mms[22m[39m
stderr | src/utils/__tests__/performance.test.js
Γ¥î Environment Configuration Error
Missing required variables: [
  'VITE_BASE44_USERNAME',
  'VITE_BASE44_PASSWORD',
  'VITE_BASE44_API_URL'
]
Please create .env.local from .env.example and fill in your credentials

 [32mΓ£ô[39m src/utils/__tests__/performance.test.js [2m([22m[2m6 tests[22m[2m)[22m[32m 47[2mms[22m[39m
 [32mΓ£ô[39m src/utils/__tests__/teamCollaboration.test.js [2m([22m[2m23 tests[22m[2m)[22m[32m 73[2mms[22m[39m
 [32mΓ£ô[39m src/lib/environmentVariables.test.js [2m([22m[2m21 tests[22m[2m)[22m[32m 57[2mms[22m[39m
 [32mΓ£ô[39m src/lib/search.test.js [2m([22m[2m25 tests[22m[2m)[22m[32m 45[2mms[22m[39m
 [32mΓ£ô[39m src/lib/deploymentHistory.test.js [2m([22m[2m18 tests[22m[2m)[22m[32m 56[2mms[22m[39m
 [32mΓ£ô[39m src/lib/projectCloning.test.js [2m([22m[2m10 tests[22m[2m)[22m[32m 143[2mms[22m[39m
 [32mΓ£ô[39m src/lib/teamInvites.test.js [2m([22m[2m18 tests[22m[2m)[22m[32m 41[2mms[22m[39m
 [32mΓ£ô[39m src/tests/unit/utils/env.test.js [2m([22m[2m2 tests[22m[2m)[22m[32m 8[2mms[22m[39m
stderr | src/utils/__tests__/env.test.js
Γ¥î Environment Configuration Error
Missing required variables: [
  'VITE_BASE44_USERNAME',
  'VITE_BASE44_PASSWORD',
  'VITE_BASE44_API_URL'
]
Please create .env.local from .env.example and fill in your credentials

 [32mΓ£ô[39m src/utils/__tests__/env.test.js [2m([22m[2m3 tests[22m[2m)[22m[32m 10[2mms[22m[39m
 [32mΓ£ô[39m tests/integration/payment-integration.test.ts [2m([22m[2m15 tests[22m[2m | [22m[33m14 skipped[39m[2m)[22m[32m 6[2mms[22m[39m
Error: AggregateError
    at Object.dispatchError (C:\Users\ferna\Downloads\appforge-main\node_modules\jsdom\lib\jsdom\living\xhr\xhr-utils.js:63:19)
    at Request.<anonymous> (C:\Users\ferna\Downloads\appforge-main\node_modules\jsdom\lib\jsdom\living\xhr\XMLHttpRequest-impl.js:655:18)
    at Request.emit (node:events:520:35)
    at ClientRequest.<anonymous> (C:\Users\ferna\Downloads\appforge-main\node_modules\jsdom\lib\jsdom\living\helpers\http-request.js:127:14)
    at ClientRequest.emit (node:events:508:28)
    at emitErrorEvent (node:_http_client:108:11)
    at Socket.socketErrorListener (node:_http_client:575:5)
    at Socket.emit (node:events:508:28)
    at emitErrorNT (node:internal/streams/destroy:170:8)
    at emitErrorCloseNT (node:internal/streams/destroy:129:3) undefined
stderr | src/tests/App.test.jsx
[Base44 SDK Error] undefined: Network Error

Error: AggregateError
    at Object.dispatchError (C:\Users\ferna\Downloads\appforge-main\node_modules\jsdom\lib\jsdom\living\xhr\xhr-utils.js:63:19)
    at Request.<anonymous> (C:\Users\ferna\Downloads\appforge-main\node_modules\jsdom\lib\jsdom\living\xhr\XMLHttpRequest-impl.js:655:18)
    at Request.emit (node:events:520:35)
    at ClientRequest.<anonymous> (C:\Users\ferna\Downloads\appforge-main\node_modules\jsdom\lib\jsdom\living\helpers\http-request.js:127:14)
    at ClientRequest.emit (node:events:508:28)
    at emitErrorEvent (node:_http_client:108:11)
    at Socket.socketErrorListener (node:_http_client:575:5)
    at Socket.emit (node:events:508:28)
    at emitErrorNT (node:internal/streams/destroy:170:8)
    at emitErrorCloseNT (node:internal/streams/destroy:129:3) undefined
stderr | src/tests/App.test.jsx
[Base44 SDK Error] undefined: Network Error

stderr | src/tests/App.test.jsx
Γ¥î Environment Configuration Error
Missing required variables: [
  'VITE_BASE44_USERNAME',
  'VITE_BASE44_PASSWORD',
  'VITE_BASE44_API_URL'
]
Please create .env.local from .env.example and fill in your credentials

[90mstdout[2m | src/tests/App.test.jsx[2m > [22m[2mApp[2m > [22m[2mrenders without crashing
[22m[39m[AuthContext] Starting app state check...
[AuthContext] Fetching public settings...
[AuthContext] Starting app state check...
[AuthContext] Fetching public settings...

stderr | src/tests/App.test.jsx > App > renders without crashing
ΓÜá∩╕Å React Router Future Flag Warning: React Router will begin wrapping state updates in `React.startTransition` in v7. You can use the `v7_startTransition` future flag to opt-in early. For more information, see https://reactrouter.com/v6/upgrading/future#v7_starttransition.
ΓÜá∩╕Å React Router Future Flag Warning: Relative route resolution within Splat routes is changing in v7. You can use the `v7_relativeSplatPath` future flag to opt-in early. For more information, see https://reactrouter.com/v6/upgrading/future#v7_relativesplatpath.
ΓÜá∩╕Å Environment configuration issues detected
Missing variables: [
  'VITE_BASE44_USERNAME',
  'VITE_BASE44_PASSWORD',
  'VITE_BASE44_API_URL'
]

[90mstdout[2m | src/tests/App.test.jsx[2m > [22m[2mApp[2m > [22m[2mrenders without crashing
[22m[39mUsing Base44 as default model
Using Base44 as default model

stderr | src/tests/App.test.jsx > App > renders without crashing
Warning: An update to LLMProvider inside a test was not wrapped in act(...).

When testing, code that causes React state updates should be wrapped into act(...):

act(() => {
  /* fire events that update state */
});
/* assert on the output */

This ensures that you're testing the behavior the user would see in the browser. Learn more at https://reactjs.org/link/wrap-tests-with-act
    at LLMProvider (C:/Users/ferna/Downloads/appforge-main/src/contexts/LLMContext.jsx:96:24)
    at ThemeProvider (C:/Users/ferna/Downloads/appforge-main/src/context/ThemeContext.jsx:21:26)
    at ErrorBoundary (C:/Users/ferna/Downloads/appforge-main/src/components/ErrorBoundary.jsx:8:5)
    at App (C:/Users/ferna/Downloads/appforge-main/src/App.jsx:163:74)

 [32mΓ£ô[39m src/tests/App.test.jsx [2m([22m[2m1 test[22m[2m)[22m[32m 47[2mms[22m[39m
Error: AggregateError
    at Object.dispatchError (C:\Users\ferna\Downloads\appforge-main\node_modules\jsdom\lib\jsdom\living\xhr\xhr-utils.js:63:19)
    at Request.<anonymous> (C:\Users\ferna\Downloads\appforge-main\node_modules\jsdom\lib\jsdom\living\xhr\XMLHttpRequest-impl.js:655:18)
    at Request.emit (node:events:520:35)
    at ClientRequest.<anonymous> (C:\Users\ferna\Downloads\appforge-main\node_modules\jsdom\lib\jsdom\living\helpers\http-request.js:127:14)
    at ClientRequest.emit (node:events:508:28)
    at emitErrorEvent (node:_http_client:108:11)
    at Socket.socketErrorListener (node:_http_client:575:5)
    at Socket.emit (node:events:508:28)
    at emitErrorNT (node:internal/streams/destroy:170:8)
    at emitErrorCloseNT (node:internal/streams/destroy:129:3) undefined
stderr | safeErrorLog (file:\C:\Users\ferna\Downloads\appforge-main\node_modules\@base44\sdk\dist\utils\axios-client.js:89:17)
[Base44 SDK Error] undefined: Network Error

stderr | checkAppState (C:\Users\ferna\Downloads\appforge-main\src\lib\AuthContext.jsx:55:17)
[AuthContext] App state check failed: Base44Error: Network Error
    at file:///C:/Users/ferna/Downloads/appforge-main/node_modules/@base44/sdk/dist/utils/axios-client.js:183:33
    at processTicksAndRejections (node:internal/process/task_queues:103:5)
    at Axios.request (file:///C:/Users/ferna/Downloads/appforge-main/node_modules/axios/lib/core/Axios.js:40:14)
    at checkAppState (C:/Users/ferna/Downloads/appforge-main/src/lib/AuthContext.jsx:39:32) {
  status: undefined,
  code: undefined,
  data: undefined,
  originalError: AxiosError: Network Error
      at XMLHttpRequest.handleError (file:///C:/Users/ferna/Downloads/appforge-main/node_modules/axios/lib/adapters/xhr.js:112:20)
      at XMLHttpRequest.invokeTheCallbackFunction (C:\Users\ferna\Downloads\appforge-main\node_modules\jsdom\lib\jsdom\living\generated\EventHandlerNonNull.js:14:28)
      at XMLHttpRequest.<anonymous> (C:\Users\ferna\Downloads\appforge-main\node_modules\jsdom\lib\jsdom\living\helpers\create-event-accessor.js:35:32)
      at innerInvokeEventListeners (C:\Users\ferna\Downloads\appforge-main\node_modules\jsdom\lib\jsdom\living\events\EventTarget-impl.js:350:25)
      at invokeEventListeners (C:\Users\ferna\Downloads\appforge-main\node_modules\jsdom\lib\jsdom\living\events\EventTarget-impl.js:286:3)
      at XMLHttpRequestImpl._dispatch (C:\Users\ferna\Downloads\appforge-main\node_modules\jsdom\lib\jsdom\living\events\EventTarget-impl.js:233:9)
      at fireAnEvent (C:\Users\ferna\Downloads\appforge-main\node_modules\jsdom\lib\jsdom\living\helpers\events.js:18:36)
      at requestErrorSteps (C:\Users\ferna\Downloads\appforge-main\node_modules\jsdom\lib\jsdom\living\xhr\xhr-utils.js:131:3)
      at Object.dispatchError (C:\Users\ferna\Downloads\appforge-main\node_modules\jsdom\lib\jsdom\living\xhr\xhr-utils.js:60:3)
      at Request.<anonymous> (C:\Users\ferna\Downloads\appforge-main\node_modules\jsdom\lib\jsdom\living\xhr\XMLHttpRequest-impl.js:655:18) {
    isAxiosError: true,
    code: 'ERR_NETWORK',
    config: {
      transitional: [Object],
      adapter: [Array],
      transformRequest: [Array],
      transformResponse: [Array],
      timeout: 0,
      xsrfCookieName: 'XSRF-TOKEN',
      xsrfHeaderName: 'X-XSRF-TOKEN',
      maxContentLength: -1,
      maxBodyLength: -1,
      env: [Object],
      validateStatus: [Function: validateStatus],
      headers: [Object [AxiosHeaders]],
      baseURL: '/api/apps/public',
      method: 'get',
      url: '/prod/public-settings/by-id/69741d9301465d2bac03e8bb',
      allowAbsoluteUrls: true,
      requestId: '8515f57f-bf0a-484b-a618-ae9c0f87b937',
      data: undefined
    },
    request: XMLHttpRequest {},
    event: ProgressEvent { isTrusted: [Getter] }
  }
}

Error: AggregateError
    at Object.dispatchError (C:\Users\ferna\Downloads\appforge-main\node_modules\jsdom\lib\jsdom\living\xhr\xhr-utils.js:63:19)
    at Request.<anonymous> (C:\Users\ferna\Downloads\appforge-main\node_modules\jsdom\lib\jsdom\living\xhr\XMLHttpRequest-impl.js:655:18)
    at Request.emit (node:events:520:35)
    at ClientRequest.<anonymous> (C:\Users\ferna\Downloads\appforge-main\node_modules\jsdom\lib\jsdom\living\helpers\http-request.js:127:14)
    at ClientRequest.emit (node:events:508:28)
    at emitErrorEvent (node:_http_client:108:11)
    at Socket.socketErrorListener (node:_http_client:575:5)
    at Socket.emit (node:events:508:28)
    at emitErrorNT (node:internal/streams/destroy:170:8)
    at emitErrorCloseNT (node:internal/streams/destroy:129:3) undefined
stderr | safeErrorLog (file:\C:\Users\ferna\Downloads\appforge-main\node_modules\@base44\sdk\dist\utils\axios-client.js:89:17)
[Base44 SDK Error] undefined: Network Error

stderr | checkAppState (C:\Users\ferna\Downloads\appforge-main\src\lib\AuthContext.jsx:55:17)
[AuthContext] App state check failed: Base44Error: Network Error
    at file:///C:/Users/ferna/Downloads/appforge-main/node_modules/@base44/sdk/dist/utils/axios-client.js:183:33
    at processTicksAndRejections (node:internal/process/task_queues:103:5)
    at Axios.request (file:///C:/Users/ferna/Downloads/appforge-main/node_modules/axios/lib/core/Axios.js:40:14)
    at checkAppState (C:/Users/ferna/Downloads/appforge-main/src/lib/AuthContext.jsx:39:32) {
  status: undefined,
  code: undefined,
  data: undefined,
  originalError: AxiosError: Network Error
      at XMLHttpRequest.handleError (file:///C:/Users/ferna/Downloads/appforge-main/node_modules/axios/lib/adapters/xhr.js:112:20)
      at XMLHttpRequest.invokeTheCallbackFunction (C:\Users\ferna\Downloads\appforge-main\node_modules\jsdom\lib\jsdom\living\generated\EventHandlerNonNull.js:14:28)
      at XMLHttpRequest.<anonymous> (C:\Users\ferna\Downloads\appforge-main\node_modules\jsdom\lib\jsdom\living\helpers\create-event-accessor.js:35:32)
      at innerInvokeEventListeners (C:\Users\ferna\Downloads\appforge-main\node_modules\jsdom\lib\jsdom\living\events\EventTarget-impl.js:350:25)
      at invokeEventListeners (C:\Users\ferna\Downloads\appforge-main\node_modules\jsdom\lib\jsdom\living\events\EventTarget-impl.js:286:3)
      at XMLHttpRequestImpl._dispatch (C:\Users\ferna\Downloads\appforge-main\node_modules\jsdom\lib\jsdom\living\events\EventTarget-impl.js:233:9)
      at fireAnEvent (C:\Users\ferna\Downloads\appforge-main\node_modules\jsdom\lib\jsdom\living\helpers\events.js:18:36)
      at requestErrorSteps (C:\Users\ferna\Downloads\appforge-main\node_modules\jsdom\lib\jsdom\living\xhr\xhr-utils.js:131:3)
      at Object.dispatchError (C:\Users\ferna\Downloads\appforge-main\node_modules\jsdom\lib\jsdom\living\xhr\xhr-utils.js:60:3)
      at Request.<anonymous> (C:\Users\ferna\Downloads\appforge-main\node_modules\jsdom\lib\jsdom\living\xhr\XMLHttpRequest-impl.js:655:18) {
    isAxiosError: true,
    code: 'ERR_NETWORK',
    config: {
      transitional: [Object],
      adapter: [Array],
      transformRequest: [Array],
      transformResponse: [Array],
      timeout: 0,
      xsrfCookieName: 'XSRF-TOKEN',
      xsrfHeaderName: 'X-XSRF-TOKEN',
      maxContentLength: -1,
      maxBodyLength: -1,
      env: [Object],
      validateStatus: [Function: validateStatus],
      headers: [Object [AxiosHeaders]],
      baseURL: '/api/apps/public',
      method: 'get',
      url: '/prod/public-settings/by-id/69741d9301465d2bac03e8bb',
      allowAbsoluteUrls: true,
      requestId: '1e6bd388-632f-4efa-957e-80da558bff86',
      data: undefined
    },
    request: XMLHttpRequest {},
    event: ProgressEvent { isTrusted: [Getter] }
  }
}


[2m Test Files [22m [1m[32m31 passed[39m[22m[90m (31)[39m
[2m      Tests [22m [1m[32m474 passed[39m[22m[2m | [22m[33m14 skipped[39m[90m (488)[39m
[2m   Start at [22m 22:34:09
[2m   Duration [22m 20.47s[2m (transform 3.44s, setup 23.97s, import 10.31s, tests 5.16s, environment 63.58s)[22m

