
[1m[46m RUN [49m[22m [36mv4.0.18 [39m[90mC:/Users/ferna/Downloads/appforge-main[39m

 [31mΓ¥»[39m scripts/archive/verify_prediction.test.ts [2m([22m[2m0 test[22m[2m)[22m
 [31mΓ¥»[39m scripts/archive/verify_quantum_collapse.test.ts [2m([22m[2m0 test[22m[2m)[22m
 [31mΓ¥»[39m scripts/archive/verify_entanglement.test.ts [2m([22m[2m0 test[22m[2m)[22m
 [31mΓ¥»[39m scripts/archive/verify_quantum_cycle.test.ts [2m([22m[2m0 test[22m[2m)[22m
 [31mΓ¥»[39m scripts/archive/verify_security.test.ts [2m([22m[2m0 test[22m[2m)[22m
 [31mΓ¥»[39m scripts/archive/verify_timeline.test.ts [2m([22m[2m0 test[22m[2m)[22m
 [31mΓ¥»[39m e2e/accessibility.spec.js [2m([22m[2m0 test[22m[2m)[22m
 [31mΓ¥»[39m e2e/ai-assistant.spec.js [2m([22m[2m0 test[22m[2m)[22m
 [31mΓ¥»[39m e2e/landing.spec.js [2m([22m[2m0 test[22m[2m)[22m
 [31mΓ¥»[39m e2e/performance.spec.js [2m([22m[2m0 test[22m[2m)[22m
 [32mΓ£ô[39m src/hooks/useAPIKeys.test.js [2m([22m[2m14 tests[22m[2m)[22m[33m 977[2mms[22m[39m
Error: AggregateError
    at Object.dispatchError (C:\Users\ferna\Downloads\appforge-main\node_modules\jsdom\lib\jsdom\living\xhr\xhr-utils.js:63:19)
    at Request.<anonymous> (C:\Users\ferna\Downloads\appforge-main\node_modules\jsdom\lib\jsdom\living\xhr\XMLHttpRequest-impl.js:655:18)
    at Request.emit (node:events:520:35)
    at ClientRequest.<anonymous> (C:\Users\ferna\Downloads\appforge-main\node_modules\jsdom\lib\jsdom\living\helpers\http-request.js:127:14)
    at ClientRequest.emit (node:events:508:28)
    at emitErrorEvent (node:_http_client:108:11)
    at Socket.socketErrorListener (node:_http_client:575:5)
    at Socket.emit (node:events:508:28)
    at emitErrorNT (node:internal/streams/destroy:170:8)
    at emitErrorCloseNT (node:internal/streams/destroy:129:3) undefined
stderr | src/hooks/useAnalytics.test.js
[Base44 SDK Error] undefined: Network Error

Error: AggregateError
    at Object.dispatchError (C:\Users\ferna\Downloads\appforge-main\node_modules\jsdom\lib\jsdom\living\xhr\xhr-utils.js:63:19)
    at Request.<anonymous> (C:\Users\ferna\Downloads\appforge-main\node_modules\jsdom\lib\jsdom\living\xhr\XMLHttpRequest-impl.js:655:18)
    at Request.emit (node:events:520:35)
    at ClientRequest.<anonymous> (C:\Users\ferna\Downloads\appforge-main\node_modules\jsdom\lib\jsdom\living\helpers\http-request.js:127:14)
    at ClientRequest.emit (node:events:508:28)
    at emitErrorEvent (node:_http_client:108:11)
    at Socket.socketErrorListener (node:_http_client:575:5)
    at Socket.emit (node:events:508:28)
    at emitErrorNT (node:internal/streams/destroy:170:8)
    at emitErrorCloseNT (node:internal/streams/destroy:129:3) undefined
stderr | src/hooks/useAnalytics.test.js
[Base44 SDK Error] undefined: Network Error

Error: AggregateError
    at Object.dispatchError (C:\Users\ferna\Downloads\appforge-main\node_modules\jsdom\lib\jsdom\living\xhr\xhr-utils.js:63:19)
    at Request.<anonymous> (C:\Users\ferna\Downloads\appforge-main\node_modules\jsdom\lib\jsdom\living\xhr\XMLHttpRequest-impl.js:655:18)
    at Request.emit (node:events:520:35)
    at ClientRequest.<anonymous> (C:\Users\ferna\Downloads\appforge-main\node_modules\jsdom\lib\jsdom\living\helpers\http-request.js:127:14)
    at ClientRequest.emit (node:events:508:28)
    at emitErrorEvent (node:_http_client:108:11)
    at Socket.socketErrorListener (node:_http_client:575:5)
    at Socket.emit (node:events:508:28)
    at emitErrorNT (node:internal/streams/destroy:170:8)
    at emitErrorCloseNT (node:internal/streams/destroy:129:3) undefined
Error: AggregateError
    at Object.dispatchError (C:\Users\ferna\Downloads\appforge-main\node_modules\jsdom\lib\jsdom\living\xhr\xhr-utils.js:63:19)
    at Request.<anonymous> (C:\Users\ferna\Downloads\appforge-main\node_modules\jsdom\lib\jsdom\living\xhr\XMLHttpRequest-impl.js:655:18)
    at Request.emit (node:events:520:35)
    at ClientRequest.<anonymous> (C:\Users\ferna\Downloads\appforge-main\node_modules\jsdom\lib\jsdom\living\helpers\http-request.js:127:14)
    at ClientRequest.emit (node:events:508:28)
    at emitErrorEvent (node:_http_client:108:11)
    at Socket.socketErrorListener (node:_http_client:575:5)
    at Socket.emit (node:events:508:28)
    at emitErrorNT (node:internal/streams/destroy:170:8)
    at emitErrorCloseNT (node:internal/streams/destroy:129:3) undefined
Error: AggregateError
    at Object.dispatchError (C:\Users\ferna\Downloads\appforge-main\node_modules\jsdom\lib\jsdom\living\xhr\xhr-utils.js:63:19)
    at Request.<anonymous> (C:\Users\ferna\Downloads\appforge-main\node_modules\jsdom\lib\jsdom\living\xhr\XMLHttpRequest-impl.js:655:18)
    at Request.emit (node:events:520:35)
    at ClientRequest.<anonymous> (C:\Users\ferna\Downloads\appforge-main\node_modules\jsdom\lib\jsdom\living\helpers\http-request.js:127:14)
    at ClientRequest.emit (node:events:508:28)
    at emitErrorEvent (node:_http_client:108:11)
    at Socket.socketErrorListener (node:_http_client:575:5)
    at Socket.emit (node:events:508:28)
    at emitErrorNT (node:internal/streams/destroy:170:8)
    at emitErrorCloseNT (node:internal/streams/destroy:129:3) undefined
Error: AggregateError
    at Object.dispatchError (C:\Users\ferna\Downloads\appforge-main\node_modules\jsdom\lib\jsdom\living\xhr\xhr-utils.js:63:19)
    at Request.<anonymous> (C:\Users\ferna\Downloads\appforge-main\node_modules\jsdom\lib\jsdom\living\xhr\XMLHttpRequest-impl.js:655:18)
    at Request.emit (node:events:520:35)
    at ClientRequest.<anonymous> (C:\Users\ferna\Downloads\appforge-main\node_modules\jsdom\lib\jsdom\living\helpers\http-request.js:127:14)
    at ClientRequest.emit (node:events:508:28)
    at emitErrorEvent (node:_http_client:108:11)
    at Socket.socketErrorListener (node:_http_client:575:5)
    at Socket.emit (node:events:508:28)
    at emitErrorNT (node:internal/streams/destroy:170:8)
    at emitErrorCloseNT (node:internal/streams/destroy:129:3) undefined
Error: AggregateError
    at Object.dispatchError (C:\Users\ferna\Downloads\appforge-main\node_modules\jsdom\lib\jsdom\living\xhr\xhr-utils.js:63:19)
    at Request.<anonymous> (C:\Users\ferna\Downloads\appforge-main\node_modules\jsdom\lib\jsdom\living\xhr\XMLHttpRequest-impl.js:655:18)
    at Request.emit (node:events:520:35)
    at ClientRequest.<anonymous> (C:\Users\ferna\Downloads\appforge-main\node_modules\jsdom\lib\jsdom\living\helpers\http-request.js:127:14)
    at ClientRequest.emit (node:events:508:28)
    at emitErrorEvent (node:_http_client:108:11)
    at Socket.socketErrorListener (node:_http_client:575:5)
    at Socket.emit (node:events:508:28)
    at emitErrorNT (node:internal/streams/destroy:170:8)
    at emitErrorCloseNT (node:internal/streams/destroy:129:3) undefined
Error: AggregateError
    at Object.dispatchError (C:\Users\ferna\Downloads\appforge-main\node_modules\jsdom\lib\jsdom\living\xhr\xhr-utils.js:63:19)
    at Request.<anonymous> (C:\Users\ferna\Downloads\appforge-main\node_modules\jsdom\lib\jsdom\living\xhr\XMLHttpRequest-impl.js:655:18)
    at Request.emit (node:events:520:35)
    at ClientRequest.<anonymous> (C:\Users\ferna\Downloads\appforge-main\node_modules\jsdom\lib\jsdom\living\helpers\http-request.js:127:14)
    at ClientRequest.emit (node:events:508:28)
    at emitErrorEvent (node:_http_client:108:11)
    at Socket.socketErrorListener (node:_http_client:575:5)
    at Socket.emit (node:events:508:28)
    at emitErrorNT (node:internal/streams/destroy:170:8)
    at emitErrorCloseNT (node:internal/streams/destroy:129:3) undefined
Error: AggregateError
    at Object.dispatchError (C:\Users\ferna\Downloads\appforge-main\node_modules\jsdom\lib\jsdom\living\xhr\xhr-utils.js:63:19)
    at Request.<anonymous> (C:\Users\ferna\Downloads\appforge-main\node_modules\jsdom\lib\jsdom\living\xhr\XMLHttpRequest-impl.js:655:18)
    at Request.emit (node:events:520:35)
    at ClientRequest.<anonymous> (C:\Users\ferna\Downloads\appforge-main\node_modules\jsdom\lib\jsdom\living\helpers\http-request.js:127:14)
    at ClientRequest.emit (node:events:508:28)
    at emitErrorEvent (node:_http_client:108:11)
    at Socket.socketErrorListener (node:_http_client:575:5)
    at Socket.emit (node:events:508:28)
    at emitErrorNT (node:internal/streams/destroy:170:8)
    at emitErrorCloseNT (node:internal/streams/destroy:129:3) undefined
 [32mΓ£ô[39m src/hooks/useAnalytics.test.js [2m([22m[2m9 tests[22m[2m)[22m[33m 1084[2mms[22m[39m
Error: AggregateError
    at Object.dispatchError (C:\Users\ferna\Downloads\appforge-main\node_modules\jsdom\lib\jsdom\living\xhr\xhr-utils.js:63:19)
    at Request.<anonymous> (C:\Users\ferna\Downloads\appforge-main\node_modules\jsdom\lib\jsdom\living\xhr\XMLHttpRequest-impl.js:655:18)
    at Request.emit (node:events:520:35)
    at ClientRequest.<anonymous> (C:\Users\ferna\Downloads\appforge-main\node_modules\jsdom\lib\jsdom\living\helpers\http-request.js:127:14)
    at ClientRequest.emit (node:events:508:28)
    at emitErrorEvent (node:_http_client:108:11)
    at Socket.socketErrorListener (node:_http_client:575:5)
    at Socket.emit (node:events:508:28)
    at emitErrorNT (node:internal/streams/destroy:170:8)
    at emitErrorCloseNT (node:internal/streams/destroy:129:3) undefined
stderr | src/hooks/useAICompletion.test.js > useAICompletion > should debounce API calls
Warning: An update to TestComponent inside a test was not wrapped in act(...).

When testing, code that causes React state updates should be wrapped into act(...):

act(() => {
  /* fire events that update state */
});
/* assert on the output */

This ensures that you're testing the behavior the user would see in the browser. Learn more at https://reactjs.org/link/wrap-tests-with-act
    at TestComponent (C:\Users\ferna\Downloads\appforge-main\node_modules\@testing-library\react\dist\pure.js:328:5)
Warning: An update to TestComponent inside a test was not wrapped in act(...).

When testing, code that causes React state updates should be wrapped into act(...):

act(() => {
  /* fire events that update state */
});
/* assert on the output */

This ensures that you're testing the behavior the user would see in the browser. Learn more at https://reactjs.org/link/wrap-tests-with-act
    at TestComponent (C:\Users\ferna\Downloads\appforge-main\node_modules\@testing-library\react\dist\pure.js:328:5)
Warning: An update to TestComponent inside a test was not wrapped in act(...).

When testing, code that causes React state updates should be wrapped into act(...):

act(() => {
  /* fire events that update state */
});
/* assert on the output */

This ensures that you're testing the behavior the user would see in the browser. Learn more at https://reactjs.org/link/wrap-tests-with-act
    at TestComponent (C:\Users\ferna\Downloads\appforge-main\node_modules\@testing-library\react\dist\pure.js:328:5)

stderr | src/hooks/useAICompletion.test.js > useAICompletion > should abort previous requests
Warning: An update to TestComponent inside a test was not wrapped in act(...).

When testing, code that causes React state updates should be wrapped into act(...):

act(() => {
  /* fire events that update state */
});
/* assert on the output */

This ensures that you're testing the behavior the user would see in the browser. Learn more at https://reactjs.org/link/wrap-tests-with-act
    at TestComponent (C:\Users\ferna\Downloads\appforge-main\node_modules\@testing-library\react\dist\pure.js:328:5)
Warning: An update to TestComponent inside a test was not wrapped in act(...).

When testing, code that causes React state updates should be wrapped into act(...):

act(() => {
  /* fire events that update state */
});
/* assert on the output */

This ensures that you're testing the behavior the user would see in the browser. Learn more at https://reactjs.org/link/wrap-tests-with-act
    at TestComponent (C:\Users\ferna\Downloads\appforge-main\node_modules\@testing-library\react\dist\pure.js:328:5)
Warning: An update to TestComponent inside a test was not wrapped in act(...).

When testing, code that causes React state updates should be wrapped into act(...):

act(() => {
  /* fire events that update state */
});
/* assert on the output */

This ensures that you're testing the behavior the user would see in the browser. Learn more at https://reactjs.org/link/wrap-tests-with-act
    at TestComponent (C:\Users\ferna\Downloads\appforge-main\node_modules\@testing-library\react\dist\pure.js:328:5)
Warning: An update to TestComponent inside a test was not wrapped in act(...).

When testing, code that causes React state updates should be wrapped into act(...):

act(() => {
  /* fire events that update state */
});
/* assert on the output */

This ensures that you're testing the behavior the user would see in the browser. Learn more at https://reactjs.org/link/wrap-tests-with-act
    at TestComponent (C:\Users\ferna\Downloads\appforge-main\node_modules\@testing-library\react\dist\pure.js:328:5)
Warning: An update to TestComponent inside a test was not wrapped in act(...).

When testing, code that causes React state updates should be wrapped into act(...):

act(() => {
  /* fire events that update state */
});
/* assert on the output */

This ensures that you're testing the behavior the user would see in the browser. Learn more at https://reactjs.org/link/wrap-tests-with-act
    at TestComponent (C:\Users\ferna\Downloads\appforge-main\node_modules\@testing-library\react\dist\pure.js:328:5)
Warning: An update to TestComponent inside a test was not wrapped in act(...).

When testing, code that causes React state updates should be wrapped into act(...):

act(() => {
  /* fire events that update state */
});
/* assert on the output */

This ensures that you're testing the behavior the user would see in the browser. Learn more at https://reactjs.org/link/wrap-tests-with-act
    at TestComponent (C:\Users\ferna\Downloads\appforge-main\node_modules\@testing-library\react\dist\pure.js:328:5)

 [32mΓ£ô[39m src/hooks/useAICompletion.test.js [2m([22m[2m9 tests[22m[2m)[22m[33m 4326[2mms[22m[39m
     [33m[2mΓ£ô[22m[39m should fetch completions when enabled [33m 579[2mms[22m[39m
     [33m[2mΓ£ô[22m[39m should filter suggestions by confidence threshold [33m 559[2mms[22m[39m
     [33m[2mΓ£ô[22m[39m should accept suggestion and track analytics [33m 960[2mms[22m[39m
     [33m[2mΓ£ô[22m[39m should reject suggestion and track analytics [33m 556[2mms[22m[39m
     [33m[2mΓ£ô[22m[39m should navigate between suggestions [33m 554[2mms[22m[39m
     [33m[2mΓ£ô[22m[39m should wrap navigation with wrap enabled [33m 724[2mms[22m[39m
 [32mΓ£ô[39m src/hooks/useDeployments.test.js [2m([22m[2m19 tests[22m[2m)[22m[33m 612[2mms[22m[39m
Error: AggregateError
    at Object.dispatchError (C:\Users\ferna\Downloads\appforge-main\node_modules\jsdom\lib\jsdom\living\xhr\xhr-utils.js:63:19)
    at Request.<anonymous> (C:\Users\ferna\Downloads\appforge-main\node_modules\jsdom\lib\jsdom\living\xhr\XMLHttpRequest-impl.js:655:18)
    at Request.emit (node:events:520:35)
    at ClientRequest.<anonymous> (C:\Users\ferna\Downloads\appforge-main\node_modules\jsdom\lib\jsdom\living\helpers\http-request.js:127:14)
    at ClientRequest.emit (node:events:508:28)
    at emitErrorEvent (node:_http_client:108:11)
    at Socket.socketErrorListener (node:_http_client:575:5)
    at Socket.emit (node:events:508:28)
    at emitErrorNT (node:internal/streams/destroy:170:8)
    at emitErrorCloseNT (node:internal/streams/destroy:129:3) undefined
stderr | src/hooks/useEnvironmentVariables.test.js
[Base44 SDK Error] undefined: Network Error

Error: AggregateError
    at Object.dispatchError (C:\Users\ferna\Downloads\appforge-main\node_modules\jsdom\lib\jsdom\living\xhr\xhr-utils.js:63:19)
    at Request.<anonymous> (C:\Users\ferna\Downloads\appforge-main\node_modules\jsdom\lib\jsdom\living\xhr\XMLHttpRequest-impl.js:655:18)
    at Request.emit (node:events:520:35)
    at ClientRequest.<anonymous> (C:\Users\ferna\Downloads\appforge-main\node_modules\jsdom\lib\jsdom\living\helpers\http-request.js:127:14)
    at ClientRequest.emit (node:events:508:28)
    at emitErrorEvent (node:_http_client:108:11)
    at Socket.socketErrorListener (node:_http_client:575:5)
    at Socket.emit (node:events:508:28)
    at emitErrorNT (node:internal/streams/destroy:170:8)
    at emitErrorCloseNT (node:internal/streams/destroy:129:3) undefined
stderr | src/hooks/useEnvironmentVariables.test.js > useEnvironmentVariables Hook > should load environment variables
[Base44 SDK Error] undefined: Network Error

 [32mΓ£ô[39m src/hooks/useFavorites.test.js [2m([22m[2m16 tests[22m[2m)[22m[33m 937[2mms[22m[39m
     [33m[2mΓ£ô[22m[39m should load favorites from localStorage [33m 374[2mms[22m[39m
 [32mΓ£ô[39m src/hooks/useEnvironmentVariables.test.js [2m([22m[2m21 tests[22m[2m)[22m[33m 1539[2mms[22m[39m
 [32mΓ£ô[39m src/hooks/useSearch.test.js [2m([22m[2m18 tests[22m[2m)[22m[33m 938[2mms[22m[39m
 [32mΓ£ô[39m src/hooks/useProjectCloning.test.js [2m([22m[2m19 tests[22m[2m)[22m[33m 533[2mms[22m[39m
 [32mΓ£ô[39m src/lib/apiKeyUtils.test.js [2m([22m[2m18 tests[22m[2m)[22m[32m 190[2mms[22m[39m
Error: AggregateError
    at Object.dispatchError (C:\Users\ferna\Downloads\appforge-main\node_modules\jsdom\lib\jsdom\living\xhr\xhr-utils.js:63:19)
    at Request.<anonymous> (C:\Users\ferna\Downloads\appforge-main\node_modules\jsdom\lib\jsdom\living\xhr\XMLHttpRequest-impl.js:655:18)
    at Request.emit (node:events:520:35)
    at ClientRequest.<anonymous> (C:\Users\ferna\Downloads\appforge-main\node_modules\jsdom\lib\jsdom\living\helpers\http-request.js:127:14)
    at ClientRequest.emit (node:events:508:28)
    at emitErrorEvent (node:_http_client:108:11)
    at Socket.socketErrorListener (node:_http_client:575:5)
    at Socket.emit (node:events:508:28)
    at emitErrorNT (node:internal/streams/destroy:170:8)
    at emitErrorCloseNT (node:internal/streams/destroy:129:3) undefined
stderr | src/hooks/useTeamInvites.test.js
[Base44 SDK Error] undefined: Network Error

Error: AggregateError
    at Object.dispatchError (C:\Users\ferna\Downloads\appforge-main\node_modules\jsdom\lib\jsdom\living\xhr\xhr-utils.js:63:19)
    at Request.<anonymous> (C:\Users\ferna\Downloads\appforge-main\node_modules\jsdom\lib\jsdom\living\xhr\XMLHttpRequest-impl.js:655:18)
    at Request.emit (node:events:520:35)
    at ClientRequest.<anonymous> (C:\Users\ferna\Downloads\appforge-main\node_modules\jsdom\lib\jsdom\living\helpers\http-request.js:127:14)
    at ClientRequest.emit (node:events:508:28)
    at emitErrorEvent (node:_http_client:108:11)
    at Socket.socketErrorListener (node:_http_client:575:5)
    at Socket.emit (node:events:508:28)
    at emitErrorNT (node:internal/streams/destroy:170:8)
    at emitErrorCloseNT (node:internal/streams/destroy:129:3) undefined
stderr | src/hooks/useTeamInvites.test.js
[Base44 SDK Error] undefined: Network Error

 [32mΓ£ô[39m src/hooks/useTeamInvites.test.js [2m([22m[2m22 tests[22m[2m)[22m[33m 951[2mms[22m[39m
 [32mΓ£ô[39m src/lib/deploymentHistory.test.js [2m([22m[2m18 tests[22m[2m)[22m[32m 17[2mms[22m[39m
 [32mΓ£ô[39m src/lib/environmentVariables.test.js [2m([22m[2m21 tests[22m[2m)[22m[32m 21[2mms[22m[39m
 [32mΓ£ô[39m src/lib/favorites.test.js [2m([22m[2m16 tests[22m[2m)[22m[32m 19[2mms[22m[39m
 [32mΓ£ô[39m src/lib/projectCloning.test.js [2m([22m[2m10 tests[22m[2m)[22m[32m 18[2mms[22m[39m
 [32mΓ£ô[39m src/lib/teamInvites.test.js [2m([22m[2m18 tests[22m[2m)[22m[32m 20[2mms[22m[39m
 [32mΓ£ô[39m src/lib/search.test.js [2m([22m[2m25 tests[22m[2m)[22m[32m 17[2mms[22m[39m
 [2m[90mΓåô[39m[22m tests/integration/payment-integration.test.ts [2m([22m[2m5 tests[22m[2m | [22m[33m5 skipped[39m[2m)[22m
 [32mΓ£ô[39m src/utils/accessibility.test.js [2m([22m[2m24 tests[22m[2m)[22m[33m 979[2mms[22m[39m
Error: AggregateError
    at Object.dispatchError (C:\Users\ferna\Downloads\appforge-main\node_modules\jsdom\lib\jsdom\living\xhr\xhr-utils.js:63:19)
    at Request.<anonymous> (C:\Users\ferna\Downloads\appforge-main\node_modules\jsdom\lib\jsdom\living\xhr\XMLHttpRequest-impl.js:655:18)
    at Request.emit (node:events:520:35)
    at ClientRequest.<anonymous> (C:\Users\ferna\Downloads\appforge-main\node_modules\jsdom\lib\jsdom\living\helpers\http-request.js:127:14)
    at ClientRequest.emit (node:events:508:28)
    at emitErrorEvent (node:_http_client:108:11)
    at Socket.socketErrorListener (node:_http_client:575:5)
    at Socket.emit (node:events:508:28)
    at emitErrorNT (node:internal/streams/destroy:170:8)
    at emitErrorCloseNT (node:internal/streams/destroy:129:3) undefined
stderr | src/services/analytics.test.js
[Base44 SDK Error] undefined: Network Error

Error: AggregateError
    at Object.dispatchError (C:\Users\ferna\Downloads\appforge-main\node_modules\jsdom\lib\jsdom\living\xhr\xhr-utils.js:63:19)
    at Request.<anonymous> (C:\Users\ferna\Downloads\appforge-main\node_modules\jsdom\lib\jsdom\living\xhr\XMLHttpRequest-impl.js:655:18)
    at Request.emit (node:events:520:35)
    at ClientRequest.<anonymous> (C:\Users\ferna\Downloads\appforge-main\node_modules\jsdom\lib\jsdom\living\helpers\http-request.js:127:14)
    at ClientRequest.emit (node:events:508:28)
    at emitErrorEvent (node:_http_client:108:11)
    at Socket.socketErrorListener (node:_http_client:575:5)
    at Socket.emit (node:events:508:28)
    at emitErrorNT (node:internal/streams/destroy:170:8)
    at emitErrorCloseNT (node:internal/streams/destroy:129:3) undefined
Error: AggregateError
    at Object.dispatchError (C:\Users\ferna\Downloads\appforge-main\node_modules\jsdom\lib\jsdom\living\xhr\xhr-utils.js:63:19)
    at Request.<anonymous> (C:\Users\ferna\Downloads\appforge-main\node_modules\jsdom\lib\jsdom\living\xhr\XMLHttpRequest-impl.js:655:18)
    at Request.emit (node:events:520:35)
    at ClientRequest.<anonymous> (C:\Users\ferna\Downloads\appforge-main\node_modules\jsdom\lib\jsdom\living\helpers\http-request.js:127:14)
    at ClientRequest.emit (node:events:508:28)
    at emitErrorEvent (node:_http_client:108:11)
    at Socket.socketErrorListener (node:_http_client:575:5)
    at Socket.emit (node:events:508:28)
    at emitErrorNT (node:internal/streams/destroy:170:8)
    at emitErrorCloseNT (node:internal/streams/destroy:129:3) undefined
Error: AggregateError
    at Object.dispatchError (C:\Users\ferna\Downloads\appforge-main\node_modules\jsdom\lib\jsdom\living\xhr\xhr-utils.js:63:19)
    at Request.<anonymous> (C:\Users\ferna\Downloads\appforge-main\node_modules\jsdom\lib\jsdom\living\xhr\XMLHttpRequest-impl.js:655:18)
    at Request.emit (node:events:520:35)
    at ClientRequest.<anonymous> (C:\Users\ferna\Downloads\appforge-main\node_modules\jsdom\lib\jsdom\living\helpers\http-request.js:127:14)
    at ClientRequest.emit (node:events:508:28)
    at emitErrorEvent (node:_http_client:108:11)
    at Socket.socketErrorListener (node:_http_client:575:5)
    at Socket.emit (node:events:508:28)
    at emitErrorNT (node:internal/streams/destroy:170:8)
    at emitErrorCloseNT (node:internal/streams/destroy:129:3) undefined
Error: AggregateError
    at Object.dispatchError (C:\Users\ferna\Downloads\appforge-main\node_modules\jsdom\lib\jsdom\living\xhr\xhr-utils.js:63:19)
    at Request.<anonymous> (C:\Users\ferna\Downloads\appforge-main\node_modules\jsdom\lib\jsdom\living\xhr\XMLHttpRequest-impl.js:655:18)
    at Request.emit (node:events:520:35)
    at ClientRequest.<anonymous> (C:\Users\ferna\Downloads\appforge-main\node_modules\jsdom\lib\jsdom\living\helpers\http-request.js:127:14)
    at ClientRequest.emit (node:events:508:28)
    at emitErrorEvent (node:_http_client:108:11)
    at Socket.socketErrorListener (node:_http_client:575:5)
    at Socket.emit (node:events:508:28)
    at emitErrorNT (node:internal/streams/destroy:170:8)
    at emitErrorCloseNT (node:internal/streams/destroy:129:3) undefined
Error: AggregateError
    at Object.dispatchError (C:\Users\ferna\Downloads\appforge-main\node_modules\jsdom\lib\jsdom\living\xhr\xhr-utils.js:63:19)
    at Request.<anonymous> (C:\Users\ferna\Downloads\appforge-main\node_modules\jsdom\lib\jsdom\living\xhr\XMLHttpRequest-impl.js:655:18)
    at Request.emit (node:events:520:35)
    at ClientRequest.<anonymous> (C:\Users\ferna\Downloads\appforge-main\node_modules\jsdom\lib\jsdom\living\helpers\http-request.js:127:14)
    at ClientRequest.emit (node:events:508:28)
    at emitErrorEvent (node:_http_client:108:11)
    at Socket.socketErrorListener (node:_http_client:575:5)
    at Socket.emit (node:events:508:28)
    at emitErrorNT (node:internal/streams/destroy:170:8)
    at emitErrorCloseNT (node:internal/streams/destroy:129:3) undefined
Error: AggregateError
    at Object.dispatchError (C:\Users\ferna\Downloads\appforge-main\node_modules\jsdom\lib\jsdom\living\xhr\xhr-utils.js:63:19)
    at Request.<anonymous> (C:\Users\ferna\Downloads\appforge-main\node_modules\jsdom\lib\jsdom\living\xhr\XMLHttpRequest-impl.js:655:18)
    at Request.emit (node:events:520:35)
    at ClientRequest.<anonymous> (C:\Users\ferna\Downloads\appforge-main\node_modules\jsdom\lib\jsdom\living\helpers\http-request.js:127:14)
    at ClientRequest.emit (node:events:508:28)
    at emitErrorEvent (node:_http_client:108:11)
    at Socket.socketErrorListener (node:_http_client:575:5)
    at Socket.emit (node:events:508:28)
    at emitErrorNT (node:internal/streams/destroy:170:8)
    at emitErrorCloseNT (node:internal/streams/destroy:129:3) undefined
Error: AggregateError
    at Object.dispatchError (C:\Users\ferna\Downloads\appforge-main\node_modules\jsdom\lib\jsdom\living\xhr\xhr-utils.js:63:19)
    at Request.<anonymous> (C:\Users\ferna\Downloads\appforge-main\node_modules\jsdom\lib\jsdom\living\xhr\XMLHttpRequest-impl.js:655:18)
    at Request.emit (node:events:520:35)
    at ClientRequest.<anonymous> (C:\Users\ferna\Downloads\appforge-main\node_modules\jsdom\lib\jsdom\living\helpers\http-request.js:127:14)
    at ClientRequest.emit (node:events:508:28)
    at emitErrorEvent (node:_http_client:108:11)
    at Socket.socketErrorListener (node:_http_client:575:5)
    at Socket.emit (node:events:508:28)
    at emitErrorNT (node:internal/streams/destroy:170:8)
    at emitErrorCloseNT (node:internal/streams/destroy:129:3) undefined
Error: AggregateError
    at Object.dispatchError (C:\Users\ferna\Downloads\appforge-main\node_modules\jsdom\lib\jsdom\living\xhr\xhr-utils.js:63:19)
    at Request.<anonymous> (C:\Users\ferna\Downloads\appforge-main\node_modules\jsdom\lib\jsdom\living\xhr\XMLHttpRequest-impl.js:655:18)
    at Request.emit (node:events:520:35)
    at ClientRequest.<anonymous> (C:\Users\ferna\Downloads\appforge-main\node_modules\jsdom\lib\jsdom\living\helpers\http-request.js:127:14)
    at ClientRequest.emit (node:events:508:28)
    at emitErrorEvent (node:_http_client:108:11)
    at Socket.socketErrorListener (node:_http_client:575:5)
    at Socket.emit (node:events:508:28)
    at emitErrorNT (node:internal/streams/destroy:170:8)
    at emitErrorCloseNT (node:internal/streams/destroy:129:3) undefined
Error: AggregateError
    at Object.dispatchError (C:\Users\ferna\Downloads\appforge-main\node_modules\jsdom\lib\jsdom\living\xhr\xhr-utils.js:63:19)
    at Request.<anonymous> (C:\Users\ferna\Downloads\appforge-main\node_modules\jsdom\lib\jsdom\living\xhr\XMLHttpRequest-impl.js:655:18)
    at Request.emit (node:events:520:35)
    at ClientRequest.<anonymous> (C:\Users\ferna\Downloads\appforge-main\node_modules\jsdom\lib\jsdom\living\helpers\http-request.js:127:14)
    at ClientRequest.emit (node:events:508:28)
    at emitErrorEvent (node:_http_client:108:11)
    at Socket.socketErrorListener (node:_http_client:575:5)
    at Socket.emit (node:events:508:28)
    at emitErrorNT (node:internal/streams/destroy:170:8)
    at emitErrorCloseNT (node:internal/streams/destroy:129:3) undefined
Error: AggregateError
    at Object.dispatchError (C:\Users\ferna\Downloads\appforge-main\node_modules\jsdom\lib\jsdom\living\xhr\xhr-utils.js:63:19)
    at Request.<anonymous> (C:\Users\ferna\Downloads\appforge-main\node_modules\jsdom\lib\jsdom\living\xhr\XMLHttpRequest-impl.js:655:18)
    at Request.emit (node:events:520:35)
    at ClientRequest.<anonymous> (C:\Users\ferna\Downloads\appforge-main\node_modules\jsdom\lib\jsdom\living\helpers\http-request.js:127:14)
    at ClientRequest.emit (node:events:508:28)
    at emitErrorEvent (node:_http_client:108:11)
    at Socket.socketErrorListener (node:_http_client:575:5)
    at Socket.emit (node:events:508:28)
    at emitErrorNT (node:internal/streams/destroy:170:8)
    at emitErrorCloseNT (node:internal/streams/destroy:129:3) undefined
Error: AggregateError
    at Object.dispatchError (C:\Users\ferna\Downloads\appforge-main\node_modules\jsdom\lib\jsdom\living\xhr\xhr-utils.js:63:19)
    at Request.<anonymous> (C:\Users\ferna\Downloads\appforge-main\node_modules\jsdom\lib\jsdom\living\xhr\XMLHttpRequest-impl.js:655:18)
    at Request.emit (node:events:520:35)
    at ClientRequest.<anonymous> (C:\Users\ferna\Downloads\appforge-main\node_modules\jsdom\lib\jsdom\living\helpers\http-request.js:127:14)
    at ClientRequest.emit (node:events:508:28)
    at emitErrorEvent (node:_http_client:108:11)
    at Socket.socketErrorListener (node:_http_client:575:5)
    at Socket.emit (node:events:508:28)
    at emitErrorNT (node:internal/streams/destroy:170:8)
    at emitErrorCloseNT (node:internal/streams/destroy:129:3) undefined
Error: AggregateError
    at Object.dispatchError (C:\Users\ferna\Downloads\appforge-main\node_modules\jsdom\lib\jsdom\living\xhr\xhr-utils.js:63:19)
    at Request.<anonymous> (C:\Users\ferna\Downloads\appforge-main\node_modules\jsdom\lib\jsdom\living\xhr\XMLHttpRequest-impl.js:655:18)
    at Request.emit (node:events:520:35)
    at ClientRequest.<anonymous> (C:\Users\ferna\Downloads\appforge-main\node_modules\jsdom\lib\jsdom\living\helpers\http-request.js:127:14)
    at ClientRequest.emit (node:events:508:28)
    at emitErrorEvent (node:_http_client:108:11)
    at Socket.socketErrorListener (node:_http_client:575:5)
    at Socket.emit (node:events:508:28)
    at emitErrorNT (node:internal/streams/destroy:170:8)
    at emitErrorCloseNT (node:internal/streams/destroy:129:3) undefined
Error: AggregateError
    at Object.dispatchError (C:\Users\ferna\Downloads\appforge-main\node_modules\jsdom\lib\jsdom\living\xhr\xhr-utils.js:63:19)
    at Request.<anonymous> (C:\Users\ferna\Downloads\appforge-main\node_modules\jsdom\lib\jsdom\living\xhr\XMLHttpRequest-impl.js:655:18)
    at Request.emit (node:events:520:35)
    at ClientRequest.<anonymous> (C:\Users\ferna\Downloads\appforge-main\node_modules\jsdom\lib\jsdom\living\helpers\http-request.js:127:14)
    at ClientRequest.emit (node:events:508:28)
    at emitErrorEvent (node:_http_client:108:11)
    at Socket.socketErrorListener (node:_http_client:575:5)
    at Socket.emit (node:events:508:28)
    at emitErrorNT (node:internal/streams/destroy:170:8)
    at emitErrorCloseNT (node:internal/streams/destroy:129:3) undefined
Error: AggregateError
    at Object.dispatchError (C:\Users\ferna\Downloads\appforge-main\node_modules\jsdom\lib\jsdom\living\xhr\xhr-utils.js:63:19)
    at Request.<anonymous> (C:\Users\ferna\Downloads\appforge-main\node_modules\jsdom\lib\jsdom\living\xhr\XMLHttpRequest-impl.js:655:18)
    at Request.emit (node:events:520:35)
    at ClientRequest.<anonymous> (C:\Users\ferna\Downloads\appforge-main\node_modules\jsdom\lib\jsdom\living\helpers\http-request.js:127:14)
    at ClientRequest.emit (node:events:508:28)
    at emitErrorEvent (node:_http_client:108:11)
    at Socket.socketErrorListener (node:_http_client:575:5)
    at Socket.emit (node:events:508:28)
    at emitErrorNT (node:internal/streams/destroy:170:8)
    at emitErrorCloseNT (node:internal/streams/destroy:129:3) undefined
Error: AggregateError
    at Object.dispatchError (C:\Users\ferna\Downloads\appforge-main\node_modules\jsdom\lib\jsdom\living\xhr\xhr-utils.js:63:19)
    at Request.<anonymous> (C:\Users\ferna\Downloads\appforge-main\node_modules\jsdom\lib\jsdom\living\xhr\XMLHttpRequest-impl.js:655:18)
    at Request.emit (node:events:520:35)
    at ClientRequest.<anonymous> (C:\Users\ferna\Downloads\appforge-main\node_modules\jsdom\lib\jsdom\living\helpers\http-request.js:127:14)
    at ClientRequest.emit (node:events:508:28)
    at emitErrorEvent (node:_http_client:108:11)
    at Socket.socketErrorListener (node:_http_client:575:5)
    at Socket.emit (node:events:508:28)
    at emitErrorNT (node:internal/streams/destroy:170:8)
    at emitErrorCloseNT (node:internal/streams/destroy:129:3) undefined
Error: AggregateError
    at Object.dispatchError (C:\Users\ferna\Downloads\appforge-main\node_modules\jsdom\lib\jsdom\living\xhr\xhr-utils.js:63:19)
    at Request.<anonymous> (C:\Users\ferna\Downloads\appforge-main\node_modules\jsdom\lib\jsdom\living\xhr\XMLHttpRequest-impl.js:655:18)
    at Request.emit (node:events:520:35)
    at ClientRequest.<anonymous> (C:\Users\ferna\Downloads\appforge-main\node_modules\jsdom\lib\jsdom\living\helpers\http-request.js:127:14)
    at ClientRequest.emit (node:events:508:28)
    at emitErrorEvent (node:_http_client:108:11)
    at Socket.socketErrorListener (node:_http_client:575:5)
    at Socket.emit (node:events:508:28)
    at emitErrorNT (node:internal/streams/destroy:170:8)
    at emitErrorCloseNT (node:internal/streams/destroy:129:3) undefined
Error: AggregateError
    at Object.dispatchError (C:\Users\ferna\Downloads\appforge-main\node_modules\jsdom\lib\jsdom\living\xhr\xhr-utils.js:63:19)
    at Request.<anonymous> (C:\Users\ferna\Downloads\appforge-main\node_modules\jsdom\lib\jsdom\living\xhr\XMLHttpRequest-impl.js:655:18)
    at Request.emit (node:events:520:35)
    at ClientRequest.<anonymous> (C:\Users\ferna\Downloads\appforge-main\node_modules\jsdom\lib\jsdom\living\helpers\http-request.js:127:14)
    at ClientRequest.emit (node:events:508:28)
    at emitErrorEvent (node:_http_client:108:11)
    at Socket.socketErrorListener (node:_http_client:575:5)
    at Socket.emit (node:events:508:28)
    at emitErrorNT (node:internal/streams/destroy:170:8)
    at emitErrorCloseNT (node:internal/streams/destroy:129:3) undefined
Error: AggregateError
    at Object.dispatchError (C:\Users\ferna\Downloads\appforge-main\node_modules\jsdom\lib\jsdom\living\xhr\xhr-utils.js:63:19)
    at Request.<anonymous> (C:\Users\ferna\Downloads\appforge-main\node_modules\jsdom\lib\jsdom\living\xhr\XMLHttpRequest-impl.js:655:18)
    at Request.emit (node:events:520:35)
    at ClientRequest.<anonymous> (C:\Users\ferna\Downloads\appforge-main\node_modules\jsdom\lib\jsdom\living\helpers\http-request.js:127:14)
    at ClientRequest.emit (node:events:508:28)
    at emitErrorEvent (node:_http_client:108:11)
    at Socket.socketErrorListener (node:_http_client:575:5)
    at Socket.emit (node:events:508:28)
    at emitErrorNT (node:internal/streams/destroy:170:8)
    at emitErrorCloseNT (node:internal/streams/destroy:129:3) undefined
Error: AggregateError
    at Object.dispatchError (C:\Users\ferna\Downloads\appforge-main\node_modules\jsdom\lib\jsdom\living\xhr\xhr-utils.js:63:19)
    at Request.<anonymous> (C:\Users\ferna\Downloads\appforge-main\node_modules\jsdom\lib\jsdom\living\xhr\XMLHttpRequest-impl.js:655:18)
    at Request.emit (node:events:520:35)
    at ClientRequest.<anonymous> (C:\Users\ferna\Downloads\appforge-main\node_modules\jsdom\lib\jsdom\living\helpers\http-request.js:127:14)
    at ClientRequest.emit (node:events:508:28)
    at emitErrorEvent (node:_http_client:108:11)
    at Socket.socketErrorListener (node:_http_client:575:5)
    at Socket.emit (node:events:508:28)
    at emitErrorNT (node:internal/streams/destroy:170:8)
    at emitErrorCloseNT (node:internal/streams/destroy:129:3) undefined
Error: AggregateError
    at Object.dispatchError (C:\Users\ferna\Downloads\appforge-main\node_modules\jsdom\lib\jsdom\living\xhr\xhr-utils.js:63:19)
    at Request.<anonymous> (C:\Users\ferna\Downloads\appforge-main\node_modules\jsdom\lib\jsdom\living\xhr\XMLHttpRequest-impl.js:655:18)
    at Request.emit (node:events:520:35)
    at ClientRequest.<anonymous> (C:\Users\ferna\Downloads\appforge-main\node_modules\jsdom\lib\jsdom\living\helpers\http-request.js:127:14)
    at ClientRequest.emit (node:events:508:28)
    at emitErrorEvent (node:_http_client:108:11)
    at Socket.socketErrorListener (node:_http_client:575:5)
    at Socket.emit (node:events:508:28)
    at emitErrorNT (node:internal/streams/destroy:170:8)
    at emitErrorCloseNT (node:internal/streams/destroy:129:3) undefined
Error: AggregateError
    at Object.dispatchError (C:\Users\ferna\Downloads\appforge-main\node_modules\jsdom\lib\jsdom\living\xhr\xhr-utils.js:63:19)
    at Request.<anonymous> (C:\Users\ferna\Downloads\appforge-main\node_modules\jsdom\lib\jsdom\living\xhr\XMLHttpRequest-impl.js:655:18)
    at Request.emit (node:events:520:35)
    at ClientRequest.<anonymous> (C:\Users\ferna\Downloads\appforge-main\node_modules\jsdom\lib\jsdom\living\helpers\http-request.js:127:14)
    at ClientRequest.emit (node:events:508:28)
    at emitErrorEvent (node:_http_client:108:11)
    at Socket.socketErrorListener (node:_http_client:575:5)
    at Socket.emit (node:events:508:28)
    at emitErrorNT (node:internal/streams/destroy:170:8)
    at emitErrorCloseNT (node:internal/streams/destroy:129:3) undefined
Error: AggregateError
    at Object.dispatchError (C:\Users\ferna\Downloads\appforge-main\node_modules\jsdom\lib\jsdom\living\xhr\xhr-utils.js:63:19)
    at Request.<anonymous> (C:\Users\ferna\Downloads\appforge-main\node_modules\jsdom\lib\jsdom\living\xhr\XMLHttpRequest-impl.js:655:18)
    at Request.emit (node:events:520:35)
    at ClientRequest.<anonymous> (C:\Users\ferna\Downloads\appforge-main\node_modules\jsdom\lib\jsdom\living\helpers\http-request.js:127:14)
    at ClientRequest.emit (node:events:508:28)
    at emitErrorEvent (node:_http_client:108:11)
    at Socket.socketErrorListener (node:_http_client:575:5)
    at Socket.emit (node:events:508:28)
    at emitErrorNT (node:internal/streams/destroy:170:8)
    at emitErrorCloseNT (node:internal/streams/destroy:129:3) undefined
Error: AggregateError
    at Object.dispatchError (C:\Users\ferna\Downloads\appforge-main\node_modules\jsdom\lib\jsdom\living\xhr\xhr-utils.js:63:19)
    at Request.<anonymous> (C:\Users\ferna\Downloads\appforge-main\node_modules\jsdom\lib\jsdom\living\xhr\XMLHttpRequest-impl.js:655:18)
    at Request.emit (node:events:520:35)
    at ClientRequest.<anonymous> (C:\Users\ferna\Downloads\appforge-main\node_modules\jsdom\lib\jsdom\living\helpers\http-request.js:127:14)
    at ClientRequest.emit (node:events:508:28)
    at emitErrorEvent (node:_http_client:108:11)
    at Socket.socketErrorListener (node:_http_client:575:5)
    at Socket.emit (node:events:508:28)
    at emitErrorNT (node:internal/streams/destroy:170:8)
    at emitErrorCloseNT (node:internal/streams/destroy:129:3) undefined
Error: AggregateError
    at Object.dispatchError (C:\Users\ferna\Downloads\appforge-main\node_modules\jsdom\lib\jsdom\living\xhr\xhr-utils.js:63:19)
    at Request.<anonymous> (C:\Users\ferna\Downloads\appforge-main\node_modules\jsdom\lib\jsdom\living\xhr\XMLHttpRequest-impl.js:655:18)
    at Request.emit (node:events:520:35)
    at ClientRequest.<anonymous> (C:\Users\ferna\Downloads\appforge-main\node_modules\jsdom\lib\jsdom\living\helpers\http-request.js:127:14)
    at ClientRequest.emit (node:events:508:28)
    at emitErrorEvent (node:_http_client:108:11)
    at Socket.socketErrorListener (node:_http_client:575:5)
    at Socket.emit (node:events:508:28)
    at emitErrorNT (node:internal/streams/destroy:170:8)
    at emitErrorCloseNT (node:internal/streams/destroy:129:3) undefined
Error: AggregateError
    at Object.dispatchError (C:\Users\ferna\Downloads\appforge-main\node_modules\jsdom\lib\jsdom\living\xhr\xhr-utils.js:63:19)
    at Request.<anonymous> (C:\Users\ferna\Downloads\appforge-main\node_modules\jsdom\lib\jsdom\living\xhr\XMLHttpRequest-impl.js:655:18)
    at Request.emit (node:events:520:35)
    at ClientRequest.<anonymous> (C:\Users\ferna\Downloads\appforge-main\node_modules\jsdom\lib\jsdom\living\helpers\http-request.js:127:14)
    at ClientRequest.emit (node:events:508:28)
    at emitErrorEvent (node:_http_client:108:11)
    at Socket.socketErrorListener (node:_http_client:575:5)
    at Socket.emit (node:events:508:28)
    at emitErrorNT (node:internal/streams/destroy:170:8)
    at emitErrorCloseNT (node:internal/streams/destroy:129:3) undefined
Error: AggregateError
    at Object.dispatchError (C:\Users\ferna\Downloads\appforge-main\node_modules\jsdom\lib\jsdom\living\xhr\xhr-utils.js:63:19)
    at Request.<anonymous> (C:\Users\ferna\Downloads\appforge-main\node_modules\jsdom\lib\jsdom\living\xhr\XMLHttpRequest-impl.js:655:18)
    at Request.emit (node:events:520:35)
    at ClientRequest.<anonymous> (C:\Users\ferna\Downloads\appforge-main\node_modules\jsdom\lib\jsdom\living\helpers\http-request.js:127:14)
    at ClientRequest.emit (node:events:508:28)
    at emitErrorEvent (node:_http_client:108:11)
    at Socket.socketErrorListener (node:_http_client:575:5)
    at Socket.emit (node:events:508:28)
    at emitErrorNT (node:internal/streams/destroy:170:8)
    at emitErrorCloseNT (node:internal/streams/destroy:129:3) undefined
Error: AggregateError
    at Object.dispatchError (C:\Users\ferna\Downloads\appforge-main\node_modules\jsdom\lib\jsdom\living\xhr\xhr-utils.js:63:19)
    at Request.<anonymous> (C:\Users\ferna\Downloads\appforge-main\node_modules\jsdom\lib\jsdom\living\xhr\XMLHttpRequest-impl.js:655:18)
    at Request.emit (node:events:520:35)
    at ClientRequest.<anonymous> (C:\Users\ferna\Downloads\appforge-main\node_modules\jsdom\lib\jsdom\living\helpers\http-request.js:127:14)
    at ClientRequest.emit (node:events:508:28)
    at emitErrorEvent (node:_http_client:108:11)
    at Socket.socketErrorListener (node:_http_client:575:5)
    at Socket.emit (node:events:508:28)
    at emitErrorNT (node:internal/streams/destroy:170:8)
    at emitErrorCloseNT (node:internal/streams/destroy:129:3) undefined
Error: AggregateError
    at Object.dispatchError (C:\Users\ferna\Downloads\appforge-main\node_modules\jsdom\lib\jsdom\living\xhr\xhr-utils.js:63:19)
    at Request.<anonymous> (C:\Users\ferna\Downloads\appforge-main\node_modules\jsdom\lib\jsdom\living\xhr\XMLHttpRequest-impl.js:655:18)
    at Request.emit (node:events:520:35)
    at ClientRequest.<anonymous> (C:\Users\ferna\Downloads\appforge-main\node_modules\jsdom\lib\jsdom\living\helpers\http-request.js:127:14)
    at ClientRequest.emit (node:events:508:28)
    at emitErrorEvent (node:_http_client:108:11)
    at Socket.socketErrorListener (node:_http_client:575:5)
    at Socket.emit (node:events:508:28)
    at emitErrorNT (node:internal/streams/destroy:170:8)
    at emitErrorCloseNT (node:internal/streams/destroy:129:3) undefined
Error: AggregateError
    at Object.dispatchError (C:\Users\ferna\Downloads\appforge-main\node_modules\jsdom\lib\jsdom\living\xhr\xhr-utils.js:63:19)
    at Request.<anonymous> (C:\Users\ferna\Downloads\appforge-main\node_modules\jsdom\lib\jsdom\living\xhr\XMLHttpRequest-impl.js:655:18)
    at Request.emit (node:events:520:35)
    at ClientRequest.<anonymous> (C:\Users\ferna\Downloads\appforge-main\node_modules\jsdom\lib\jsdom\living\helpers\http-request.js:127:14)
    at ClientRequest.emit (node:events:508:28)
    at emitErrorEvent (node:_http_client:108:11)
    at Socket.socketErrorListener (node:_http_client:575:5)
    at Socket.emit (node:events:508:28)
    at emitErrorNT (node:internal/streams/destroy:170:8)
    at emitErrorCloseNT (node:internal/streams/destroy:129:3) undefined
Error: AggregateError
    at Object.dispatchError (C:\Users\ferna\Downloads\appforge-main\node_modules\jsdom\lib\jsdom\living\xhr\xhr-utils.js:63:19)
    at Request.<anonymous> (C:\Users\ferna\Downloads\appforge-main\node_modules\jsdom\lib\jsdom\living\xhr\XMLHttpRequest-impl.js:655:18)
    at Request.emit (node:events:520:35)
    at ClientRequest.<anonymous> (C:\Users\ferna\Downloads\appforge-main\node_modules\jsdom\lib\jsdom\living\helpers\http-request.js:127:14)
    at ClientRequest.emit (node:events:508:28)
    at emitErrorEvent (node:_http_client:108:11)
    at Socket.socketErrorListener (node:_http_client:575:5)
    at Socket.emit (node:events:508:28)
    at emitErrorNT (node:internal/streams/destroy:170:8)
    at emitErrorCloseNT (node:internal/streams/destroy:129:3) undefined
Error: AggregateError
    at Object.dispatchError (C:\Users\ferna\Downloads\appforge-main\node_modules\jsdom\lib\jsdom\living\xhr\xhr-utils.js:63:19)
    at Request.<anonymous> (C:\Users\ferna\Downloads\appforge-main\node_modules\jsdom\lib\jsdom\living\xhr\XMLHttpRequest-impl.js:655:18)
    at Request.emit (node:events:520:35)
    at ClientRequest.<anonymous> (C:\Users\ferna\Downloads\appforge-main\node_modules\jsdom\lib\jsdom\living\helpers\http-request.js:127:14)
    at ClientRequest.emit (node:events:508:28)
    at emitErrorEvent (node:_http_client:108:11)
    at Socket.socketErrorListener (node:_http_client:575:5)
    at Socket.emit (node:events:508:28)
    at emitErrorNT (node:internal/streams/destroy:170:8)
    at emitErrorCloseNT (node:internal/streams/destroy:129:3) undefined
Error: AggregateError
    at Object.dispatchError (C:\Users\ferna\Downloads\appforge-main\node_modules\jsdom\lib\jsdom\living\xhr\xhr-utils.js:63:19)
    at Request.<anonymous> (C:\Users\ferna\Downloads\appforge-main\node_modules\jsdom\lib\jsdom\living\xhr\XMLHttpRequest-impl.js:655:18)
    at Request.emit (node:events:520:35)
    at ClientRequest.<anonymous> (C:\Users\ferna\Downloads\appforge-main\node_modules\jsdom\lib\jsdom\living\helpers\http-request.js:127:14)
    at ClientRequest.emit (node:events:508:28)
    at emitErrorEvent (node:_http_client:108:11)
    at Socket.socketErrorListener (node:_http_client:575:5)
    at Socket.emit (node:events:508:28)
    at emitErrorNT (node:internal/streams/destroy:170:8)
    at emitErrorCloseNT (node:internal/streams/destroy:129:3) undefined
Error: AggregateError
    at Object.dispatchError (C:\Users\ferna\Downloads\appforge-main\node_modules\jsdom\lib\jsdom\living\xhr\xhr-utils.js:63:19)
    at Request.<anonymous> (C:\Users\ferna\Downloads\appforge-main\node_modules\jsdom\lib\jsdom\living\xhr\XMLHttpRequest-impl.js:655:18)
    at Request.emit (node:events:520:35)
    at ClientRequest.<anonymous> (C:\Users\ferna\Downloads\appforge-main\node_modules\jsdom\lib\jsdom\living\helpers\http-request.js:127:14)
    at ClientRequest.emit (node:events:508:28)
    at emitErrorEvent (node:_http_client:108:11)
    at Socket.socketErrorListener (node:_http_client:575:5)
    at Socket.emit (node:events:508:28)
    at emitErrorNT (node:internal/streams/destroy:170:8)
    at emitErrorCloseNT (node:internal/streams/destroy:129:3) undefined
Error: AggregateError
    at Object.dispatchError (C:\Users\ferna\Downloads\appforge-main\node_modules\jsdom\lib\jsdom\living\xhr\xhr-utils.js:63:19)
    at Request.<anonymous> (C:\Users\ferna\Downloads\appforge-main\node_modules\jsdom\lib\jsdom\living\xhr\XMLHttpRequest-impl.js:655:18)
    at Request.emit (node:events:520:35)
    at ClientRequest.<anonymous> (C:\Users\ferna\Downloads\appforge-main\node_modules\jsdom\lib\jsdom\living\helpers\http-request.js:127:14)
    at ClientRequest.emit (node:events:508:28)
    at emitErrorEvent (node:_http_client:108:11)
    at Socket.socketErrorListener (node:_http_client:575:5)
    at Socket.emit (node:events:508:28)
    at emitErrorNT (node:internal/streams/destroy:170:8)
    at emitErrorCloseNT (node:internal/streams/destroy:129:3) undefined
Error: AggregateError
    at Object.dispatchError (C:\Users\ferna\Downloads\appforge-main\node_modules\jsdom\lib\jsdom\living\xhr\xhr-utils.js:63:19)
    at Request.<anonymous> (C:\Users\ferna\Downloads\appforge-main\node_modules\jsdom\lib\jsdom\living\xhr\XMLHttpRequest-impl.js:655:18)
    at Request.emit (node:events:520:35)
    at ClientRequest.<anonymous> (C:\Users\ferna\Downloads\appforge-main\node_modules\jsdom\lib\jsdom\living\helpers\http-request.js:127:14)
    at ClientRequest.emit (node:events:508:28)
    at emitErrorEvent (node:_http_client:108:11)
    at Socket.socketErrorListener (node:_http_client:575:5)
    at Socket.emit (node:events:508:28)
    at emitErrorNT (node:internal/streams/destroy:170:8)
    at emitErrorCloseNT (node:internal/streams/destroy:129:3) undefined
Error: AggregateError
    at Object.dispatchError (C:\Users\ferna\Downloads\appforge-main\node_modules\jsdom\lib\jsdom\living\xhr\xhr-utils.js:63:19)
    at Request.<anonymous> (C:\Users\ferna\Downloads\appforge-main\node_modules\jsdom\lib\jsdom\living\xhr\XMLHttpRequest-impl.js:655:18)
    at Request.emit (node:events:520:35)
    at ClientRequest.<anonymous> (C:\Users\ferna\Downloads\appforge-main\node_modules\jsdom\lib\jsdom\living\helpers\http-request.js:127:14)
    at ClientRequest.emit (node:events:508:28)
    at emitErrorEvent (node:_http_client:108:11)
    at Socket.socketErrorListener (node:_http_client:575:5)
    at Socket.emit (node:events:508:28)
    at emitErrorNT (node:internal/streams/destroy:170:8)
    at emitErrorCloseNT (node:internal/streams/destroy:129:3) undefined
Error: AggregateError
    at Object.dispatchError (C:\Users\ferna\Downloads\appforge-main\node_modules\jsdom\lib\jsdom\living\xhr\xhr-utils.js:63:19)
    at Request.<anonymous> (C:\Users\ferna\Downloads\appforge-main\node_modules\jsdom\lib\jsdom\living\xhr\XMLHttpRequest-impl.js:655:18)
    at Request.emit (node:events:520:35)
    at ClientRequest.<anonymous> (C:\Users\ferna\Downloads\appforge-main\node_modules\jsdom\lib\jsdom\living\helpers\http-request.js:127:14)
    at ClientRequest.emit (node:events:508:28)
    at emitErrorEvent (node:_http_client:108:11)
    at Socket.socketErrorListener (node:_http_client:575:5)
    at Socket.emit (node:events:508:28)
    at emitErrorNT (node:internal/streams/destroy:170:8)
    at emitErrorCloseNT (node:internal/streams/destroy:129:3) undefined
Error: AggregateError
    at Object.dispatchError (C:\Users\ferna\Downloads\appforge-main\node_modules\jsdom\lib\jsdom\living\xhr\xhr-utils.js:63:19)
    at Request.<anonymous> (C:\Users\ferna\Downloads\appforge-main\node_modules\jsdom\lib\jsdom\living\xhr\XMLHttpRequest-impl.js:655:18)
    at Request.emit (node:events:520:35)
    at ClientRequest.<anonymous> (C:\Users\ferna\Downloads\appforge-main\node_modules\jsdom\lib\jsdom\living\helpers\http-request.js:127:14)
    at ClientRequest.emit (node:events:508:28)
    at emitErrorEvent (node:_http_client:108:11)
    at Socket.socketErrorListener (node:_http_client:575:5)
    at Socket.emit (node:events:508:28)
    at emitErrorNT (node:internal/streams/destroy:170:8)
    at emitErrorCloseNT (node:internal/streams/destroy:129:3) undefined
Error: AggregateError
    at Object.dispatchError (C:\Users\ferna\Downloads\appforge-main\node_modules\jsdom\lib\jsdom\living\xhr\xhr-utils.js:63:19)
    at Request.<anonymous> (C:\Users\ferna\Downloads\appforge-main\node_modules\jsdom\lib\jsdom\living\xhr\XMLHttpRequest-impl.js:655:18)
    at Request.emit (node:events:520:35)
    at ClientRequest.<anonymous> (C:\Users\ferna\Downloads\appforge-main\node_modules\jsdom\lib\jsdom\living\helpers\http-request.js:127:14)
    at ClientRequest.emit (node:events:508:28)
    at emitErrorEvent (node:_http_client:108:11)
    at Socket.socketErrorListener (node:_http_client:575:5)
    at Socket.emit (node:events:508:28)
    at emitErrorNT (node:internal/streams/destroy:170:8)
    at emitErrorCloseNT (node:internal/streams/destroy:129:3) undefined
Error: AggregateError
    at Object.dispatchError (C:\Users\ferna\Downloads\appforge-main\node_modules\jsdom\lib\jsdom\living\xhr\xhr-utils.js:63:19)
    at Request.<anonymous> (C:\Users\ferna\Downloads\appforge-main\node_modules\jsdom\lib\jsdom\living\xhr\XMLHttpRequest-impl.js:655:18)
    at Request.emit (node:events:520:35)
    at ClientRequest.<anonymous> (C:\Users\ferna\Downloads\appforge-main\node_modules\jsdom\lib\jsdom\living\helpers\http-request.js:127:14)
    at ClientRequest.emit (node:events:508:28)
    at emitErrorEvent (node:_http_client:108:11)
    at Socket.socketErrorListener (node:_http_client:575:5)
    at Socket.emit (node:events:508:28)
    at emitErrorNT (node:internal/streams/destroy:170:8)
    at emitErrorCloseNT (node:internal/streams/destroy:129:3) undefined
Error: AggregateError
    at Object.dispatchError (C:\Users\ferna\Downloads\appforge-main\node_modules\jsdom\lib\jsdom\living\xhr\xhr-utils.js:63:19)
    at Request.<anonymous> (C:\Users\ferna\Downloads\appforge-main\node_modules\jsdom\lib\jsdom\living\xhr\XMLHttpRequest-impl.js:655:18)
    at Request.emit (node:events:520:35)
    at ClientRequest.<anonymous> (C:\Users\ferna\Downloads\appforge-main\node_modules\jsdom\lib\jsdom\living\helpers\http-request.js:127:14)
    at ClientRequest.emit (node:events:508:28)
    at emitErrorEvent (node:_http_client:108:11)
    at Socket.socketErrorListener (node:_http_client:575:5)
    at Socket.emit (node:events:508:28)
    at emitErrorNT (node:internal/streams/destroy:170:8)
    at emitErrorCloseNT (node:internal/streams/destroy:129:3) undefined
Error: AggregateError
    at Object.dispatchError (C:\Users\ferna\Downloads\appforge-main\node_modules\jsdom\lib\jsdom\living\xhr\xhr-utils.js:63:19)
    at Request.<anonymous> (C:\Users\ferna\Downloads\appforge-main\node_modules\jsdom\lib\jsdom\living\xhr\XMLHttpRequest-impl.js:655:18)
    at Request.emit (node:events:520:35)
    at ClientRequest.<anonymous> (C:\Users\ferna\Downloads\appforge-main\node_modules\jsdom\lib\jsdom\living\helpers\http-request.js:127:14)
    at ClientRequest.emit (node:events:508:28)
    at emitErrorEvent (node:_http_client:108:11)
    at Socket.socketErrorListener (node:_http_client:575:5)
    at Socket.emit (node:events:508:28)
    at emitErrorNT (node:internal/streams/destroy:170:8)
    at emitErrorCloseNT (node:internal/streams/destroy:129:3) undefined
Error: AggregateError
    at Object.dispatchError (C:\Users\ferna\Downloads\appforge-main\node_modules\jsdom\lib\jsdom\living\xhr\xhr-utils.js:63:19)
    at Request.<anonymous> (C:\Users\ferna\Downloads\appforge-main\node_modules\jsdom\lib\jsdom\living\xhr\XMLHttpRequest-impl.js:655:18)
    at Request.emit (node:events:520:35)
    at ClientRequest.<anonymous> (C:\Users\ferna\Downloads\appforge-main\node_modules\jsdom\lib\jsdom\living\helpers\http-request.js:127:14)
    at ClientRequest.emit (node:events:508:28)
    at emitErrorEvent (node:_http_client:108:11)
    at Socket.socketErrorListener (node:_http_client:575:5)
    at Socket.emit (node:events:508:28)
    at emitErrorNT (node:internal/streams/destroy:170:8)
    at emitErrorCloseNT (node:internal/streams/destroy:129:3) undefined
Error: AggregateError
    at Object.dispatchError (C:\Users\ferna\Downloads\appforge-main\node_modules\jsdom\lib\jsdom\living\xhr\xhr-utils.js:63:19)
    at Request.<anonymous> (C:\Users\ferna\Downloads\appforge-main\node_modules\jsdom\lib\jsdom\living\xhr\XMLHttpRequest-impl.js:655:18)
    at Request.emit (node:events:520:35)
    at ClientRequest.<anonymous> (C:\Users\ferna\Downloads\appforge-main\node_modules\jsdom\lib\jsdom\living\helpers\http-request.js:127:14)
    at ClientRequest.emit (node:events:508:28)
    at emitErrorEvent (node:_http_client:108:11)
    at Socket.socketErrorListener (node:_http_client:575:5)
    at Socket.emit (node:events:508:28)
    at emitErrorNT (node:internal/streams/destroy:170:8)
    at emitErrorCloseNT (node:internal/streams/destroy:129:3) undefined
Error: AggregateError
    at Object.dispatchError (C:\Users\ferna\Downloads\appforge-main\node_modules\jsdom\lib\jsdom\living\xhr\xhr-utils.js:63:19)
    at Request.<anonymous> (C:\Users\ferna\Downloads\appforge-main\node_modules\jsdom\lib\jsdom\living\xhr\XMLHttpRequest-impl.js:655:18)
    at Request.emit (node:events:520:35)
    at ClientRequest.<anonymous> (C:\Users\ferna\Downloads\appforge-main\node_modules\jsdom\lib\jsdom\living\helpers\http-request.js:127:14)
    at ClientRequest.emit (node:events:508:28)
    at emitErrorEvent (node:_http_client:108:11)
    at Socket.socketErrorListener (node:_http_client:575:5)
    at Socket.emit (node:events:508:28)
    at emitErrorNT (node:internal/streams/destroy:170:8)
    at emitErrorCloseNT (node:internal/streams/destroy:129:3) undefined
Error: AggregateError
    at Object.dispatchError (C:\Users\ferna\Downloads\appforge-main\node_modules\jsdom\lib\jsdom\living\xhr\xhr-utils.js:63:19)
    at Request.<anonymous> (C:\Users\ferna\Downloads\appforge-main\node_modules\jsdom\lib\jsdom\living\xhr\XMLHttpRequest-impl.js:655:18)
    at Request.emit (node:events:520:35)
    at ClientRequest.<anonymous> (C:\Users\ferna\Downloads\appforge-main\node_modules\jsdom\lib\jsdom\living\helpers\http-request.js:127:14)
    at ClientRequest.emit (node:events:508:28)
    at emitErrorEvent (node:_http_client:108:11)
    at Socket.socketErrorListener (node:_http_client:575:5)
    at Socket.emit (node:events:508:28)
    at emitErrorNT (node:internal/streams/destroy:170:8)
    at emitErrorCloseNT (node:internal/streams/destroy:129:3) undefined
Error: AggregateError
    at Object.dispatchError (C:\Users\ferna\Downloads\appforge-main\node_modules\jsdom\lib\jsdom\living\xhr\xhr-utils.js:63:19)
    at Request.<anonymous> (C:\Users\ferna\Downloads\appforge-main\node_modules\jsdom\lib\jsdom\living\xhr\XMLHttpRequest-impl.js:655:18)
    at Request.emit (node:events:520:35)
    at ClientRequest.<anonymous> (C:\Users\ferna\Downloads\appforge-main\node_modules\jsdom\lib\jsdom\living\helpers\http-request.js:127:14)
    at ClientRequest.emit (node:events:508:28)
    at emitErrorEvent (node:_http_client:108:11)
    at Socket.socketErrorListener (node:_http_client:575:5)
    at Socket.emit (node:events:508:28)
    at emitErrorNT (node:internal/streams/destroy:170:8)
    at emitErrorCloseNT (node:internal/streams/destroy:129:3) undefined
Error: AggregateError
    at Object.dispatchError (C:\Users\ferna\Downloads\appforge-main\node_modules\jsdom\lib\jsdom\living\xhr\xhr-utils.js:63:19)
    at Request.<anonymous> (C:\Users\ferna\Downloads\appforge-main\node_modules\jsdom\lib\jsdom\living\xhr\XMLHttpRequest-impl.js:655:18)
    at Request.emit (node:events:520:35)
    at ClientRequest.<anonymous> (C:\Users\ferna\Downloads\appforge-main\node_modules\jsdom\lib\jsdom\living\helpers\http-request.js:127:14)
    at ClientRequest.emit (node:events:508:28)
    at emitErrorEvent (node:_http_client:108:11)
    at Socket.socketErrorListener (node:_http_client:575:5)
    at Socket.emit (node:events:508:28)
    at emitErrorNT (node:internal/streams/destroy:170:8)
    at emitErrorCloseNT (node:internal/streams/destroy:129:3) undefined
Error: AggregateError
    at Object.dispatchError (C:\Users\ferna\Downloads\appforge-main\node_modules\jsdom\lib\jsdom\living\xhr\xhr-utils.js:63:19)
    at Request.<anonymous> (C:\Users\ferna\Downloads\appforge-main\node_modules\jsdom\lib\jsdom\living\xhr\XMLHttpRequest-impl.js:655:18)
    at Request.emit (node:events:520:35)
    at ClientRequest.<anonymous> (C:\Users\ferna\Downloads\appforge-main\node_modules\jsdom\lib\jsdom\living\helpers\http-request.js:127:14)
    at ClientRequest.emit (node:events:508:28)
    at emitErrorEvent (node:_http_client:108:11)
    at Socket.socketErrorListener (node:_http_client:575:5)
    at Socket.emit (node:events:508:28)
    at emitErrorNT (node:internal/streams/destroy:170:8)
    at emitErrorCloseNT (node:internal/streams/destroy:129:3) undefined
Error: AggregateError
    at Object.dispatchError (C:\Users\ferna\Downloads\appforge-main\node_modules\jsdom\lib\jsdom\living\xhr\xhr-utils.js:63:19)
    at Request.<anonymous> (C:\Users\ferna\Downloads\appforge-main\node_modules\jsdom\lib\jsdom\living\xhr\XMLHttpRequest-impl.js:655:18)
    at Request.emit (node:events:520:35)
    at ClientRequest.<anonymous> (C:\Users\ferna\Downloads\appforge-main\node_modules\jsdom\lib\jsdom\living\helpers\http-request.js:127:14)
    at ClientRequest.emit (node:events:508:28)
    at emitErrorEvent (node:_http_client:108:11)
    at Socket.socketErrorListener (node:_http_client:575:5)
    at Socket.emit (node:events:508:28)
    at emitErrorNT (node:internal/streams/destroy:170:8)
    at emitErrorCloseNT (node:internal/streams/destroy:129:3) undefined
Error: AggregateError
    at Object.dispatchError (C:\Users\ferna\Downloads\appforge-main\node_modules\jsdom\lib\jsdom\living\xhr\xhr-utils.js:63:19)
    at Request.<anonymous> (C:\Users\ferna\Downloads\appforge-main\node_modules\jsdom\lib\jsdom\living\xhr\XMLHttpRequest-impl.js:655:18)
    at Request.emit (node:events:520:35)
    at ClientRequest.<anonymous> (C:\Users\ferna\Downloads\appforge-main\node_modules\jsdom\lib\jsdom\living\helpers\http-request.js:127:14)
    at ClientRequest.emit (node:events:508:28)
    at emitErrorEvent (node:_http_client:108:11)
    at Socket.socketErrorListener (node:_http_client:575:5)
    at Socket.emit (node:events:508:28)
    at emitErrorNT (node:internal/streams/destroy:170:8)
    at emitErrorCloseNT (node:internal/streams/destroy:129:3) undefined
Error: AggregateError
    at Object.dispatchError (C:\Users\ferna\Downloads\appforge-main\node_modules\jsdom\lib\jsdom\living\xhr\xhr-utils.js:63:19)
    at Request.<anonymous> (C:\Users\ferna\Downloads\appforge-main\node_modules\jsdom\lib\jsdom\living\xhr\XMLHttpRequest-impl.js:655:18)
    at Request.emit (node:events:520:35)
    at ClientRequest.<anonymous> (C:\Users\ferna\Downloads\appforge-main\node_modules\jsdom\lib\jsdom\living\helpers\http-request.js:127:14)
    at ClientRequest.emit (node:events:508:28)
    at emitErrorEvent (node:_http_client:108:11)
    at Socket.socketErrorListener (node:_http_client:575:5)
    at Socket.emit (node:events:508:28)
    at emitErrorNT (node:internal/streams/destroy:170:8)
    at emitErrorCloseNT (node:internal/streams/destroy:129:3) undefined
Error: AggregateError
    at Object.dispatchError (C:\Users\ferna\Downloads\appforge-main\node_modules\jsdom\lib\jsdom\living\xhr\xhr-utils.js:63:19)
    at Request.<anonymous> (C:\Users\ferna\Downloads\appforge-main\node_modules\jsdom\lib\jsdom\living\xhr\XMLHttpRequest-impl.js:655:18)
    at Request.emit (node:events:520:35)
    at ClientRequest.<anonymous> (C:\Users\ferna\Downloads\appforge-main\node_modules\jsdom\lib\jsdom\living\helpers\http-request.js:127:14)
    at ClientRequest.emit (node:events:508:28)
    at emitErrorEvent (node:_http_client:108:11)
    at Socket.socketErrorListener (node:_http_client:575:5)
    at Socket.emit (node:events:508:28)
    at emitErrorNT (node:internal/streams/destroy:170:8)
    at emitErrorCloseNT (node:internal/streams/destroy:129:3) undefined
Error: AggregateError
    at Object.dispatchError (C:\Users\ferna\Downloads\appforge-main\node_modules\jsdom\lib\jsdom\living\xhr\xhr-utils.js:63:19)
    at Request.<anonymous> (C:\Users\ferna\Downloads\appforge-main\node_modules\jsdom\lib\jsdom\living\xhr\XMLHttpRequest-impl.js:655:18)
    at Request.emit (node:events:520:35)
    at ClientRequest.<anonymous> (C:\Users\ferna\Downloads\appforge-main\node_modules\jsdom\lib\jsdom\living\helpers\http-request.js:127:14)
    at ClientRequest.emit (node:events:508:28)
    at emitErrorEvent (node:_http_client:108:11)
    at Socket.socketErrorListener (node:_http_client:575:5)
    at Socket.emit (node:events:508:28)
    at emitErrorNT (node:internal/streams/destroy:170:8)
    at emitErrorCloseNT (node:internal/streams/destroy:129:3) undefined
stderr | src/services/analytics.test.js
[Base44 SDK Error] undefined: Network Error

 [32mΓ£ô[39m src/services/analytics.test.js [2m([22m[2m20 tests[22m[2m)[22m[33m 2652[2mms[22m[39m
       [33m[2mΓ£ô[22m[39m should track section interactions [33m 515[2mms[22m[39m
 [32mΓ£ô[39m src/store/usePermissionStore.test.ts [2m([22m[2m4 tests[22m[2m)[22m[32m 10[2mms[22m[39m
Error: AggregateError
    at Object.dispatchError (C:\Users\ferna\Downloads\appforge-main\node_modules\jsdom\lib\jsdom\living\xhr\xhr-utils.js:63:19)
    at Request.<anonymous> (C:\Users\ferna\Downloads\appforge-main\node_modules\jsdom\lib\jsdom\living\xhr\XMLHttpRequest-impl.js:655:18)
    at Request.emit (node:events:520:35)
    at ClientRequest.<anonymous> (C:\Users\ferna\Downloads\appforge-main\node_modules\jsdom\lib\jsdom\living\helpers\http-request.js:127:14)
    at ClientRequest.emit (node:events:508:28)
    at emitErrorEvent (node:_http_client:108:11)
    at Socket.socketErrorListener (node:_http_client:575:5)
    at Socket.emit (node:events:508:28)
    at emitErrorNT (node:internal/streams/destroy:170:8)
    at emitErrorCloseNT (node:internal/streams/destroy:129:3) undefined
stderr | src/tests/App.test.jsx
[Base44 SDK Error] undefined: Network Error

Error: AggregateError
    at Object.dispatchError (C:\Users\ferna\Downloads\appforge-main\node_modules\jsdom\lib\jsdom\living\xhr\xhr-utils.js:63:19)
    at Request.<anonymous> (C:\Users\ferna\Downloads\appforge-main\node_modules\jsdom\lib\jsdom\living\xhr\XMLHttpRequest-impl.js:655:18)
    at Request.emit (node:events:520:35)
    at ClientRequest.<anonymous> (C:\Users\ferna\Downloads\appforge-main\node_modules\jsdom\lib\jsdom\living\helpers\http-request.js:127:14)
    at ClientRequest.emit (node:events:508:28)
    at emitErrorEvent (node:_http_client:108:11)
    at Socket.socketErrorListener (node:_http_client:575:5)
    at Socket.emit (node:events:508:28)
    at emitErrorNT (node:internal/streams/destroy:170:8)
    at emitErrorCloseNT (node:internal/streams/destroy:129:3) undefined
stderr | src/tests/App.test.jsx
[Base44 SDK Error] undefined: Network Error

 [32mΓ£ô[39m src/store/useCausalStore.test.ts [2m([22m[2m3 tests[22m[2m)[22m[32m 11[2mms[22m[39m
 [31mΓ¥»[39m tests/e2e/app.spec.js [2m([22m[2m0 test[22m[2m)[22m
 [31mΓ¥»[39m tests/e2e/settings.spec.js [2m([22m[2m0 test[22m[2m)[22m
 [31mΓ¥»[39m tests/e2e/dashboard.spec.js [2m([22m[2m0 test[22m[2m)[22m
 [31mΓ¥»[39m src/tests/App.test.jsx [2m([22m[2m1 test[22m[2m | [22m[31m1 failed[39m[2m)[22m[32m 11[2mms[22m[39m
[31m     [31m├ù[31m renders without crashing[39m[32m 6[2mms[22m[39m
 [31mΓ¥»[39m backend/src/tests/access-rules-extended.test.js [2m([22m[2m0 test[22m[2m)[22m
 [31mΓ¥»[39m backend/src/tests/auth-integration.test.js [2m([22m[2m0 test[22m[2m)[22m
 [31mΓ¥»[39m backend/src/tests/auth.test.js [2m([22m[2m0 test[22m[2m)[22m
 [31mΓ¥»[39m backend/src/tests/authorization.test.js [2m([22m[2m0 test[22m[2m)[22m
 [31mΓ¥»[39m backend/src/tests/feature-routes.test.js [2m([22m[2m0 test[22m[2m)[22m
 [31mΓ¥»[39m backend/src/tests/health.test.js [2m([22m[2m0 test[22m[2m)[22m
 [31mΓ¥»[39m backend/src/tests/persistence.test.js [2m([22m[2m0 test[22m[2m)[22m
 [31mΓ¥»[39m backend/src/tests/protected-routes.test.js [2m([22m[2m0 test[22m[2m)[22m
 [31mΓ¥»[39m backend/src/tests/role-and-public-access.test.js [2m([22m[2m0 test[22m[2m)[22m
[90mstdout[2m | backend/src/__tests__/queue-integration.test.js
[22m[39mΓ£à All queue infrastructure integration tests completed!

 [31mΓ¥»[39m backend/src/__tests__/queue-integration.test.js [2m([22m[2m0 test[22m[2m)[22m
stderr | SuiteContext.<anonymous> (C:\Users\ferna\Downloads\appforge-main\backend\src\__tests__\queue-integration.test.js:60:15)
Auth setup failed: fetch failed

Error: AggregateError
    at Object.dispatchError (C:\Users\ferna\Downloads\appforge-main\node_modules\jsdom\lib\jsdom\living\xhr\xhr-utils.js:63:19)
    at Request.<anonymous> (C:\Users\ferna\Downloads\appforge-main\node_modules\jsdom\lib\jsdom\living\xhr\XMLHttpRequest-impl.js:655:18)
    at Request.emit (node:events:520:35)
    at ClientRequest.<anonymous> (C:\Users\ferna\Downloads\appforge-main\node_modules\jsdom\lib\jsdom\living\helpers\http-request.js:127:14)
    at ClientRequest.emit (node:events:508:28)
    at emitErrorEvent (node:_http_client:108:11)
    at Socket.socketErrorListener (node:_http_client:575:5)
    at Socket.emit (node:events:508:28)
    at emitErrorNT (node:internal/streams/destroy:170:8)
    at emitErrorCloseNT (node:internal/streams/destroy:129:3) undefined
stderr | src/components/sidebar/AIModelRouter.test.jsx
[Base44 SDK Error] undefined: Network Error

Error: AggregateError
    at Object.dispatchError (C:\Users\ferna\Downloads\appforge-main\node_modules\jsdom\lib\jsdom\living\xhr\xhr-utils.js:63:19)
    at Request.<anonymous> (C:\Users\ferna\Downloads\appforge-main\node_modules\jsdom\lib\jsdom\living\xhr\XMLHttpRequest-impl.js:655:18)
    at Request.emit (node:events:520:35)
    at ClientRequest.<anonymous> (C:\Users\ferna\Downloads\appforge-main\node_modules\jsdom\lib\jsdom\living\helpers\http-request.js:127:14)
    at ClientRequest.emit (node:events:508:28)
    at emitErrorEvent (node:_http_client:108:11)
    at Socket.socketErrorListener (node:_http_client:575:5)
    at Socket.emit (node:events:508:28)
    at emitErrorNT (node:internal/streams/destroy:170:8)
    at emitErrorCloseNT (node:internal/streams/destroy:129:3) undefined
stderr | src/components/sidebar/AIModelRouter.test.jsx
[Base44 SDK Error] undefined: Network Error

Error: AggregateError
    at Object.dispatchError (C:\Users\ferna\Downloads\appforge-main\node_modules\jsdom\lib\jsdom\living\xhr\xhr-utils.js:63:19)
    at Request.<anonymous> (C:\Users\ferna\Downloads\appforge-main\node_modules\jsdom\lib\jsdom\living\xhr\XMLHttpRequest-impl.js:655:18)
    at Request.emit (node:events:520:35)
    at ClientRequest.<anonymous> (C:\Users\ferna\Downloads\appforge-main\node_modules\jsdom\lib\jsdom\living\helpers\http-request.js:127:14)
    at ClientRequest.emit (node:events:508:28)
    at emitErrorEvent (node:_http_client:108:11)
    at Socket.socketErrorListener (node:_http_client:575:5)
    at Socket.emit (node:events:508:28)
    at emitErrorNT (node:internal/streams/destroy:170:8)
    at emitErrorCloseNT (node:internal/streams/destroy:129:3) undefined
stderr | src/components/sidebar/MobileDrawerSidebar.test.jsx
[Base44 SDK Error] undefined: Network Error

Error: AggregateError
    at Object.dispatchError (C:\Users\ferna\Downloads\appforge-main\node_modules\jsdom\lib\jsdom\living\xhr\xhr-utils.js:63:19)
    at Request.<anonymous> (C:\Users\ferna\Downloads\appforge-main\node_modules\jsdom\lib\jsdom\living\xhr\XMLHttpRequest-impl.js:655:18)
    at Request.emit (node:events:520:35)
    at ClientRequest.<anonymous> (C:\Users\ferna\Downloads\appforge-main\node_modules\jsdom\lib\jsdom\living\helpers\http-request.js:127:14)
    at ClientRequest.emit (node:events:508:28)
    at emitErrorEvent (node:_http_client:108:11)
    at Socket.socketErrorListener (node:_http_client:575:5)
    at Socket.emit (node:events:508:28)
    at emitErrorNT (node:internal/streams/destroy:170:8)
    at emitErrorCloseNT (node:internal/streams/destroy:129:3) undefined
stderr | src/components/sidebar/ConsolidatedAISidebar.test.jsx
[Base44 SDK Error] undefined: Network Error

Error: AggregateError
    at Object.dispatchError (C:\Users\ferna\Downloads\appforge-main\node_modules\jsdom\lib\jsdom\living\xhr\xhr-utils.js:63:19)
    at Request.<anonymous> (C:\Users\ferna\Downloads\appforge-main\node_modules\jsdom\lib\jsdom\living\xhr\XMLHttpRequest-impl.js:655:18)
    at Request.emit (node:events:520:35)
    at ClientRequest.<anonymous> (C:\Users\ferna\Downloads\appforge-main\node_modules\jsdom\lib\jsdom\living\helpers\http-request.js:127:14)
    at ClientRequest.emit (node:events:508:28)
    at emitErrorEvent (node:_http_client:108:11)
    at Socket.socketErrorListener (node:_http_client:575:5)
    at Socket.emit (node:events:508:28)
    at emitErrorNT (node:internal/streams/destroy:170:8)
    at emitErrorCloseNT (node:internal/streams/destroy:129:3) undefined
stderr | src/components/sidebar/ConsolidatedAISidebar.test.jsx
[Base44 SDK Error] undefined: Network Error

 [31mΓ¥»[39m backend/src/tests/validation-and-auth.test.js [2m([22m[2m0 test[22m[2m)[22m
 [31mΓ¥»[39m src/lib/__tests__/holographicConsensus.test.ts [2m([22m[2m17 tests[22m[2m | [22m[31m17 failed[39m[2m)[22m[32m 35[2mms[22m[39m
[31m       [31m├ù[31m should initialize with default parameters[39m[32m 12[2mms[22m[39m
[31m       [31m├ù[31m should add model responses[39m[32m 1[2mms[22m[39m
[31m       [31m├ù[31m should compute consensus with multiple responses[39m[32m 1[2mms[22m[39m
[31m       [31m├ù[31m should handle conflicting responses[39m[32m 1[2mms[22m[39m
[31m       [31m├ù[31m should calculate low entropy for similar responses[39m[32m 1[2mms[22m[39m
[31m       [31m├ù[31m should calculate high entropy for diverse responses[39m[32m 1[2mms[22m[39m
[31m       [31m├ù[31m entropy should be between 0 and 1[39m[32m 1[2mms[22m[39m
[31m       [31m├ù[31m should measure coherence of tensor network[39m[32m 1[2mms[22m[39m
[31m       [31m├ù[31m should return high coherence for aligned responses[39m[32m 1[2mms[22m[39m
[31m       [31m├ù[31m should provide global singleton instance[39m[32m 4[2mms[22m[39m
[31m       [31m├ù[31m singleton should maintain state across calls[39m[32m 1[2mms[22m[39m
[31m       [31m├ù[31m should handle empty responses[39m[32m 1[2mms[22m[39m
[31m       [31m├ù[31m should handle single response[39m[32m 1[2mms[22m[39m
[31m       [31m├ù[31m should handle very long responses[39m[32m 1[2mms[22m[39m
[31m       [31m├ù[31m should handle special characters in responses[39m[32m 1[2mms[22m[39m
[31m       [31m├ù[31m should compute consensus within reasonable time[39m[32m 0[2mms[22m[39m
[31m       [31m├ù[31m should handle multiple computations efficiently[39m[32m 0[2mms[22m[39m
stderr | src/lib/__tests__/quantumIntegration.e2e.test.js > Quantum Module E2E Integration
Γ¥î Failed to initialize Quantum Core: ReferenceError: init is not defined
    at initializeQuantumCore (C:/Users/ferna/Downloads/appforge-main/src/lib/quantumIntegration.js:17:5)
    at processTicksAndRejections (node:internal/process/task_queues:103:5)
    at C:/Users/ferna/Downloads/appforge-main/src/lib/__tests__/quantumIntegration.e2e.test.js:25:19

 [31mΓ¥»[39m src/lib/__tests__/quantumIntegration.e2e.test.js [2m([22m[2m16 tests[22m[2m | [22m[33m16 skipped[39m[2m)[22m[33m 1254[2mms[22m[39m
       [2m[90mΓåô[39m[22m should perform full quantum analysis on code
       [2m[90mΓåô[39m[22m should identify and fix performance issues
       [2m[90mΓåô[39m[22m should reach consensus on optimal dependencies
       [2m[90mΓåô[39m[22m should handle conflicting optimization strategies
       [2m[90mΓåô[39m[22m should transition through quantum states smoothly
       [2m[90mΓåô[39m[22m should maintain coherence through transformations
       [2m[90mΓåô[39m[22m should perform distributed quantum analysis
       [2m[90mΓåô[39m[22m should aggregate results from multiple quantum engines
       [2m[90mΓåô[39m[22m should recover from partial analysis failures
       [2m[90mΓåô[39m[22m should stabilize unstable quantum states
       [2m[90mΓåô[39m[22m should handle concurrent quantum operations
       [2m[90mΓåô[39m[22m should scale with dependency complexity
       [2m[90mΓåô[39m[22m should handle real-world code optimization request
       [2m[90mΓåô[39m[22m should optimize production dependency set
       [2m[90mΓåô[39m[22m should track quantum analysis metrics
       [2m[90mΓåô[39m[22m should report module health status
 [31mΓ¥»[39m src/lib/__tests__/quantumIntegration.test.js [2m([22m[2m17 tests[22m[2m | [22m[31m17 failed[39m[2m)[22m[32m 37[2mms[22m[39m
[31m       [31m├ù[31m should initialize quantum module successfully[39m[32m 12[2mms[22m[39m
[31m       [31m├ù[31m should return cached module on subsequent calls[39m[32m 1[2mms[22m[39m
[31m       [31m├ù[31m should handle initialization errors gracefully[39m[32m 2[2mms[22m[39m
[31m       [31m├ù[31m should optimize simple dependency tree[39m[32m 2[2mms[22m[39m
[31m       [31m├ù[31m should respect custom constraints[39m[32m 1[2mms[22m[39m
[31m       [31m├ù[31m should handle empty dependencies[39m[32m 2[2mms[22m[39m
[31m       [31m├ù[31m should detect conflicting dependencies[39m[32m 1[2mms[22m[39m
[31m       [31m├ù[31m should analyze code complexity[39m[32m 1[2mms[22m[39m
[31m       [31m├ù[31m should identify performance bottlenecks[39m[32m 1[2mms[22m[39m
[31m       [31m├ù[31m should suggest optimizations[39m[32m 3[2mms[22m[39m
[31m       [31m├ù[31m should handle syntactically invalid code[39m[32m 2[2mms[22m[39m
[31m       [31m├ù[31m should return current quantum metrics[39m[32m 1[2mms[22m[39m
[31m       [31m├ù[31m should track quantum analysis success rate[39m[32m 1[2mms[22m[39m
[31m       [31m├ù[31m should track performance metrics[39m[32m 1[2mms[22m[39m
[31m       [31m├ù[31m should reset metrics when requested[39m[32m 1[2mms[22m[39m
[31m       [31m├ù[31m should handle concurrent quantum operations[39m[32m 1[2mms[22m[39m
[31m       [31m├ù[31m should maintain quantum state consistency[39m[32m 1[2mms[22m[39m
Error: AggregateError
    at Object.dispatchError (C:\Users\ferna\Downloads\appforge-main\node_modules\jsdom\lib\jsdom\living\xhr\xhr-utils.js:63:19)
    at Request.<anonymous> (C:\Users\ferna\Downloads\appforge-main\node_modules\jsdom\lib\jsdom\living\xhr\XMLHttpRequest-impl.js:655:18)
    at Request.emit (node:events:520:35)
    at ClientRequest.<anonymous> (C:\Users\ferna\Downloads\appforge-main\node_modules\jsdom\lib\jsdom\living\helpers\http-request.js:127:14)
    at ClientRequest.emit (node:events:508:28)
    at emitErrorEvent (node:_http_client:108:11)
    at Socket.socketErrorListener (node:_http_client:575:5)
    at Socket.emit (node:events:508:28)
    at emitErrorNT (node:internal/streams/destroy:170:8)
    at emitErrorCloseNT (node:internal/streams/destroy:129:3) undefined
stderr | src/components/sidebar/MobileDrawerSidebar.test.jsx
[Base44 SDK Error] undefined: Network Error

 [31mΓ¥»[39m src/components/sidebar/MobileDrawerSidebar.test.jsx [2m([22m[2m18 tests[22m[2m | [22m[31m18 failed[39m[2m)[22m[32m 35[2mms[22m[39m
[31m     [31m├ù[31m renders hamburger menu button for mobile[39m[32m 11[2mms[22m[39m
[31m     [31m├ù[31m includes Dialog component for drawer[39m[32m 1[2mms[22m[39m
[31m     [31m├ù[31m displays APPFORGE branding in drawer header[39m[32m 2[2mms[22m[39m
[31m     [31m├ù[31m includes AIModelRouter in drawer[39m[32m 1[2mms[22m[39m
[31m     [31m├ù[31m renders all navigation sections in drawer[39m[32m 1[2mms[22m[39m
[31m     [31m├ù[31m displays Core section with Dashboard and Projects[39m[32m 1[2mms[22m[39m
[31m     [31m├ù[31m displays AI & Models section[39m[32m 2[2mms[22m[39m
[31m     [31m├ù[31m displays Build section[39m[32m 1[2mms[22m[39m
[31m     [31m├ù[31m displays Templates section[39m[32m 1[2mms[22m[39m
[31m     [31m├ù[31m displays Enterprise section[39m[32m 1[2mms[22m[39m
[31m     [31m├ù[31m displays Web3 section[39m[32m 1[2mms[22m[39m
[31m     [31m├ù[31m displays Settings link in footer[39m[32m 2[2mms[22m[39m
[31m     [31m├ù[31m shows Admin section only for admin users[39m[32m 1[2mms[22m[39m
[31m     [31m├ù[31m calls onClose when navigation item is clicked[39m[32m 1[2mms[22m[39m
[31m     [31m├ù[31m is memoized to prevent unnecessary re-renders[39m[32m 1[2mms[22m[39m
[31m     [31m├ù[31m has responsive styling with hidden on desktop[39m[32m 1[2mms[22m[39m
[31m     [31m├ù[31m displays proper section structure[39m[32m 1[2mms[22m[39m
[31m     [31m├ù[31m supports dark mode styling[39m[32m 1[2mms[22m[39m
 [31mΓ¥»[39m src/components/sidebar/AIModelRouter.test.jsx [2m([22m[2m13 tests[22m[2m | [22m[31m13 failed[39m[2m)[22m[33m 590[2mms[22m[39m
[31m     [31m├ù[31m renders without crashing[39m[32m 199[2mms[22m[39m
[31m     [31m├ù[31m displays current model name and provider[39m[32m 8[2mms[22m[39m
[31m     [31m├ù[31m opens dropdown when Switch Model button is clicked[39m[32m 2[2mms[22m[39m
[31m     [31m├ù[31m filters models based on search query[39m[32m 9[2mms[22m[39m
[31m     [31m├ù[31m shows keyboard shortcut badges[39m[32m 261[2mms[22m[39m
[31m     [31m├ù[31m clears search when X button is clicked[39m[32m 3[2mms[22m[39m
[31m     [31m├ù[31m calls updateSettings when model is selected[39m[32m 25[2mms[22m[39m
[31m     [31m├ù[31m shows model count in search results[39m[32m 7[2mms[22m[39m
[31m     [31m├ù[31m displays advanced options toggle[39m[32m 56[2mms[22m[39m
[31m     [31m├ù[31m toggles advanced options visibility[39m[32m 1[2mms[22m[39m
[31m     [31m├ù[31m displays cost information in advanced mode[39m[32m 2[2mms[22m[39m
[31m     [31m├ù[31m responds to Ctrl+1 keyboard shortcut[39m[32m 3[2mms[22m[39m
[31m     [31m├ù[31m responds to Cmd+1 on Mac[39m[32m 1[2mms[22m[39m
 [31mΓ¥»[39m src/lib/__tests__/quantumRenormalization.test.ts [2m([22m[2m0 test[22m[2m)[22m
 [31mΓ¥»[39m src/components/sidebar/ConsolidatedAISidebar.test.jsx [2m([22m[2m15 tests[22m[2m | [22m[31m15 failed[39m[2m)[22m[32m 48[2mms[22m[39m
[31m     [31m├ù[31m renders without crashing[39m[32m 9[2mms[22m[39m
[31m     [31m├ù[31m displays header with APPFORGE branding[39m[32m 2[2mms[22m[39m
[31m     [31m├ù[31m shows collapse button in expanded state[39m[32m 5[2mms[22m[39m
[31m     [31m├ù[31m renders all accordion sections[39m[32m 1[2mms[22m[39m
[31m     [31m├ù[31m includes AIModelRouter component[39m[32m 1[2mms[22m[39m
[31m     [31m├ù[31m displays admin section only for admin users[39m[32m 1[2mms[22m[39m
[31m     [31m├ù[31m calls onToggle when collapse button is clicked[39m[32m 2[2mms[22m[39m
[31m     [31m├ù[31m renders collapsed state when collapsed prop is true[39m[32m 1[2mms[22m[39m
[31m     [31m├ù[31m shows Settings link in footer[39m[32m 2[2mms[22m[39m
[31m     [31m├ù[31m contains Core navigation items[39m[32m 1[2mms[22m[39m
[31m     [31m├ù[31m contains Build section items[39m[32m 2[2mms[22m[39m
[31m     [31m├ù[31m contains Enterprise section items[39m[32m 2[2mms[22m[39m
[31m     [31m├ù[31m is memoized to prevent unnecessary re-renders[39m[32m 2[2mms[22m[39m
[31m     [31m├ù[31m renders collapsed sidebar with icons only[39m[32m 3[2mms[22m[39m
[31m     [31m├ù[31m shows expand button in collapsed state[39m[32m 4[2mms[22m[39m
 [31mΓ¥»[39m src/lib/__tests__/quantumTunneling.test.ts [2m([22m[2m16 tests[22m[2m | [22m[31m11 failed[39m[2m)[22m[32m 61[2mms[22m[39m
[31m       [31m├ù[31m should initialize scanner[39m[32m 27[2mms[22m[39m
[31m       [31m├ù[31m should calculate low tunneling probability for strong barrier[39m[32m 6[2mms[22m[39m
[31m       [31m├ù[31m should calculate high tunneling probability for weak barrier[39m[32m 2[2mms[22m[39m
       [32mΓ£ô[39m should handle edge case - zero energy[32m 3[2mms[22m[39m
[31m       [31m├ù[31m should identify critical vulnerabilities[39m[32m 2[2mms[22m[39m
[31m       [31m├ù[31m should identify strong security[39m[32m 2[2mms[22m[39m
[31m       [31m├ù[31m should find critical weakness in barrier set[39m[32m 1[2mms[22m[39m
[31m       [31m├ù[31m should calculate reflection coefficient correctly[39m[32m 1[2mms[22m[39m
[31m       [31m├ù[31m should calculate transmission coefficient correctly[39m[32m 3[2mms[22m[39m
[31m       [31m├ù[31m should identify most likely attack vector[39m[32m 1[2mms[22m[39m
[31m       [31m├ù[31m should score attack difficulty[39m[32m 1[2mms[22m[39m
       [32mΓ£ô[39m should provide global singleton instance[32m 1[2mms[22m[39m
[31m       [31m├ù[31m singleton should maintain barrier state[39m[32m 1[2mms[22m[39m
       [32mΓ£ô[39m should handle boundary probabilities[32m 0[2mms[22m[39m
       [32mΓ£ô[39m should handle invalid barrier width[32m 6[2mms[22m[39m
       [32mΓ£ô[39m should complete penetration test within time limit[32m 1[2mms[22m[39m
stderr | src/lib/__tests__/wasmLoader.test.ts > ≡ƒªÇ Quantum Core WASM Loader (JS Fallback) > Initialization > should load without throwing when WASM unavailable
ΓÜ¢∩╕Å Quantum Core: WASM unavailable, using JS fallback

[90mstdout[2m | src/lib/__tests__/wasmLoader.test.ts[2m > [22m[2m≡ƒªÇ Quantum Core WASM Loader (JS Fallback)[2m > [22m[2mInitialization[2m > [22m[2mshould load without throwing when WASM unavailable
[22m[39mWASM load error: [vitest] There was an error when mocking a module. If you are using "vi.mock" factory, make sure there are no top level variables inside, since this call is hoisted to top of the file. Read more: https://vitest.dev/api/vi.html#vi-mock

 [32mΓ£ô[39m src/lib/__tests__/wasmLoader.test.ts [2m([22m[2m22 tests[22m[2m)[22m[32m 55[2mms[22m[39m
 [31mΓ¥»[39m src/lib/__tests__/quantumZeno.test.ts [2m([22m[2m22 tests[22m[2m | [22m[31m17 failed[39m[2m)[22m[32m 97[2mms[22m[39m
[31m       [31m├ù[31m should initialize with default parameters[39m[32m 27[2mms[22m[39m
[31m       [31m├ù[31m should calculate high stability with frequent testing[39m[32m 2[2mms[22m[39m
       [32mΓ£ô[39m should calculate low stability with infrequent testing[32m 1[2mms[22m[39m
       [32mΓ£ô[39m stability should be between 0 and 1[32m 1[2mms[22m[39m
[31m       [31m├ù[31m should detect Zeno effect when active[39m[32m 2[2mms[22m[39m
[31m       [31m├ù[31m should detect degradation without frequent observation[39m[32m 1[2mms[22m[39m
[31m       [31m├ù[31m should calculate degradation timeline[39m[32m 1[2mms[22m[39m
[31m       [31m├ù[31m should recommend optimal test frequency[39m[32m 1[2mms[22m[39m
[31m       [31m├ù[31m should identify critical observation windows[39m[32m 1[2mms[22m[39m
[31m       [31m├ù[31m should calculate optimal observation pattern[39m[32m 1[2mms[22m[39m
[31m       [31m├ù[31m should measure freeze depth correctly[39m[32m 1[2mms[22m[39m
[31m       [31m├ù[31m should show shallow freeze for varied observations[39m[32m 1[2mms[22m[39m
[31m       [31m├ù[31m should track state evolution over time[39m[32m 2[2mms[22m[39m
[31m       [31m├ù[31m should predict future stability[39m[32m 1[2mms[22m[39m
       [32mΓ£ô[39m should provide global singleton instance[32m 4[2mms[22m[39m
[31m       [31m├ù[31m singleton should maintain observation history[39m[32m 1[2mms[22m[39m
       [32mΓ£ô[39m should handle zero test frequency[32m 1[2mms[22m[39m
[31m       [31m├ù[31m should handle very high observations[39m[32m 1[2mms[22m[39m
[31m       [31m├ù[31m should handle very low observations[39m[32m 3[2mms[22m[39m
[31m       [31m├ù[31m should handle consecutive identical observations[39m[32m 1[2mms[22m[39m
[31m       [31m├ù[31m should handle large observation datasets[39m[32m 1[2mms[22m[39m
       [32mΓ£ô[39m should calculate stability quickly[32m 1[2mms[22m[39m
 [32mΓ£ô[39m src/utils/__tests__/analytics.test.js [2m([22m[2m24 tests[22m[2m)[22m[32m 47[2mms[22m[39m
 [32mΓ£ô[39m src/utils/__tests__/advancedPermissions.test.js [2m([22m[2m37 tests[22m[2m)[22m[32m 52[2mms[22m[39m
 [32mΓ£ô[39m src/utils/__tests__/apiRateLimit.test.js [2m([22m[2m29 tests[22m[2m)[22m[32m 293[2mms[22m[39m
 [32mΓ£ô[39m src/utils/__tests__/collaboration.test.js [2m([22m[2m27 tests[22m[2m)[22m[32m 34[2mms[22m[39m
 [32mΓ£ô[39m src/utils/__tests__/dataSecurity.test.js [2m([22m[2m7 tests[22m[2m)[22m[33m 1078[2mms[22m[39m
       [33m[2mΓ£ô[22m[39m encrypts and decrypts data correctly [33m 1034[2mms[22m[39m
 [32mΓ£ô[39m src/utils/__tests__/env.test.js [2m([22m[2m3 tests[22m[2m)[22m[32m 15[2mms[22m[39m
 [31mΓ¥»[39m src/tests/e2e/auth.spec.js [2m([22m[2m0 test[22m[2m)[22m
stderr | src/utils/__tests__/errorTracking.test.js > Error Tracker > captures errors with context
Failed to report error to backend: TypeError: Failed to parse URL from /api/errors/report
    at node:internal/deps/undici/undici:16416:13
    at processTicksAndRejections (node:internal/process/task_queues:103:5)
    at ErrorTracker.reportToBackend (C:/Users/ferna/Downloads/appforge-main/src/utils/errorTracking.js:138:7) {
  [cause]: TypeError: Invalid URL
      at new URL (node:internal/url:828:25)
      at new URL$1 (file:///C:/Users/ferna/Downloads/appforge-main/node_modules/vitest/dist/chunks/index.CyBMJtT7.js:556:9)
      at new Request (node:internal/deps/undici/undici:10971:25)
      at fetch (node:internal/deps/undici/undici:11891:25)
      at fetch (node:internal/deps/undici/undici:16414:10)
      at fetch (node:internal/bootstrap/web/exposed-window-or-worker:83:12)
      at ErrorTracker.reportToBackend (C:/Users/ferna/Downloads/appforge-main/src/utils/errorTracking.js:138:13)
      at ErrorTracker.captureError (C:/Users/ferna/Downloads/appforge-main/src/utils/errorTracking.js:105:10)
      at C:/Users/ferna/Downloads/appforge-main/src/utils/__tests__/errorTracking.test.js:18:36
      at file:///C:/Users/ferna/Downloads/appforge-main/node_modules/@vitest/runner/dist/index.js:145:11 {
    code: 'ERR_INVALID_URL',
    input: '/api/errors/report'
  }
}

stderr | src/utils/__tests__/errorTracking.test.js > Error Tracker > stores recent errors
Failed to report error to backend: TypeError: Failed to parse URL from /api/errors/report
    at node:internal/deps/undici/undici:16416:13
    at processTicksAndRejections (node:internal/process/task_queues:103:5)
    at ErrorTracker.reportToBackend (C:/Users/ferna/Downloads/appforge-main/src/utils/errorTracking.js:138:7) {
  [cause]: TypeError: Invalid URL
      at new URL (node:internal/url:828:25)
      at new URL$1 (file:///C:/Users/ferna/Downloads/appforge-main/node_modules/vitest/dist/chunks/index.CyBMJtT7.js:556:9)
      at new Request (node:internal/deps/undici/undici:10971:25)
      at fetch (node:internal/deps/undici/undici:11891:25)
      at fetch (node:internal/deps/undici/undici:16414:10)
      at fetch (node:internal/bootstrap/web/exposed-window-or-worker:83:12)
      at ErrorTracker.reportToBackend (C:/Users/ferna/Downloads/appforge-main/src/utils/errorTracking.js:138:13)
      at ErrorTracker.captureError (C:/Users/ferna/Downloads/appforge-main/src/utils/errorTracking.js:105:10)
      at C:/Users/ferna/Downloads/appforge-main/src/utils/__tests__/errorTracking.test.js:26:18
      at file:///C:/Users/ferna/Downloads/appforge-main/node_modules/@vitest/runner/dist/index.js:145:11 {
    code: 'ERR_INVALID_URL',
    input: '/api/errors/report'
  }
}
Failed to report error to backend: TypeError: Failed to parse URL from /api/errors/report
    at node:internal/deps/undici/undici:16416:13
    at processTicksAndRejections (node:internal/process/task_queues:103:5)
    at ErrorTracker.reportToBackend (C:/Users/ferna/Downloads/appforge-main/src/utils/errorTracking.js:138:7) {
  [cause]: TypeError: Invalid URL
      at new URL (node:internal/url:828:25)
      at new URL$1 (file:///C:/Users/ferna/Downloads/appforge-main/node_modules/vitest/dist/chunks/index.CyBMJtT7.js:556:9)
      at new Request (node:internal/deps/undici/undici:10971:25)
      at fetch (node:internal/deps/undici/undici:11891:25)
      at fetch (node:internal/deps/undici/undici:16414:10)
      at fetch (node:internal/bootstrap/web/exposed-window-or-worker:83:12)
      at ErrorTracker.reportToBackend (C:/Users/ferna/Downloads/appforge-main/src/utils/errorTracking.js:138:13)
      at ErrorTracker.captureError (C:/Users/ferna/Downloads/appforge-main/src/utils/errorTracking.js:105:10)
      at C:/Users/ferna/Downloads/appforge-main/src/utils/__tests__/errorTracking.test.js:27:18
      at file:///C:/Users/ferna/Downloads/appforge-main/node_modules/@vitest/runner/dist/index.js:145:11 {
    code: 'ERR_INVALID_URL',
    input: '/api/errors/report'
  }
}
Failed to report error to backend: TypeError: Failed to parse URL from /api/errors/report
    at node:internal/deps/undici/undici:16416:13
    at processTicksAndRejections (node:internal/process/task_queues:103:5)
    at ErrorTracker.reportToBackend (C:/Users/ferna/Downloads/appforge-main/src/utils/errorTracking.js:138:7) {
  [cause]: TypeError: Invalid URL
      at new URL (node:internal/url:828:25)
      at new URL$1 (file:///C:/Users/ferna/Downloads/appforge-main/node_modules/vitest/dist/chunks/index.CyBMJtT7.js:556:9)
      at new Request (node:internal/deps/undici/undici:10971:25)
      at fetch (node:internal/deps/undici/undici:11891:25)
      at fetch (node:internal/deps/undici/undici:16414:10)
      at fetch (node:internal/bootstrap/web/exposed-window-or-worker:83:12)
      at ErrorTracker.reportToBackend (C:/Users/ferna/Downloads/appforge-main/src/utils/errorTracking.js:138:13)
      at ErrorTracker.captureError (C:/Users/ferna/Downloads/appforge-main/src/utils/errorTracking.js:105:10)
      at C:/Users/ferna/Downloads/appforge-main/src/utils/__tests__/errorTracking.test.js:28:18
      at file:///C:/Users/ferna/Downloads/appforge-main/node_modules/@vitest/runner/dist/index.js:145:11 {
    code: 'ERR_INVALID_URL',
    input: '/api/errors/report'
  }
}

 [32mΓ£ô[39m src/utils/__tests__/observability.test.js [2m([22m[2m3 tests[22m[2m)[22m[32m 14[2mms[22m[39m
stderr | src/utils/__tests__/errorTracking.test.js > Error Tracker > limits stored errors to max count
Failed to report error to backend: TypeError: Failed to parse URL from /api/errors/report
    at node:internal/deps/undici/undici:16416:13
    at processTicksAndRejections (node:internal/process/task_queues:103:5)
    at ErrorTracker.reportToBackend (C:/Users/ferna/Downloads/appforge-main/src/utils/errorTracking.js:138:7) {
  [cause]: TypeError: Invalid URL
      at new URL (node:internal/url:828:25)
      at new URL$1 (file:///C:/Users/ferna/Downloads/appforge-main/node_modules/vitest/dist/chunks/index.CyBMJtT7.js:556:9)
      at new Request (node:internal/deps/undici/undici:10971:25)
      at fetch (node:internal/deps/undici/undici:11891:25)
      at fetch (node:internal/deps/undici/undici:16414:10)
      at fetch (node:internal/bootstrap/web/exposed-window-or-worker:83:12)
      at ErrorTracker.reportToBackend (C:/Users/ferna/Downloads/appforge-main/src/utils/errorTracking.js:138:13)
      at ErrorTracker.captureError (C:/Users/ferna/Downloads/appforge-main/src/utils/errorTracking.js:105:10)
      at C:/Users/ferna/Downloads/appforge-main/src/utils/__tests__/errorTracking.test.js:40:20
      at file:///C:/Users/ferna/Downloads/appforge-main/node_modules/@vitest/runner/dist/index.js:145:11 {
    code: 'ERR_INVALID_URL',
    input: '/api/errors/report'
  }
}
Failed to report error to backend: TypeError: Failed to parse URL from /api/errors/report
    at node:internal/deps/undici/undici:16416:13
    at processTicksAndRejections (node:internal/process/task_queues:103:5)
    at ErrorTracker.reportToBackend (C:/Users/ferna/Downloads/appforge-main/src/utils/errorTracking.js:138:7) {
  [cause]: TypeError: Invalid URL
      at new URL (node:internal/url:828:25)
      at new URL$1 (file:///C:/Users/ferna/Downloads/appforge-main/node_modules/vitest/dist/chunks/index.CyBMJtT7.js:556:9)
      at new Request (node:internal/deps/undici/undici:10971:25)
      at fetch (node:internal/deps/undici/undici:11891:25)
      at fetch (node:internal/deps/undici/undici:16414:10)
      at fetch (node:internal/bootstrap/web/exposed-window-or-worker:83:12)
      at ErrorTracker.reportToBackend (C:/Users/ferna/Downloads/appforge-main/src/utils/errorTracking.js:138:13)
      at ErrorTracker.captureError (C:/Users/ferna/Downloads/appforge-main/src/utils/errorTracking.js:105:10)
      at C:/Users/ferna/Downloads/appforge-main/src/utils/__tests__/errorTracking.test.js:40:20
      at file:///C:/Users/ferna/Downloads/appforge-main/node_modules/@vitest/runner/dist/index.js:145:11 {
    code: 'ERR_INVALID_URL',
    input: '/api/errors/report'
  }
}
Failed to report error to backend: TypeError: Failed to parse URL from /api/errors/report
    at node:internal/deps/undici/undici:16416:13
    at processTicksAndRejections (node:internal/process/task_queues:103:5)
    at ErrorTracker.reportToBackend (C:/Users/ferna/Downloads/appforge-main/src/utils/errorTracking.js:138:7) {
  [cause]: TypeError: Invalid URL
      at new URL (node:internal/url:828:25)
      at new URL$1 (file:///C:/Users/ferna/Downloads/appforge-main/node_modules/vitest/dist/chunks/index.CyBMJtT7.js:556:9)
      at new Request (node:internal/deps/undici/undici:10971:25)
      at fetch (node:internal/deps/undici/undici:11891:25)
      at fetch (node:internal/deps/undici/undici:16414:10)
      at fetch (node:internal/bootstrap/web/exposed-window-or-worker:83:12)
      at ErrorTracker.reportToBackend (C:/Users/ferna/Downloads/appforge-main/src/utils/errorTracking.js:138:13)
      at ErrorTracker.captureError (C:/Users/ferna/Downloads/appforge-main/src/utils/errorTracking.js:105:10)
      at C:/Users/ferna/Downloads/appforge-main/src/utils/__tests__/errorTracking.test.js:40:20
      at file:///C:/Users/ferna/Downloads/appforge-main/node_modules/@vitest/runner/dist/index.js:145:11 {
    code: 'ERR_INVALID_URL',
    input: '/api/errors/report'
  }
}
Failed to report error to backend: TypeError: Failed to parse URL from /api/errors/report
    at node:internal/deps/undici/undici:16416:13
    at processTicksAndRejections (node:internal/process/task_queues:103:5)
    at ErrorTracker.reportToBackend (C:/Users/ferna/Downloads/appforge-main/src/utils/errorTracking.js:138:7) {
  [cause]: TypeError: Invalid URL
      at new URL (node:internal/url:828:25)
      at new URL$1 (file:///C:/Users/ferna/Downloads/appforge-main/node_modules/vitest/dist/chunks/index.CyBMJtT7.js:556:9)
      at new Request (node:internal/deps/undici/undici:10971:25)
      at fetch (node:internal/deps/undici/undici:11891:25)
      at fetch (node:internal/deps/undici/undici:16414:10)
      at fetch (node:internal/bootstrap/web/exposed-window-or-worker:83:12)
      at ErrorTracker.reportToBackend (C:/Users/ferna/Downloads/appforge-main/src/utils/errorTracking.js:138:13)
      at ErrorTracker.captureError (C:/Users/ferna/Downloads/appforge-main/src/utils/errorTracking.js:105:10)
      at C:/Users/ferna/Downloads/appforge-main/src/utils/__tests__/errorTracking.test.js:40:20
      at file:///C:/Users/ferna/Downloads/appforge-main/node_modules/@vitest/runner/dist/index.js:145:11 {
    code: 'ERR_INVALID_URL',
    input: '/api/errors/report'
  }
}
Failed to report error to backend: TypeError: Failed to parse URL from /api/errors/report
    at node:internal/deps/undici/undici:16416:13
    at processTicksAndRejections (node:internal/process/task_queues:103:5)
    at ErrorTracker.reportToBackend (C:/Users/ferna/Downloads/appforge-main/src/utils/errorTracking.js:138:7) {
  [cause]: TypeError: Invalid URL
      at new URL (node:internal/url:828:25)
      at new URL$1 (file:///C:/Users/ferna/Downloads/appforge-main/node_modules/vitest/dist/chunks/index.CyBMJtT7.js:556:9)
      at new Request (node:internal/deps/undici/undici:10971:25)
      at fetch (node:internal/deps/undici/undici:11891:25)
      at fetch (node:internal/deps/undici/undici:16414:10)
      at fetch (node:internal/bootstrap/web/exposed-window-or-worker:83:12)
      at ErrorTracker.reportToBackend (C:/Users/ferna/Downloads/appforge-main/src/utils/errorTracking.js:138:13)
      at ErrorTracker.captureError (C:/Users/ferna/Downloads/appforge-main/src/utils/errorTracking.js:105:10)
      at C:/Users/ferna/Downloads/appforge-main/src/utils/__tests__/errorTracking.test.js:40:20
      at file:///C:/Users/ferna/Downloads/appforge-main/node_modules/@vitest/runner/dist/index.js:145:11 {
    code: 'ERR_INVALID_URL',
    input: '/api/errors/report'
  }
}
Failed to report error to backend: TypeError: Failed to parse URL from /api/errors/report
    at node:internal/deps/undici/undici:16416:13
    at processTicksAndRejections (node:internal/process/task_queues:103:5)
    at ErrorTracker.reportToBackend (C:/Users/ferna/Downloads/appforge-main/src/utils/errorTracking.js:138:7) {
  [cause]: TypeError: Invalid URL
      at new URL (node:internal/url:828:25)
      at new URL$1 (file:///C:/Users/ferna/Downloads/appforge-main/node_modules/vitest/dist/chunks/index.CyBMJtT7.js:556:9)
      at new Request (node:internal/deps/undici/undici:10971:25)
      at fetch (node:internal/deps/undici/undici:11891:25)
      at fetch (node:internal/deps/undici/undici:16414:10)
      at fetch (node:internal/bootstrap/web/exposed-window-or-worker:83:12)
      at ErrorTracker.reportToBackend (C:/Users/ferna/Downloads/appforge-main/src/utils/errorTracking.js:138:13)
      at ErrorTracker.captureError (C:/Users/ferna/Downloads/appforge-main/src/utils/errorTracking.js:105:10)
      at C:/Users/ferna/Downloads/appforge-main/src/utils/__tests__/errorTracking.test.js:40:20
      at file:///C:/Users/ferna/Downloads/appforge-main/node_modules/@vitest/runner/dist/index.js:145:11 {
    code: 'ERR_INVALID_URL',
    input: '/api/errors/report'
  }
}
Failed to report error to backend: TypeError: Failed to parse URL from /api/errors/report
    at node:internal/deps/undici/undici:16416:13
    at processTicksAndRejections (node:internal/process/task_queues:103:5)
    at ErrorTracker.reportToBackend (C:/Users/ferna/Downloads/appforge-main/src/utils/errorTracking.js:138:7) {
  [cause]: TypeError: Invalid URL
      at new URL (node:internal/url:828:25)
      at new URL$1 (file:///C:/Users/ferna/Downloads/appforge-main/node_modules/vitest/dist/chunks/index.CyBMJtT7.js:556:9)
      at new Request (node:internal/deps/undici/undici:10971:25)
      at fetch (node:internal/deps/undici/undici:11891:25)
      at fetch (node:internal/deps/undici/undici:16414:10)
      at fetch (node:internal/bootstrap/web/exposed-window-or-worker:83:12)
      at ErrorTracker.reportToBackend (C:/Users/ferna/Downloads/appforge-main/src/utils/errorTracking.js:138:13)
      at ErrorTracker.captureError (C:/Users/ferna/Downloads/appforge-main/src/utils/errorTracking.js:105:10)
      at C:/Users/ferna/Downloads/appforge-main/src/utils/__tests__/errorTracking.test.js:40:20
      at file:///C:/Users/ferna/Downloads/appforge-main/node_modules/@vitest/runner/dist/index.js:145:11 {
    code: 'ERR_INVALID_URL',
    input: '/api/errors/report'
  }
}
Failed to report error to backend: TypeError: Failed to parse URL from /api/errors/report
    at node:internal/deps/undici/undici:16416:13
    at processTicksAndRejections (node:internal/process/task_queues:103:5)
    at ErrorTracker.reportToBackend (C:/Users/ferna/Downloads/appforge-main/src/utils/errorTracking.js:138:7) {
  [cause]: TypeError: Invalid URL
      at new URL (node:internal/url:828:25)
      at new URL$1 (file:///C:/Users/ferna/Downloads/appforge-main/node_modules/vitest/dist/chunks/index.CyBMJtT7.js:556:9)
      at new Request (node:internal/deps/undici/undici:10971:25)
      at fetch (node:internal/deps/undici/undici:11891:25)
      at fetch (node:internal/deps/undici/undici:16414:10)
      at fetch (node:internal/bootstrap/web/exposed-window-or-worker:83:12)
      at ErrorTracker.reportToBackend (C:/Users/ferna/Downloads/appforge-main/src/utils/errorTracking.js:138:13)
      at ErrorTracker.captureError (C:/Users/ferna/Downloads/appforge-main/src/utils/errorTracking.js:105:10)
      at C:/Users/ferna/Downloads/appforge-main/src/utils/__tests__/errorTracking.test.js:40:20
      at file:///C:/Users/ferna/Downloads/appforge-main/node_modules/@vitest/runner/dist/index.js:145:11 {
    code: 'ERR_INVALID_URL',
    input: '/api/errors/report'
  }
}
Failed to report error to backend: TypeError: Failed to parse URL from /api/errors/report
    at node:internal/deps/undici/undici:16416:13
    at processTicksAndRejections (node:internal/process/task_queues:103:5)
    at ErrorTracker.reportToBackend (C:/Users/ferna/Downloads/appforge-main/src/utils/errorTracking.js:138:7) {
  [cause]: TypeError: Invalid URL
      at new URL (node:internal/url:828:25)
      at new URL$1 (file:///C:/Users/ferna/Downloads/appforge-main/node_modules/vitest/dist/chunks/index.CyBMJtT7.js:556:9)
      at new Request (node:internal/deps/undici/undici:10971:25)
      at fetch (node:internal/deps/undici/undici:11891:25)
      at fetch (node:internal/deps/undici/undici:16414:10)
      at fetch (node:internal/bootstrap/web/exposed-window-or-worker:83:12)
      at ErrorTracker.reportToBackend (C:/Users/ferna/Downloads/appforge-main/src/utils/errorTracking.js:138:13)
      at ErrorTracker.captureError (C:/Users/ferna/Downloads/appforge-main/src/utils/errorTracking.js:105:10)
      at C:/Users/ferna/Downloads/appforge-main/src/utils/__tests__/errorTracking.test.js:40:20
      at file:///C:/Users/ferna/Downloads/appforge-main/node_modules/@vitest/runner/dist/index.js:145:11 {
    code: 'ERR_INVALID_URL',
    input: '/api/errors/report'
  }
}
Failed to report error to backend: TypeError: Failed to parse URL from /api/errors/report
    at node:internal/deps/undici/undici:16416:13
    at processTicksAndRejections (node:internal/process/task_queues:103:5)
    at ErrorTracker.reportToBackend (C:/Users/ferna/Downloads/appforge-main/src/utils/errorTracking.js:138:7) {
  [cause]: TypeError: Invalid URL
      at new URL (node:internal/url:828:25)
      at new URL$1 (file:///C:/Users/ferna/Downloads/appforge-main/node_modules/vitest/dist/chunks/index.CyBMJtT7.js:556:9)
      at new Request (node:internal/deps/undici/undici:10971:25)
      at fetch (node:internal/deps/undici/undici:11891:25)
      at fetch (node:internal/deps/undici/undici:16414:10)
      at fetch (node:internal/bootstrap/web/exposed-window-or-worker:83:12)
      at ErrorTracker.reportToBackend (C:/Users/ferna/Downloads/appforge-main/src/utils/errorTracking.js:138:13)
      at ErrorTracker.captureError (C:/Users/ferna/Downloads/appforge-main/src/utils/errorTracking.js:105:10)
      at C:/Users/ferna/Downloads/appforge-main/src/utils/__tests__/errorTracking.test.js:40:20
      at file:///C:/Users/ferna/Downloads/appforge-main/node_modules/@vitest/runner/dist/index.js:145:11 {
    code: 'ERR_INVALID_URL',
    input: '/api/errors/report'
  }
}
Failed to report error to backend: TypeError: Failed to parse URL from /api/errors/report
    at node:internal/deps/undici/undici:16416:13
    at processTicksAndRejections (node:internal/process/task_queues:103:5)
    at ErrorTracker.reportToBackend (C:/Users/ferna/Downloads/appforge-main/src/utils/errorTracking.js:138:7) {
  [cause]: TypeError: Invalid URL
      at new URL (node:internal/url:828:25)
      at new URL$1 (file:///C:/Users/ferna/Downloads/appforge-main/node_modules/vitest/dist/chunks/index.CyBMJtT7.js:556:9)
      at new Request (node:internal/deps/undici/undici:10971:25)
      at fetch (node:internal/deps/undici/undici:11891:25)
      at fetch (node:internal/deps/undici/undici:16414:10)
      at fetch (node:internal/bootstrap/web/exposed-window-or-worker:83:12)
      at ErrorTracker.reportToBackend (C:/Users/ferna/Downloads/appforge-main/src/utils/errorTracking.js:138:13)
      at ErrorTracker.captureError (C:/Users/ferna/Downloads/appforge-main/src/utils/errorTracking.js:105:10)
      at C:/Users/ferna/Downloads/appforge-main/src/utils/__tests__/errorTracking.test.js:40:20
      at file:///C:/Users/ferna/Downloads/appforge-main/node_modules/@vitest/runner/dist/index.js:145:11 {
    code: 'ERR_INVALID_URL',
    input: '/api/errors/report'
  }
}
Failed to report error to backend: TypeError: Failed to parse URL from /api/errors/report
    at node:internal/deps/undici/undici:16416:13
    at processTicksAndRejections (node:internal/process/task_queues:103:5)
    at ErrorTracker.reportToBackend (C:/Users/ferna/Downloads/appforge-main/src/utils/errorTracking.js:138:7) {
  [cause]: TypeError: Invalid URL
      at new URL (node:internal/url:828:25)
      at new URL$1 (file:///C:/Users/ferna/Downloads/appforge-main/node_modules/vitest/dist/chunks/index.CyBMJtT7.js:556:9)
      at new Request (node:internal/deps/undici/undici:10971:25)
      at fetch (node:internal/deps/undici/undici:11891:25)
      at fetch (node:internal/deps/undici/undici:16414:10)
      at fetch (node:internal/bootstrap/web/exposed-window-or-worker:83:12)
      at ErrorTracker.reportToBackend (C:/Users/ferna/Downloads/appforge-main/src/utils/errorTracking.js:138:13)
      at ErrorTracker.captureError (C:/Users/ferna/Downloads/appforge-main/src/utils/errorTracking.js:105:10)
      at C:/Users/ferna/Downloads/appforge-main/src/utils/__tests__/errorTracking.test.js:40:20
      at file:///C:/Users/ferna/Downloads/appforge-main/node_modules/@vitest/runner/dist/index.js:145:11 {
    code: 'ERR_INVALID_URL',
    input: '/api/errors/report'
  }
}
Failed to report error to backend: TypeError: Failed to parse URL from /api/errors/report
    at node:internal/deps/undici/undici:16416:13
    at processTicksAndRejections (node:internal/process/task_queues:103:5)
    at ErrorTracker.reportToBackend (C:/Users/ferna/Downloads/appforge-main/src/utils/errorTracking.js:138:7) {
  [cause]: TypeError: Invalid URL
      at new URL (node:internal/url:828:25)
      at new URL$1 (file:///C:/Users/ferna/Downloads/appforge-main/node_modules/vitest/dist/chunks/index.CyBMJtT7.js:556:9)
      at new Request (node:internal/deps/undici/undici:10971:25)
      at fetch (node:internal/deps/undici/undici:11891:25)
      at fetch (node:internal/deps/undici/undici:16414:10)
      at fetch (node:internal/bootstrap/web/exposed-window-or-worker:83:12)
      at ErrorTracker.reportToBackend (C:/Users/ferna/Downloads/appforge-main/src/utils/errorTracking.js:138:13)
      at ErrorTracker.captureError (C:/Users/ferna/Downloads/appforge-main/src/utils/errorTracking.js:105:10)
      at C:/Users/ferna/Downloads/appforge-main/src/utils/__tests__/errorTracking.test.js:40:20
      at file:///C:/Users/ferna/Downloads/appforge-main/node_modules/@vitest/runner/dist/index.js:145:11 {
    code: 'ERR_INVALID_URL',
    input: '/api/errors/report'
  }
}
Failed to report error to backend: TypeError: Failed to parse URL from /api/errors/report
    at node:internal/deps/undici/undici:16416:13
    at processTicksAndRejections (node:internal/process/task_queues:103:5)
    at ErrorTracker.reportToBackend (C:/Users/ferna/Downloads/appforge-main/src/utils/errorTracking.js:138:7) {
  [cause]: TypeError: Invalid URL
      at new URL (node:internal/url:828:25)
      at new URL$1 (file:///C:/Users/ferna/Downloads/appforge-main/node_modules/vitest/dist/chunks/index.CyBMJtT7.js:556:9)
      at new Request (node:internal/deps/undici/undici:10971:25)
      at fetch (node:internal/deps/undici/undici:11891:25)
      at fetch (node:internal/deps/undici/undici:16414:10)
      at fetch (node:internal/bootstrap/web/exposed-window-or-worker:83:12)
      at ErrorTracker.reportToBackend (C:/Users/ferna/Downloads/appforge-main/src/utils/errorTracking.js:138:13)
      at ErrorTracker.captureError (C:/Users/ferna/Downloads/appforge-main/src/utils/errorTracking.js:105:10)
      at C:/Users/ferna/Downloads/appforge-main/src/utils/__tests__/errorTracking.test.js:40:20
      at file:///C:/Users/ferna/Downloads/appforge-main/node_modules/@vitest/runner/dist/index.js:145:11 {
    code: 'ERR_INVALID_URL',
    input: '/api/errors/report'
  }
}
Failed to report error to backend: TypeError: Failed to parse URL from /api/errors/report
    at node:internal/deps/undici/undici:16416:13
    at processTicksAndRejections (node:internal/process/task_queues:103:5)
    at ErrorTracker.reportToBackend (C:/Users/ferna/Downloads/appforge-main/src/utils/errorTracking.js:138:7) {
  [cause]: TypeError: Invalid URL
      at new URL (node:internal/url:828:25)
      at new URL$1 (file:///C:/Users/ferna/Downloads/appforge-main/node_modules/vitest/dist/chunks/index.CyBMJtT7.js:556:9)
      at new Request (node:internal/deps/undici/undici:10971:25)
      at fetch (node:internal/deps/undici/undici:11891:25)
      at fetch (node:internal/deps/undici/undici:16414:10)
      at fetch (node:internal/bootstrap/web/exposed-window-or-worker:83:12)
      at ErrorTracker.reportToBackend (C:/Users/ferna/Downloads/appforge-main/src/utils/errorTracking.js:138:13)
      at ErrorTracker.captureError (C:/Users/ferna/Downloads/appforge-main/src/utils/errorTracking.js:105:10)
      at C:/Users/ferna/Downloads/appforge-main/src/utils/__tests__/errorTracking.test.js:40:20
      at file:///C:/Users/ferna/Downloads/appforge-main/node_modules/@vitest/runner/dist/index.js:145:11 {
    code: 'ERR_INVALID_URL',
    input: '/api/errors/report'
  }
}
Failed to report error to backend: TypeError: Failed to parse URL from /api/errors/report
    at node:internal/deps/undici/undici:16416:13
    at processTicksAndRejections (node:internal/process/task_queues:103:5)
    at ErrorTracker.reportToBackend (C:/Users/ferna/Downloads/appforge-main/src/utils/errorTracking.js:138:7) {
  [cause]: TypeError: Invalid URL
      at new URL (node:internal/url:828:25)
      at new URL$1 (file:///C:/Users/ferna/Downloads/appforge-main/node_modules/vitest/dist/chunks/index.CyBMJtT7.js:556:9)
      at new Request (node:internal/deps/undici/undici:10971:25)
      at fetch (node:internal/deps/undici/undici:11891:25)
      at fetch (node:internal/deps/undici/undici:16414:10)
      at fetch (node:internal/bootstrap/web/exposed-window-or-worker:83:12)
      at ErrorTracker.reportToBackend (C:/Users/ferna/Downloads/appforge-main/src/utils/errorTracking.js:138:13)
      at ErrorTracker.captureError (C:/Users/ferna/Downloads/appforge-main/src/utils/errorTracking.js:105:10)
      at C:/Users/ferna/Downloads/appforge-main/src/utils/__tests__/errorTracking.test.js:40:20
      at file:///C:/Users/ferna/Downloads/appforge-main/node_modules/@vitest/runner/dist/index.js:145:11 {
    code: 'ERR_INVALID_URL',
    input: '/api/errors/report'
  }
}
Failed to report error to backend: TypeError: Failed to parse URL from /api/errors/report
    at node:internal/deps/undici/undici:16416:13
    at processTicksAndRejections (node:internal/process/task_queues:103:5)
    at ErrorTracker.reportToBackend (C:/Users/ferna/Downloads/appforge-main/src/utils/errorTracking.js:138:7) {
  [cause]: TypeError: Invalid URL
      at new URL (node:internal/url:828:25)
      at new URL$1 (file:///C:/Users/ferna/Downloads/appforge-main/node_modules/vitest/dist/chunks/index.CyBMJtT7.js:556:9)
      at new Request (node:internal/deps/undici/undici:10971:25)
      at fetch (node:internal/deps/undici/undici:11891:25)
      at fetch (node:internal/deps/undici/undici:16414:10)
      at fetch (node:internal/bootstrap/web/exposed-window-or-worker:83:12)
      at ErrorTracker.reportToBackend (C:/Users/ferna/Downloads/appforge-main/src/utils/errorTracking.js:138:13)
      at ErrorTracker.captureError (C:/Users/ferna/Downloads/appforge-main/src/utils/errorTracking.js:105:10)
      at C:/Users/ferna/Downloads/appforge-main/src/utils/__tests__/errorTracking.test.js:40:20
      at file:///C:/Users/ferna/Downloads/appforge-main/node_modules/@vitest/runner/dist/index.js:145:11 {
    code: 'ERR_INVALID_URL',
    input: '/api/errors/report'
  }
}
Failed to report error to backend: TypeError: Failed to parse URL from /api/errors/report
    at node:internal/deps/undici/undici:16416:13
    at processTicksAndRejections (node:internal/process/task_queues:103:5)
    at ErrorTracker.reportToBackend (C:/Users/ferna/Downloads/appforge-main/src/utils/errorTracking.js:138:7) {
  [cause]: TypeError: Invalid URL
      at new URL (node:internal/url:828:25)
      at new URL$1 (file:///C:/Users/ferna/Downloads/appforge-main/node_modules/vitest/dist/chunks/index.CyBMJtT7.js:556:9)
      at new Request (node:internal/deps/undici/undici:10971:25)
      at fetch (node:internal/deps/undici/undici:11891:25)
      at fetch (node:internal/deps/undici/undici:16414:10)
      at fetch (node:internal/bootstrap/web/exposed-window-or-worker:83:12)
      at ErrorTracker.reportToBackend (C:/Users/ferna/Downloads/appforge-main/src/utils/errorTracking.js:138:13)
      at ErrorTracker.captureError (C:/Users/ferna/Downloads/appforge-main/src/utils/errorTracking.js:105:10)
      at C:/Users/ferna/Downloads/appforge-main/src/utils/__tests__/errorTracking.test.js:40:20
      at file:///C:/Users/ferna/Downloads/appforge-main/node_modules/@vitest/runner/dist/index.js:145:11 {
    code: 'ERR_INVALID_URL',
    input: '/api/errors/report'
  }
}
Failed to report error to backend: TypeError: Failed to parse URL from /api/errors/report
    at node:internal/deps/undici/undici:16416:13
    at processTicksAndRejections (node:internal/process/task_queues:103:5)
    at ErrorTracker.reportToBackend (C:/Users/ferna/Downloads/appforge-main/src/utils/errorTracking.js:138:7) {
  [cause]: TypeError: Invalid URL
      at new URL (node:internal/url:828:25)
      at new URL$1 (file:///C:/Users/ferna/Downloads/appforge-main/node_modules/vitest/dist/chunks/index.CyBMJtT7.js:556:9)
      at new Request (node:internal/deps/undici/undici:10971:25)
      at fetch (node:internal/deps/undici/undici:11891:25)
      at fetch (node:internal/deps/undici/undici:16414:10)
      at fetch (node:internal/bootstrap/web/exposed-window-or-worker:83:12)
      at ErrorTracker.reportToBackend (C:/Users/ferna/Downloads/appforge-main/src/utils/errorTracking.js:138:13)
      at ErrorTracker.captureError (C:/Users/ferna/Downloads/appforge-main/src/utils/errorTracking.js:105:10)
      at C:/Users/ferna/Downloads/appforge-main/src/utils/__tests__/errorTracking.test.js:40:20
      at file:///C:/Users/ferna/Downloads/appforge-main/node_modules/@vitest/runner/dist/index.js:145:11 {
    code: 'ERR_INVALID_URL',
    input: '/api/errors/report'
  }
}
Failed to report error to backend: TypeError: Failed to parse URL from /api/errors/report
    at node:internal/deps/undici/undici:16416:13
    at processTicksAndRejections (node:internal/process/task_queues:103:5)
    at ErrorTracker.reportToBackend (C:/Users/ferna/Downloads/appforge-main/src/utils/errorTracking.js:138:7) {
  [cause]: TypeError: Invalid URL
      at new URL (node:internal/url:828:25)
      at new URL$1 (file:///C:/Users/ferna/Downloads/appforge-main/node_modules/vitest/dist/chunks/index.CyBMJtT7.js:556:9)
      at new Request (node:internal/deps/undici/undici:10971:25)
      at fetch (node:internal/deps/undici/undici:11891:25)
      at fetch (node:internal/deps/undici/undici:16414:10)
      at fetch (node:internal/bootstrap/web/exposed-window-or-worker:83:12)
      at ErrorTracker.reportToBackend (C:/Users/ferna/Downloads/appforge-main/src/utils/errorTracking.js:138:13)
      at ErrorTracker.captureError (C:/Users/ferna/Downloads/appforge-main/src/utils/errorTracking.js:105:10)
      at C:/Users/ferna/Downloads/appforge-main/src/utils/__tests__/errorTracking.test.js:40:20
      at file:///C:/Users/ferna/Downloads/appforge-main/node_modules/@vitest/runner/dist/index.js:145:11 {
    code: 'ERR_INVALID_URL',
    input: '/api/errors/report'
  }
}
Failed to report error to backend: TypeError: Failed to parse URL from /api/errors/report
    at node:internal/deps/undici/undici:16416:13
    at processTicksAndRejections (node:internal/process/task_queues:103:5)
    at ErrorTracker.reportToBackend (C:/Users/ferna/Downloads/appforge-main/src/utils/errorTracking.js:138:7) {
  [cause]: TypeError: Invalid URL
      at new URL (node:internal/url:828:25)
      at new URL$1 (file:///C:/Users/ferna/Downloads/appforge-main/node_modules/vitest/dist/chunks/index.CyBMJtT7.js:556:9)
      at new Request (node:internal/deps/undici/undici:10971:25)
      at fetch (node:internal/deps/undici/undici:11891:25)
      at fetch (node:internal/deps/undici/undici:16414:10)
      at fetch (node:internal/bootstrap/web/exposed-window-or-worker:83:12)
      at ErrorTracker.reportToBackend (C:/Users/ferna/Downloads/appforge-main/src/utils/errorTracking.js:138:13)
      at ErrorTracker.captureError (C:/Users/ferna/Downloads/appforge-main/src/utils/errorTracking.js:105:10)
      at C:/Users/ferna/Downloads/appforge-main/src/utils/__tests__/errorTracking.test.js:40:20
      at file:///C:/Users/ferna/Downloads/appforge-main/node_modules/@vitest/runner/dist/index.js:145:11 {
    code: 'ERR_INVALID_URL',
    input: '/api/errors/report'
  }
}
Failed to report error to backend: TypeError: Failed to parse URL from /api/errors/report
    at node:internal/deps/undici/undici:16416:13
    at processTicksAndRejections (node:internal/process/task_queues:103:5)
    at ErrorTracker.reportToBackend (C:/Users/ferna/Downloads/appforge-main/src/utils/errorTracking.js:138:7) {
  [cause]: TypeError: Invalid URL
      at new URL (node:internal/url:828:25)
      at new URL$1 (file:///C:/Users/ferna/Downloads/appforge-main/node_modules/vitest/dist/chunks/index.CyBMJtT7.js:556:9)
      at new Request (node:internal/deps/undici/undici:10971:25)
      at fetch (node:internal/deps/undici/undici:11891:25)
      at fetch (node:internal/deps/undici/undici:16414:10)
      at fetch (node:internal/bootstrap/web/exposed-window-or-worker:83:12)
      at ErrorTracker.reportToBackend (C:/Users/ferna/Downloads/appforge-main/src/utils/errorTracking.js:138:13)
      at ErrorTracker.captureError (C:/Users/ferna/Downloads/appforge-main/src/utils/errorTracking.js:105:10)
      at C:/Users/ferna/Downloads/appforge-main/src/utils/__tests__/errorTracking.test.js:40:20
      at file:///C:/Users/ferna/Downloads/appforge-main/node_modules/@vitest/runner/dist/index.js:145:11 {
    code: 'ERR_INVALID_URL',
    input: '/api/errors/report'
  }
}
Failed to report error to backend: TypeError: Failed to parse URL from /api/errors/report
    at node:internal/deps/undici/undici:16416:13
    at processTicksAndRejections (node:internal/process/task_queues:103:5)
    at ErrorTracker.reportToBackend (C:/Users/ferna/Downloads/appforge-main/src/utils/errorTracking.js:138:7) {
  [cause]: TypeError: Invalid URL
      at new URL (node:internal/url:828:25)
      at new URL$1 (file:///C:/Users/ferna/Downloads/appforge-main/node_modules/vitest/dist/chunks/index.CyBMJtT7.js:556:9)
      at new Request (node:internal/deps/undici/undici:10971:25)
      at fetch (node:internal/deps/undici/undici:11891:25)
      at fetch (node:internal/deps/undici/undici:16414:10)
      at fetch (node:internal/bootstrap/web/exposed-window-or-worker:83:12)
      at ErrorTracker.reportToBackend (C:/Users/ferna/Downloads/appforge-main/src/utils/errorTracking.js:138:13)
      at ErrorTracker.captureError (C:/Users/ferna/Downloads/appforge-main/src/utils/errorTracking.js:105:10)
      at C:/Users/ferna/Downloads/appforge-main/src/utils/__tests__/errorTracking.test.js:40:20
      at file:///C:/Users/ferna/Downloads/appforge-main/node_modules/@vitest/runner/dist/index.js:145:11 {
    code: 'ERR_INVALID_URL',
    input: '/api/errors/report'
  }
}
Failed to report error to backend: TypeError: Failed to parse URL from /api/errors/report
    at node:internal/deps/undici/undici:16416:13
    at processTicksAndRejections (node:internal/process/task_queues:103:5)
    at ErrorTracker.reportToBackend (C:/Users/ferna/Downloads/appforge-main/src/utils/errorTracking.js:138:7) {
  [cause]: TypeError: Invalid URL
      at new URL (node:internal/url:828:25)
      at new URL$1 (file:///C:/Users/ferna/Downloads/appforge-main/node_modules/vitest/dist/chunks/index.CyBMJtT7.js:556:9)
      at new Request (node:internal/deps/undici/undici:10971:25)
      at fetch (node:internal/deps/undici/undici:11891:25)
      at fetch (node:internal/deps/undici/undici:16414:10)
      at fetch (node:internal/bootstrap/web/exposed-window-or-worker:83:12)
      at ErrorTracker.reportToBackend (C:/Users/ferna/Downloads/appforge-main/src/utils/errorTracking.js:138:13)
      at ErrorTracker.captureError (C:/Users/ferna/Downloads/appforge-main/src/utils/errorTracking.js:105:10)
      at C:/Users/ferna/Downloads/appforge-main/src/utils/__tests__/errorTracking.test.js:40:20
      at file:///C:/Users/ferna/Downloads/appforge-main/node_modules/@vitest/runner/dist/index.js:145:11 {
    code: 'ERR_INVALID_URL',
    input: '/api/errors/report'
  }
}
Failed to report error to backend: TypeError: Failed to parse URL from /api/errors/report
    at node:internal/deps/undici/undici:16416:13
    at processTicksAndRejections (node:internal/process/task_queues:103:5)
    at ErrorTracker.reportToBackend (C:/Users/ferna/Downloads/appforge-main/src/utils/errorTracking.js:138:7) {
  [cause]: TypeError: Invalid URL
      at new URL (node:internal/url:828:25)
      at new URL$1 (file:///C:/Users/ferna/Downloads/appforge-main/node_modules/vitest/dist/chunks/index.CyBMJtT7.js:556:9)
      at new Request (node:internal/deps/undici/undici:10971:25)
      at fetch (node:internal/deps/undici/undici:11891:25)
      at fetch (node:internal/deps/undici/undici:16414:10)
      at fetch (node:internal/bootstrap/web/exposed-window-or-worker:83:12)
      at ErrorTracker.reportToBackend (C:/Users/ferna/Downloads/appforge-main/src/utils/errorTracking.js:138:13)
      at ErrorTracker.captureError (C:/Users/ferna/Downloads/appforge-main/src/utils/errorTracking.js:105:10)
      at C:/Users/ferna/Downloads/appforge-main/src/utils/__tests__/errorTracking.test.js:40:20
      at file:///C:/Users/ferna/Downloads/appforge-main/node_modules/@vitest/runner/dist/index.js:145:11 {
    code: 'ERR_INVALID_URL',
    input: '/api/errors/report'
  }
}
Failed to report error to backend: TypeError: Failed to parse URL from /api/errors/report
    at node:internal/deps/undici/undici:16416:13
    at processTicksAndRejections (node:internal/process/task_queues:103:5)
    at ErrorTracker.reportToBackend (C:/Users/ferna/Downloads/appforge-main/src/utils/errorTracking.js:138:7) {
  [cause]: TypeError: Invalid URL
      at new URL (node:internal/url:828:25)
      at new URL$1 (file:///C:/Users/ferna/Downloads/appforge-main/node_modules/vitest/dist/chunks/index.CyBMJtT7.js:556:9)
      at new Request (node:internal/deps/undici/undici:10971:25)
      at fetch (node:internal/deps/undici/undici:11891:25)
      at fetch (node:internal/deps/undici/undici:16414:10)
      at fetch (node:internal/bootstrap/web/exposed-window-or-worker:83:12)
      at ErrorTracker.reportToBackend (C:/Users/ferna/Downloads/appforge-main/src/utils/errorTracking.js:138:13)
      at ErrorTracker.captureError (C:/Users/ferna/Downloads/appforge-main/src/utils/errorTracking.js:105:10)
      at C:/Users/ferna/Downloads/appforge-main/src/utils/__tests__/errorTracking.test.js:40:20
      at file:///C:/Users/ferna/Downloads/appforge-main/node_modules/@vitest/runner/dist/index.js:145:11 {
    code: 'ERR_INVALID_URL',
    input: '/api/errors/report'
  }
}
Failed to report error to backend: TypeError: Failed to parse URL from /api/errors/report
    at node:internal/deps/undici/undici:16416:13
    at processTicksAndRejections (node:internal/process/task_queues:103:5)
    at ErrorTracker.reportToBackend (C:/Users/ferna/Downloads/appforge-main/src/utils/errorTracking.js:138:7) {
  [cause]: TypeError: Invalid URL
      at new URL (node:internal/url:828:25)
      at new URL$1 (file:///C:/Users/ferna/Downloads/appforge-main/node_modules/vitest/dist/chunks/index.CyBMJtT7.js:556:9)
      at new Request (node:internal/deps/undici/undici:10971:25)
      at fetch (node:internal/deps/undici/undici:11891:25)
      at fetch (node:internal/deps/undici/undici:16414:10)
      at fetch (node:internal/bootstrap/web/exposed-window-or-worker:83:12)
      at ErrorTracker.reportToBackend (C:/Users/ferna/Downloads/appforge-main/src/utils/errorTracking.js:138:13)
      at ErrorTracker.captureError (C:/Users/ferna/Downloads/appforge-main/src/utils/errorTracking.js:105:10)
      at C:/Users/ferna/Downloads/appforge-main/src/utils/__tests__/errorTracking.test.js:40:20
      at file:///C:/Users/ferna/Downloads/appforge-main/node_modules/@vitest/runner/dist/index.js:145:11 {
    code: 'ERR_INVALID_URL',
    input: '/api/errors/report'
  }
}
Failed to report error to backend: TypeError: Failed to parse URL from /api/errors/report
    at node:internal/deps/undici/undici:16416:13
    at processTicksAndRejections (node:internal/process/task_queues:103:5)
    at ErrorTracker.reportToBackend (C:/Users/ferna/Downloads/appforge-main/src/utils/errorTracking.js:138:7) {
  [cause]: TypeError: Invalid URL
      at new URL (node:internal/url:828:25)
      at new URL$1 (file:///C:/Users/ferna/Downloads/appforge-main/node_modules/vitest/dist/chunks/index.CyBMJtT7.js:556:9)
      at new Request (node:internal/deps/undici/undici:10971:25)
      at fetch (node:internal/deps/undici/undici:11891:25)
      at fetch (node:internal/deps/undici/undici:16414:10)
      at fetch (node:internal/bootstrap/web/exposed-window-or-worker:83:12)
      at ErrorTracker.reportToBackend (C:/Users/ferna/Downloads/appforge-main/src/utils/errorTracking.js:138:13)
      at ErrorTracker.captureError (C:/Users/ferna/Downloads/appforge-main/src/utils/errorTracking.js:105:10)
      at C:/Users/ferna/Downloads/appforge-main/src/utils/__tests__/errorTracking.test.js:40:20
      at file:///C:/Users/ferna/Downloads/appforge-main/node_modules/@vitest/runner/dist/index.js:145:11 {
    code: 'ERR_INVALID_URL',
    input: '/api/errors/report'
  }
}
Failed to report error to backend: TypeError: Failed to parse URL from /api/errors/report
    at node:internal/deps/undici/undici:16416:13
    at processTicksAndRejections (node:internal/process/task_queues:103:5)
    at ErrorTracker.reportToBackend (C:/Users/ferna/Downloads/appforge-main/src/utils/errorTracking.js:138:7) {
  [cause]: TypeError: Invalid URL
      at new URL (node:internal/url:828:25)
      at new URL$1 (file:///C:/Users/ferna/Downloads/appforge-main/node_modules/vitest/dist/chunks/index.CyBMJtT7.js:556:9)
      at new Request (node:internal/deps/undici/undici:10971:25)
      at fetch (node:internal/deps/undici/undici:11891:25)
      at fetch (node:internal/deps/undici/undici:16414:10)
      at fetch (node:internal/bootstrap/web/exposed-window-or-worker:83:12)
      at ErrorTracker.reportToBackend (C:/Users/ferna/Downloads/appforge-main/src/utils/errorTracking.js:138:13)
      at ErrorTracker.captureError (C:/Users/ferna/Downloads/appforge-main/src/utils/errorTracking.js:105:10)
      at C:/Users/ferna/Downloads/appforge-main/src/utils/__tests__/errorTracking.test.js:40:20
      at file:///C:/Users/ferna/Downloads/appforge-main/node_modules/@vitest/runner/dist/index.js:145:11 {
    code: 'ERR_INVALID_URL',
    input: '/api/errors/report'
  }
}
Failed to report error to backend: TypeError: Failed to parse URL from /api/errors/report
    at node:internal/deps/undici/undici:16416:13
    at processTicksAndRejections (node:internal/process/task_queues:103:5)
    at ErrorTracker.reportToBackend (C:/Users/ferna/Downloads/appforge-main/src/utils/errorTracking.js:138:7) {
  [cause]: TypeError: Invalid URL
      at new URL (node:internal/url:828:25)
      at new URL$1 (file:///C:/Users/ferna/Downloads/appforge-main/node_modules/vitest/dist/chunks/index.CyBMJtT7.js:556:9)
      at new Request (node:internal/deps/undici/undici:10971:25)
      at fetch (node:internal/deps/undici/undici:11891:25)
      at fetch (node:internal/deps/undici/undici:16414:10)
      at fetch (node:internal/bootstrap/web/exposed-window-or-worker:83:12)
      at ErrorTracker.reportToBackend (C:/Users/ferna/Downloads/appforge-main/src/utils/errorTracking.js:138:13)
      at ErrorTracker.captureError (C:/Users/ferna/Downloads/appforge-main/src/utils/errorTracking.js:105:10)
      at C:/Users/ferna/Downloads/appforge-main/src/utils/__tests__/errorTracking.test.js:40:20
      at file:///C:/Users/ferna/Downloads/appforge-main/node_modules/@vitest/runner/dist/index.js:145:11 {
    code: 'ERR_INVALID_URL',
    input: '/api/errors/report'
  }
}
Failed to report error to backend: TypeError: Failed to parse URL from /api/errors/report
    at node:internal/deps/undici/undici:16416:13
    at processTicksAndRejections (node:internal/process/task_queues:103:5)
    at ErrorTracker.reportToBackend (C:/Users/ferna/Downloads/appforge-main/src/utils/errorTracking.js:138:7) {
  [cause]: TypeError: Invalid URL
      at new URL (node:internal/url:828:25)
      at new URL$1 (file:///C:/Users/ferna/Downloads/appforge-main/node_modules/vitest/dist/chunks/index.CyBMJtT7.js:556:9)
      at new Request (node:internal/deps/undici/undici:10971:25)
      at fetch (node:internal/deps/undici/undici:11891:25)
      at fetch (node:internal/deps/undici/undici:16414:10)
      at fetch (node:internal/bootstrap/web/exposed-window-or-worker:83:12)
      at ErrorTracker.reportToBackend (C:/Users/ferna/Downloads/appforge-main/src/utils/errorTracking.js:138:13)
      at ErrorTracker.captureError (C:/Users/ferna/Downloads/appforge-main/src/utils/errorTracking.js:105:10)
      at C:/Users/ferna/Downloads/appforge-main/src/utils/__tests__/errorTracking.test.js:40:20
      at file:///C:/Users/ferna/Downloads/appforge-main/node_modules/@vitest/runner/dist/index.js:145:11 {
    code: 'ERR_INVALID_URL',
    input: '/api/errors/report'
  }
}
Failed to report error to backend: TypeError: Failed to parse URL from /api/errors/report
    at node:internal/deps/undici/undici:16416:13
    at processTicksAndRejections (node:internal/process/task_queues:103:5)
    at ErrorTracker.reportToBackend (C:/Users/ferna/Downloads/appforge-main/src/utils/errorTracking.js:138:7) {
  [cause]: TypeError: Invalid URL
      at new URL (node:internal/url:828:25)
      at new URL$1 (file:///C:/Users/ferna/Downloads/appforge-main/node_modules/vitest/dist/chunks/index.CyBMJtT7.js:556:9)
      at new Request (node:internal/deps/undici/undici:10971:25)
      at fetch (node:internal/deps/undici/undici:11891:25)
      at fetch (node:internal/deps/undici/undici:16414:10)
      at fetch (node:internal/bootstrap/web/exposed-window-or-worker:83:12)
      at ErrorTracker.reportToBackend (C:/Users/ferna/Downloads/appforge-main/src/utils/errorTracking.js:138:13)
      at ErrorTracker.captureError (C:/Users/ferna/Downloads/appforge-main/src/utils/errorTracking.js:105:10)
      at C:/Users/ferna/Downloads/appforge-main/src/utils/__tests__/errorTracking.test.js:40:20
      at file:///C:/Users/ferna/Downloads/appforge-main/node_modules/@vitest/runner/dist/index.js:145:11 {
    code: 'ERR_INVALID_URL',
    input: '/api/errors/report'
  }
}
Failed to report error to backend: TypeError: Failed to parse URL from /api/errors/report
    at node:internal/deps/undici/undici:16416:13
    at processTicksAndRejections (node:internal/process/task_queues:103:5)
    at ErrorTracker.reportToBackend (C:/Users/ferna/Downloads/appforge-main/src/utils/errorTracking.js:138:7) {
  [cause]: TypeError: Invalid URL
      at new URL (node:internal/url:828:25)
      at new URL$1 (file:///C:/Users/ferna/Downloads/appforge-main/node_modules/vitest/dist/chunks/index.CyBMJtT7.js:556:9)
      at new Request (node:internal/deps/undici/undici:10971:25)
      at fetch (node:internal/deps/undici/undici:11891:25)
      at fetch (node:internal/deps/undici/undici:16414:10)
      at fetch (node:internal/bootstrap/web/exposed-window-or-worker:83:12)
      at ErrorTracker.reportToBackend (C:/Users/ferna/Downloads/appforge-main/src/utils/errorTracking.js:138:13)
      at ErrorTracker.captureError (C:/Users/ferna/Downloads/appforge-main/src/utils/errorTracking.js:105:10)
      at C:/Users/ferna/Downloads/appforge-main/src/utils/__tests__/errorTracking.test.js:40:20
      at file:///C:/Users/ferna/Downloads/appforge-main/node_modules/@vitest/runner/dist/index.js:145:11 {
    code: 'ERR_INVALID_URL',
    input: '/api/errors/report'
  }
}
Failed to report error to backend: TypeError: Failed to parse URL from /api/errors/report
    at node:internal/deps/undici/undici:16416:13
    at processTicksAndRejections (node:internal/process/task_queues:103:5)
    at ErrorTracker.reportToBackend (C:/Users/ferna/Downloads/appforge-main/src/utils/errorTracking.js:138:7) {
  [cause]: TypeError: Invalid URL
      at new URL (node:internal/url:828:25)
      at new URL$1 (file:///C:/Users/ferna/Downloads/appforge-main/node_modules/vitest/dist/chunks/index.CyBMJtT7.js:556:9)
      at new Request (node:internal/deps/undici/undici:10971:25)
      at fetch (node:internal/deps/undici/undici:11891:25)
      at fetch (node:internal/deps/undici/undici:16414:10)
      at fetch (node:internal/bootstrap/web/exposed-window-or-worker:83:12)
      at ErrorTracker.reportToBackend (C:/Users/ferna/Downloads/appforge-main/src/utils/errorTracking.js:138:13)
      at ErrorTracker.captureError (C:/Users/ferna/Downloads/appforge-main/src/utils/errorTracking.js:105:10)
      at C:/Users/ferna/Downloads/appforge-main/src/utils/__tests__/errorTracking.test.js:40:20
      at file:///C:/Users/ferna/Downloads/appforge-main/node_modules/@vitest/runner/dist/index.js:145:11 {
    code: 'ERR_INVALID_URL',
    input: '/api/errors/report'
  }
}
Failed to report error to backend: TypeError: Failed to parse URL from /api/errors/report
    at node:internal/deps/undici/undici:16416:13
    at processTicksAndRejections (node:internal/process/task_queues:103:5)
    at ErrorTracker.reportToBackend (C:/Users/ferna/Downloads/appforge-main/src/utils/errorTracking.js:138:7) {
  [cause]: TypeError: Invalid URL
      at new URL (node:internal/url:828:25)
      at new URL$1 (file:///C:/Users/ferna/Downloads/appforge-main/node_modules/vitest/dist/chunks/index.CyBMJtT7.js:556:9)
      at new Request (node:internal/deps/undici/undici:10971:25)
      at fetch (node:internal/deps/undici/undici:11891:25)
      at fetch (node:internal/deps/undici/undici:16414:10)
      at fetch (node:internal/bootstrap/web/exposed-window-or-worker:83:12)
      at ErrorTracker.reportToBackend (C:/Users/ferna/Downloads/appforge-main/src/utils/errorTracking.js:138:13)
      at ErrorTracker.captureError (C:/Users/ferna/Downloads/appforge-main/src/utils/errorTracking.js:105:10)
      at C:/Users/ferna/Downloads/appforge-main/src/utils/__tests__/errorTracking.test.js:40:20
      at file:///C:/Users/ferna/Downloads/appforge-main/node_modules/@vitest/runner/dist/index.js:145:11 {
    code: 'ERR_INVALID_URL',
    input: '/api/errors/report'
  }
}
Failed to report error to backend: TypeError: Failed to parse URL from /api/errors/report
    at node:internal/deps/undici/undici:16416:13
    at processTicksAndRejections (node:internal/process/task_queues:103:5)
    at ErrorTracker.reportToBackend (C:/Users/ferna/Downloads/appforge-main/src/utils/errorTracking.js:138:7) {
  [cause]: TypeError: Invalid URL
      at new URL (node:internal/url:828:25)
      at new URL$1 (file:///C:/Users/ferna/Downloads/appforge-main/node_modules/vitest/dist/chunks/index.CyBMJtT7.js:556:9)
      at new Request (node:internal/deps/undici/undici:10971:25)
      at fetch (node:internal/deps/undici/undici:11891:25)
      at fetch (node:internal/deps/undici/undici:16414:10)
      at fetch (node:internal/bootstrap/web/exposed-window-or-worker:83:12)
      at ErrorTracker.reportToBackend (C:/Users/ferna/Downloads/appforge-main/src/utils/errorTracking.js:138:13)
      at ErrorTracker.captureError (C:/Users/ferna/Downloads/appforge-main/src/utils/errorTracking.js:105:10)
      at C:/Users/ferna/Downloads/appforge-main/src/utils/__tests__/errorTracking.test.js:40:20
      at file:///C:/Users/ferna/Downloads/appforge-main/node_modules/@vitest/runner/dist/index.js:145:11 {
    code: 'ERR_INVALID_URL',
    input: '/api/errors/report'
  }
}
Failed to report error to backend: TypeError: Failed to parse URL from /api/errors/report
    at node:internal/deps/undici/undici:16416:13
    at processTicksAndRejections (node:internal/process/task_queues:103:5)
    at ErrorTracker.reportToBackend (C:/Users/ferna/Downloads/appforge-main/src/utils/errorTracking.js:138:7) {
  [cause]: TypeError: Invalid URL
      at new URL (node:internal/url:828:25)
      at new URL$1 (file:///C:/Users/ferna/Downloads/appforge-main/node_modules/vitest/dist/chunks/index.CyBMJtT7.js:556:9)
      at new Request (node:internal/deps/undici/undici:10971:25)
      at fetch (node:internal/deps/undici/undici:11891:25)
      at fetch (node:internal/deps/undici/undici:16414:10)
      at fetch (node:internal/bootstrap/web/exposed-window-or-worker:83:12)
      at ErrorTracker.reportToBackend (C:/Users/ferna/Downloads/appforge-main/src/utils/errorTracking.js:138:13)
      at ErrorTracker.captureError (C:/Users/ferna/Downloads/appforge-main/src/utils/errorTracking.js:105:10)
      at C:/Users/ferna/Downloads/appforge-main/src/utils/__tests__/errorTracking.test.js:40:20
      at file:///C:/Users/ferna/Downloads/appforge-main/node_modules/@vitest/runner/dist/index.js:145:11 {
    code: 'ERR_INVALID_URL',
    input: '/api/errors/report'
  }
}
Failed to report error to backend: TypeError: Failed to parse URL from /api/errors/report
    at node:internal/deps/undici/undici:16416:13
    at processTicksAndRejections (node:internal/process/task_queues:103:5)
    at ErrorTracker.reportToBackend (C:/Users/ferna/Downloads/appforge-main/src/utils/errorTracking.js:138:7) {
  [cause]: TypeError: Invalid URL
      at new URL (node:internal/url:828:25)
      at new URL$1 (file:///C:/Users/ferna/Downloads/appforge-main/node_modules/vitest/dist/chunks/index.CyBMJtT7.js:556:9)
      at new Request (node:internal/deps/undici/undici:10971:25)
      at fetch (node:internal/deps/undici/undici:11891:25)
      at fetch (node:internal/deps/undici/undici:16414:10)
      at fetch (node:internal/bootstrap/web/exposed-window-or-worker:83:12)
      at ErrorTracker.reportToBackend (C:/Users/ferna/Downloads/appforge-main/src/utils/errorTracking.js:138:13)
      at ErrorTracker.captureError (C:/Users/ferna/Downloads/appforge-main/src/utils/errorTracking.js:105:10)
      at C:/Users/ferna/Downloads/appforge-main/src/utils/__tests__/errorTracking.test.js:40:20
      at file:///C:/Users/ferna/Downloads/appforge-main/node_modules/@vitest/runner/dist/index.js:145:11 {
    code: 'ERR_INVALID_URL',
    input: '/api/errors/report'
  }
}
Failed to report error to backend: TypeError: Failed to parse URL from /api/errors/report
    at node:internal/deps/undici/undici:16416:13
    at processTicksAndRejections (node:internal/process/task_queues:103:5)
    at ErrorTracker.reportToBackend (C:/Users/ferna/Downloads/appforge-main/src/utils/errorTracking.js:138:7) {
  [cause]: TypeError: Invalid URL
      at new URL (node:internal/url:828:25)
      at new URL$1 (file:///C:/Users/ferna/Downloads/appforge-main/node_modules/vitest/dist/chunks/index.CyBMJtT7.js:556:9)
      at new Request (node:internal/deps/undici/undici:10971:25)
      at fetch (node:internal/deps/undici/undici:11891:25)
      at fetch (node:internal/deps/undici/undici:16414:10)
      at fetch (node:internal/bootstrap/web/exposed-window-or-worker:83:12)
      at ErrorTracker.reportToBackend (C:/Users/ferna/Downloads/appforge-main/src/utils/errorTracking.js:138:13)
      at ErrorTracker.captureError (C:/Users/ferna/Downloads/appforge-main/src/utils/errorTracking.js:105:10)
      at C:/Users/ferna/Downloads/appforge-main/src/utils/__tests__/errorTracking.test.js:40:20
      at file:///C:/Users/ferna/Downloads/appforge-main/node_modules/@vitest/runner/dist/index.js:145:11 {
    code: 'ERR_INVALID_URL',
    input: '/api/errors/report'
  }
}
Failed to report error to backend: TypeError: Failed to parse URL from /api/errors/report
    at node:internal/deps/undici/undici:16416:13
    at processTicksAndRejections (node:internal/process/task_queues:103:5)
    at ErrorTracker.reportToBackend (C:/Users/ferna/Downloads/appforge-main/src/utils/errorTracking.js:138:7) {
  [cause]: TypeError: Invalid URL
      at new URL (node:internal/url:828:25)
      at new URL$1 (file:///C:/Users/ferna/Downloads/appforge-main/node_modules/vitest/dist/chunks/index.CyBMJtT7.js:556:9)
      at new Request (node:internal/deps/undici/undici:10971:25)
      at fetch (node:internal/deps/undici/undici:11891:25)
      at fetch (node:internal/deps/undici/undici:16414:10)
      at fetch (node:internal/bootstrap/web/exposed-window-or-worker:83:12)
      at ErrorTracker.reportToBackend (C:/Users/ferna/Downloads/appforge-main/src/utils/errorTracking.js:138:13)
      at ErrorTracker.captureError (C:/Users/ferna/Downloads/appforge-main/src/utils/errorTracking.js:105:10)
      at C:/Users/ferna/Downloads/appforge-main/src/utils/__tests__/errorTracking.test.js:40:20
      at file:///C:/Users/ferna/Downloads/appforge-main/node_modules/@vitest/runner/dist/index.js:145:11 {
    code: 'ERR_INVALID_URL',
    input: '/api/errors/report'
  }
}
Failed to report error to backend: TypeError: Failed to parse URL from /api/errors/report
    at node:internal/deps/undici/undici:16416:13
    at processTicksAndRejections (node:internal/process/task_queues:103:5)
    at ErrorTracker.reportToBackend (C:/Users/ferna/Downloads/appforge-main/src/utils/errorTracking.js:138:7) {
  [cause]: TypeError: Invalid URL
      at new URL (node:internal/url:828:25)
      at new URL$1 (file:///C:/Users/ferna/Downloads/appforge-main/node_modules/vitest/dist/chunks/index.CyBMJtT7.js:556:9)
      at new Request (node:internal/deps/undici/undici:10971:25)
      at fetch (node:internal/deps/undici/undici:11891:25)
      at fetch (node:internal/deps/undici/undici:16414:10)
      at fetch (node:internal/bootstrap/web/exposed-window-or-worker:83:12)
      at ErrorTracker.reportToBackend (C:/Users/ferna/Downloads/appforge-main/src/utils/errorTracking.js:138:13)
      at ErrorTracker.captureError (C:/Users/ferna/Downloads/appforge-main/src/utils/errorTracking.js:105:10)
      at C:/Users/ferna/Downloads/appforge-main/src/utils/__tests__/errorTracking.test.js:40:20
      at file:///C:/Users/ferna/Downloads/appforge-main/node_modules/@vitest/runner/dist/index.js:145:11 {
    code: 'ERR_INVALID_URL',
    input: '/api/errors/report'
  }
}
Failed to report error to backend: TypeError: Failed to parse URL from /api/errors/report
    at node:internal/deps/undici/undici:16416:13
    at processTicksAndRejections (node:internal/process/task_queues:103:5)
    at ErrorTracker.reportToBackend (C:/Users/ferna/Downloads/appforge-main/src/utils/errorTracking.js:138:7) {
  [cause]: TypeError: Invalid URL
      at new URL (node:internal/url:828:25)
      at new URL$1 (file:///C:/Users/ferna/Downloads/appforge-main/node_modules/vitest/dist/chunks/index.CyBMJtT7.js:556:9)
      at new Request (node:internal/deps/undici/undici:10971:25)
      at fetch (node:internal/deps/undici/undici:11891:25)
      at fetch (node:internal/deps/undici/undici:16414:10)
      at fetch (node:internal/bootstrap/web/exposed-window-or-worker:83:12)
      at ErrorTracker.reportToBackend (C:/Users/ferna/Downloads/appforge-main/src/utils/errorTracking.js:138:13)
      at ErrorTracker.captureError (C:/Users/ferna/Downloads/appforge-main/src/utils/errorTracking.js:105:10)
      at C:/Users/ferna/Downloads/appforge-main/src/utils/__tests__/errorTracking.test.js:40:20
      at file:///C:/Users/ferna/Downloads/appforge-main/node_modules/@vitest/runner/dist/index.js:145:11 {
    code: 'ERR_INVALID_URL',
    input: '/api/errors/report'
  }
}
Failed to report error to backend: TypeError: Failed to parse URL from /api/errors/report
    at node:internal/deps/undici/undici:16416:13
    at processTicksAndRejections (node:internal/process/task_queues:103:5)
    at ErrorTracker.reportToBackend (C:/Users/ferna/Downloads/appforge-main/src/utils/errorTracking.js:138:7) {
  [cause]: TypeError: Invalid URL
      at new URL (node:internal/url:828:25)
      at new URL$1 (file:///C:/Users/ferna/Downloads/appforge-main/node_modules/vitest/dist/chunks/index.CyBMJtT7.js:556:9)
      at new Request (node:internal/deps/undici/undici:10971:25)
      at fetch (node:internal/deps/undici/undici:11891:25)
      at fetch (node:internal/deps/undici/undici:16414:10)
      at fetch (node:internal/bootstrap/web/exposed-window-or-worker:83:12)
      at ErrorTracker.reportToBackend (C:/Users/ferna/Downloads/appforge-main/src/utils/errorTracking.js:138:13)
      at ErrorTracker.captureError (C:/Users/ferna/Downloads/appforge-main/src/utils/errorTracking.js:105:10)
      at C:/Users/ferna/Downloads/appforge-main/src/utils/__tests__/errorTracking.test.js:40:20
      at file:///C:/Users/ferna/Downloads/appforge-main/node_modules/@vitest/runner/dist/index.js:145:11 {
    code: 'ERR_INVALID_URL',
    input: '/api/errors/report'
  }
}
Failed to report error to backend: TypeError: Failed to parse URL from /api/errors/report
    at node:internal/deps/undici/undici:16416:13
    at processTicksAndRejections (node:internal/process/task_queues:103:5)
    at ErrorTracker.reportToBackend (C:/Users/ferna/Downloads/appforge-main/src/utils/errorTracking.js:138:7) {
  [cause]: TypeError: Invalid URL
      at new URL (node:internal/url:828:25)
      at new URL$1 (file:///C:/Users/ferna/Downloads/appforge-main/node_modules/vitest/dist/chunks/index.CyBMJtT7.js:556:9)
      at new Request (node:internal/deps/undici/undici:10971:25)
      at fetch (node:internal/deps/undici/undici:11891:25)
      at fetch (node:internal/deps/undici/undici:16414:10)
      at fetch (node:internal/bootstrap/web/exposed-window-or-worker:83:12)
      at ErrorTracker.reportToBackend (C:/Users/ferna/Downloads/appforge-main/src/utils/errorTracking.js:138:13)
      at ErrorTracker.captureError (C:/Users/ferna/Downloads/appforge-main/src/utils/errorTracking.js:105:10)
      at C:/Users/ferna/Downloads/appforge-main/src/utils/__tests__/errorTracking.test.js:40:20
      at file:///C:/Users/ferna/Downloads/appforge-main/node_modules/@vitest/runner/dist/index.js:145:11 {
    code: 'ERR_INVALID_URL',
    input: '/api/errors/report'
  }
}
Failed to report error to backend: TypeError: Failed to parse URL from /api/errors/report
    at node:internal/deps/undici/undici:16416:13
    at processTicksAndRejections (node:internal/process/task_queues:103:5)
    at ErrorTracker.reportToBackend (C:/Users/ferna/Downloads/appforge-main/src/utils/errorTracking.js:138:7) {
  [cause]: TypeError: Invalid URL
      at new URL (node:internal/url:828:25)
      at new URL$1 (file:///C:/Users/ferna/Downloads/appforge-main/node_modules/vitest/dist/chunks/index.CyBMJtT7.js:556:9)
      at new Request (node:internal/deps/undici/undici:10971:25)
      at fetch (node:internal/deps/undici/undici:11891:25)
      at fetch (node:internal/deps/undici/undici:16414:10)
      at fetch (node:internal/bootstrap/web/exposed-window-or-worker:83:12)
      at ErrorTracker.reportToBackend (C:/Users/ferna/Downloads/appforge-main/src/utils/errorTracking.js:138:13)
      at ErrorTracker.captureError (C:/Users/ferna/Downloads/appforge-main/src/utils/errorTracking.js:105:10)
      at C:/Users/ferna/Downloads/appforge-main/src/utils/__tests__/errorTracking.test.js:40:20
      at file:///C:/Users/ferna/Downloads/appforge-main/node_modules/@vitest/runner/dist/index.js:145:11 {
    code: 'ERR_INVALID_URL',
    input: '/api/errors/report'
  }
}
Failed to report error to backend: TypeError: Failed to parse URL from /api/errors/report
    at node:internal/deps/undici/undici:16416:13
    at processTicksAndRejections (node:internal/process/task_queues:103:5)
    at ErrorTracker.reportToBackend (C:/Users/ferna/Downloads/appforge-main/src/utils/errorTracking.js:138:7) {
  [cause]: TypeError: Invalid URL
      at new URL (node:internal/url:828:25)
      at new URL$1 (file:///C:/Users/ferna/Downloads/appforge-main/node_modules/vitest/dist/chunks/index.CyBMJtT7.js:556:9)
      at new Request (node:internal/deps/undici/undici:10971:25)
      at fetch (node:internal/deps/undici/undici:11891:25)
      at fetch (node:internal/deps/undici/undici:16414:10)
      at fetch (node:internal/bootstrap/web/exposed-window-or-worker:83:12)
      at ErrorTracker.reportToBackend (C:/Users/ferna/Downloads/appforge-main/src/utils/errorTracking.js:138:13)
      at ErrorTracker.captureError (C:/Users/ferna/Downloads/appforge-main/src/utils/errorTracking.js:105:10)
      at C:/Users/ferna/Downloads/appforge-main/src/utils/__tests__/errorTracking.test.js:40:20
      at file:///C:/Users/ferna/Downloads/appforge-main/node_modules/@vitest/runner/dist/index.js:145:11 {
    code: 'ERR_INVALID_URL',
    input: '/api/errors/report'
  }
}
Failed to report error to backend: TypeError: Failed to parse URL from /api/errors/report
    at node:internal/deps/undici/undici:16416:13
    at processTicksAndRejections (node:internal/process/task_queues:103:5)
    at ErrorTracker.reportToBackend (C:/Users/ferna/Downloads/appforge-main/src/utils/errorTracking.js:138:7) {
  [cause]: TypeError: Invalid URL
      at new URL (node:internal/url:828:25)
      at new URL$1 (file:///C:/Users/ferna/Downloads/appforge-main/node_modules/vitest/dist/chunks/index.CyBMJtT7.js:556:9)
      at new Request (node:internal/deps/undici/undici:10971:25)
      at fetch (node:internal/deps/undici/undici:11891:25)
      at fetch (node:internal/deps/undici/undici:16414:10)
      at fetch (node:internal/bootstrap/web/exposed-window-or-worker:83:12)
      at ErrorTracker.reportToBackend (C:/Users/ferna/Downloads/appforge-main/src/utils/errorTracking.js:138:13)
      at ErrorTracker.captureError (C:/Users/ferna/Downloads/appforge-main/src/utils/errorTracking.js:105:10)
      at C:/Users/ferna/Downloads/appforge-main/src/utils/__tests__/errorTracking.test.js:40:20
      at file:///C:/Users/ferna/Downloads/appforge-main/node_modules/@vitest/runner/dist/index.js:145:11 {
    code: 'ERR_INVALID_URL',
    input: '/api/errors/report'
  }
}
Failed to report error to backend: TypeError: Failed to parse URL from /api/errors/report
    at node:internal/deps/undici/undici:16416:13
    at processTicksAndRejections (node:internal/process/task_queues:103:5)
    at ErrorTracker.reportToBackend (C:/Users/ferna/Downloads/appforge-main/src/utils/errorTracking.js:138:7) {
  [cause]: TypeError: Invalid URL
      at new URL (node:internal/url:828:25)
      at new URL$1 (file:///C:/Users/ferna/Downloads/appforge-main/node_modules/vitest/dist/chunks/index.CyBMJtT7.js:556:9)
      at new Request (node:internal/deps/undici/undici:10971:25)
      at fetch (node:internal/deps/undici/undici:11891:25)
      at fetch (node:internal/deps/undici/undici:16414:10)
      at fetch (node:internal/bootstrap/web/exposed-window-or-worker:83:12)
      at ErrorTracker.reportToBackend (C:/Users/ferna/Downloads/appforge-main/src/utils/errorTracking.js:138:13)
      at ErrorTracker.captureError (C:/Users/ferna/Downloads/appforge-main/src/utils/errorTracking.js:105:10)
      at C:/Users/ferna/Downloads/appforge-main/src/utils/__tests__/errorTracking.test.js:40:20
      at file:///C:/Users/ferna/Downloads/appforge-main/node_modules/@vitest/runner/dist/index.js:145:11 {
    code: 'ERR_INVALID_URL',
    input: '/api/errors/report'
  }
}
Failed to report error to backend: TypeError: Failed to parse URL from /api/errors/report
    at node:internal/deps/undici/undici:16416:13
    at processTicksAndRejections (node:internal/process/task_queues:103:5)
    at ErrorTracker.reportToBackend (C:/Users/ferna/Downloads/appforge-main/src/utils/errorTracking.js:138:7) {
  [cause]: TypeError: Invalid URL
      at new URL (node:internal/url:828:25)
      at new URL$1 (file:///C:/Users/ferna/Downloads/appforge-main/node_modules/vitest/dist/chunks/index.CyBMJtT7.js:556:9)
      at new Request (node:internal/deps/undici/undici:10971:25)
      at fetch (node:internal/deps/undici/undici:11891:25)
      at fetch (node:internal/deps/undici/undici:16414:10)
      at fetch (node:internal/bootstrap/web/exposed-window-or-worker:83:12)
      at ErrorTracker.reportToBackend (C:/Users/ferna/Downloads/appforge-main/src/utils/errorTracking.js:138:13)
      at ErrorTracker.captureError (C:/Users/ferna/Downloads/appforge-main/src/utils/errorTracking.js:105:10)
      at C:/Users/ferna/Downloads/appforge-main/src/utils/__tests__/errorTracking.test.js:40:20
      at file:///C:/Users/ferna/Downloads/appforge-main/node_modules/@vitest/runner/dist/index.js:145:11 {
    code: 'ERR_INVALID_URL',
    input: '/api/errors/report'
  }
}
Failed to report error to backend: TypeError: Failed to parse URL from /api/errors/report
    at node:internal/deps/undici/undici:16416:13
    at processTicksAndRejections (node:internal/process/task_queues:103:5)
    at ErrorTracker.reportToBackend (C:/Users/ferna/Downloads/appforge-main/src/utils/errorTracking.js:138:7) {
  [cause]: TypeError: Invalid URL
      at new URL (node:internal/url:828:25)
      at new URL$1 (file:///C:/Users/ferna/Downloads/appforge-main/node_modules/vitest/dist/chunks/index.CyBMJtT7.js:556:9)
      at new Request (node:internal/deps/undici/undici:10971:25)
      at fetch (node:internal/deps/undici/undici:11891:25)
      at fetch (node:internal/deps/undici/undici:16414:10)
      at fetch (node:internal/bootstrap/web/exposed-window-or-worker:83:12)
      at ErrorTracker.reportToBackend (C:/Users/ferna/Downloads/appforge-main/src/utils/errorTracking.js:138:13)
      at ErrorTracker.captureError (C:/Users/ferna/Downloads/appforge-main/src/utils/errorTracking.js:105:10)
      at C:/Users/ferna/Downloads/appforge-main/src/utils/__tests__/errorTracking.test.js:40:20
      at file:///C:/Users/ferna/Downloads/appforge-main/node_modules/@vitest/runner/dist/index.js:145:11 {
    code: 'ERR_INVALID_URL',
    input: '/api/errors/report'
  }
}
Failed to report error to backend: TypeError: Failed to parse URL from /api/errors/report
    at node:internal/deps/undici/undici:16416:13
    at processTicksAndRejections (node:internal/process/task_queues:103:5)
    at ErrorTracker.reportToBackend (C:/Users/ferna/Downloads/appforge-main/src/utils/errorTracking.js:138:7) {
  [cause]: TypeError: Invalid URL
      at new URL (node:internal/url:828:25)
      at new URL$1 (file:///C:/Users/ferna/Downloads/appforge-main/node_modules/vitest/dist/chunks/index.CyBMJtT7.js:556:9)
      at new Request (node:internal/deps/undici/undici:10971:25)
      at fetch (node:internal/deps/undici/undici:11891:25)
      at fetch (node:internal/deps/undici/undici:16414:10)
      at fetch (node:internal/bootstrap/web/exposed-window-or-worker:83:12)
      at ErrorTracker.reportToBackend (C:/Users/ferna/Downloads/appforge-main/src/utils/errorTracking.js:138:13)
      at ErrorTracker.captureError (C:/Users/ferna/Downloads/appforge-main/src/utils/errorTracking.js:105:10)
      at C:/Users/ferna/Downloads/appforge-main/src/utils/__tests__/errorTracking.test.js:40:20
      at file:///C:/Users/ferna/Downloads/appforge-main/node_modules/@vitest/runner/dist/index.js:145:11 {
    code: 'ERR_INVALID_URL',
    input: '/api/errors/report'
  }
}
Failed to report error to backend: TypeError: Failed to parse URL from /api/errors/report
    at node:internal/deps/undici/undici:16416:13
    at processTicksAndRejections (node:internal/process/task_queues:103:5)
    at ErrorTracker.reportToBackend (C:/Users/ferna/Downloads/appforge-main/src/utils/errorTracking.js:138:7) {
  [cause]: TypeError: Invalid URL
      at new URL (node:internal/url:828:25)
      at new URL$1 (file:///C:/Users/ferna/Downloads/appforge-main/node_modules/vitest/dist/chunks/index.CyBMJtT7.js:556:9)
      at new Request (node:internal/deps/undici/undici:10971:25)
      at fetch (node:internal/deps/undici/undici:11891:25)
      at fetch (node:internal/deps/undici/undici:16414:10)
      at fetch (node:internal/bootstrap/web/exposed-window-or-worker:83:12)
      at ErrorTracker.reportToBackend (C:/Users/ferna/Downloads/appforge-main/src/utils/errorTracking.js:138:13)
      at ErrorTracker.captureError (C:/Users/ferna/Downloads/appforge-main/src/utils/errorTracking.js:105:10)
      at C:/Users/ferna/Downloads/appforge-main/src/utils/__tests__/errorTracking.test.js:40:20
      at file:///C:/Users/ferna/Downloads/appforge-main/node_modules/@vitest/runner/dist/index.js:145:11 {
    code: 'ERR_INVALID_URL',
    input: '/api/errors/report'
  }
}
Failed to report error to backend: TypeError: Failed to parse URL from /api/errors/report
    at node:internal/deps/undici/undici:16416:13
    at processTicksAndRejections (node:internal/process/task_queues:103:5)
    at ErrorTracker.reportToBackend (C:/Users/ferna/Downloads/appforge-main/src/utils/errorTracking.js:138:7) {
  [cause]: TypeError: Invalid URL
      at new URL (node:internal/url:828:25)
      at new URL$1 (file:///C:/Users/ferna/Downloads/appforge-main/node_modules/vitest/dist/chunks/index.CyBMJtT7.js:556:9)
      at new Request (node:internal/deps/undici/undici:10971:25)
      at fetch (node:internal/deps/undici/undici:11891:25)
      at fetch (node:internal/deps/undici/undici:16414:10)
      at fetch (node:internal/bootstrap/web/exposed-window-or-worker:83:12)
      at ErrorTracker.reportToBackend (C:/Users/ferna/Downloads/appforge-main/src/utils/errorTracking.js:138:13)
      at ErrorTracker.captureError (C:/Users/ferna/Downloads/appforge-main/src/utils/errorTracking.js:105:10)
      at C:/Users/ferna/Downloads/appforge-main/src/utils/__tests__/errorTracking.test.js:40:20
      at file:///C:/Users/ferna/Downloads/appforge-main/node_modules/@vitest/runner/dist/index.js:145:11 {
    code: 'ERR_INVALID_URL',
    input: '/api/errors/report'
  }
}
Failed to report error to backend: TypeError: Failed to parse URL from /api/errors/report
    at node:internal/deps/undici/undici:16416:13
    at processTicksAndRejections (node:internal/process/task_queues:103:5)
    at ErrorTracker.reportToBackend (C:/Users/ferna/Downloads/appforge-main/src/utils/errorTracking.js:138:7) {
  [cause]: TypeError: Invalid URL
      at new URL (node:internal/url:828:25)
      at new URL$1 (file:///C:/Users/ferna/Downloads/appforge-main/node_modules/vitest/dist/chunks/index.CyBMJtT7.js:556:9)
      at new Request (node:internal/deps/undici/undici:10971:25)
      at fetch (node:internal/deps/undici/undici:11891:25)
      at fetch (node:internal/deps/undici/undici:16414:10)
      at fetch (node:internal/bootstrap/web/exposed-window-or-worker:83:12)
      at ErrorTracker.reportToBackend (C:/Users/ferna/Downloads/appforge-main/src/utils/errorTracking.js:138:13)
      at ErrorTracker.captureError (C:/Users/ferna/Downloads/appforge-main/src/utils/errorTracking.js:105:10)
      at C:/Users/ferna/Downloads/appforge-main/src/utils/__tests__/errorTracking.test.js:40:20
      at file:///C:/Users/ferna/Downloads/appforge-main/node_modules/@vitest/runner/dist/index.js:145:11 {
    code: 'ERR_INVALID_URL',
    input: '/api/errors/report'
  }
}
Failed to report error to backend: TypeError: Failed to parse URL from /api/errors/report
    at node:internal/deps/undici/undici:16416:13
    at processTicksAndRejections (node:internal/process/task_queues:103:5)
    at ErrorTracker.reportToBackend (C:/Users/ferna/Downloads/appforge-main/src/utils/errorTracking.js:138:7) {
  [cause]: TypeError: Invalid URL
      at new URL (node:internal/url:828:25)
      at new URL$1 (file:///C:/Users/ferna/Downloads/appforge-main/node_modules/vitest/dist/chunks/index.CyBMJtT7.js:556:9)
      at new Request (node:internal/deps/undici/undici:10971:25)
      at fetch (node:internal/deps/undici/undici:11891:25)
      at fetch (node:internal/deps/undici/undici:16414:10)
      at fetch (node:internal/bootstrap/web/exposed-window-or-worker:83:12)
      at ErrorTracker.reportToBackend (C:/Users/ferna/Downloads/appforge-main/src/utils/errorTracking.js:138:13)
      at ErrorTracker.captureError (C:/Users/ferna/Downloads/appforge-main/src/utils/errorTracking.js:105:10)
      at C:/Users/ferna/Downloads/appforge-main/src/utils/__tests__/errorTracking.test.js:40:20
      at file:///C:/Users/ferna/Downloads/appforge-main/node_modules/@vitest/runner/dist/index.js:145:11 {
    code: 'ERR_INVALID_URL',
    input: '/api/errors/report'
  }
}
Failed to report error to backend: TypeError: Failed to parse URL from /api/errors/report
    at node:internal/deps/undici/undici:16416:13
    at processTicksAndRejections (node:internal/process/task_queues:103:5)
    at ErrorTracker.reportToBackend (C:/Users/ferna/Downloads/appforge-main/src/utils/errorTracking.js:138:7) {
  [cause]: TypeError: Invalid URL
      at new URL (node:internal/url:828:25)
      at new URL$1 (file:///C:/Users/ferna/Downloads/appforge-main/node_modules/vitest/dist/chunks/index.CyBMJtT7.js:556:9)
      at new Request (node:internal/deps/undici/undici:10971:25)
      at fetch (node:internal/deps/undici/undici:11891:25)
      at fetch (node:internal/deps/undici/undici:16414:10)
      at fetch (node:internal/bootstrap/web/exposed-window-or-worker:83:12)
      at ErrorTracker.reportToBackend (C:/Users/ferna/Downloads/appforge-main/src/utils/errorTracking.js:138:13)
      at ErrorTracker.captureError (C:/Users/ferna/Downloads/appforge-main/src/utils/errorTracking.js:105:10)
      at C:/Users/ferna/Downloads/appforge-main/src/utils/__tests__/errorTracking.test.js:40:20
      at file:///C:/Users/ferna/Downloads/appforge-main/node_modules/@vitest/runner/dist/index.js:145:11 {
    code: 'ERR_INVALID_URL',
    input: '/api/errors/report'
  }
}
Failed to report error to backend: TypeError: Failed to parse URL from /api/errors/report
    at node:internal/deps/undici/undici:16416:13
    at processTicksAndRejections (node:internal/process/task_queues:103:5)
    at ErrorTracker.reportToBackend (C:/Users/ferna/Downloads/appforge-main/src/utils/errorTracking.js:138:7) {
  [cause]: TypeError: Invalid URL
      at new URL (node:internal/url:828:25)
      at new URL$1 (file:///C:/Users/ferna/Downloads/appforge-main/node_modules/vitest/dist/chunks/index.CyBMJtT7.js:556:9)
      at new Request (node:internal/deps/undici/undici:10971:25)
      at fetch (node:internal/deps/undici/undici:11891:25)
      at fetch (node:internal/deps/undici/undici:16414:10)
      at fetch (node:internal/bootstrap/web/exposed-window-or-worker:83:12)
      at ErrorTracker.reportToBackend (C:/Users/ferna/Downloads/appforge-main/src/utils/errorTracking.js:138:13)
      at ErrorTracker.captureError (C:/Users/ferna/Downloads/appforge-main/src/utils/errorTracking.js:105:10)
      at C:/Users/ferna/Downloads/appforge-main/src/utils/__tests__/errorTracking.test.js:40:20
      at file:///C:/Users/ferna/Downloads/appforge-main/node_modules/@vitest/runner/dist/index.js:145:11 {
    code: 'ERR_INVALID_URL',
    input: '/api/errors/report'
  }
}
Failed to report error to backend: TypeError: Failed to parse URL from /api/errors/report
    at node:internal/deps/undici/undici:16416:13
    at processTicksAndRejections (node:internal/process/task_queues:103:5)
    at ErrorTracker.reportToBackend (C:/Users/ferna/Downloads/appforge-main/src/utils/errorTracking.js:138:7) {
  [cause]: TypeError: Invalid URL
      at new URL (node:internal/url:828:25)
      at new URL$1 (file:///C:/Users/ferna/Downloads/appforge-main/node_modules/vitest/dist/chunks/index.CyBMJtT7.js:556:9)
      at new Request (node:internal/deps/undici/undici:10971:25)
      at fetch (node:internal/deps/undici/undici:11891:25)
      at fetch (node:internal/deps/undici/undici:16414:10)
      at fetch (node:internal/bootstrap/web/exposed-window-or-worker:83:12)
      at ErrorTracker.reportToBackend (C:/Users/ferna/Downloads/appforge-main/src/utils/errorTracking.js:138:13)
      at ErrorTracker.captureError (C:/Users/ferna/Downloads/appforge-main/src/utils/errorTracking.js:105:10)
      at C:/Users/ferna/Downloads/appforge-main/src/utils/__tests__/errorTracking.test.js:40:20
      at file:///C:/Users/ferna/Downloads/appforge-main/node_modules/@vitest/runner/dist/index.js:145:11 {
    code: 'ERR_INVALID_URL',
    input: '/api/errors/report'
  }
}
Failed to report error to backend: TypeError: Failed to parse URL from /api/errors/report
    at node:internal/deps/undici/undici:16416:13
    at processTicksAndRejections (node:internal/process/task_queues:103:5)
    at ErrorTracker.reportToBackend (C:/Users/ferna/Downloads/appforge-main/src/utils/errorTracking.js:138:7) {
  [cause]: TypeError: Invalid URL
      at new URL (node:internal/url:828:25)
      at new URL$1 (file:///C:/Users/ferna/Downloads/appforge-main/node_modules/vitest/dist/chunks/index.CyBMJtT7.js:556:9)
      at new Request (node:internal/deps/undici/undici:10971:25)
      at fetch (node:internal/deps/undici/undici:11891:25)
      at fetch (node:internal/deps/undici/undici:16414:10)
      at fetch (node:internal/bootstrap/web/exposed-window-or-worker:83:12)
      at ErrorTracker.reportToBackend (C:/Users/ferna/Downloads/appforge-main/src/utils/errorTracking.js:138:13)
      at ErrorTracker.captureError (C:/Users/ferna/Downloads/appforge-main/src/utils/errorTracking.js:105:10)
      at C:/Users/ferna/Downloads/appforge-main/src/utils/__tests__/errorTracking.test.js:40:20
      at file:///C:/Users/ferna/Downloads/appforge-main/node_modules/@vitest/runner/dist/index.js:145:11 {
    code: 'ERR_INVALID_URL',
    input: '/api/errors/report'
  }
}
Failed to report error to backend: TypeError: Failed to parse URL from /api/errors/report
    at node:internal/deps/undici/undici:16416:13
    at processTicksAndRejections (node:internal/process/task_queues:103:5)
    at ErrorTracker.reportToBackend (C:/Users/ferna/Downloads/appforge-main/src/utils/errorTracking.js:138:7) {
  [cause]: TypeError: Invalid URL
      at new URL (node:internal/url:828:25)
      at new URL$1 (file:///C:/Users/ferna/Downloads/appforge-main/node_modules/vitest/dist/chunks/index.CyBMJtT7.js:556:9)
      at new Request (node:internal/deps/undici/undici:10971:25)
      at fetch (node:internal/deps/undici/undici:11891:25)
      at fetch (node:internal/deps/undici/undici:16414:10)
      at fetch (node:internal/bootstrap/web/exposed-window-or-worker:83:12)
      at ErrorTracker.reportToBackend (C:/Users/ferna/Downloads/appforge-main/src/utils/errorTracking.js:138:13)
      at ErrorTracker.captureError (C:/Users/ferna/Downloads/appforge-main/src/utils/errorTracking.js:105:10)
      at C:/Users/ferna/Downloads/appforge-main/src/utils/__tests__/errorTracking.test.js:40:20
      at file:///C:/Users/ferna/Downloads/appforge-main/node_modules/@vitest/runner/dist/index.js:145:11 {
    code: 'ERR_INVALID_URL',
    input: '/api/errors/report'
  }
}
Failed to report error to backend: TypeError: Failed to parse URL from /api/errors/report
    at node:internal/deps/undici/undici:16416:13
    at processTicksAndRejections (node:internal/process/task_queues:103:5)
    at ErrorTracker.reportToBackend (C:/Users/ferna/Downloads/appforge-main/src/utils/errorTracking.js:138:7) {
  [cause]: TypeError: Invalid URL
      at new URL (node:internal/url:828:25)
      at new URL$1 (file:///C:/Users/ferna/Downloads/appforge-main/node_modules/vitest/dist/chunks/index.CyBMJtT7.js:556:9)
      at new Request (node:internal/deps/undici/undici:10971:25)
      at fetch (node:internal/deps/undici/undici:11891:25)
      at fetch (node:internal/deps/undici/undici:16414:10)
      at fetch (node:internal/bootstrap/web/exposed-window-or-worker:83:12)
      at ErrorTracker.reportToBackend (C:/Users/ferna/Downloads/appforge-main/src/utils/errorTracking.js:138:13)
      at ErrorTracker.captureError (C:/Users/ferna/Downloads/appforge-main/src/utils/errorTracking.js:105:10)
      at C:/Users/ferna/Downloads/appforge-main/src/utils/__tests__/errorTracking.test.js:40:20
      at file:///C:/Users/ferna/Downloads/appforge-main/node_modules/@vitest/runner/dist/index.js:145:11 {
    code: 'ERR_INVALID_URL',
    input: '/api/errors/report'
  }
}
Failed to report error to backend: TypeError: Failed to parse URL from /api/errors/report
    at node:internal/deps/undici/undici:16416:13
    at processTicksAndRejections (node:internal/process/task_queues:103:5)
    at ErrorTracker.reportToBackend (C:/Users/ferna/Downloads/appforge-main/src/utils/errorTracking.js:138:7) {
  [cause]: TypeError: Invalid URL
      at new URL (node:internal/url:828:25)
      at new URL$1 (file:///C:/Users/ferna/Downloads/appforge-main/node_modules/vitest/dist/chunks/index.CyBMJtT7.js:556:9)
      at new Request (node:internal/deps/undici/undici:10971:25)
      at fetch (node:internal/deps/undici/undici:11891:25)
      at fetch (node:internal/deps/undici/undici:16414:10)
      at fetch (node:internal/bootstrap/web/exposed-window-or-worker:83:12)
      at ErrorTracker.reportToBackend (C:/Users/ferna/Downloads/appforge-main/src/utils/errorTracking.js:138:13)
      at ErrorTracker.captureError (C:/Users/ferna/Downloads/appforge-main/src/utils/errorTracking.js:105:10)
      at C:/Users/ferna/Downloads/appforge-main/src/utils/__tests__/errorTracking.test.js:40:20
      at file:///C:/Users/ferna/Downloads/appforge-main/node_modules/@vitest/runner/dist/index.js:145:11 {
    code: 'ERR_INVALID_URL',
    input: '/api/errors/report'
  }
}
Failed to report error to backend: TypeError: Failed to parse URL from /api/errors/report
    at node:internal/deps/undici/undici:16416:13
    at processTicksAndRejections (node:internal/process/task_queues:103:5)
    at ErrorTracker.reportToBackend (C:/Users/ferna/Downloads/appforge-main/src/utils/errorTracking.js:138:7) {
  [cause]: TypeError: Invalid URL
      at new URL (node:internal/url:828:25)
      at new URL$1 (file:///C:/Users/ferna/Downloads/appforge-main/node_modules/vitest/dist/chunks/index.CyBMJtT7.js:556:9)
      at new Request (node:internal/deps/undici/undici:10971:25)
      at fetch (node:internal/deps/undici/undici:11891:25)
      at fetch (node:internal/deps/undici/undici:16414:10)
      at fetch (node:internal/bootstrap/web/exposed-window-or-worker:83:12)
      at ErrorTracker.reportToBackend (C:/Users/ferna/Downloads/appforge-main/src/utils/errorTracking.js:138:13)
      at ErrorTracker.captureError (C:/Users/ferna/Downloads/appforge-main/src/utils/errorTracking.js:105:10)
      at C:/Users/ferna/Downloads/appforge-main/src/utils/__tests__/errorTracking.test.js:40:20
      at file:///C:/Users/ferna/Downloads/appforge-main/node_modules/@vitest/runner/dist/index.js:145:11 {
    code: 'ERR_INVALID_URL',
    input: '/api/errors/report'
  }
}
Failed to report error to backend: TypeError: Failed to parse URL from /api/errors/report
    at node:internal/deps/undici/undici:16416:13
    at processTicksAndRejections (node:internal/process/task_queues:103:5)
    at ErrorTracker.reportToBackend (C:/Users/ferna/Downloads/appforge-main/src/utils/errorTracking.js:138:7) {
  [cause]: TypeError: Invalid URL
      at new URL (node:internal/url:828:25)
      at new URL$1 (file:///C:/Users/ferna/Downloads/appforge-main/node_modules/vitest/dist/chunks/index.CyBMJtT7.js:556:9)
      at new Request (node:internal/deps/undici/undici:10971:25)
      at fetch (node:internal/deps/undici/undici:11891:25)
      at fetch (node:internal/deps/undici/undici:16414:10)
      at fetch (node:internal/bootstrap/web/exposed-window-or-worker:83:12)
      at ErrorTracker.reportToBackend (C:/Users/ferna/Downloads/appforge-main/src/utils/errorTracking.js:138:13)
      at ErrorTracker.captureError (C:/Users/ferna/Downloads/appforge-main/src/utils/errorTracking.js:105:10)
      at C:/Users/ferna/Downloads/appforge-main/src/utils/__tests__/errorTracking.test.js:40:20
      at file:///C:/Users/ferna/Downloads/appforge-main/node_modules/@vitest/runner/dist/index.js:145:11 {
    code: 'ERR_INVALID_URL',
    input: '/api/errors/report'
  }
}
Failed to report error to backend: TypeError: Failed to parse URL from /api/errors/report
    at node:internal/deps/undici/undici:16416:13
    at processTicksAndRejections (node:internal/process/task_queues:103:5)
    at ErrorTracker.reportToBackend (C:/Users/ferna/Downloads/appforge-main/src/utils/errorTracking.js:138:7) {
  [cause]: TypeError: Invalid URL
      at new URL (node:internal/url:828:25)
      at new URL$1 (file:///C:/Users/ferna/Downloads/appforge-main/node_modules/vitest/dist/chunks/index.CyBMJtT7.js:556:9)
      at new Request (node:internal/deps/undici/undici:10971:25)
      at fetch (node:internal/deps/undici/undici:11891:25)
      at fetch (node:internal/deps/undici/undici:16414:10)
      at fetch (node:internal/bootstrap/web/exposed-window-or-worker:83:12)
      at ErrorTracker.reportToBackend (C:/Users/ferna/Downloads/appforge-main/src/utils/errorTracking.js:138:13)
      at ErrorTracker.captureError (C:/Users/ferna/Downloads/appforge-main/src/utils/errorTracking.js:105:10)
      at C:/Users/ferna/Downloads/appforge-main/src/utils/__tests__/errorTracking.test.js:40:20
      at file:///C:/Users/ferna/Downloads/appforge-main/node_modules/@vitest/runner/dist/index.js:145:11 {
    code: 'ERR_INVALID_URL',
    input: '/api/errors/report'
  }
}
Failed to report error to backend: TypeError: Failed to parse URL from /api/errors/report
    at node:internal/deps/undici/undici:16416:13
    at processTicksAndRejections (node:internal/process/task_queues:103:5)
    at ErrorTracker.reportToBackend (C:/Users/ferna/Downloads/appforge-main/src/utils/errorTracking.js:138:7) {
  [cause]: TypeError: Invalid URL
      at new URL (node:internal/url:828:25)
      at new URL$1 (file:///C:/Users/ferna/Downloads/appforge-main/node_modules/vitest/dist/chunks/index.CyBMJtT7.js:556:9)
      at new Request (node:internal/deps/undici/undici:10971:25)
      at fetch (node:internal/deps/undici/undici:11891:25)
      at fetch (node:internal/deps/undici/undici:16414:10)
      at fetch (node:internal/bootstrap/web/exposed-window-or-worker:83:12)
      at ErrorTracker.reportToBackend (C:/Users/ferna/Downloads/appforge-main/src/utils/errorTracking.js:138:13)
      at ErrorTracker.captureError (C:/Users/ferna/Downloads/appforge-main/src/utils/errorTracking.js:105:10)
      at C:/Users/ferna/Downloads/appforge-main/src/utils/__tests__/errorTracking.test.js:40:20
      at file:///C:/Users/ferna/Downloads/appforge-main/node_modules/@vitest/runner/dist/index.js:145:11 {
    code: 'ERR_INVALID_URL',
    input: '/api/errors/report'
  }
}
Failed to report error to backend: TypeError: Failed to parse URL from /api/errors/report
    at node:internal/deps/undici/undici:16416:13
    at processTicksAndRejections (node:internal/process/task_queues:103:5)
    at ErrorTracker.reportToBackend (C:/Users/ferna/Downloads/appforge-main/src/utils/errorTracking.js:138:7) {
  [cause]: TypeError: Invalid URL
      at new URL (node:internal/url:828:25)
      at new URL$1 (file:///C:/Users/ferna/Downloads/appforge-main/node_modules/vitest/dist/chunks/index.CyBMJtT7.js:556:9)
      at new Request (node:internal/deps/undici/undici:10971:25)
      at fetch (node:internal/deps/undici/undici:11891:25)
      at fetch (node:internal/deps/undici/undici:16414:10)
      at fetch (node:internal/bootstrap/web/exposed-window-or-worker:83:12)
      at ErrorTracker.reportToBackend (C:/Users/ferna/Downloads/appforge-main/src/utils/errorTracking.js:138:13)
      at ErrorTracker.captureError (C:/Users/ferna/Downloads/appforge-main/src/utils/errorTracking.js:105:10)
      at C:/Users/ferna/Downloads/appforge-main/src/utils/__tests__/errorTracking.test.js:40:20
      at file:///C:/Users/ferna/Downloads/appforge-main/node_modules/@vitest/runner/dist/index.js:145:11 {
    code: 'ERR_INVALID_URL',
    input: '/api/errors/report'
  }
}
Failed to report error to backend: TypeError: Failed to parse URL from /api/errors/report
    at node:internal/deps/undici/undici:16416:13
    at processTicksAndRejections (node:internal/process/task_queues:103:5)
    at ErrorTracker.reportToBackend (C:/Users/ferna/Downloads/appforge-main/src/utils/errorTracking.js:138:7) {
  [cause]: TypeError: Invalid URL
      at new URL (node:internal/url:828:25)
      at new URL$1 (file:///C:/Users/ferna/Downloads/appforge-main/node_modules/vitest/dist/chunks/index.CyBMJtT7.js:556:9)
      at new Request (node:internal/deps/undici/undici:10971:25)
      at fetch (node:internal/deps/undici/undici:11891:25)
      at fetch (node:internal/deps/undici/undici:16414:10)
      at fetch (node:internal/bootstrap/web/exposed-window-or-worker:83:12)
      at ErrorTracker.reportToBackend (C:/Users/ferna/Downloads/appforge-main/src/utils/errorTracking.js:138:13)
      at ErrorTracker.captureError (C:/Users/ferna/Downloads/appforge-main/src/utils/errorTracking.js:105:10)
      at C:/Users/ferna/Downloads/appforge-main/src/utils/__tests__/errorTracking.test.js:40:20
      at file:///C:/Users/ferna/Downloads/appforge-main/node_modules/@vitest/runner/dist/index.js:145:11 {
    code: 'ERR_INVALID_URL',
    input: '/api/errors/report'
  }
}
Failed to report error to backend: TypeError: Failed to parse URL from /api/errors/report
    at node:internal/deps/undici/undici:16416:13
    at processTicksAndRejections (node:internal/process/task_queues:103:5)
    at ErrorTracker.reportToBackend (C:/Users/ferna/Downloads/appforge-main/src/utils/errorTracking.js:138:7) {
  [cause]: TypeError: Invalid URL
      at new URL (node:internal/url:828:25)
      at new URL$1 (file:///C:/Users/ferna/Downloads/appforge-main/node_modules/vitest/dist/chunks/index.CyBMJtT7.js:556:9)
      at new Request (node:internal/deps/undici/undici:10971:25)
      at fetch (node:internal/deps/undici/undici:11891:25)
      at fetch (node:internal/deps/undici/undici:16414:10)
      at fetch (node:internal/bootstrap/web/exposed-window-or-worker:83:12)
      at ErrorTracker.reportToBackend (C:/Users/ferna/Downloads/appforge-main/src/utils/errorTracking.js:138:13)
      at ErrorTracker.captureError (C:/Users/ferna/Downloads/appforge-main/src/utils/errorTracking.js:105:10)
      at C:/Users/ferna/Downloads/appforge-main/src/utils/__tests__/errorTracking.test.js:40:20
      at file:///C:/Users/ferna/Downloads/appforge-main/node_modules/@vitest/runner/dist/index.js:145:11 {
    code: 'ERR_INVALID_URL',
    input: '/api/errors/report'
  }
}
Failed to report error to backend: TypeError: Failed to parse URL from /api/errors/report
    at node:internal/deps/undici/undici:16416:13
    at processTicksAndRejections (node:internal/process/task_queues:103:5)
    at ErrorTracker.reportToBackend (C:/Users/ferna/Downloads/appforge-main/src/utils/errorTracking.js:138:7) {
  [cause]: TypeError: Invalid URL
      at new URL (node:internal/url:828:25)
      at new URL$1 (file:///C:/Users/ferna/Downloads/appforge-main/node_modules/vitest/dist/chunks/index.CyBMJtT7.js:556:9)
      at new Request (node:internal/deps/undici/undici:10971:25)
      at fetch (node:internal/deps/undici/undici:11891:25)
      at fetch (node:internal/deps/undici/undici:16414:10)
      at fetch (node:internal/bootstrap/web/exposed-window-or-worker:83:12)
      at ErrorTracker.reportToBackend (C:/Users/ferna/Downloads/appforge-main/src/utils/errorTracking.js:138:13)
      at ErrorTracker.captureError (C:/Users/ferna/Downloads/appforge-main/src/utils/errorTracking.js:105:10)
      at C:/Users/ferna/Downloads/appforge-main/src/utils/__tests__/errorTracking.test.js:40:20
      at file:///C:/Users/ferna/Downloads/appforge-main/node_modules/@vitest/runner/dist/index.js:145:11 {
    code: 'ERR_INVALID_URL',
    input: '/api/errors/report'
  }
}
Failed to report error to backend: TypeError: Failed to parse URL from /api/errors/report
    at node:internal/deps/undici/undici:16416:13
    at processTicksAndRejections (node:internal/process/task_queues:103:5)
    at ErrorTracker.reportToBackend (C:/Users/ferna/Downloads/appforge-main/src/utils/errorTracking.js:138:7) {
  [cause]: TypeError: Invalid URL
      at new URL (node:internal/url:828:25)
      at new URL$1 (file:///C:/Users/ferna/Downloads/appforge-main/node_modules/vitest/dist/chunks/index.CyBMJtT7.js:556:9)
      at new Request (node:internal/deps/undici/undici:10971:25)
      at fetch (node:internal/deps/undici/undici:11891:25)
      at fetch (node:internal/deps/undici/undici:16414:10)
      at fetch (node:internal/bootstrap/web/exposed-window-or-worker:83:12)
      at ErrorTracker.reportToBackend (C:/Users/ferna/Downloads/appforge-main/src/utils/errorTracking.js:138:13)
      at ErrorTracker.captureError (C:/Users/ferna/Downloads/appforge-main/src/utils/errorTracking.js:105:10)
      at C:/Users/ferna/Downloads/appforge-main/src/utils/__tests__/errorTracking.test.js:40:20
      at file:///C:/Users/ferna/Downloads/appforge-main/node_modules/@vitest/runner/dist/index.js:145:11 {
    code: 'ERR_INVALID_URL',
    input: '/api/errors/report'
  }
}
Failed to report error to backend: TypeError: Failed to parse URL from /api/errors/report
    at node:internal/deps/undici/undici:16416:13
    at processTicksAndRejections (node:internal/process/task_queues:103:5)
    at ErrorTracker.reportToBackend (C:/Users/ferna/Downloads/appforge-main/src/utils/errorTracking.js:138:7) {
  [cause]: TypeError: Invalid URL
      at new URL (node:internal/url:828:25)
      at new URL$1 (file:///C:/Users/ferna/Downloads/appforge-main/node_modules/vitest/dist/chunks/index.CyBMJtT7.js:556:9)
      at new Request (node:internal/deps/undici/undici:10971:25)
      at fetch (node:internal/deps/undici/undici:11891:25)
      at fetch (node:internal/deps/undici/undici:16414:10)
      at fetch (node:internal/bootstrap/web/exposed-window-or-worker:83:12)
      at ErrorTracker.reportToBackend (C:/Users/ferna/Downloads/appforge-main/src/utils/errorTracking.js:138:13)
      at ErrorTracker.captureError (C:/Users/ferna/Downloads/appforge-main/src/utils/errorTracking.js:105:10)
      at C:/Users/ferna/Downloads/appforge-main/src/utils/__tests__/errorTracking.test.js:40:20
      at file:///C:/Users/ferna/Downloads/appforge-main/node_modules/@vitest/runner/dist/index.js:145:11 {
    code: 'ERR_INVALID_URL',
    input: '/api/errors/report'
  }
}
Failed to report error to backend: TypeError: Failed to parse URL from /api/errors/report
    at node:internal/deps/undici/undici:16416:13
    at processTicksAndRejections (node:internal/process/task_queues:103:5)
    at ErrorTracker.reportToBackend (C:/Users/ferna/Downloads/appforge-main/src/utils/errorTracking.js:138:7) {
  [cause]: TypeError: Invalid URL
      at new URL (node:internal/url:828:25)
      at new URL$1 (file:///C:/Users/ferna/Downloads/appforge-main/node_modules/vitest/dist/chunks/index.CyBMJtT7.js:556:9)
      at new Request (node:internal/deps/undici/undici:10971:25)
      at fetch (node:internal/deps/undici/undici:11891:25)
      at fetch (node:internal/deps/undici/undici:16414:10)
      at fetch (node:internal/bootstrap/web/exposed-window-or-worker:83:12)
      at ErrorTracker.reportToBackend (C:/Users/ferna/Downloads/appforge-main/src/utils/errorTracking.js:138:13)
      at ErrorTracker.captureError (C:/Users/ferna/Downloads/appforge-main/src/utils/errorTracking.js:105:10)
      at C:/Users/ferna/Downloads/appforge-main/src/utils/__tests__/errorTracking.test.js:40:20
      at file:///C:/Users/ferna/Downloads/appforge-main/node_modules/@vitest/runner/dist/index.js:145:11 {
    code: 'ERR_INVALID_URL',
    input: '/api/errors/report'
  }
}
Failed to report error to backend: TypeError: Failed to parse URL from /api/errors/report
    at node:internal/deps/undici/undici:16416:13
    at processTicksAndRejections (node:internal/process/task_queues:103:5)
    at ErrorTracker.reportToBackend (C:/Users/ferna/Downloads/appforge-main/src/utils/errorTracking.js:138:7) {
  [cause]: TypeError: Invalid URL
      at new URL (node:internal/url:828:25)
      at new URL$1 (file:///C:/Users/ferna/Downloads/appforge-main/node_modules/vitest/dist/chunks/index.CyBMJtT7.js:556:9)
      at new Request (node:internal/deps/undici/undici:10971:25)
      at fetch (node:internal/deps/undici/undici:11891:25)
      at fetch (node:internal/deps/undici/undici:16414:10)
      at fetch (node:internal/bootstrap/web/exposed-window-or-worker:83:12)
      at ErrorTracker.reportToBackend (C:/Users/ferna/Downloads/appforge-main/src/utils/errorTracking.js:138:13)
      at ErrorTracker.captureError (C:/Users/ferna/Downloads/appforge-main/src/utils/errorTracking.js:105:10)
      at C:/Users/ferna/Downloads/appforge-main/src/utils/__tests__/errorTracking.test.js:40:20
      at file:///C:/Users/ferna/Downloads/appforge-main/node_modules/@vitest/runner/dist/index.js:145:11 {
    code: 'ERR_INVALID_URL',
    input: '/api/errors/report'
  }
}
Failed to report error to backend: TypeError: Failed to parse URL from /api/errors/report
    at node:internal/deps/undici/undici:16416:13
    at processTicksAndRejections (node:internal/process/task_queues:103:5)
    at ErrorTracker.reportToBackend (C:/Users/ferna/Downloads/appforge-main/src/utils/errorTracking.js:138:7) {
  [cause]: TypeError: Invalid URL
      at new URL (node:internal/url:828:25)
      at new URL$1 (file:///C:/Users/ferna/Downloads/appforge-main/node_modules/vitest/dist/chunks/index.CyBMJtT7.js:556:9)
      at new Request (node:internal/deps/undici/undici:10971:25)
      at fetch (node:internal/deps/undici/undici:11891:25)
      at fetch (node:internal/deps/undici/undici:16414:10)
      at fetch (node:internal/bootstrap/web/exposed-window-or-worker:83:12)
      at ErrorTracker.reportToBackend (C:/Users/ferna/Downloads/appforge-main/src/utils/errorTracking.js:138:13)
      at ErrorTracker.captureError (C:/Users/ferna/Downloads/appforge-main/src/utils/errorTracking.js:105:10)
      at C:/Users/ferna/Downloads/appforge-main/src/utils/__tests__/errorTracking.test.js:40:20
      at file:///C:/Users/ferna/Downloads/appforge-main/node_modules/@vitest/runner/dist/index.js:145:11 {
    code: 'ERR_INVALID_URL',
    input: '/api/errors/report'
  }
}
Failed to report error to backend: TypeError: Failed to parse URL from /api/errors/report
    at node:internal/deps/undici/undici:16416:13
    at processTicksAndRejections (node:internal/process/task_queues:103:5)
    at ErrorTracker.reportToBackend (C:/Users/ferna/Downloads/appforge-main/src/utils/errorTracking.js:138:7) {
  [cause]: TypeError: Invalid URL
      at new URL (node:internal/url:828:25)
      at new URL$1 (file:///C:/Users/ferna/Downloads/appforge-main/node_modules/vitest/dist/chunks/index.CyBMJtT7.js:556:9)
      at new Request (node:internal/deps/undici/undici:10971:25)
      at fetch (node:internal/deps/undici/undici:11891:25)
      at fetch (node:internal/deps/undici/undici:16414:10)
      at fetch (node:internal/bootstrap/web/exposed-window-or-worker:83:12)
      at ErrorTracker.reportToBackend (C:/Users/ferna/Downloads/appforge-main/src/utils/errorTracking.js:138:13)
      at ErrorTracker.captureError (C:/Users/ferna/Downloads/appforge-main/src/utils/errorTracking.js:105:10)
      at C:/Users/ferna/Downloads/appforge-main/src/utils/__tests__/errorTracking.test.js:40:20
      at file:///C:/Users/ferna/Downloads/appforge-main/node_modules/@vitest/runner/dist/index.js:145:11 {
    code: 'ERR_INVALID_URL',
    input: '/api/errors/report'
  }
}
Failed to report error to backend: TypeError: Failed to parse URL from /api/errors/report
    at node:internal/deps/undici/undici:16416:13
    at processTicksAndRejections (node:internal/process/task_queues:103:5)
    at ErrorTracker.reportToBackend (C:/Users/ferna/Downloads/appforge-main/src/utils/errorTracking.js:138:7) {
  [cause]: TypeError: Invalid URL
      at new URL (node:internal/url:828:25)
      at new URL$1 (file:///C:/Users/ferna/Downloads/appforge-main/node_modules/vitest/dist/chunks/index.CyBMJtT7.js:556:9)
      at new Request (node:internal/deps/undici/undici:10971:25)
      at fetch (node:internal/deps/undici/undici:11891:25)
      at fetch (node:internal/deps/undici/undici:16414:10)
      at fetch (node:internal/bootstrap/web/exposed-window-or-worker:83:12)
      at ErrorTracker.reportToBackend (C:/Users/ferna/Downloads/appforge-main/src/utils/errorTracking.js:138:13)
      at ErrorTracker.captureError (C:/Users/ferna/Downloads/appforge-main/src/utils/errorTracking.js:105:10)
      at C:/Users/ferna/Downloads/appforge-main/src/utils/__tests__/errorTracking.test.js:40:20
      at file:///C:/Users/ferna/Downloads/appforge-main/node_modules/@vitest/runner/dist/index.js:145:11 {
    code: 'ERR_INVALID_URL',
    input: '/api/errors/report'
  }
}
Failed to report error to backend: TypeError: Failed to parse URL from /api/errors/report
    at node:internal/deps/undici/undici:16416:13
    at processTicksAndRejections (node:internal/process/task_queues:103:5)
    at ErrorTracker.reportToBackend (C:/Users/ferna/Downloads/appforge-main/src/utils/errorTracking.js:138:7) {
  [cause]: TypeError: Invalid URL
      at new URL (node:internal/url:828:25)
      at new URL$1 (file:///C:/Users/ferna/Downloads/appforge-main/node_modules/vitest/dist/chunks/index.CyBMJtT7.js:556:9)
      at new Request (node:internal/deps/undici/undici:10971:25)
      at fetch (node:internal/deps/undici/undici:11891:25)
      at fetch (node:internal/deps/undici/undici:16414:10)
      at fetch (node:internal/bootstrap/web/exposed-window-or-worker:83:12)
      at ErrorTracker.reportToBackend (C:/Users/ferna/Downloads/appforge-main/src/utils/errorTracking.js:138:13)
      at ErrorTracker.captureError (C:/Users/ferna/Downloads/appforge-main/src/utils/errorTracking.js:105:10)
      at C:/Users/ferna/Downloads/appforge-main/src/utils/__tests__/errorTracking.test.js:40:20
      at file:///C:/Users/ferna/Downloads/appforge-main/node_modules/@vitest/runner/dist/index.js:145:11 {
    code: 'ERR_INVALID_URL',
    input: '/api/errors/report'
  }
}
Failed to report error to backend: TypeError: Failed to parse URL from /api/errors/report
    at node:internal/deps/undici/undici:16416:13
    at processTicksAndRejections (node:internal/process/task_queues:103:5)
    at ErrorTracker.reportToBackend (C:/Users/ferna/Downloads/appforge-main/src/utils/errorTracking.js:138:7) {
  [cause]: TypeError: Invalid URL
      at new URL (node:internal/url:828:25)
      at new URL$1 (file:///C:/Users/ferna/Downloads/appforge-main/node_modules/vitest/dist/chunks/index.CyBMJtT7.js:556:9)
      at new Request (node:internal/deps/undici/undici:10971:25)
      at fetch (node:internal/deps/undici/undici:11891:25)
      at fetch (node:internal/deps/undici/undici:16414:10)
      at fetch (node:internal/bootstrap/web/exposed-window-or-worker:83:12)
      at ErrorTracker.reportToBackend (C:/Users/ferna/Downloads/appforge-main/src/utils/errorTracking.js:138:13)
      at ErrorTracker.captureError (C:/Users/ferna/Downloads/appforge-main/src/utils/errorTracking.js:105:10)
      at C:/Users/ferna/Downloads/appforge-main/src/utils/__tests__/errorTracking.test.js:40:20
      at file:///C:/Users/ferna/Downloads/appforge-main/node_modules/@vitest/runner/dist/index.js:145:11 {
    code: 'ERR_INVALID_URL',
    input: '/api/errors/report'
  }
}
Failed to report error to backend: TypeError: Failed to parse URL from /api/errors/report
    at node:internal/deps/undici/undici:16416:13
    at processTicksAndRejections (node:internal/process/task_queues:103:5)
    at ErrorTracker.reportToBackend (C:/Users/ferna/Downloads/appforge-main/src/utils/errorTracking.js:138:7) {
  [cause]: TypeError: Invalid URL
      at new URL (node:internal/url:828:25)
      at new URL$1 (file:///C:/Users/ferna/Downloads/appforge-main/node_modules/vitest/dist/chunks/index.CyBMJtT7.js:556:9)
      at new Request (node:internal/deps/undici/undici:10971:25)
      at fetch (node:internal/deps/undici/undici:11891:25)
      at fetch (node:internal/deps/undici/undici:16414:10)
      at fetch (node:internal/bootstrap/web/exposed-window-or-worker:83:12)
      at ErrorTracker.reportToBackend (C:/Users/ferna/Downloads/appforge-main/src/utils/errorTracking.js:138:13)
      at ErrorTracker.captureError (C:/Users/ferna/Downloads/appforge-main/src/utils/errorTracking.js:105:10)
      at C:/Users/ferna/Downloads/appforge-main/src/utils/__tests__/errorTracking.test.js:40:20
      at file:///C:/Users/ferna/Downloads/appforge-main/node_modules/@vitest/runner/dist/index.js:145:11 {
    code: 'ERR_INVALID_URL',
    input: '/api/errors/report'
  }
}
Failed to report error to backend: TypeError: Failed to parse URL from /api/errors/report
    at node:internal/deps/undici/undici:16416:13
    at processTicksAndRejections (node:internal/process/task_queues:103:5)
    at ErrorTracker.reportToBackend (C:/Users/ferna/Downloads/appforge-main/src/utils/errorTracking.js:138:7) {
  [cause]: TypeError: Invalid URL
      at new URL (node:internal/url:828:25)
      at new URL$1 (file:///C:/Users/ferna/Downloads/appforge-main/node_modules/vitest/dist/chunks/index.CyBMJtT7.js:556:9)
      at new Request (node:internal/deps/undici/undici:10971:25)
      at fetch (node:internal/deps/undici/undici:11891:25)
      at fetch (node:internal/deps/undici/undici:16414:10)
      at fetch (node:internal/bootstrap/web/exposed-window-or-worker:83:12)
      at ErrorTracker.reportToBackend (C:/Users/ferna/Downloads/appforge-main/src/utils/errorTracking.js:138:13)
      at ErrorTracker.captureError (C:/Users/ferna/Downloads/appforge-main/src/utils/errorTracking.js:105:10)
      at C:/Users/ferna/Downloads/appforge-main/src/utils/__tests__/errorTracking.test.js:40:20
      at file:///C:/Users/ferna/Downloads/appforge-main/node_modules/@vitest/runner/dist/index.js:145:11 {
    code: 'ERR_INVALID_URL',
    input: '/api/errors/report'
  }
}
Failed to report error to backend: TypeError: Failed to parse URL from /api/errors/report
    at node:internal/deps/undici/undici:16416:13
    at processTicksAndRejections (node:internal/process/task_queues:103:5)
    at ErrorTracker.reportToBackend (C:/Users/ferna/Downloads/appforge-main/src/utils/errorTracking.js:138:7) {
  [cause]: TypeError: Invalid URL
      at new URL (node:internal/url:828:25)
      at new URL$1 (file:///C:/Users/ferna/Downloads/appforge-main/node_modules/vitest/dist/chunks/index.CyBMJtT7.js:556:9)
      at new Request (node:internal/deps/undici/undici:10971:25)
      at fetch (node:internal/deps/undici/undici:11891:25)
      at fetch (node:internal/deps/undici/undici:16414:10)
      at fetch (node:internal/bootstrap/web/exposed-window-or-worker:83:12)
      at ErrorTracker.reportToBackend (C:/Users/ferna/Downloads/appforge-main/src/utils/errorTracking.js:138:13)
      at ErrorTracker.captureError (C:/Users/ferna/Downloads/appforge-main/src/utils/errorTracking.js:105:10)
      at C:/Users/ferna/Downloads/appforge-main/src/utils/__tests__/errorTracking.test.js:40:20
      at file:///C:/Users/ferna/Downloads/appforge-main/node_modules/@vitest/runner/dist/index.js:145:11 {
    code: 'ERR_INVALID_URL',
    input: '/api/errors/report'
  }
}
Failed to report error to backend: TypeError: Failed to parse URL from /api/errors/report
    at node:internal/deps/undici/undici:16416:13
    at processTicksAndRejections (node:internal/process/task_queues:103:5)
    at ErrorTracker.reportToBackend (C:/Users/ferna/Downloads/appforge-main/src/utils/errorTracking.js:138:7) {
  [cause]: TypeError: Invalid URL
      at new URL (node:internal/url:828:25)
      at new URL$1 (file:///C:/Users/ferna/Downloads/appforge-main/node_modules/vitest/dist/chunks/index.CyBMJtT7.js:556:9)
      at new Request (node:internal/deps/undici/undici:10971:25)
      at fetch (node:internal/deps/undici/undici:11891:25)
      at fetch (node:internal/deps/undici/undici:16414:10)
      at fetch (node:internal/bootstrap/web/exposed-window-or-worker:83:12)
      at ErrorTracker.reportToBackend (C:/Users/ferna/Downloads/appforge-main/src/utils/errorTracking.js:138:13)
      at ErrorTracker.captureError (C:/Users/ferna/Downloads/appforge-main/src/utils/errorTracking.js:105:10)
      at C:/Users/ferna/Downloads/appforge-main/src/utils/__tests__/errorTracking.test.js:40:20
      at file:///C:/Users/ferna/Downloads/appforge-main/node_modules/@vitest/runner/dist/index.js:145:11 {
    code: 'ERR_INVALID_URL',
    input: '/api/errors/report'
  }
}
Failed to report error to backend: TypeError: Failed to parse URL from /api/errors/report
    at node:internal/deps/undici/undici:16416:13
    at processTicksAndRejections (node:internal/process/task_queues:103:5)
    at ErrorTracker.reportToBackend (C:/Users/ferna/Downloads/appforge-main/src/utils/errorTracking.js:138:7) {
  [cause]: TypeError: Invalid URL
      at new URL (node:internal/url:828:25)
      at new URL$1 (file:///C:/Users/ferna/Downloads/appforge-main/node_modules/vitest/dist/chunks/index.CyBMJtT7.js:556:9)
      at new Request (node:internal/deps/undici/undici:10971:25)
      at fetch (node:internal/deps/undici/undici:11891:25)
      at fetch (node:internal/deps/undici/undici:16414:10)
      at fetch (node:internal/bootstrap/web/exposed-window-or-worker:83:12)
      at ErrorTracker.reportToBackend (C:/Users/ferna/Downloads/appforge-main/src/utils/errorTracking.js:138:13)
      at ErrorTracker.captureError (C:/Users/ferna/Downloads/appforge-main/src/utils/errorTracking.js:105:10)
      at C:/Users/ferna/Downloads/appforge-main/src/utils/__tests__/errorTracking.test.js:40:20
      at file:///C:/Users/ferna/Downloads/appforge-main/node_modules/@vitest/runner/dist/index.js:145:11 {
    code: 'ERR_INVALID_URL',
    input: '/api/errors/report'
  }
}
Failed to report error to backend: TypeError: Failed to parse URL from /api/errors/report
    at node:internal/deps/undici/undici:16416:13
    at processTicksAndRejections (node:internal/process/task_queues:103:5)
    at ErrorTracker.reportToBackend (C:/Users/ferna/Downloads/appforge-main/src/utils/errorTracking.js:138:7) {
  [cause]: TypeError: Invalid URL
      at new URL (node:internal/url:828:25)
      at new URL$1 (file:///C:/Users/ferna/Downloads/appforge-main/node_modules/vitest/dist/chunks/index.CyBMJtT7.js:556:9)
      at new Request (node:internal/deps/undici/undici:10971:25)
      at fetch (node:internal/deps/undici/undici:11891:25)
      at fetch (node:internal/deps/undici/undici:16414:10)
      at fetch (node:internal/bootstrap/web/exposed-window-or-worker:83:12)
      at ErrorTracker.reportToBackend (C:/Users/ferna/Downloads/appforge-main/src/utils/errorTracking.js:138:13)
      at ErrorTracker.captureError (C:/Users/ferna/Downloads/appforge-main/src/utils/errorTracking.js:105:10)
      at C:/Users/ferna/Downloads/appforge-main/src/utils/__tests__/errorTracking.test.js:40:20
      at file:///C:/Users/ferna/Downloads/appforge-main/node_modules/@vitest/runner/dist/index.js:145:11 {
    code: 'ERR_INVALID_URL',
    input: '/api/errors/report'
  }
}
Failed to report error to backend: TypeError: Failed to parse URL from /api/errors/report
    at node:internal/deps/undici/undici:16416:13
    at processTicksAndRejections (node:internal/process/task_queues:103:5)
    at ErrorTracker.reportToBackend (C:/Users/ferna/Downloads/appforge-main/src/utils/errorTracking.js:138:7) {
  [cause]: TypeError: Invalid URL
      at new URL (node:internal/url:828:25)
      at new URL$1 (file:///C:/Users/ferna/Downloads/appforge-main/node_modules/vitest/dist/chunks/index.CyBMJtT7.js:556:9)
      at new Request (node:internal/deps/undici/undici:10971:25)
      at fetch (node:internal/deps/undici/undici:11891:25)
      at fetch (node:internal/deps/undici/undici:16414:10)
      at fetch (node:internal/bootstrap/web/exposed-window-or-worker:83:12)
      at ErrorTracker.reportToBackend (C:/Users/ferna/Downloads/appforge-main/src/utils/errorTracking.js:138:13)
      at ErrorTracker.captureError (C:/Users/ferna/Downloads/appforge-main/src/utils/errorTracking.js:105:10)
      at C:/Users/ferna/Downloads/appforge-main/src/utils/__tests__/errorTracking.test.js:40:20
      at file:///C:/Users/ferna/Downloads/appforge-main/node_modules/@vitest/runner/dist/index.js:145:11 {
    code: 'ERR_INVALID_URL',
    input: '/api/errors/report'
  }
}
Failed to report error to backend: TypeError: Failed to parse URL from /api/errors/report
    at node:internal/deps/undici/undici:16416:13
    at processTicksAndRejections (node:internal/process/task_queues:103:5)
    at ErrorTracker.reportToBackend (C:/Users/ferna/Downloads/appforge-main/src/utils/errorTracking.js:138:7) {
  [cause]: TypeError: Invalid URL
      at new URL (node:internal/url:828:25)
      at new URL$1 (file:///C:/Users/ferna/Downloads/appforge-main/node_modules/vitest/dist/chunks/index.CyBMJtT7.js:556:9)
      at new Request (node:internal/deps/undici/undici:10971:25)
      at fetch (node:internal/deps/undici/undici:11891:25)
      at fetch (node:internal/deps/undici/undici:16414:10)
      at fetch (node:internal/bootstrap/web/exposed-window-or-worker:83:12)
      at ErrorTracker.reportToBackend (C:/Users/ferna/Downloads/appforge-main/src/utils/errorTracking.js:138:13)
      at ErrorTracker.captureError (C:/Users/ferna/Downloads/appforge-main/src/utils/errorTracking.js:105:10)
      at C:/Users/ferna/Downloads/appforge-main/src/utils/__tests__/errorTracking.test.js:40:20
      at file:///C:/Users/ferna/Downloads/appforge-main/node_modules/@vitest/runner/dist/index.js:145:11 {
    code: 'ERR_INVALID_URL',
    input: '/api/errors/report'
  }
}
Failed to report error to backend: TypeError: Failed to parse URL from /api/errors/report
    at node:internal/deps/undici/undici:16416:13
    at processTicksAndRejections (node:internal/process/task_queues:103:5)
    at ErrorTracker.reportToBackend (C:/Users/ferna/Downloads/appforge-main/src/utils/errorTracking.js:138:7) {
  [cause]: TypeError: Invalid URL
      at new URL (node:internal/url:828:25)
      at new URL$1 (file:///C:/Users/ferna/Downloads/appforge-main/node_modules/vitest/dist/chunks/index.CyBMJtT7.js:556:9)
      at new Request (node:internal/deps/undici/undici:10971:25)
      at fetch (node:internal/deps/undici/undici:11891:25)
      at fetch (node:internal/deps/undici/undici:16414:10)
      at fetch (node:internal/bootstrap/web/exposed-window-or-worker:83:12)
      at ErrorTracker.reportToBackend (C:/Users/ferna/Downloads/appforge-main/src/utils/errorTracking.js:138:13)
      at ErrorTracker.captureError (C:/Users/ferna/Downloads/appforge-main/src/utils/errorTracking.js:105:10)
      at C:/Users/ferna/Downloads/appforge-main/src/utils/__tests__/errorTracking.test.js:40:20
      at file:///C:/Users/ferna/Downloads/appforge-main/node_modules/@vitest/runner/dist/index.js:145:11 {
    code: 'ERR_INVALID_URL',
    input: '/api/errors/report'
  }
}
Failed to report error to backend: TypeError: Failed to parse URL from /api/errors/report
    at node:internal/deps/undici/undici:16416:13
    at processTicksAndRejections (node:internal/process/task_queues:103:5)
    at ErrorTracker.reportToBackend (C:/Users/ferna/Downloads/appforge-main/src/utils/errorTracking.js:138:7) {
  [cause]: TypeError: Invalid URL
      at new URL (node:internal/url:828:25)
      at new URL$1 (file:///C:/Users/ferna/Downloads/appforge-main/node_modules/vitest/dist/chunks/index.CyBMJtT7.js:556:9)
      at new Request (node:internal/deps/undici/undici:10971:25)
      at fetch (node:internal/deps/undici/undici:11891:25)
      at fetch (node:internal/deps/undici/undici:16414:10)
      at fetch (node:internal/bootstrap/web/exposed-window-or-worker:83:12)
      at ErrorTracker.reportToBackend (C:/Users/ferna/Downloads/appforge-main/src/utils/errorTracking.js:138:13)
      at ErrorTracker.captureError (C:/Users/ferna/Downloads/appforge-main/src/utils/errorTracking.js:105:10)
      at C:/Users/ferna/Downloads/appforge-main/src/utils/__tests__/errorTracking.test.js:40:20
      at file:///C:/Users/ferna/Downloads/appforge-main/node_modules/@vitest/runner/dist/index.js:145:11 {
    code: 'ERR_INVALID_URL',
    input: '/api/errors/report'
  }
}
Failed to report error to backend: TypeError: Failed to parse URL from /api/errors/report
    at node:internal/deps/undici/undici:16416:13
    at processTicksAndRejections (node:internal/process/task_queues:103:5)
    at ErrorTracker.reportToBackend (C:/Users/ferna/Downloads/appforge-main/src/utils/errorTracking.js:138:7) {
  [cause]: TypeError: Invalid URL
      at new URL (node:internal/url:828:25)
      at new URL$1 (file:///C:/Users/ferna/Downloads/appforge-main/node_modules/vitest/dist/chunks/index.CyBMJtT7.js:556:9)
      at new Request (node:internal/deps/undici/undici:10971:25)
      at fetch (node:internal/deps/undici/undici:11891:25)
      at fetch (node:internal/deps/undici/undici:16414:10)
      at fetch (node:internal/bootstrap/web/exposed-window-or-worker:83:12)
      at ErrorTracker.reportToBackend (C:/Users/ferna/Downloads/appforge-main/src/utils/errorTracking.js:138:13)
      at ErrorTracker.captureError (C:/Users/ferna/Downloads/appforge-main/src/utils/errorTracking.js:105:10)
      at C:/Users/ferna/Downloads/appforge-main/src/utils/__tests__/errorTracking.test.js:40:20
      at file:///C:/Users/ferna/Downloads/appforge-main/node_modules/@vitest/runner/dist/index.js:145:11 {
    code: 'ERR_INVALID_URL',
    input: '/api/errors/report'
  }
}
Failed to report error to backend: TypeError: Failed to parse URL from /api/errors/report
    at node:internal/deps/undici/undici:16416:13
    at processTicksAndRejections (node:internal/process/task_queues:103:5)
    at ErrorTracker.reportToBackend (C:/Users/ferna/Downloads/appforge-main/src/utils/errorTracking.js:138:7) {
  [cause]: TypeError: Invalid URL
      at new URL (node:internal/url:828:25)
      at new URL$1 (file:///C:/Users/ferna/Downloads/appforge-main/node_modules/vitest/dist/chunks/index.CyBMJtT7.js:556:9)
      at new Request (node:internal/deps/undici/undici:10971:25)
      at fetch (node:internal/deps/undici/undici:11891:25)
      at fetch (node:internal/deps/undici/undici:16414:10)
      at fetch (node:internal/bootstrap/web/exposed-window-or-worker:83:12)
      at ErrorTracker.reportToBackend (C:/Users/ferna/Downloads/appforge-main/src/utils/errorTracking.js:138:13)
      at ErrorTracker.captureError (C:/Users/ferna/Downloads/appforge-main/src/utils/errorTracking.js:105:10)
      at C:/Users/ferna/Downloads/appforge-main/src/utils/__tests__/errorTracking.test.js:40:20
      at file:///C:/Users/ferna/Downloads/appforge-main/node_modules/@vitest/runner/dist/index.js:145:11 {
    code: 'ERR_INVALID_URL',
    input: '/api/errors/report'
  }
}
Failed to report error to backend: TypeError: Failed to parse URL from /api/errors/report
    at node:internal/deps/undici/undici:16416:13
    at processTicksAndRejections (node:internal/process/task_queues:103:5)
    at ErrorTracker.reportToBackend (C:/Users/ferna/Downloads/appforge-main/src/utils/errorTracking.js:138:7) {
  [cause]: TypeError: Invalid URL
      at new URL (node:internal/url:828:25)
      at new URL$1 (file:///C:/Users/ferna/Downloads/appforge-main/node_modules/vitest/dist/chunks/index.CyBMJtT7.js:556:9)
      at new Request (node:internal/deps/undici/undici:10971:25)
      at fetch (node:internal/deps/undici/undici:11891:25)
      at fetch (node:internal/deps/undici/undici:16414:10)
      at fetch (node:internal/bootstrap/web/exposed-window-or-worker:83:12)
      at ErrorTracker.reportToBackend (C:/Users/ferna/Downloads/appforge-main/src/utils/errorTracking.js:138:13)
      at ErrorTracker.captureError (C:/Users/ferna/Downloads/appforge-main/src/utils/errorTracking.js:105:10)
      at C:/Users/ferna/Downloads/appforge-main/src/utils/__tests__/errorTracking.test.js:40:20
      at file:///C:/Users/ferna/Downloads/appforge-main/node_modules/@vitest/runner/dist/index.js:145:11 {
    code: 'ERR_INVALID_URL',
    input: '/api/errors/report'
  }
}
Failed to report error to backend: TypeError: Failed to parse URL from /api/errors/report
    at node:internal/deps/undici/undici:16416:13
    at processTicksAndRejections (node:internal/process/task_queues:103:5)
    at ErrorTracker.reportToBackend (C:/Users/ferna/Downloads/appforge-main/src/utils/errorTracking.js:138:7) {
  [cause]: TypeError: Invalid URL
      at new URL (node:internal/url:828:25)
      at new URL$1 (file:///C:/Users/ferna/Downloads/appforge-main/node_modules/vitest/dist/chunks/index.CyBMJtT7.js:556:9)
      at new Request (node:internal/deps/undici/undici:10971:25)
      at fetch (node:internal/deps/undici/undici:11891:25)
      at fetch (node:internal/deps/undici/undici:16414:10)
      at fetch (node:internal/bootstrap/web/exposed-window-or-worker:83:12)
      at ErrorTracker.reportToBackend (C:/Users/ferna/Downloads/appforge-main/src/utils/errorTracking.js:138:13)
      at ErrorTracker.captureError (C:/Users/ferna/Downloads/appforge-main/src/utils/errorTracking.js:105:10)
      at C:/Users/ferna/Downloads/appforge-main/src/utils/__tests__/errorTracking.test.js:40:20
      at file:///C:/Users/ferna/Downloads/appforge-main/node_modules/@vitest/runner/dist/index.js:145:11 {
    code: 'ERR_INVALID_URL',
    input: '/api/errors/report'
  }
}
Failed to report error to backend: TypeError: Failed to parse URL from /api/errors/report
    at node:internal/deps/undici/undici:16416:13
    at processTicksAndRejections (node:internal/process/task_queues:103:5)
    at ErrorTracker.reportToBackend (C:/Users/ferna/Downloads/appforge-main/src/utils/errorTracking.js:138:7) {
  [cause]: TypeError: Invalid URL
      at new URL (node:internal/url:828:25)
      at new URL$1 (file:///C:/Users/ferna/Downloads/appforge-main/node_modules/vitest/dist/chunks/index.CyBMJtT7.js:556:9)
      at new Request (node:internal/deps/undici/undici:10971:25)
      at fetch (node:internal/deps/undici/undici:11891:25)
      at fetch (node:internal/deps/undici/undici:16414:10)
      at fetch (node:internal/bootstrap/web/exposed-window-or-worker:83:12)
      at ErrorTracker.reportToBackend (C:/Users/ferna/Downloads/appforge-main/src/utils/errorTracking.js:138:13)
      at ErrorTracker.captureError (C:/Users/ferna/Downloads/appforge-main/src/utils/errorTracking.js:105:10)
      at C:/Users/ferna/Downloads/appforge-main/src/utils/__tests__/errorTracking.test.js:40:20
      at file:///C:/Users/ferna/Downloads/appforge-main/node_modules/@vitest/runner/dist/index.js:145:11 {
    code: 'ERR_INVALID_URL',
    input: '/api/errors/report'
  }
}
Failed to report error to backend: TypeError: Failed to parse URL from /api/errors/report
    at node:internal/deps/undici/undici:16416:13
    at processTicksAndRejections (node:internal/process/task_queues:103:5)
    at ErrorTracker.reportToBackend (C:/Users/ferna/Downloads/appforge-main/src/utils/errorTracking.js:138:7) {
  [cause]: TypeError: Invalid URL
      at new URL (node:internal/url:828:25)
      at new URL$1 (file:///C:/Users/ferna/Downloads/appforge-main/node_modules/vitest/dist/chunks/index.CyBMJtT7.js:556:9)
      at new Request (node:internal/deps/undici/undici:10971:25)
      at fetch (node:internal/deps/undici/undici:11891:25)
      at fetch (node:internal/deps/undici/undici:16414:10)
      at fetch (node:internal/bootstrap/web/exposed-window-or-worker:83:12)
      at ErrorTracker.reportToBackend (C:/Users/ferna/Downloads/appforge-main/src/utils/errorTracking.js:138:13)
      at ErrorTracker.captureError (C:/Users/ferna/Downloads/appforge-main/src/utils/errorTracking.js:105:10)
      at C:/Users/ferna/Downloads/appforge-main/src/utils/__tests__/errorTracking.test.js:40:20
      at file:///C:/Users/ferna/Downloads/appforge-main/node_modules/@vitest/runner/dist/index.js:145:11 {
    code: 'ERR_INVALID_URL',
    input: '/api/errors/report'
  }
}
Failed to report error to backend: TypeError: Failed to parse URL from /api/errors/report
    at node:internal/deps/undici/undici:16416:13
    at processTicksAndRejections (node:internal/process/task_queues:103:5)
    at ErrorTracker.reportToBackend (C:/Users/ferna/Downloads/appforge-main/src/utils/errorTracking.js:138:7) {
  [cause]: TypeError: Invalid URL
      at new URL (node:internal/url:828:25)
      at new URL$1 (file:///C:/Users/ferna/Downloads/appforge-main/node_modules/vitest/dist/chunks/index.CyBMJtT7.js:556:9)
      at new Request (node:internal/deps/undici/undici:10971:25)
      at fetch (node:internal/deps/undici/undici:11891:25)
      at fetch (node:internal/deps/undici/undici:16414:10)
      at fetch (node:internal/bootstrap/web/exposed-window-or-worker:83:12)
      at ErrorTracker.reportToBackend (C:/Users/ferna/Downloads/appforge-main/src/utils/errorTracking.js:138:13)
      at ErrorTracker.captureError (C:/Users/ferna/Downloads/appforge-main/src/utils/errorTracking.js:105:10)
      at C:/Users/ferna/Downloads/appforge-main/src/utils/__tests__/errorTracking.test.js:40:20
      at file:///C:/Users/ferna/Downloads/appforge-main/node_modules/@vitest/runner/dist/index.js:145:11 {
    code: 'ERR_INVALID_URL',
    input: '/api/errors/report'
  }
}
Failed to report error to backend: TypeError: Failed to parse URL from /api/errors/report
    at node:internal/deps/undici/undici:16416:13
    at processTicksAndRejections (node:internal/process/task_queues:103:5)
    at ErrorTracker.reportToBackend (C:/Users/ferna/Downloads/appforge-main/src/utils/errorTracking.js:138:7) {
  [cause]: TypeError: Invalid URL
      at new URL (node:internal/url:828:25)
      at new URL$1 (file:///C:/Users/ferna/Downloads/appforge-main/node_modules/vitest/dist/chunks/index.CyBMJtT7.js:556:9)
      at new Request (node:internal/deps/undici/undici:10971:25)
      at fetch (node:internal/deps/undici/undici:11891:25)
      at fetch (node:internal/deps/undici/undici:16414:10)
      at fetch (node:internal/bootstrap/web/exposed-window-or-worker:83:12)
      at ErrorTracker.reportToBackend (C:/Users/ferna/Downloads/appforge-main/src/utils/errorTracking.js:138:13)
      at ErrorTracker.captureError (C:/Users/ferna/Downloads/appforge-main/src/utils/errorTracking.js:105:10)
      at C:/Users/ferna/Downloads/appforge-main/src/utils/__tests__/errorTracking.test.js:40:20
      at file:///C:/Users/ferna/Downloads/appforge-main/node_modules/@vitest/runner/dist/index.js:145:11 {
    code: 'ERR_INVALID_URL',
    input: '/api/errors/report'
  }
}
Failed to report error to backend: TypeError: Failed to parse URL from /api/errors/report
    at node:internal/deps/undici/undici:16416:13
    at processTicksAndRejections (node:internal/process/task_queues:103:5)
    at ErrorTracker.reportToBackend (C:/Users/ferna/Downloads/appforge-main/src/utils/errorTracking.js:138:7) {
  [cause]: TypeError: Invalid URL
      at new URL (node:internal/url:828:25)
      at new URL$1 (file:///C:/Users/ferna/Downloads/appforge-main/node_modules/vitest/dist/chunks/index.CyBMJtT7.js:556:9)
      at new Request (node:internal/deps/undici/undici:10971:25)
      at fetch (node:internal/deps/undici/undici:11891:25)
      at fetch (node:internal/deps/undici/undici:16414:10)
      at fetch (node:internal/bootstrap/web/exposed-window-or-worker:83:12)
      at ErrorTracker.reportToBackend (C:/Users/ferna/Downloads/appforge-main/src/utils/errorTracking.js:138:13)
      at ErrorTracker.captureError (C:/Users/ferna/Downloads/appforge-main/src/utils/errorTracking.js:105:10)
      at C:/Users/ferna/Downloads/appforge-main/src/utils/__tests__/errorTracking.test.js:40:20
      at file:///C:/Users/ferna/Downloads/appforge-main/node_modules/@vitest/runner/dist/index.js:145:11 {
    code: 'ERR_INVALID_URL',
    input: '/api/errors/report'
  }
}
Failed to report error to backend: TypeError: Failed to parse URL from /api/errors/report
    at node:internal/deps/undici/undici:16416:13
    at processTicksAndRejections (node:internal/process/task_queues:103:5)
    at ErrorTracker.reportToBackend (C:/Users/ferna/Downloads/appforge-main/src/utils/errorTracking.js:138:7) {
  [cause]: TypeError: Invalid URL
      at new URL (node:internal/url:828:25)
      at new URL$1 (file:///C:/Users/ferna/Downloads/appforge-main/node_modules/vitest/dist/chunks/index.CyBMJtT7.js:556:9)
      at new Request (node:internal/deps/undici/undici:10971:25)
      at fetch (node:internal/deps/undici/undici:11891:25)
      at fetch (node:internal/deps/undici/undici:16414:10)
      at fetch (node:internal/bootstrap/web/exposed-window-or-worker:83:12)
      at ErrorTracker.reportToBackend (C:/Users/ferna/Downloads/appforge-main/src/utils/errorTracking.js:138:13)
      at ErrorTracker.captureError (C:/Users/ferna/Downloads/appforge-main/src/utils/errorTracking.js:105:10)
      at C:/Users/ferna/Downloads/appforge-main/src/utils/__tests__/errorTracking.test.js:40:20
      at file:///C:/Users/ferna/Downloads/appforge-main/node_modules/@vitest/runner/dist/index.js:145:11 {
    code: 'ERR_INVALID_URL',
    input: '/api/errors/report'
  }
}
Failed to report error to backend: TypeError: Failed to parse URL from /api/errors/report
    at node:internal/deps/undici/undici:16416:13
    at processTicksAndRejections (node:internal/process/task_queues:103:5)
    at ErrorTracker.reportToBackend (C:/Users/ferna/Downloads/appforge-main/src/utils/errorTracking.js:138:7) {
  [cause]: TypeError: Invalid URL
      at new URL (node:internal/url:828:25)
      at new URL$1 (file:///C:/Users/ferna/Downloads/appforge-main/node_modules/vitest/dist/chunks/index.CyBMJtT7.js:556:9)
      at new Request (node:internal/deps/undici/undici:10971:25)
      at fetch (node:internal/deps/undici/undici:11891:25)
      at fetch (node:internal/deps/undici/undici:16414:10)
      at fetch (node:internal/bootstrap/web/exposed-window-or-worker:83:12)
      at ErrorTracker.reportToBackend (C:/Users/ferna/Downloads/appforge-main/src/utils/errorTracking.js:138:13)
      at ErrorTracker.captureError (C:/Users/ferna/Downloads/appforge-main/src/utils/errorTracking.js:105:10)
      at C:/Users/ferna/Downloads/appforge-main/src/utils/__tests__/errorTracking.test.js:40:20
      at file:///C:/Users/ferna/Downloads/appforge-main/node_modules/@vitest/runner/dist/index.js:145:11 {
    code: 'ERR_INVALID_URL',
    input: '/api/errors/report'
  }
}
Failed to report error to backend: TypeError: Failed to parse URL from /api/errors/report
    at node:internal/deps/undici/undici:16416:13
    at processTicksAndRejections (node:internal/process/task_queues:103:5)
    at ErrorTracker.reportToBackend (C:/Users/ferna/Downloads/appforge-main/src/utils/errorTracking.js:138:7) {
  [cause]: TypeError: Invalid URL
      at new URL (node:internal/url:828:25)
      at new URL$1 (file:///C:/Users/ferna/Downloads/appforge-main/node_modules/vitest/dist/chunks/index.CyBMJtT7.js:556:9)
      at new Request (node:internal/deps/undici/undici:10971:25)
      at fetch (node:internal/deps/undici/undici:11891:25)
      at fetch (node:internal/deps/undici/undici:16414:10)
      at fetch (node:internal/bootstrap/web/exposed-window-or-worker:83:12)
      at ErrorTracker.reportToBackend (C:/Users/ferna/Downloads/appforge-main/src/utils/errorTracking.js:138:13)
      at ErrorTracker.captureError (C:/Users/ferna/Downloads/appforge-main/src/utils/errorTracking.js:105:10)
      at C:/Users/ferna/Downloads/appforge-main/src/utils/__tests__/errorTracking.test.js:40:20
      at file:///C:/Users/ferna/Downloads/appforge-main/node_modules/@vitest/runner/dist/index.js:145:11 {
    code: 'ERR_INVALID_URL',
    input: '/api/errors/report'
  }
}
Failed to report error to backend: TypeError: Failed to parse URL from /api/errors/report
    at node:internal/deps/undici/undici:16416:13
    at processTicksAndRejections (node:internal/process/task_queues:103:5)
    at ErrorTracker.reportToBackend (C:/Users/ferna/Downloads/appforge-main/src/utils/errorTracking.js:138:7) {
  [cause]: TypeError: Invalid URL
      at new URL (node:internal/url:828:25)
      at new URL$1 (file:///C:/Users/ferna/Downloads/appforge-main/node_modules/vitest/dist/chunks/index.CyBMJtT7.js:556:9)
      at new Request (node:internal/deps/undici/undici:10971:25)
      at fetch (node:internal/deps/undici/undici:11891:25)
      at fetch (node:internal/deps/undici/undici:16414:10)
      at fetch (node:internal/bootstrap/web/exposed-window-or-worker:83:12)
      at ErrorTracker.reportToBackend (C:/Users/ferna/Downloads/appforge-main/src/utils/errorTracking.js:138:13)
      at ErrorTracker.captureError (C:/Users/ferna/Downloads/appforge-main/src/utils/errorTracking.js:105:10)
      at C:/Users/ferna/Downloads/appforge-main/src/utils/__tests__/errorTracking.test.js:40:20
      at file:///C:/Users/ferna/Downloads/appforge-main/node_modules/@vitest/runner/dist/index.js:145:11 {
    code: 'ERR_INVALID_URL',
    input: '/api/errors/report'
  }
}
Failed to report error to backend: TypeError: Failed to parse URL from /api/errors/report
    at node:internal/deps/undici/undici:16416:13
    at processTicksAndRejections (node:internal/process/task_queues:103:5)
    at ErrorTracker.reportToBackend (C:/Users/ferna/Downloads/appforge-main/src/utils/errorTracking.js:138:7) {
  [cause]: TypeError: Invalid URL
      at new URL (node:internal/url:828:25)
      at new URL$1 (file:///C:/Users/ferna/Downloads/appforge-main/node_modules/vitest/dist/chunks/index.CyBMJtT7.js:556:9)
      at new Request (node:internal/deps/undici/undici:10971:25)
      at fetch (node:internal/deps/undici/undici:11891:25)
      at fetch (node:internal/deps/undici/undici:16414:10)
      at fetch (node:internal/bootstrap/web/exposed-window-or-worker:83:12)
      at ErrorTracker.reportToBackend (C:/Users/ferna/Downloads/appforge-main/src/utils/errorTracking.js:138:13)
      at ErrorTracker.captureError (C:/Users/ferna/Downloads/appforge-main/src/utils/errorTracking.js:105:10)
      at C:/Users/ferna/Downloads/appforge-main/src/utils/__tests__/errorTracking.test.js:40:20
      at file:///C:/Users/ferna/Downloads/appforge-main/node_modules/@vitest/runner/dist/index.js:145:11 {
    code: 'ERR_INVALID_URL',
    input: '/api/errors/report'
  }
}
Failed to report error to backend: TypeError: Failed to parse URL from /api/errors/report
    at node:internal/deps/undici/undici:16416:13
    at processTicksAndRejections (node:internal/process/task_queues:103:5)
    at ErrorTracker.reportToBackend (C:/Users/ferna/Downloads/appforge-main/src/utils/errorTracking.js:138:7) {
  [cause]: TypeError: Invalid URL
      at new URL (node:internal/url:828:25)
      at new URL$1 (file:///C:/Users/ferna/Downloads/appforge-main/node_modules/vitest/dist/chunks/index.CyBMJtT7.js:556:9)
      at new Request (node:internal/deps/undici/undici:10971:25)
      at fetch (node:internal/deps/undici/undici:11891:25)
      at fetch (node:internal/deps/undici/undici:16414:10)
      at fetch (node:internal/bootstrap/web/exposed-window-or-worker:83:12)
      at ErrorTracker.reportToBackend (C:/Users/ferna/Downloads/appforge-main/src/utils/errorTracking.js:138:13)
      at ErrorTracker.captureError (C:/Users/ferna/Downloads/appforge-main/src/utils/errorTracking.js:105:10)
      at C:/Users/ferna/Downloads/appforge-main/src/utils/__tests__/errorTracking.test.js:40:20
      at file:///C:/Users/ferna/Downloads/appforge-main/node_modules/@vitest/runner/dist/index.js:145:11 {
    code: 'ERR_INVALID_URL',
    input: '/api/errors/report'
  }
}
Failed to report error to backend: TypeError: Failed to parse URL from /api/errors/report
    at node:internal/deps/undici/undici:16416:13
    at processTicksAndRejections (node:internal/process/task_queues:103:5)
    at ErrorTracker.reportToBackend (C:/Users/ferna/Downloads/appforge-main/src/utils/errorTracking.js:138:7) {
  [cause]: TypeError: Invalid URL
      at new URL (node:internal/url:828:25)
      at new URL$1 (file:///C:/Users/ferna/Downloads/appforge-main/node_modules/vitest/dist/chunks/index.CyBMJtT7.js:556:9)
      at new Request (node:internal/deps/undici/undici:10971:25)
      at fetch (node:internal/deps/undici/undici:11891:25)
      at fetch (node:internal/deps/undici/undici:16414:10)
      at fetch (node:internal/bootstrap/web/exposed-window-or-worker:83:12)
      at ErrorTracker.reportToBackend (C:/Users/ferna/Downloads/appforge-main/src/utils/errorTracking.js:138:13)
      at ErrorTracker.captureError (C:/Users/ferna/Downloads/appforge-main/src/utils/errorTracking.js:105:10)
      at C:/Users/ferna/Downloads/appforge-main/src/utils/__tests__/errorTracking.test.js:40:20
      at file:///C:/Users/ferna/Downloads/appforge-main/node_modules/@vitest/runner/dist/index.js:145:11 {
    code: 'ERR_INVALID_URL',
    input: '/api/errors/report'
  }
}
Failed to report error to backend: TypeError: Failed to parse URL from /api/errors/report
    at node:internal/deps/undici/undici:16416:13
    at processTicksAndRejections (node:internal/process/task_queues:103:5)
    at ErrorTracker.reportToBackend (C:/Users/ferna/Downloads/appforge-main/src/utils/errorTracking.js:138:7) {
  [cause]: TypeError: Invalid URL
      at new URL (node:internal/url:828:25)
      at new URL$1 (file:///C:/Users/ferna/Downloads/appforge-main/node_modules/vitest/dist/chunks/index.CyBMJtT7.js:556:9)
      at new Request (node:internal/deps/undici/undici:10971:25)
      at fetch (node:internal/deps/undici/undici:11891:25)
      at fetch (node:internal/deps/undici/undici:16414:10)
      at fetch (node:internal/bootstrap/web/exposed-window-or-worker:83:12)
      at ErrorTracker.reportToBackend (C:/Users/ferna/Downloads/appforge-main/src/utils/errorTracking.js:138:13)
      at ErrorTracker.captureError (C:/Users/ferna/Downloads/appforge-main/src/utils/errorTracking.js:105:10)
      at C:/Users/ferna/Downloads/appforge-main/src/utils/__tests__/errorTracking.test.js:40:20
      at file:///C:/Users/ferna/Downloads/appforge-main/node_modules/@vitest/runner/dist/index.js:145:11 {
    code: 'ERR_INVALID_URL',
    input: '/api/errors/report'
  }
}
Failed to report error to backend: TypeError: Failed to parse URL from /api/errors/report
    at node:internal/deps/undici/undici:16416:13
    at processTicksAndRejections (node:internal/process/task_queues:103:5)
    at ErrorTracker.reportToBackend (C:/Users/ferna/Downloads/appforge-main/src/utils/errorTracking.js:138:7) {
  [cause]: TypeError: Invalid URL
      at new URL (node:internal/url:828:25)
      at new URL$1 (file:///C:/Users/ferna/Downloads/appforge-main/node_modules/vitest/dist/chunks/index.CyBMJtT7.js:556:9)
      at new Request (node:internal/deps/undici/undici:10971:25)
      at fetch (node:internal/deps/undici/undici:11891:25)
      at fetch (node:internal/deps/undici/undici:16414:10)
      at fetch (node:internal/bootstrap/web/exposed-window-or-worker:83:12)
      at ErrorTracker.reportToBackend (C:/Users/ferna/Downloads/appforge-main/src/utils/errorTracking.js:138:13)
      at ErrorTracker.captureError (C:/Users/ferna/Downloads/appforge-main/src/utils/errorTracking.js:105:10)
      at C:/Users/ferna/Downloads/appforge-main/src/utils/__tests__/errorTracking.test.js:40:20
      at file:///C:/Users/ferna/Downloads/appforge-main/node_modules/@vitest/runner/dist/index.js:145:11 {
    code: 'ERR_INVALID_URL',
    input: '/api/errors/report'
  }
}
Failed to report error to backend: TypeError: Failed to parse URL from /api/errors/report
    at node:internal/deps/undici/undici:16416:13
    at processTicksAndRejections (node:internal/process/task_queues:103:5)
    at ErrorTracker.reportToBackend (C:/Users/ferna/Downloads/appforge-main/src/utils/errorTracking.js:138:7) {
  [cause]: TypeError: Invalid URL
      at new URL (node:internal/url:828:25)
      at new URL$1 (file:///C:/Users/ferna/Downloads/appforge-main/node_modules/vitest/dist/chunks/index.CyBMJtT7.js:556:9)
      at new Request (node:internal/deps/undici/undici:10971:25)
      at fetch (node:internal/deps/undici/undici:11891:25)
      at fetch (node:internal/deps/undici/undici:16414:10)
      at fetch (node:internal/bootstrap/web/exposed-window-or-worker:83:12)
      at ErrorTracker.reportToBackend (C:/Users/ferna/Downloads/appforge-main/src/utils/errorTracking.js:138:13)
      at ErrorTracker.captureError (C:/Users/ferna/Downloads/appforge-main/src/utils/errorTracking.js:105:10)
      at C:/Users/ferna/Downloads/appforge-main/src/utils/__tests__/errorTracking.test.js:40:20
      at file:///C:/Users/ferna/Downloads/appforge-main/node_modules/@vitest/runner/dist/index.js:145:11 {
    code: 'ERR_INVALID_URL',
    input: '/api/errors/report'
  }
}
Failed to report error to backend: TypeError: Failed to parse URL from /api/errors/report
    at node:internal/deps/undici/undici:16416:13
    at processTicksAndRejections (node:internal/process/task_queues:103:5)
    at ErrorTracker.reportToBackend (C:/Users/ferna/Downloads/appforge-main/src/utils/errorTracking.js:138:7) {
  [cause]: TypeError: Invalid URL
      at new URL (node:internal/url:828:25)
      at new URL$1 (file:///C:/Users/ferna/Downloads/appforge-main/node_modules/vitest/dist/chunks/index.CyBMJtT7.js:556:9)
      at new Request (node:internal/deps/undici/undici:10971:25)
      at fetch (node:internal/deps/undici/undici:11891:25)
      at fetch (node:internal/deps/undici/undici:16414:10)
      at fetch (node:internal/bootstrap/web/exposed-window-or-worker:83:12)
      at ErrorTracker.reportToBackend (C:/Users/ferna/Downloads/appforge-main/src/utils/errorTracking.js:138:13)
      at ErrorTracker.captureError (C:/Users/ferna/Downloads/appforge-main/src/utils/errorTracking.js:105:10)
      at C:/Users/ferna/Downloads/appforge-main/src/utils/__tests__/errorTracking.test.js:40:20
      at file:///C:/Users/ferna/Downloads/appforge-main/node_modules/@vitest/runner/dist/index.js:145:11 {
    code: 'ERR_INVALID_URL',
    input: '/api/errors/report'
  }
}
Failed to report error to backend: TypeError: Failed to parse URL from /api/errors/report
    at node:internal/deps/undici/undici:16416:13
    at processTicksAndRejections (node:internal/process/task_queues:103:5)
    at ErrorTracker.reportToBackend (C:/Users/ferna/Downloads/appforge-main/src/utils/errorTracking.js:138:7) {
  [cause]: TypeError: Invalid URL
      at new URL (node:internal/url:828:25)
      at new URL$1 (file:///C:/Users/ferna/Downloads/appforge-main/node_modules/vitest/dist/chunks/index.CyBMJtT7.js:556:9)
      at new Request (node:internal/deps/undici/undici:10971:25)
      at fetch (node:internal/deps/undici/undici:11891:25)
      at fetch (node:internal/deps/undici/undici:16414:10)
      at fetch (node:internal/bootstrap/web/exposed-window-or-worker:83:12)
      at ErrorTracker.reportToBackend (C:/Users/ferna/Downloads/appforge-main/src/utils/errorTracking.js:138:13)
      at ErrorTracker.captureError (C:/Users/ferna/Downloads/appforge-main/src/utils/errorTracking.js:105:10)
      at C:/Users/ferna/Downloads/appforge-main/src/utils/__tests__/errorTracking.test.js:40:20
      at file:///C:/Users/ferna/Downloads/appforge-main/node_modules/@vitest/runner/dist/index.js:145:11 {
    code: 'ERR_INVALID_URL',
    input: '/api/errors/report'
  }
}
Failed to report error to backend: TypeError: Failed to parse URL from /api/errors/report
    at node:internal/deps/undici/undici:16416:13
    at processTicksAndRejections (node:internal/process/task_queues:103:5)
    at ErrorTracker.reportToBackend (C:/Users/ferna/Downloads/appforge-main/src/utils/errorTracking.js:138:7) {
  [cause]: TypeError: Invalid URL
      at new URL (node:internal/url:828:25)
      at new URL$1 (file:///C:/Users/ferna/Downloads/appforge-main/node_modules/vitest/dist/chunks/index.CyBMJtT7.js:556:9)
      at new Request (node:internal/deps/undici/undici:10971:25)
      at fetch (node:internal/deps/undici/undici:11891:25)
      at fetch (node:internal/deps/undici/undici:16414:10)
      at fetch (node:internal/bootstrap/web/exposed-window-or-worker:83:12)
      at ErrorTracker.reportToBackend (C:/Users/ferna/Downloads/appforge-main/src/utils/errorTracking.js:138:13)
      at ErrorTracker.captureError (C:/Users/ferna/Downloads/appforge-main/src/utils/errorTracking.js:105:10)
      at C:/Users/ferna/Downloads/appforge-main/src/utils/__tests__/errorTracking.test.js:40:20
      at file:///C:/Users/ferna/Downloads/appforge-main/node_modules/@vitest/runner/dist/index.js:145:11 {
    code: 'ERR_INVALID_URL',
    input: '/api/errors/report'
  }
}
Failed to report error to backend: TypeError: Failed to parse URL from /api/errors/report
    at node:internal/deps/undici/undici:16416:13
    at processTicksAndRejections (node:internal/process/task_queues:103:5)
    at ErrorTracker.reportToBackend (C:/Users/ferna/Downloads/appforge-main/src/utils/errorTracking.js:138:7) {
  [cause]: TypeError: Invalid URL
      at new URL (node:internal/url:828:25)
      at new URL$1 (file:///C:/Users/ferna/Downloads/appforge-main/node_modules/vitest/dist/chunks/index.CyBMJtT7.js:556:9)
      at new Request (node:internal/deps/undici/undici:10971:25)
      at fetch (node:internal/deps/undici/undici:11891:25)
      at fetch (node:internal/deps/undici/undici:16414:10)
      at fetch (node:internal/bootstrap/web/exposed-window-or-worker:83:12)
      at ErrorTracker.reportToBackend (C:/Users/ferna/Downloads/appforge-main/src/utils/errorTracking.js:138:13)
      at ErrorTracker.captureError (C:/Users/ferna/Downloads/appforge-main/src/utils/errorTracking.js:105:10)
      at C:/Users/ferna/Downloads/appforge-main/src/utils/__tests__/errorTracking.test.js:40:20
      at file:///C:/Users/ferna/Downloads/appforge-main/node_modules/@vitest/runner/dist/index.js:145:11 {
    code: 'ERR_INVALID_URL',
    input: '/api/errors/report'
  }
}
Failed to report error to backend: TypeError: Failed to parse URL from /api/errors/report
    at node:internal/deps/undici/undici:16416:13
    at processTicksAndRejections (node:internal/process/task_queues:103:5)
    at ErrorTracker.reportToBackend (C:/Users/ferna/Downloads/appforge-main/src/utils/errorTracking.js:138:7) {
  [cause]: TypeError: Invalid URL
      at new URL (node:internal/url:828:25)
      at new URL$1 (file:///C:/Users/ferna/Downloads/appforge-main/node_modules/vitest/dist/chunks/index.CyBMJtT7.js:556:9)
      at new Request (node:internal/deps/undici/undici:10971:25)
      at fetch (node:internal/deps/undici/undici:11891:25)
      at fetch (node:internal/deps/undici/undici:16414:10)
      at fetch (node:internal/bootstrap/web/exposed-window-or-worker:83:12)
      at ErrorTracker.reportToBackend (C:/Users/ferna/Downloads/appforge-main/src/utils/errorTracking.js:138:13)
      at ErrorTracker.captureError (C:/Users/ferna/Downloads/appforge-main/src/utils/errorTracking.js:105:10)
      at C:/Users/ferna/Downloads/appforge-main/src/utils/__tests__/errorTracking.test.js:40:20
      at file:///C:/Users/ferna/Downloads/appforge-main/node_modules/@vitest/runner/dist/index.js:145:11 {
    code: 'ERR_INVALID_URL',
    input: '/api/errors/report'
  }
}
Failed to report error to backend: TypeError: Failed to parse URL from /api/errors/report
    at node:internal/deps/undici/undici:16416:13
    at processTicksAndRejections (node:internal/process/task_queues:103:5)
    at ErrorTracker.reportToBackend (C:/Users/ferna/Downloads/appforge-main/src/utils/errorTracking.js:138:7) {
  [cause]: TypeError: Invalid URL
      at new URL (node:internal/url:828:25)
      at new URL$1 (file:///C:/Users/ferna/Downloads/appforge-main/node_modules/vitest/dist/chunks/index.CyBMJtT7.js:556:9)
      at new Request (node:internal/deps/undici/undici:10971:25)
      at fetch (node:internal/deps/undici/undici:11891:25)
      at fetch (node:internal/deps/undici/undici:16414:10)
      at fetch (node:internal/bootstrap/web/exposed-window-or-worker:83:12)
      at ErrorTracker.reportToBackend (C:/Users/ferna/Downloads/appforge-main/src/utils/errorTracking.js:138:13)
      at ErrorTracker.captureError (C:/Users/ferna/Downloads/appforge-main/src/utils/errorTracking.js:105:10)
      at C:/Users/ferna/Downloads/appforge-main/src/utils/__tests__/errorTracking.test.js:40:20
      at file:///C:/Users/ferna/Downloads/appforge-main/node_modules/@vitest/runner/dist/index.js:145:11 {
    code: 'ERR_INVALID_URL',
    input: '/api/errors/report'
  }
}
Failed to report error to backend: TypeError: Failed to parse URL from /api/errors/report
    at node:internal/deps/undici/undici:16416:13
    at processTicksAndRejections (node:internal/process/task_queues:103:5)
    at ErrorTracker.reportToBackend (C:/Users/ferna/Downloads/appforge-main/src/utils/errorTracking.js:138:7) {
  [cause]: TypeError: Invalid URL
      at new URL (node:internal/url:828:25)
      at new URL$1 (file:///C:/Users/ferna/Downloads/appforge-main/node_modules/vitest/dist/chunks/index.CyBMJtT7.js:556:9)
      at new Request (node:internal/deps/undici/undici:10971:25)
      at fetch (node:internal/deps/undici/undici:11891:25)
      at fetch (node:internal/deps/undici/undici:16414:10)
      at fetch (node:internal/bootstrap/web/exposed-window-or-worker:83:12)
      at ErrorTracker.reportToBackend (C:/Users/ferna/Downloads/appforge-main/src/utils/errorTracking.js:138:13)
      at ErrorTracker.captureError (C:/Users/ferna/Downloads/appforge-main/src/utils/errorTracking.js:105:10)
      at C:/Users/ferna/Downloads/appforge-main/src/utils/__tests__/errorTracking.test.js:40:20
      at file:///C:/Users/ferna/Downloads/appforge-main/node_modules/@vitest/runner/dist/index.js:145:11 {
    code: 'ERR_INVALID_URL',
    input: '/api/errors/report'
  }
}
Failed to report error to backend: TypeError: Failed to parse URL from /api/errors/report
    at node:internal/deps/undici/undici:16416:13
    at processTicksAndRejections (node:internal/process/task_queues:103:5)
    at ErrorTracker.reportToBackend (C:/Users/ferna/Downloads/appforge-main/src/utils/errorTracking.js:138:7) {
  [cause]: TypeError: Invalid URL
      at new URL (node:internal/url:828:25)
      at new URL$1 (file:///C:/Users/ferna/Downloads/appforge-main/node_modules/vitest/dist/chunks/index.CyBMJtT7.js:556:9)
      at new Request (node:internal/deps/undici/undici:10971:25)
      at fetch (node:internal/deps/undici/undici:11891:25)
      at fetch (node:internal/deps/undici/undici:16414:10)
      at fetch (node:internal/bootstrap/web/exposed-window-or-worker:83:12)
      at ErrorTracker.reportToBackend (C:/Users/ferna/Downloads/appforge-main/src/utils/errorTracking.js:138:13)
      at ErrorTracker.captureError (C:/Users/ferna/Downloads/appforge-main/src/utils/errorTracking.js:105:10)
      at C:/Users/ferna/Downloads/appforge-main/src/utils/__tests__/errorTracking.test.js:40:20
      at file:///C:/Users/ferna/Downloads/appforge-main/node_modules/@vitest/runner/dist/index.js:145:11 {
    code: 'ERR_INVALID_URL',
    input: '/api/errors/report'
  }
}
Failed to report error to backend: TypeError: Failed to parse URL from /api/errors/report
    at node:internal/deps/undici/undici:16416:13
    at processTicksAndRejections (node:internal/process/task_queues:103:5)
    at ErrorTracker.reportToBackend (C:/Users/ferna/Downloads/appforge-main/src/utils/errorTracking.js:138:7) {
  [cause]: TypeError: Invalid URL
      at new URL (node:internal/url:828:25)
      at new URL$1 (file:///C:/Users/ferna/Downloads/appforge-main/node_modules/vitest/dist/chunks/index.CyBMJtT7.js:556:9)
      at new Request (node:internal/deps/undici/undici:10971:25)
      at fetch (node:internal/deps/undici/undici:11891:25)
      at fetch (node:internal/deps/undici/undici:16414:10)
      at fetch (node:internal/bootstrap/web/exposed-window-or-worker:83:12)
      at ErrorTracker.reportToBackend (C:/Users/ferna/Downloads/appforge-main/src/utils/errorTracking.js:138:13)
      at ErrorTracker.captureError (C:/Users/ferna/Downloads/appforge-main/src/utils/errorTracking.js:105:10)
      at C:/Users/ferna/Downloads/appforge-main/src/utils/__tests__/errorTracking.test.js:40:20
      at file:///C:/Users/ferna/Downloads/appforge-main/node_modules/@vitest/runner/dist/index.js:145:11 {
    code: 'ERR_INVALID_URL',
    input: '/api/errors/report'
  }
}
Failed to report error to backend: TypeError: Failed to parse URL from /api/errors/report
    at node:internal/deps/undici/undici:16416:13
    at processTicksAndRejections (node:internal/process/task_queues:103:5)
    at ErrorTracker.reportToBackend (C:/Users/ferna/Downloads/appforge-main/src/utils/errorTracking.js:138:7) {
  [cause]: TypeError: Invalid URL
      at new URL (node:internal/url:828:25)
      at new URL$1 (file:///C:/Users/ferna/Downloads/appforge-main/node_modules/vitest/dist/chunks/index.CyBMJtT7.js:556:9)
      at new Request (node:internal/deps/undici/undici:10971:25)
      at fetch (node:internal/deps/undici/undici:11891:25)
      at fetch (node:internal/deps/undici/undici:16414:10)
      at fetch (node:internal/bootstrap/web/exposed-window-or-worker:83:12)
      at ErrorTracker.reportToBackend (C:/Users/ferna/Downloads/appforge-main/src/utils/errorTracking.js:138:13)
      at ErrorTracker.captureError (C:/Users/ferna/Downloads/appforge-main/src/utils/errorTracking.js:105:10)
      at C:/Users/ferna/Downloads/appforge-main/src/utils/__tests__/errorTracking.test.js:40:20
      at file:///C:/Users/ferna/Downloads/appforge-main/node_modules/@vitest/runner/dist/index.js:145:11 {
    code: 'ERR_INVALID_URL',
    input: '/api/errors/report'
  }
}
Failed to report error to backend: TypeError: Failed to parse URL from /api/errors/report
    at node:internal/deps/undici/undici:16416:13
    at processTicksAndRejections (node:internal/process/task_queues:103:5)
    at ErrorTracker.reportToBackend (C:/Users/ferna/Downloads/appforge-main/src/utils/errorTracking.js:138:7) {
  [cause]: TypeError: Invalid URL
      at new URL (node:internal/url:828:25)
      at new URL$1 (file:///C:/Users/ferna/Downloads/appforge-main/node_modules/vitest/dist/chunks/index.CyBMJtT7.js:556:9)
      at new Request (node:internal/deps/undici/undici:10971:25)
      at fetch (node:internal/deps/undici/undici:11891:25)
      at fetch (node:internal/deps/undici/undici:16414:10)
      at fetch (node:internal/bootstrap/web/exposed-window-or-worker:83:12)
      at ErrorTracker.reportToBackend (C:/Users/ferna/Downloads/appforge-main/src/utils/errorTracking.js:138:13)
      at ErrorTracker.captureError (C:/Users/ferna/Downloads/appforge-main/src/utils/errorTracking.js:105:10)
      at C:/Users/ferna/Downloads/appforge-main/src/utils/__tests__/errorTracking.test.js:40:20
      at file:///C:/Users/ferna/Downloads/appforge-main/node_modules/@vitest/runner/dist/index.js:145:11 {
    code: 'ERR_INVALID_URL',
    input: '/api/errors/report'
  }
}
Failed to report error to backend: TypeError: Failed to parse URL from /api/errors/report
    at node:internal/deps/undici/undici:16416:13
    at processTicksAndRejections (node:internal/process/task_queues:103:5)
    at ErrorTracker.reportToBackend (C:/Users/ferna/Downloads/appforge-main/src/utils/errorTracking.js:138:7) {
  [cause]: TypeError: Invalid URL
      at new URL (node:internal/url:828:25)
      at new URL$1 (file:///C:/Users/ferna/Downloads/appforge-main/node_modules/vitest/dist/chunks/index.CyBMJtT7.js:556:9)
      at new Request (node:internal/deps/undici/undici:10971:25)
      at fetch (node:internal/deps/undici/undici:11891:25)
      at fetch (node:internal/deps/undici/undici:16414:10)
      at fetch (node:internal/bootstrap/web/exposed-window-or-worker:83:12)
      at ErrorTracker.reportToBackend (C:/Users/ferna/Downloads/appforge-main/src/utils/errorTracking.js:138:13)
      at ErrorTracker.captureError (C:/Users/ferna/Downloads/appforge-main/src/utils/errorTracking.js:105:10)
      at C:/Users/ferna/Downloads/appforge-main/src/utils/__tests__/errorTracking.test.js:40:20
      at file:///C:/Users/ferna/Downloads/appforge-main/node_modules/@vitest/runner/dist/index.js:145:11 {
    code: 'ERR_INVALID_URL',
    input: '/api/errors/report'
  }
}
Failed to report error to backend: TypeError: Failed to parse URL from /api/errors/report
    at node:internal/deps/undici/undici:16416:13
    at processTicksAndRejections (node:internal/process/task_queues:103:5)
    at ErrorTracker.reportToBackend (C:/Users/ferna/Downloads/appforge-main/src/utils/errorTracking.js:138:7) {
  [cause]: TypeError: Invalid URL
      at new URL (node:internal/url:828:25)
      at new URL$1 (file:///C:/Users/ferna/Downloads/appforge-main/node_modules/vitest/dist/chunks/index.CyBMJtT7.js:556:9)
      at new Request (node:internal/deps/undici/undici:10971:25)
      at fetch (node:internal/deps/undici/undici:11891:25)
      at fetch (node:internal/deps/undici/undici:16414:10)
      at fetch (node:internal/bootstrap/web/exposed-window-or-worker:83:12)
      at ErrorTracker.reportToBackend (C:/Users/ferna/Downloads/appforge-main/src/utils/errorTracking.js:138:13)
      at ErrorTracker.captureError (C:/Users/ferna/Downloads/appforge-main/src/utils/errorTracking.js:105:10)
      at C:/Users/ferna/Downloads/appforge-main/src/utils/__tests__/errorTracking.test.js:40:20
      at file:///C:/Users/ferna/Downloads/appforge-main/node_modules/@vitest/runner/dist/index.js:145:11 {
    code: 'ERR_INVALID_URL',
    input: '/api/errors/report'
  }
}
Failed to report error to backend: TypeError: Failed to parse URL from /api/errors/report
    at node:internal/deps/undici/undici:16416:13
    at processTicksAndRejections (node:internal/process/task_queues:103:5)
    at ErrorTracker.reportToBackend (C:/Users/ferna/Downloads/appforge-main/src/utils/errorTracking.js:138:7) {
  [cause]: TypeError: Invalid URL
      at new URL (node:internal/url:828:25)
      at new URL$1 (file:///C:/Users/ferna/Downloads/appforge-main/node_modules/vitest/dist/chunks/index.CyBMJtT7.js:556:9)
      at new Request (node:internal/deps/undici/undici:10971:25)
      at fetch (node:internal/deps/undici/undici:11891:25)
      at fetch (node:internal/deps/undici/undici:16414:10)
      at fetch (node:internal/bootstrap/web/exposed-window-or-worker:83:12)
      at ErrorTracker.reportToBackend (C:/Users/ferna/Downloads/appforge-main/src/utils/errorTracking.js:138:13)
      at ErrorTracker.captureError (C:/Users/ferna/Downloads/appforge-main/src/utils/errorTracking.js:105:10)
      at C:/Users/ferna/Downloads/appforge-main/src/utils/__tests__/errorTracking.test.js:40:20
      at file:///C:/Users/ferna/Downloads/appforge-main/node_modules/@vitest/runner/dist/index.js:145:11 {
    code: 'ERR_INVALID_URL',
    input: '/api/errors/report'
  }
}
Failed to report error to backend: TypeError: Failed to parse URL from /api/errors/report
    at node:internal/deps/undici/undici:16416:13
    at processTicksAndRejections (node:internal/process/task_queues:103:5)
    at ErrorTracker.reportToBackend (C:/Users/ferna/Downloads/appforge-main/src/utils/errorTracking.js:138:7) {
  [cause]: TypeError: Invalid URL
      at new URL (node:internal/url:828:25)
      at new URL$1 (file:///C:/Users/ferna/Downloads/appforge-main/node_modules/vitest/dist/chunks/index.CyBMJtT7.js:556:9)
      at new Request (node:internal/deps/undici/undici:10971:25)
      at fetch (node:internal/deps/undici/undici:11891:25)
      at fetch (node:internal/deps/undici/undici:16414:10)
      at fetch (node:internal/bootstrap/web/exposed-window-or-worker:83:12)
      at ErrorTracker.reportToBackend (C:/Users/ferna/Downloads/appforge-main/src/utils/errorTracking.js:138:13)
      at ErrorTracker.captureError (C:/Users/ferna/Downloads/appforge-main/src/utils/errorTracking.js:105:10)
      at C:/Users/ferna/Downloads/appforge-main/src/utils/__tests__/errorTracking.test.js:40:20
      at file:///C:/Users/ferna/Downloads/appforge-main/node_modules/@vitest/runner/dist/index.js:145:11 {
    code: 'ERR_INVALID_URL',
    input: '/api/errors/report'
  }
}
Failed to report error to backend: TypeError: Failed to parse URL from /api/errors/report
    at node:internal/deps/undici/undici:16416:13
    at processTicksAndRejections (node:internal/process/task_queues:103:5)
    at ErrorTracker.reportToBackend (C:/Users/ferna/Downloads/appforge-main/src/utils/errorTracking.js:138:7) {
  [cause]: TypeError: Invalid URL
      at new URL (node:internal/url:828:25)
      at new URL$1 (file:///C:/Users/ferna/Downloads/appforge-main/node_modules/vitest/dist/chunks/index.CyBMJtT7.js:556:9)
      at new Request (node:internal/deps/undici/undici:10971:25)
      at fetch (node:internal/deps/undici/undici:11891:25)
      at fetch (node:internal/deps/undici/undici:16414:10)
      at fetch (node:internal/bootstrap/web/exposed-window-or-worker:83:12)
      at ErrorTracker.reportToBackend (C:/Users/ferna/Downloads/appforge-main/src/utils/errorTracking.js:138:13)
      at ErrorTracker.captureError (C:/Users/ferna/Downloads/appforge-main/src/utils/errorTracking.js:105:10)
      at C:/Users/ferna/Downloads/appforge-main/src/utils/__tests__/errorTracking.test.js:40:20
      at file:///C:/Users/ferna/Downloads/appforge-main/node_modules/@vitest/runner/dist/index.js:145:11 {
    code: 'ERR_INVALID_URL',
    input: '/api/errors/report'
  }
}
Failed to report error to backend: TypeError: Failed to parse URL from /api/errors/report
    at node:internal/deps/undici/undici:16416:13
    at processTicksAndRejections (node:internal/process/task_queues:103:5)
    at ErrorTracker.reportToBackend (C:/Users/ferna/Downloads/appforge-main/src/utils/errorTracking.js:138:7) {
  [cause]: TypeError: Invalid URL
      at new URL (node:internal/url:828:25)
      at new URL$1 (file:///C:/Users/ferna/Downloads/appforge-main/node_modules/vitest/dist/chunks/index.CyBMJtT7.js:556:9)
      at new Request (node:internal/deps/undici/undici:10971:25)
      at fetch (node:internal/deps/undici/undici:11891:25)
      at fetch (node:internal/deps/undici/undici:16414:10)
      at fetch (node:internal/bootstrap/web/exposed-window-or-worker:83:12)
      at ErrorTracker.reportToBackend (C:/Users/ferna/Downloads/appforge-main/src/utils/errorTracking.js:138:13)
      at ErrorTracker.captureError (C:/Users/ferna/Downloads/appforge-main/src/utils/errorTracking.js:105:10)
      at C:/Users/ferna/Downloads/appforge-main/src/utils/__tests__/errorTracking.test.js:40:20
      at file:///C:/Users/ferna/Downloads/appforge-main/node_modules/@vitest/runner/dist/index.js:145:11 {
    code: 'ERR_INVALID_URL',
    input: '/api/errors/report'
  }
}
Failed to report error to backend: TypeError: Failed to parse URL from /api/errors/report
    at node:internal/deps/undici/undici:16416:13
    at processTicksAndRejections (node:internal/process/task_queues:103:5)
    at ErrorTracker.reportToBackend (C:/Users/ferna/Downloads/appforge-main/src/utils/errorTracking.js:138:7) {
  [cause]: TypeError: Invalid URL
      at new URL (node:internal/url:828:25)
      at new URL$1 (file:///C:/Users/ferna/Downloads/appforge-main/node_modules/vitest/dist/chunks/index.CyBMJtT7.js:556:9)
      at new Request (node:internal/deps/undici/undici:10971:25)
      at fetch (node:internal/deps/undici/undici:11891:25)
      at fetch (node:internal/deps/undici/undici:16414:10)
      at fetch (node:internal/bootstrap/web/exposed-window-or-worker:83:12)
      at ErrorTracker.reportToBackend (C:/Users/ferna/Downloads/appforge-main/src/utils/errorTracking.js:138:13)
      at ErrorTracker.captureError (C:/Users/ferna/Downloads/appforge-main/src/utils/errorTracking.js:105:10)
      at C:/Users/ferna/Downloads/appforge-main/src/utils/__tests__/errorTracking.test.js:40:20
      at file:///C:/Users/ferna/Downloads/appforge-main/node_modules/@vitest/runner/dist/index.js:145:11 {
    code: 'ERR_INVALID_URL',
    input: '/api/errors/report'
  }
}
Failed to report error to backend: TypeError: Failed to parse URL from /api/errors/report
    at node:internal/deps/undici/undici:16416:13
    at processTicksAndRejections (node:internal/process/task_queues:103:5)
    at ErrorTracker.reportToBackend (C:/Users/ferna/Downloads/appforge-main/src/utils/errorTracking.js:138:7) {
  [cause]: TypeError: Invalid URL
      at new URL (node:internal/url:828:25)
      at new URL$1 (file:///C:/Users/ferna/Downloads/appforge-main/node_modules/vitest/dist/chunks/index.CyBMJtT7.js:556:9)
      at new Request (node:internal/deps/undici/undici:10971:25)
      at fetch (node:internal/deps/undici/undici:11891:25)
      at fetch (node:internal/deps/undici/undici:16414:10)
      at fetch (node:internal/bootstrap/web/exposed-window-or-worker:83:12)
      at ErrorTracker.reportToBackend (C:/Users/ferna/Downloads/appforge-main/src/utils/errorTracking.js:138:13)
      at ErrorTracker.captureError (C:/Users/ferna/Downloads/appforge-main/src/utils/errorTracking.js:105:10)
      at C:/Users/ferna/Downloads/appforge-main/src/utils/__tests__/errorTracking.test.js:40:20
      at file:///C:/Users/ferna/Downloads/appforge-main/node_modules/@vitest/runner/dist/index.js:145:11 {
    code: 'ERR_INVALID_URL',
    input: '/api/errors/report'
  }
}
Failed to report error to backend: TypeError: Failed to parse URL from /api/errors/report
    at node:internal/deps/undici/undici:16416:13
    at processTicksAndRejections (node:internal/process/task_queues:103:5)
    at ErrorTracker.reportToBackend (C:/Users/ferna/Downloads/appforge-main/src/utils/errorTracking.js:138:7) {
  [cause]: TypeError: Invalid URL
      at new URL (node:internal/url:828:25)
      at new URL$1 (file:///C:/Users/ferna/Downloads/appforge-main/node_modules/vitest/dist/chunks/index.CyBMJtT7.js:556:9)
      at new Request (node:internal/deps/undici/undici:10971:25)
      at fetch (node:internal/deps/undici/undici:11891:25)
      at fetch (node:internal/deps/undici/undici:16414:10)
      at fetch (node:internal/bootstrap/web/exposed-window-or-worker:83:12)
      at ErrorTracker.reportToBackend (C:/Users/ferna/Downloads/appforge-main/src/utils/errorTracking.js:138:13)
      at ErrorTracker.captureError (C:/Users/ferna/Downloads/appforge-main/src/utils/errorTracking.js:105:10)
      at C:/Users/ferna/Downloads/appforge-main/src/utils/__tests__/errorTracking.test.js:40:20
      at file:///C:/Users/ferna/Downloads/appforge-main/node_modules/@vitest/runner/dist/index.js:145:11 {
    code: 'ERR_INVALID_URL',
    input: '/api/errors/report'
  }
}
Failed to report error to backend: TypeError: Failed to parse URL from /api/errors/report
    at node:internal/deps/undici/undici:16416:13
    at processTicksAndRejections (node:internal/process/task_queues:103:5)
    at ErrorTracker.reportToBackend (C:/Users/ferna/Downloads/appforge-main/src/utils/errorTracking.js:138:7) {
  [cause]: TypeError: Invalid URL
      at new URL (node:internal/url:828:25)
      at new URL$1 (file:///C:/Users/ferna/Downloads/appforge-main/node_modules/vitest/dist/chunks/index.CyBMJtT7.js:556:9)
      at new Request (node:internal/deps/undici/undici:10971:25)
      at fetch (node:internal/deps/undici/undici:11891:25)
      at fetch (node:internal/deps/undici/undici:16414:10)
      at fetch (node:internal/bootstrap/web/exposed-window-or-worker:83:12)
      at ErrorTracker.reportToBackend (C:/Users/ferna/Downloads/appforge-main/src/utils/errorTracking.js:138:13)
      at ErrorTracker.captureError (C:/Users/ferna/Downloads/appforge-main/src/utils/errorTracking.js:105:10)
      at C:/Users/ferna/Downloads/appforge-main/src/utils/__tests__/errorTracking.test.js:40:20
      at file:///C:/Users/ferna/Downloads/appforge-main/node_modules/@vitest/runner/dist/index.js:145:11 {
    code: 'ERR_INVALID_URL',
    input: '/api/errors/report'
  }
}
Failed to report error to backend: TypeError: Failed to parse URL from /api/errors/report
    at node:internal/deps/undici/undici:16416:13
    at processTicksAndRejections (node:internal/process/task_queues:103:5)
    at ErrorTracker.reportToBackend (C:/Users/ferna/Downloads/appforge-main/src/utils/errorTracking.js:138:7) {
  [cause]: TypeError: Invalid URL
      at new URL (node:internal/url:828:25)
      at new URL$1 (file:///C:/Users/ferna/Downloads/appforge-main/node_modules/vitest/dist/chunks/index.CyBMJtT7.js:556:9)
      at new Request (node:internal/deps/undici/undici:10971:25)
      at fetch (node:internal/deps/undici/undici:11891:25)
      at fetch (node:internal/deps/undici/undici:16414:10)
      at fetch (node:internal/bootstrap/web/exposed-window-or-worker:83:12)
      at ErrorTracker.reportToBackend (C:/Users/ferna/Downloads/appforge-main/src/utils/errorTracking.js:138:13)
      at ErrorTracker.captureError (C:/Users/ferna/Downloads/appforge-main/src/utils/errorTracking.js:105:10)
      at C:/Users/ferna/Downloads/appforge-main/src/utils/__tests__/errorTracking.test.js:40:20
      at file:///C:/Users/ferna/Downloads/appforge-main/node_modules/@vitest/runner/dist/index.js:145:11 {
    code: 'ERR_INVALID_URL',
    input: '/api/errors/report'
  }
}
Failed to report error to backend: TypeError: Failed to parse URL from /api/errors/report
    at node:internal/deps/undici/undici:16416:13
    at processTicksAndRejections (node:internal/process/task_queues:103:5)
    at ErrorTracker.reportToBackend (C:/Users/ferna/Downloads/appforge-main/src/utils/errorTracking.js:138:7) {
  [cause]: TypeError: Invalid URL
      at new URL (node:internal/url:828:25)
      at new URL$1 (file:///C:/Users/ferna/Downloads/appforge-main/node_modules/vitest/dist/chunks/index.CyBMJtT7.js:556:9)
      at new Request (node:internal/deps/undici/undici:10971:25)
      at fetch (node:internal/deps/undici/undici:11891:25)
      at fetch (node:internal/deps/undici/undici:16414:10)
      at fetch (node:internal/bootstrap/web/exposed-window-or-worker:83:12)
      at ErrorTracker.reportToBackend (C:/Users/ferna/Downloads/appforge-main/src/utils/errorTracking.js:138:13)
      at ErrorTracker.captureError (C:/Users/ferna/Downloads/appforge-main/src/utils/errorTracking.js:105:10)
      at C:/Users/ferna/Downloads/appforge-main/src/utils/__tests__/errorTracking.test.js:40:20
      at file:///C:/Users/ferna/Downloads/appforge-main/node_modules/@vitest/runner/dist/index.js:145:11 {
    code: 'ERR_INVALID_URL',
    input: '/api/errors/report'
  }
}
Failed to report error to backend: TypeError: Failed to parse URL from /api/errors/report
    at node:internal/deps/undici/undici:16416:13
    at processTicksAndRejections (node:internal/process/task_queues:103:5)
    at ErrorTracker.reportToBackend (C:/Users/ferna/Downloads/appforge-main/src/utils/errorTracking.js:138:7) {
  [cause]: TypeError: Invalid URL
      at new URL (node:internal/url:828:25)
      at new URL$1 (file:///C:/Users/ferna/Downloads/appforge-main/node_modules/vitest/dist/chunks/index.CyBMJtT7.js:556:9)
      at new Request (node:internal/deps/undici/undici:10971:25)
      at fetch (node:internal/deps/undici/undici:11891:25)
      at fetch (node:internal/deps/undici/undici:16414:10)
      at fetch (node:internal/bootstrap/web/exposed-window-or-worker:83:12)
      at ErrorTracker.reportToBackend (C:/Users/ferna/Downloads/appforge-main/src/utils/errorTracking.js:138:13)
      at ErrorTracker.captureError (C:/Users/ferna/Downloads/appforge-main/src/utils/errorTracking.js:105:10)
      at C:/Users/ferna/Downloads/appforge-main/src/utils/__tests__/errorTracking.test.js:40:20
      at file:///C:/Users/ferna/Downloads/appforge-main/node_modules/@vitest/runner/dist/index.js:145:11 {
    code: 'ERR_INVALID_URL',
    input: '/api/errors/report'
  }
}
Failed to report error to backend: TypeError: Failed to parse URL from /api/errors/report
    at node:internal/deps/undici/undici:16416:13
    at processTicksAndRejections (node:internal/process/task_queues:103:5)
    at ErrorTracker.reportToBackend (C:/Users/ferna/Downloads/appforge-main/src/utils/errorTracking.js:138:7) {
  [cause]: TypeError: Invalid URL
      at new URL (node:internal/url:828:25)
      at new URL$1 (file:///C:/Users/ferna/Downloads/appforge-main/node_modules/vitest/dist/chunks/index.CyBMJtT7.js:556:9)
      at new Request (node:internal/deps/undici/undici:10971:25)
      at fetch (node:internal/deps/undici/undici:11891:25)
      at fetch (node:internal/deps/undici/undici:16414:10)
      at fetch (node:internal/bootstrap/web/exposed-window-or-worker:83:12)
      at ErrorTracker.reportToBackend (C:/Users/ferna/Downloads/appforge-main/src/utils/errorTracking.js:138:13)
      at ErrorTracker.captureError (C:/Users/ferna/Downloads/appforge-main/src/utils/errorTracking.js:105:10)
      at C:/Users/ferna/Downloads/appforge-main/src/utils/__tests__/errorTracking.test.js:40:20
      at file:///C:/Users/ferna/Downloads/appforge-main/node_modules/@vitest/runner/dist/index.js:145:11 {
    code: 'ERR_INVALID_URL',
    input: '/api/errors/report'
  }
}
Failed to report error to backend: TypeError: Failed to parse URL from /api/errors/report
    at node:internal/deps/undici/undici:16416:13
    at processTicksAndRejections (node:internal/process/task_queues:103:5)
    at ErrorTracker.reportToBackend (C:/Users/ferna/Downloads/appforge-main/src/utils/errorTracking.js:138:7) {
  [cause]: TypeError: Invalid URL
      at new URL (node:internal/url:828:25)
      at new URL$1 (file:///C:/Users/ferna/Downloads/appforge-main/node_modules/vitest/dist/chunks/index.CyBMJtT7.js:556:9)
      at new Request (node:internal/deps/undici/undici:10971:25)
      at fetch (node:internal/deps/undici/undici:11891:25)
      at fetch (node:internal/deps/undici/undici:16414:10)
      at fetch (node:internal/bootstrap/web/exposed-window-or-worker:83:12)
      at ErrorTracker.reportToBackend (C:/Users/ferna/Downloads/appforge-main/src/utils/errorTracking.js:138:13)
      at ErrorTracker.captureError (C:/Users/ferna/Downloads/appforge-main/src/utils/errorTracking.js:105:10)
      at C:/Users/ferna/Downloads/appforge-main/src/utils/__tests__/errorTracking.test.js:40:20
      at file:///C:/Users/ferna/Downloads/appforge-main/node_modules/@vitest/runner/dist/index.js:145:11 {
    code: 'ERR_INVALID_URL',
    input: '/api/errors/report'
  }
}
Failed to report error to backend: TypeError: Failed to parse URL from /api/errors/report
    at node:internal/deps/undici/undici:16416:13
    at processTicksAndRejections (node:internal/process/task_queues:103:5)
    at ErrorTracker.reportToBackend (C:/Users/ferna/Downloads/appforge-main/src/utils/errorTracking.js:138:7) {
  [cause]: TypeError: Invalid URL
      at new URL (node:internal/url:828:25)
      at new URL$1 (file:///C:/Users/ferna/Downloads/appforge-main/node_modules/vitest/dist/chunks/index.CyBMJtT7.js:556:9)
      at new Request (node:internal/deps/undici/undici:10971:25)
      at fetch (node:internal/deps/undici/undici:11891:25)
      at fetch (node:internal/deps/undici/undici:16414:10)
      at fetch (node:internal/bootstrap/web/exposed-window-or-worker:83:12)
      at ErrorTracker.reportToBackend (C:/Users/ferna/Downloads/appforge-main/src/utils/errorTracking.js:138:13)
      at ErrorTracker.captureError (C:/Users/ferna/Downloads/appforge-main/src/utils/errorTracking.js:105:10)
      at C:/Users/ferna/Downloads/appforge-main/src/utils/__tests__/errorTracking.test.js:40:20
      at file:///C:/Users/ferna/Downloads/appforge-main/node_modules/@vitest/runner/dist/index.js:145:11 {
    code: 'ERR_INVALID_URL',
    input: '/api/errors/report'
  }
}
Failed to report error to backend: TypeError: Failed to parse URL from /api/errors/report
    at node:internal/deps/undici/undici:16416:13
    at processTicksAndRejections (node:internal/process/task_queues:103:5)
    at ErrorTracker.reportToBackend (C:/Users/ferna/Downloads/appforge-main/src/utils/errorTracking.js:138:7) {
  [cause]: TypeError: Invalid URL
      at new URL (node:internal/url:828:25)
      at new URL$1 (file:///C:/Users/ferna/Downloads/appforge-main/node_modules/vitest/dist/chunks/index.CyBMJtT7.js:556:9)
      at new Request (node:internal/deps/undici/undici:10971:25)
      at fetch (node:internal/deps/undici/undici:11891:25)
      at fetch (node:internal/deps/undici/undici:16414:10)
      at fetch (node:internal/bootstrap/web/exposed-window-or-worker:83:12)
      at ErrorTracker.reportToBackend (C:/Users/ferna/Downloads/appforge-main/src/utils/errorTracking.js:138:13)
      at ErrorTracker.captureError (C:/Users/ferna/Downloads/appforge-main/src/utils/errorTracking.js:105:10)
      at C:/Users/ferna/Downloads/appforge-main/src/utils/__tests__/errorTracking.test.js:40:20
      at file:///C:/Users/ferna/Downloads/appforge-main/node_modules/@vitest/runner/dist/index.js:145:11 {
    code: 'ERR_INVALID_URL',
    input: '/api/errors/report'
  }
}
Failed to report error to backend: TypeError: Failed to parse URL from /api/errors/report
    at node:internal/deps/undici/undici:16416:13
    at processTicksAndRejections (node:internal/process/task_queues:103:5)
    at ErrorTracker.reportToBackend (C:/Users/ferna/Downloads/appforge-main/src/utils/errorTracking.js:138:7) {
  [cause]: TypeError: Invalid URL
      at new URL (node:internal/url:828:25)
      at new URL$1 (file:///C:/Users/ferna/Downloads/appforge-main/node_modules/vitest/dist/chunks/index.CyBMJtT7.js:556:9)
      at new Request (node:internal/deps/undici/undici:10971:25)
      at fetch (node:internal/deps/undici/undici:11891:25)
      at fetch (node:internal/deps/undici/undici:16414:10)
      at fetch (node:internal/bootstrap/web/exposed-window-or-worker:83:12)
      at ErrorTracker.reportToBackend (C:/Users/ferna/Downloads/appforge-main/src/utils/errorTracking.js:138:13)
      at ErrorTracker.captureError (C:/Users/ferna/Downloads/appforge-main/src/utils/errorTracking.js:105:10)
      at C:/Users/ferna/Downloads/appforge-main/src/utils/__tests__/errorTracking.test.js:40:20
      at file:///C:/Users/ferna/Downloads/appforge-main/node_modules/@vitest/runner/dist/index.js:145:11 {
    code: 'ERR_INVALID_URL',
    input: '/api/errors/report'
  }
}
Failed to report error to backend: TypeError: Failed to parse URL from /api/errors/report
    at node:internal/deps/undici/undici:16416:13
    at processTicksAndRejections (node:internal/process/task_queues:103:5)
    at ErrorTracker.reportToBackend (C:/Users/ferna/Downloads/appforge-main/src/utils/errorTracking.js:138:7) {
  [cause]: TypeError: Invalid URL
      at new URL (node:internal/url:828:25)
      at new URL$1 (file:///C:/Users/ferna/Downloads/appforge-main/node_modules/vitest/dist/chunks/index.CyBMJtT7.js:556:9)
      at new Request (node:internal/deps/undici/undici:10971:25)
      at fetch (node:internal/deps/undici/undici:11891:25)
      at fetch (node:internal/deps/undici/undici:16414:10)
      at fetch (node:internal/bootstrap/web/exposed-window-or-worker:83:12)
      at ErrorTracker.reportToBackend (C:/Users/ferna/Downloads/appforge-main/src/utils/errorTracking.js:138:13)
      at ErrorTracker.captureError (C:/Users/ferna/Downloads/appforge-main/src/utils/errorTracking.js:105:10)
      at C:/Users/ferna/Downloads/appforge-main/src/utils/__tests__/errorTracking.test.js:40:20
      at file:///C:/Users/ferna/Downloads/appforge-main/node_modules/@vitest/runner/dist/index.js:145:11 {
    code: 'ERR_INVALID_URL',
    input: '/api/errors/report'
  }
}
Failed to report error to backend: TypeError: Failed to parse URL from /api/errors/report
    at node:internal/deps/undici/undici:16416:13
    at processTicksAndRejections (node:internal/process/task_queues:103:5)
    at ErrorTracker.reportToBackend (C:/Users/ferna/Downloads/appforge-main/src/utils/errorTracking.js:138:7) {
  [cause]: TypeError: Invalid URL
      at new URL (node:internal/url:828:25)
      at new URL$1 (file:///C:/Users/ferna/Downloads/appforge-main/node_modules/vitest/dist/chunks/index.CyBMJtT7.js:556:9)
      at new Request (node:internal/deps/undici/undici:10971:25)
      at fetch (node:internal/deps/undici/undici:11891:25)
      at fetch (node:internal/deps/undici/undici:16414:10)
      at fetch (node:internal/bootstrap/web/exposed-window-or-worker:83:12)
      at ErrorTracker.reportToBackend (C:/Users/ferna/Downloads/appforge-main/src/utils/errorTracking.js:138:13)
      at ErrorTracker.captureError (C:/Users/ferna/Downloads/appforge-main/src/utils/errorTracking.js:105:10)
      at C:/Users/ferna/Downloads/appforge-main/src/utils/__tests__/errorTracking.test.js:40:20
      at file:///C:/Users/ferna/Downloads/appforge-main/node_modules/@vitest/runner/dist/index.js:145:11 {
    code: 'ERR_INVALID_URL',
    input: '/api/errors/report'
  }
}
Failed to report error to backend: TypeError: Failed to parse URL from /api/errors/report
    at node:internal/deps/undici/undici:16416:13
    at processTicksAndRejections (node:internal/process/task_queues:103:5)
    at ErrorTracker.reportToBackend (C:/Users/ferna/Downloads/appforge-main/src/utils/errorTracking.js:138:7) {
  [cause]: TypeError: Invalid URL
      at new URL (node:internal/url:828:25)
      at new URL$1 (file:///C:/Users/ferna/Downloads/appforge-main/node_modules/vitest/dist/chunks/index.CyBMJtT7.js:556:9)
      at new Request (node:internal/deps/undici/undici:10971:25)
      at fetch (node:internal/deps/undici/undici:11891:25)
      at fetch (node:internal/deps/undici/undici:16414:10)
      at fetch (node:internal/bootstrap/web/exposed-window-or-worker:83:12)
      at ErrorTracker.reportToBackend (C:/Users/ferna/Downloads/appforge-main/src/utils/errorTracking.js:138:13)
      at ErrorTracker.captureError (C:/Users/ferna/Downloads/appforge-main/src/utils/errorTracking.js:105:10)
      at C:/Users/ferna/Downloads/appforge-main/src/utils/__tests__/errorTracking.test.js:40:20
      at file:///C:/Users/ferna/Downloads/appforge-main/node_modules/@vitest/runner/dist/index.js:145:11 {
    code: 'ERR_INVALID_URL',
    input: '/api/errors/report'
  }
}
Failed to report error to backend: TypeError: Failed to parse URL from /api/errors/report
    at node:internal/deps/undici/undici:16416:13
    at processTicksAndRejections (node:internal/process/task_queues:103:5)
    at ErrorTracker.reportToBackend (C:/Users/ferna/Downloads/appforge-main/src/utils/errorTracking.js:138:7) {
  [cause]: TypeError: Invalid URL
      at new URL (node:internal/url:828:25)
      at new URL$1 (file:///C:/Users/ferna/Downloads/appforge-main/node_modules/vitest/dist/chunks/index.CyBMJtT7.js:556:9)
      at new Request (node:internal/deps/undici/undici:10971:25)
      at fetch (node:internal/deps/undici/undici:11891:25)
      at fetch (node:internal/deps/undici/undici:16414:10)
      at fetch (node:internal/bootstrap/web/exposed-window-or-worker:83:12)
      at ErrorTracker.reportToBackend (C:/Users/ferna/Downloads/appforge-main/src/utils/errorTracking.js:138:13)
      at ErrorTracker.captureError (C:/Users/ferna/Downloads/appforge-main/src/utils/errorTracking.js:105:10)
      at C:/Users/ferna/Downloads/appforge-main/src/utils/__tests__/errorTracking.test.js:40:20
      at file:///C:/Users/ferna/Downloads/appforge-main/node_modules/@vitest/runner/dist/index.js:145:11 {
    code: 'ERR_INVALID_URL',
    input: '/api/errors/report'
  }
}
Failed to report error to backend: TypeError: Failed to parse URL from /api/errors/report
    at node:internal/deps/undici/undici:16416:13
    at processTicksAndRejections (node:internal/process/task_queues:103:5)
    at ErrorTracker.reportToBackend (C:/Users/ferna/Downloads/appforge-main/src/utils/errorTracking.js:138:7) {
  [cause]: TypeError: Invalid URL
      at new URL (node:internal/url:828:25)
      at new URL$1 (file:///C:/Users/ferna/Downloads/appforge-main/node_modules/vitest/dist/chunks/index.CyBMJtT7.js:556:9)
      at new Request (node:internal/deps/undici/undici:10971:25)
      at fetch (node:internal/deps/undici/undici:11891:25)
      at fetch (node:internal/deps/undici/undici:16414:10)
      at fetch (node:internal/bootstrap/web/exposed-window-or-worker:83:12)
      at ErrorTracker.reportToBackend (C:/Users/ferna/Downloads/appforge-main/src/utils/errorTracking.js:138:13)
      at ErrorTracker.captureError (C:/Users/ferna/Downloads/appforge-main/src/utils/errorTracking.js:105:10)
      at C:/Users/ferna/Downloads/appforge-main/src/utils/__tests__/errorTracking.test.js:40:20
      at file:///C:/Users/ferna/Downloads/appforge-main/node_modules/@vitest/runner/dist/index.js:145:11 {
    code: 'ERR_INVALID_URL',
    input: '/api/errors/report'
  }
}
Failed to report error to backend: TypeError: Failed to parse URL from /api/errors/report
    at node:internal/deps/undici/undici:16416:13
    at processTicksAndRejections (node:internal/process/task_queues:103:5)
    at ErrorTracker.reportToBackend (C:/Users/ferna/Downloads/appforge-main/src/utils/errorTracking.js:138:7) {
  [cause]: TypeError: Invalid URL
      at new URL (node:internal/url:828:25)
      at new URL$1 (file:///C:/Users/ferna/Downloads/appforge-main/node_modules/vitest/dist/chunks/index.CyBMJtT7.js:556:9)
      at new Request (node:internal/deps/undici/undici:10971:25)
      at fetch (node:internal/deps/undici/undici:11891:25)
      at fetch (node:internal/deps/undici/undici:16414:10)
      at fetch (node:internal/bootstrap/web/exposed-window-or-worker:83:12)
      at ErrorTracker.reportToBackend (C:/Users/ferna/Downloads/appforge-main/src/utils/errorTracking.js:138:13)
      at ErrorTracker.captureError (C:/Users/ferna/Downloads/appforge-main/src/utils/errorTracking.js:105:10)
      at C:/Users/ferna/Downloads/appforge-main/src/utils/__tests__/errorTracking.test.js:40:20
      at file:///C:/Users/ferna/Downloads/appforge-main/node_modules/@vitest/runner/dist/index.js:145:11 {
    code: 'ERR_INVALID_URL',
    input: '/api/errors/report'
  }
}
Failed to report error to backend: TypeError: Failed to parse URL from /api/errors/report
    at node:internal/deps/undici/undici:16416:13
    at processTicksAndRejections (node:internal/process/task_queues:103:5)
    at ErrorTracker.reportToBackend (C:/Users/ferna/Downloads/appforge-main/src/utils/errorTracking.js:138:7) {
  [cause]: TypeError: Invalid URL
      at new URL (node:internal/url:828:25)
      at new URL$1 (file:///C:/Users/ferna/Downloads/appforge-main/node_modules/vitest/dist/chunks/index.CyBMJtT7.js:556:9)
      at new Request (node:internal/deps/undici/undici:10971:25)
      at fetch (node:internal/deps/undici/undici:11891:25)
      at fetch (node:internal/deps/undici/undici:16414:10)
      at fetch (node:internal/bootstrap/web/exposed-window-or-worker:83:12)
      at ErrorTracker.reportToBackend (C:/Users/ferna/Downloads/appforge-main/src/utils/errorTracking.js:138:13)
      at ErrorTracker.captureError (C:/Users/ferna/Downloads/appforge-main/src/utils/errorTracking.js:105:10)
      at C:/Users/ferna/Downloads/appforge-main/src/utils/__tests__/errorTracking.test.js:40:20
      at file:///C:/Users/ferna/Downloads/appforge-main/node_modules/@vitest/runner/dist/index.js:145:11 {
    code: 'ERR_INVALID_URL',
    input: '/api/errors/report'
  }
}
Failed to report error to backend: TypeError: Failed to parse URL from /api/errors/report
    at node:internal/deps/undici/undici:16416:13
    at processTicksAndRejections (node:internal/process/task_queues:103:5)
    at ErrorTracker.reportToBackend (C:/Users/ferna/Downloads/appforge-main/src/utils/errorTracking.js:138:7) {
  [cause]: TypeError: Invalid URL
      at new URL (node:internal/url:828:25)
      at new URL$1 (file:///C:/Users/ferna/Downloads/appforge-main/node_modules/vitest/dist/chunks/index.CyBMJtT7.js:556:9)
      at new Request (node:internal/deps/undici/undici:10971:25)
      at fetch (node:internal/deps/undici/undici:11891:25)
      at fetch (node:internal/deps/undici/undici:16414:10)
      at fetch (node:internal/bootstrap/web/exposed-window-or-worker:83:12)
      at ErrorTracker.reportToBackend (C:/Users/ferna/Downloads/appforge-main/src/utils/errorTracking.js:138:13)
      at ErrorTracker.captureError (C:/Users/ferna/Downloads/appforge-main/src/utils/errorTracking.js:105:10)
      at C:/Users/ferna/Downloads/appforge-main/src/utils/__tests__/errorTracking.test.js:40:20
      at file:///C:/Users/ferna/Downloads/appforge-main/node_modules/@vitest/runner/dist/index.js:145:11 {
    code: 'ERR_INVALID_URL',
    input: '/api/errors/report'
  }
}
Failed to report error to backend: TypeError: Failed to parse URL from /api/errors/report
    at node:internal/deps/undici/undici:16416:13
    at processTicksAndRejections (node:internal/process/task_queues:103:5)
    at ErrorTracker.reportToBackend (C:/Users/ferna/Downloads/appforge-main/src/utils/errorTracking.js:138:7) {
  [cause]: TypeError: Invalid URL
      at new URL (node:internal/url:828:25)
      at new URL$1 (file:///C:/Users/ferna/Downloads/appforge-main/node_modules/vitest/dist/chunks/index.CyBMJtT7.js:556:9)
      at new Request (node:internal/deps/undici/undici:10971:25)
      at fetch (node:internal/deps/undici/undici:11891:25)
      at fetch (node:internal/deps/undici/undici:16414:10)
      at fetch (node:internal/bootstrap/web/exposed-window-or-worker:83:12)
      at ErrorTracker.reportToBackend (C:/Users/ferna/Downloads/appforge-main/src/utils/errorTracking.js:138:13)
      at ErrorTracker.captureError (C:/Users/ferna/Downloads/appforge-main/src/utils/errorTracking.js:105:10)
      at C:/Users/ferna/Downloads/appforge-main/src/utils/__tests__/errorTracking.test.js:40:20
      at file:///C:/Users/ferna/Downloads/appforge-main/node_modules/@vitest/runner/dist/index.js:145:11 {
    code: 'ERR_INVALID_URL',
    input: '/api/errors/report'
  }
}
Failed to report error to backend: TypeError: Failed to parse URL from /api/errors/report
    at node:internal/deps/undici/undici:16416:13
    at processTicksAndRejections (node:internal/process/task_queues:103:5)
    at ErrorTracker.reportToBackend (C:/Users/ferna/Downloads/appforge-main/src/utils/errorTracking.js:138:7) {
  [cause]: TypeError: Invalid URL
      at new URL (node:internal/url:828:25)
      at new URL$1 (file:///C:/Users/ferna/Downloads/appforge-main/node_modules/vitest/dist/chunks/index.CyBMJtT7.js:556:9)
      at new Request (node:internal/deps/undici/undici:10971:25)
      at fetch (node:internal/deps/undici/undici:11891:25)
      at fetch (node:internal/deps/undici/undici:16414:10)
      at fetch (node:internal/bootstrap/web/exposed-window-or-worker:83:12)
      at ErrorTracker.reportToBackend (C:/Users/ferna/Downloads/appforge-main/src/utils/errorTracking.js:138:13)
      at ErrorTracker.captureError (C:/Users/ferna/Downloads/appforge-main/src/utils/errorTracking.js:105:10)
      at C:/Users/ferna/Downloads/appforge-main/src/utils/__tests__/errorTracking.test.js:40:20
      at file:///C:/Users/ferna/Downloads/appforge-main/node_modules/@vitest/runner/dist/index.js:145:11 {
    code: 'ERR_INVALID_URL',
    input: '/api/errors/report'
  }
}
Failed to report error to backend: TypeError: Failed to parse URL from /api/errors/report
    at node:internal/deps/undici/undici:16416:13
    at processTicksAndRejections (node:internal/process/task_queues:103:5)
    at ErrorTracker.reportToBackend (C:/Users/ferna/Downloads/appforge-main/src/utils/errorTracking.js:138:7) {
  [cause]: TypeError: Invalid URL
      at new URL (node:internal/url:828:25)
      at new URL$1 (file:///C:/Users/ferna/Downloads/appforge-main/node_modules/vitest/dist/chunks/index.CyBMJtT7.js:556:9)
      at new Request (node:internal/deps/undici/undici:10971:25)
      at fetch (node:internal/deps/undici/undici:11891:25)
      at fetch (node:internal/deps/undici/undici:16414:10)
      at fetch (node:internal/bootstrap/web/exposed-window-or-worker:83:12)
      at ErrorTracker.reportToBackend (C:/Users/ferna/Downloads/appforge-main/src/utils/errorTracking.js:138:13)
      at ErrorTracker.captureError (C:/Users/ferna/Downloads/appforge-main/src/utils/errorTracking.js:105:10)
      at C:/Users/ferna/Downloads/appforge-main/src/utils/__tests__/errorTracking.test.js:40:20
      at file:///C:/Users/ferna/Downloads/appforge-main/node_modules/@vitest/runner/dist/index.js:145:11 {
    code: 'ERR_INVALID_URL',
    input: '/api/errors/report'
  }
}
Failed to report error to backend: TypeError: Failed to parse URL from /api/errors/report
    at node:internal/deps/undici/undici:16416:13
    at processTicksAndRejections (node:internal/process/task_queues:103:5)
    at ErrorTracker.reportToBackend (C:/Users/ferna/Downloads/appforge-main/src/utils/errorTracking.js:138:7) {
  [cause]: TypeError: Invalid URL
      at new URL (node:internal/url:828:25)
      at new URL$1 (file:///C:/Users/ferna/Downloads/appforge-main/node_modules/vitest/dist/chunks/index.CyBMJtT7.js:556:9)
      at new Request (node:internal/deps/undici/undici:10971:25)
      at fetch (node:internal/deps/undici/undici:11891:25)
      at fetch (node:internal/deps/undici/undici:16414:10)
      at fetch (node:internal/bootstrap/web/exposed-window-or-worker:83:12)
      at ErrorTracker.reportToBackend (C:/Users/ferna/Downloads/appforge-main/src/utils/errorTracking.js:138:13)
      at ErrorTracker.captureError (C:/Users/ferna/Downloads/appforge-main/src/utils/errorTracking.js:105:10)
      at C:/Users/ferna/Downloads/appforge-main/src/utils/__tests__/errorTracking.test.js:40:20
      at file:///C:/Users/ferna/Downloads/appforge-main/node_modules/@vitest/runner/dist/index.js:145:11 {
    code: 'ERR_INVALID_URL',
    input: '/api/errors/report'
  }
}
Failed to report error to backend: TypeError: Failed to parse URL from /api/errors/report
    at node:internal/deps/undici/undici:16416:13
    at processTicksAndRejections (node:internal/process/task_queues:103:5)
    at ErrorTracker.reportToBackend (C:/Users/ferna/Downloads/appforge-main/src/utils/errorTracking.js:138:7) {
  [cause]: TypeError: Invalid URL
      at new URL (node:internal/url:828:25)
      at new URL$1 (file:///C:/Users/ferna/Downloads/appforge-main/node_modules/vitest/dist/chunks/index.CyBMJtT7.js:556:9)
      at new Request (node:internal/deps/undici/undici:10971:25)
      at fetch (node:internal/deps/undici/undici:11891:25)
      at fetch (node:internal/deps/undici/undici:16414:10)
      at fetch (node:internal/bootstrap/web/exposed-window-or-worker:83:12)
      at ErrorTracker.reportToBackend (C:/Users/ferna/Downloads/appforge-main/src/utils/errorTracking.js:138:13)
      at ErrorTracker.captureError (C:/Users/ferna/Downloads/appforge-main/src/utils/errorTracking.js:105:10)
      at C:/Users/ferna/Downloads/appforge-main/src/utils/__tests__/errorTracking.test.js:40:20
      at file:///C:/Users/ferna/Downloads/appforge-main/node_modules/@vitest/runner/dist/index.js:145:11 {
    code: 'ERR_INVALID_URL',
    input: '/api/errors/report'
  }
}

stderr | src/utils/__tests__/errorTracking.test.js > Error Tracker > clears errors
Failed to report error to backend: TypeError: Failed to parse URL from /api/errors/report
    at node:internal/deps/undici/undici:16416:13
    at processTicksAndRejections (node:internal/process/task_queues:103:5)
    at ErrorTracker.reportToBackend (C:/Users/ferna/Downloads/appforge-main/src/utils/errorTracking.js:138:7) {
  [cause]: TypeError: Invalid URL
      at new URL (node:internal/url:828:25)
      at new URL$1 (file:///C:/Users/ferna/Downloads/appforge-main/node_modules/vitest/dist/chunks/index.CyBMJtT7.js:556:9)
      at new Request (node:internal/deps/undici/undici:10971:25)
      at fetch (node:internal/deps/undici/undici:11891:25)
      at fetch (node:internal/deps/undici/undici:16414:10)
      at fetch (node:internal/bootstrap/web/exposed-window-or-worker:83:12)
      at ErrorTracker.reportToBackend (C:/Users/ferna/Downloads/appforge-main/src/utils/errorTracking.js:138:13)
      at ErrorTracker.captureError (C:/Users/ferna/Downloads/appforge-main/src/utils/errorTracking.js:105:10)
      at C:/Users/ferna/Downloads/appforge-main/src/utils/__tests__/errorTracking.test.js:58:18
      at file:///C:/Users/ferna/Downloads/appforge-main/node_modules/@vitest/runner/dist/index.js:145:11 {
    code: 'ERR_INVALID_URL',
    input: '/api/errors/report'
  }
}

 [32mΓ£ô[39m src/utils/__tests__/errorTracking.test.js [2m([22m[2m5 tests[22m[2m)[22m[33m 2681[2mms[22m[39m
     [33m[2mΓ£ô[22m[39m limits stored errors to max count [33m 2611[2mms[22m[39m
[90mstdout[2m | src/utils/__tests__/performance.test.js[2m > [22m[2mPerformance Monitor[2m > [22m[2mrecords metrics
[22m[39m≡ƒôè Performance [test]: { duration: [33m100[39m }

[90mstdout[2m | src/utils/__tests__/performance.test.js[2m > [22m[2mPerformance Monitor[2m > [22m[2mmeasures render time
[22m[39m≡ƒôè Performance [render]: { component: [32m'TestComponent'[39m, duration: [33m0.02050000000053842[39m }

[90mstdout[2m | src/utils/__tests__/performance.test.js[2m > [22m[2mPerformance Monitor[2m > [22m[2mhandles async operations
[22m[39m≡ƒôè Performance [render]: { component: [32m'AsyncComponent'[39m, duration: [33m11.240299999999479[39m }

[90mstdout[2m | src/utils/__tests__/performance.test.js[2m > [22m[2mPerformance Monitor[2m > [22m[2mmarks and measures custom timings
[22m[39m≡ƒôè Performance [custom]: { name: [32m'operation'[39m, duration: [33m0.45319999999992433[39m }

[90mstdout[2m | src/utils/__tests__/performance.test.js[2m > [22m[2mPerformance Monitor[2m > [22m[2mgenerates performance report
[22m[39m≡ƒôè Performance [render]: { duration: [33m50[39m }
≡ƒôè Performance [render]: { duration: [33m100[39m }
≡ƒôè Performance [api]: { duration: [33m200[39m }

[90mstdout[2m | src/utils/__tests__/performance.test.js[2m > [22m[2mPerformance Monitor[2m > [22m[2mcalculates average metrics
[22m[39m≡ƒôè Performance [render]: { duration: [33m50[39m }
≡ƒôè Performance [render]: { duration: [33m100[39m }

 [32mΓ£ô[39m src/utils/__tests__/performance.test.js [2m([22m[2m6 tests[22m[2m)[22m[32m 38[2mms[22m[39m
 [32mΓ£ô[39m src/utils/__tests__/mlIntegration.test.js [2m([22m[2m4 tests[22m[2m)[22m[32m 14[2mms[22m[39m
 [31mΓ¥»[39m src/tests/e2e/navigation.spec.js [2m([22m[2m0 test[22m[2m)[22m
 [32mΓ£ô[39m src/utils/__tests__/quantumComputing.test.js [2m([22m[2m31 tests[22m[2m)[22m[32m 155[2mms[22m[39m
 [32mΓ£ô[39m src/utils/__tests__/refactoringEngine.test.js [2m([22m[2m3 tests[22m[2m)[22m[32m 13[2mms[22m[39m
 [32mΓ£ô[39m src/utils/__tests__/searchAnalytics.test.js [2m([22m[2m21 tests[22m[2m)[22m[32m 34[2mms[22m[39m
 [32mΓ£ô[39m src/utils/__tests__/searchIndexing.test.js [2m([22m[2m33 tests[22m[2m)[22m[32m 57[2mms[22m[39m
 [32mΓ£ô[39m src/utils/__tests__/teamCollaboration.test.js [2m([22m[2m23 tests[22m[2m)[22m[32m 35[2mms[22m[39m
 [32mΓ£ô[39m src/utils/__tests__/security.test.js [2m([22m[2m30 tests[22m[2m)[22m[33m 680[2mms[22m[39m
       [33m[2mΓ£ô[22m[39m should limit log storage [33m 647[2mms[22m[39m
 [32mΓ£ô[39m src/utils/__tests__/webhooks.test.js [2m([22m[2m13 tests[22m[2m)[22m[32m 144[2mms[22m[39m
 [32mΓ£ô[39m swarm/node_modules/strnum/strnum.test.js [2m([22m[2m16 tests[22m[2m)[22m[32m 38[2mms[22m[39m
[90mstdout[2m | swarm/core/__tests__/collective_reasoning.test.ts
[22m[39m≡ƒîî Quantum Engine v3.0 [Holographic Architecture] Online

[90mstdout[2m | swarm/core/__tests__/collective_reasoning.test.ts
[22m[39m≡ƒôÜ [Quantum] Loaded 1 saved states

[90mstdout[2m | swarm/core/__tests__/collective_reasoning.test.ts
[22m[39m≡ƒôÜ [Quantum] Loaded Oracle learning state

 [31mΓ¥»[39m swarm/core/__tests__/collective_reasoning.test.ts [2m([22m[2m0 test[22m[2m)[22m
 [31mΓ¥»[39m swarm/node_modules/universal-user-agent/index.test.js [2m([22m[2m0 test[22m[2m)[22m
 [32mΓ£ô[39m backend/node_modules/entities/src/decode.spec.ts [2m([22m[2m48 tests[22m[2m)[22m[32m 35[2mms[22m[39m
 [32mΓ£ô[39m backend/node_modules/entities/src/escape.spec.ts [2m([22m[2m2 tests[22m[2m)[22m[32m 8[2mms[22m[39m
 [32mΓ£ô[39m backend/node_modules/entities/src/encode.spec.ts [2m([22m[2m23 tests[22m[2m)[22m[32m 34[2mms[22m[39m
 [31mΓ¥»[39m backend/node_modules/entities/src/index.spec.ts [2m([22m[2m0 test[22m[2m)[22m
 [31mΓ¥»[39m backend/node_modules/jpeg-exif/test/index.test.js [2m([22m[2m19 tests[22m[2m | [22m[31m9 failed[39m[2m)[22m[32m 250[2mms[22m[39m
     [32mΓ£ô[39m file {undefined}[32m 8[2mms[22m[39m
     [32mΓ£ô[39m file {null}[32m 190[2mms[22m[39m
     [32mΓ£ô[39m APP1:#0xffe1[32m 6[2mms[22m[39m
     [32mΓ£ô[39m APP0:#0xffe0[32m 6[2mms[22m[39m
     [32mΓ£ô[39m !(APP1:#0xffe1||APP0:#0xffe0)[32m 1[2mms[22m[39m
     [32mΓ£ô[39m [SubExif][32m 1[2mms[22m[39m
     [32mΓ£ô[39m [GPSInfo][32m 1[2mms[22m[39m
     [32mΓ£ô[39m file {undefined}[32m 1[2mms[22m[39m
     [32mΓ£ô[39m file {null}[32m 1[2mms[22m[39m
[31m     [31m├ù[31m APP1:#0xffe1[39m[32m 7[2mms[22m[39m
[31m     [31m├ù[31m !APP1:#0xffe1[39m[32m 2[2mms[22m[39m
[31m     [31m├ù[31m [SubExif][39m[32m 1[2mms[22m[39m
[31m     [31m├ù[31m [GPSInfo][39m[32m 2[2mms[22m[39m
[31m     [31m├ù[31m TIFF[39m[32m 7[2mms[22m[39m
     [32mΓ£ô[39m file {undefined}[32m 1[2mms[22m[39m
[31m     [31m├ù[31m APP1:#0xffe1[39m[32m 2[2mms[22m[39m
[31m     [31m├ù[31m !APP1:#0xffe1[39m[32m 1[2mms[22m[39m
[31m     [31m├ù[31m [SubExif][39m[32m 1[2mms[22m[39m
[31m     [31m├ù[31m [GPSInfo][39m[32m 1[2mms[22m[39m
 [32mΓ£ô[39m backend/node_modules/json-schema-traverse/spec/index.spec.js [2m([22m[2m10 tests[22m[2m)[22m[32m 38[2mms[22m[39m
 [31mΓ¥»[39m backend/node_modules/png-js/test/imgdata.spec.js [2m([22m[2m0 test[22m[2m)[22m
 [31mΓ¥»[39m backend/node_modules/png-js/test/metadata.spec.js [2m([22m[2m0 test[22m[2m)[22m
 [31mΓ¥»[39m backend/node_modules/pstree.remy/tests/index.test.js [2m([22m[2m0 test[22m[2m)[22m
 [31mΓ¥»[39m backend/node_modules/png-js/test/pixels.spec.js [2m([22m[2m0 test[22m[2m)[22m
 [31mΓ¥»[39m backend/node_modules/simple-update-notifier/src/cache.spec.ts [2m([22m[2m0 test[22m[2m)[22m
 [31mΓ¥»[39m backend/node_modules/simple-update-notifier/src/getDistVersion.spec.ts [2m([22m[2m0 test[22m[2m)[22m
 [31mΓ¥»[39m backend/node_modules/simple-update-notifier/src/hasNewVersion.spec.ts [2m([22m[2m0 test[22m[2m)[22m
 [32mΓ£ô[39m sovereign-ui/node_modules/fraction.js/tests/fraction.test.js [2m([22m[2m314 tests[22m[2m)[22m[33m 305[2mms[22m[39m
 [31mΓ¥»[39m backend/node_modules/simple-update-notifier/src/index.spec.ts [2m([22m[2m0 test[22m[2m)[22m
 [32mΓ£ô[39m sovereign-ui/node_modules/json-schema-traverse/spec/index.spec.js [2m([22m[2m10 tests[22m[2m)[22m[32m 29[2mms[22m[39m
 [31mΓ¥»[39m sovereign-ui/node_modules/gensync/test/index.test.js [2m([22m[2m0 test[22m[2m)[22m
 [31mΓ¥»[39m src/components/ui/__tests__/button.test.jsx [2m([22m[2m6 tests[22m[2m | [22m[31m6 failed[39m[2m)[22m[32m 46[2mms[22m[39m
[31m     [31m├ù[31m renders with text[39m[32m 14[2mms[22m[39m
[31m     [31m├ù[31m handles click events[39m[32m 12[2mms[22m[39m
[31m     [31m├ù[31m can be disabled[39m[32m 7[2mms[22m[39m
[31m     [31m├ù[31m applies variant styles[39m[32m 3[2mms[22m[39m
[31m     [31m├ù[31m applies size classes[39m[32m 1[2mms[22m[39m
[31m     [31m├ù[31m renders as child component with asChild prop[39m[32m 2[2mms[22m[39m
 [31mΓ¥»[39m src/components/ui/__tests__/card.test.jsx [2m([22m[2m3 tests[22m[2m | [22m[31m3 failed[39m[2m)[22m[32m 27[2mms[22m[39m
[31m     [31m├ù[31m renders card with all parts[39m[32m 12[2mms[22m[39m
[31m     [31m├ù[31m applies custom className[39m[32m 2[2mms[22m[39m
[31m     [31m├ù[31m has proper semantic structure[39m[32m 5[2mms[22m[39m
 [32mΓ£ô[39m src/tests/unit/hooks/useOfflineDetection.test.jsx [2m([22m[2m5 tests[22m[2m)[22m[33m 489[2mms[22m[39m
 [32mΓ£ô[39m src/tests/unit/utils/env.test.js [2m([22m[2m2 tests[22m[2m)[22m[32m 13[2mms[22m[39m
Error: AggregateError
    at Object.dispatchError (C:\Users\ferna\Downloads\appforge-main\node_modules\jsdom\lib\jsdom\living\xhr\xhr-utils.js:63:19)
    at Request.<anonymous> (C:\Users\ferna\Downloads\appforge-main\node_modules\jsdom\lib\jsdom\living\xhr\XMLHttpRequest-impl.js:655:18)
    at Request.emit (node:events:520:35)
    at ClientRequest.<anonymous> (C:\Users\ferna\Downloads\appforge-main\node_modules\jsdom\lib\jsdom\living\helpers\http-request.js:127:14)
    at ClientRequest.emit (node:events:508:28)
    at emitErrorEvent (node:_http_client:108:11)
    at Socket.socketErrorListener (node:_http_client:575:5)
    at Socket.emit (node:events:508:28)
    at emitErrorNT (node:internal/streams/destroy:170:8)
    at emitErrorCloseNT (node:internal/streams/destroy:129:3) undefined
stderr | src/tests/unit/components/PrivateRoute.test.jsx
[Base44 SDK Error] undefined: Network Error

Error: AggregateError
    at Object.dispatchError (C:\Users\ferna\Downloads\appforge-main\node_modules\jsdom\lib\jsdom\living\xhr\xhr-utils.js:63:19)
    at Request.<anonymous> (C:\Users\ferna\Downloads\appforge-main\node_modules\jsdom\lib\jsdom\living\xhr\XMLHttpRequest-impl.js:655:18)
    at Request.emit (node:events:520:35)
    at ClientRequest.<anonymous> (C:\Users\ferna\Downloads\appforge-main\node_modules\jsdom\lib\jsdom\living\helpers\http-request.js:127:14)
    at ClientRequest.emit (node:events:508:28)
    at emitErrorEvent (node:_http_client:108:11)
    at Socket.socketErrorListener (node:_http_client:575:5)
    at Socket.emit (node:events:508:28)
    at emitErrorNT (node:internal/streams/destroy:170:8)
    at emitErrorCloseNT (node:internal/streams/destroy:129:3) undefined
stderr | src/tests/unit/integration/apiIntegration.test.js > API Service Integration > Service Configuration > should have all required service files
[Base44 SDK Error] undefined: Network Error

Error: AggregateError
    at Object.dispatchError (C:\Users\ferna\Downloads\appforge-main\node_modules\jsdom\lib\jsdom\living\xhr\xhr-utils.js:63:19)
    at Request.<anonymous> (C:\Users\ferna\Downloads\appforge-main\node_modules\jsdom\lib\jsdom\living\xhr\XMLHttpRequest-impl.js:655:18)
    at Request.emit (node:events:520:35)
    at ClientRequest.<anonymous> (C:\Users\ferna\Downloads\appforge-main\node_modules\jsdom\lib\jsdom\living\helpers\http-request.js:127:14)
    at ClientRequest.emit (node:events:508:28)
    at emitErrorEvent (node:_http_client:108:11)
    at Socket.socketErrorListener (node:_http_client:575:5)
    at Socket.emit (node:events:508:28)
    at emitErrorNT (node:internal/streams/destroy:170:8)
    at emitErrorCloseNT (node:internal/streams/destroy:129:3) undefined
stderr | src/tests/unit/integration/apiIntegration.test.js > API Service Integration > Service Configuration > should have all required service files
[Base44 SDK Error] undefined: Network Error

 [31mΓ¥»[39m src/tests/unit/components/PrivateRoute.test.jsx [2m([22m[2m3 tests[22m[2m | [22m[31m3 failed[39m[2m)[22m[32m 98[2mms[22m[39m
[31m     [31m├ù[31m should render protected content when authenticated[39m[32m 21[2mms[22m[39m
[31m     [31m├ù[31m should redirect to login when not authenticated[39m[32m 68[2mms[22m[39m
[31m     [31m├ù[31m should show loading state while checking authentication[39m[32m 2[2mms[22m[39m
 [32mΓ£ô[39m src/tests/unit/integration/apiIntegration.test.js [2m([22m[2m11 tests[22m[2m)[22m[33m 2073[2mms[22m[39m
       [33m[2mΓ£ô[22m[39m should have axios instance configured [33m 616[2mms[22m[39m
       [33m[2mΓ£ô[22m[39m should have all required service files [33m 1401[2mms[22m[39m
 [32mΓ£ô[39m src/tests/unit/utils/slackIntegration.test.js [2m([22m[2m2 tests[22m[2m)[22m[32m 16[2mms[22m[39m
 [31mΓ¥»[39m swarm/node_modules/dijkstrajs/test/dijkstra.test.js [2m([22m[2m0 test[22m[2m)[22m
stderr | src/tests/unit/components/CommandPalette.test.jsx > CommandPalette > opens with Ctrl+K and shows search input
ΓÜá∩╕Å React Router Future Flag Warning: React Router will begin wrapping state updates in `React.startTransition` in v7. You can use the `v7_startTransition` future flag to opt-in early. For more information, see https://reactrouter.com/v6/upgrading/future#v7_starttransition.
ΓÜá∩╕Å React Router Future Flag Warning: Relative route resolution within Splat routes is changing in v7. You can use the `v7_relativeSplatPath` future flag to opt-in early. For more information, see https://reactrouter.com/v6/upgrading/future#v7_relativesplatpath.

Γû╢ parse
  Γ£ö should parse basic type (3.8353ms)
  Γ£ö should parse with suffix (2.2654ms)
  Γ£ö should parse basic type with surrounding OWS (237.2433ms)
  Γ£ö should parse parameters (1.8162ms)
  Γ£ö should parse parameters with extra LWS (0.7295ms)
  Γ£ö should lower-case type (0.5138ms)
  Γ£ö should lower-case parameter names (0.4539ms)
  Γ£ö should unquote parameter values (0.4778ms)
  Γ£ö should unquote parameter values with escapes (1.1434ms)
  Γ£ö should handle balanced quotes (0.5097ms)
  Γ£ö should throw on invalid media type   (4.8853ms)
  Γ£ö should throw on invalid media type null (0.3119ms)
  Γ£ö should throw on invalid media type undefined (0.2657ms)
  Γ£ö should throw on invalid media type / (0.2201ms)
  Γ£ö should throw on invalid media type text / plain (0.2135ms)
  Γ£ö should throw on invalid media type text/;plain (0.309ms)
  Γ£ö should throw on invalid media type text/"plain" (0.2091ms)
  Γ£ö should throw on invalid media type text/p┬úain (0.2603ms)
  Γ£ö should throw on invalid media type text/(plain) (0.2083ms)
  Γ£ö should throw on invalid media type text/@plain (0.331ms)
  Γ£ö should throw on invalid media type text/plain,wrong (0.226ms)
  Γ£ö should throw on invalid parameter format (0.5362ms)
  Γ£ö should require argument (1.3332ms)
  Γ£ö should reject non-strings (0.8688ms)
Γ£ö parse (398.0713ms)
Γû╢ safeParse
  Γ£ö should safeParse basic type (1.3123ms)
  Γ£ö should safeParse with suffix (0.3159ms)
  Γ£ö should safeParse basic type with surrounding OWS (194.6898ms)
  Γ£ö should safeParse parameters (0.5159ms)
  Γ£ö should safeParse parameters with extra LWS (0.3133ms)
  Γ£ö should lower-case type (0.2465ms)
  Γ£ö should lower-case parameter names (0.3129ms)
  Γ£ö should unquote parameter values (0.2581ms)
  Γ£ö should unquote parameter values with escapes (0.2985ms)
  Γ£ö should handle balanced quotes (0.2648ms)
  Γ£ö should return dummyContentType on invalid media type   (1.1809ms)
  Γ£ö should return dummyContentType on invalid media type null (0.198ms)
  Γ£ö should return dummyContentType on invalid media type undefined (0.1606ms)
  Γ£ö should return dummyContentType on invalid media type / (0.1855ms)
  Γ£ö should return dummyContentType on invalid media type text / plain (0.1573ms)
  Γ£ö should return dummyContentType on invalid media type text/;plain (0.1439ms)
  Γ£ö should return dummyContentType on invalid media type text/"plain" (0.2351ms)
  Γ£ö should return dummyContentType on invalid media type text/p┬úain (0.2064ms)
  Γ£ö should return dummyContentType on invalid media type text/(plain) (0.1459ms)
  Γ£ö should return dummyContentType on invalid media type text/@plain (0.1503ms)
  Γ£ö should return dummyContentType on invalid media type text/plain,wrong (168.7828ms)
  Γ£ö should return dummyContentType on invalid parameter format (0.3753ms)
  Γ£ö should return dummyContentType on missing argument (1.1001ms)
  Γ£ö should return dummyContentType on non-strings (0.2224ms)
Γ£ö safeParse (378.8141ms)
 [31mΓ¥»[39m swarm/node_modules/fast-content-type-parse/test/index.test.js [2m([22m[2m0 test[22m[2m)[22m
 [32mΓ£ô[39m src/tests/unit/components/CommandPalette.test.jsx [2m([22m[2m2 tests[22m[2m)[22m[33m 3152[2mms[22m[39m
     [33m[2mΓ£ô[22m[39m opens with Ctrl+K and shows search input [33m 1884[2mms[22m[39m
     [33m[2mΓ£ô[22m[39m filters commands based on search input [33m 1264[2mms[22m[39m
 [31mΓ¥»[39m swarm/node_modules/fast-uri/test/ajv.test.js [2m([22m[2m0 test[22m[2m)[22m
 [31mΓ¥»[39m swarm/node_modules/fast-uri/test/equal.test.js [2m([22m[2m0 test[22m[2m)[22m
 [31mΓ¥»[39m swarm/node_modules/fast-uri/test/parse.test.js [2m([22m[2m0 test[22m[2m)[22m
 [31mΓ¥»[39m swarm/node_modules/fast-uri/test/resolve.test.js [2m([22m[2m0 test[22m[2m)[22m
 [31mΓ¥»[39m swarm/node_modules/fast-uri/test/rfc-3986.test.js [2m([22m[2m0 test[22m[2m)[22m
 [31mΓ¥»[39m swarm/node_modules/fast-uri/test/serialize.test.js [2m([22m[2m0 test[22m[2m)[22m
 [31mΓ¥»[39m swarm/node_modules/fast-uri/test/uri-js.test.js [2m([22m[2m0 test[22m[2m)[22m
 [31mΓ¥»[39m swarm/node_modules/fast-uri/test/uri-js-compatibility.test.js [2m([22m[2m0 test[22m[2m)[22m
 [31mΓ¥»[39m swarm/node_modules/fast-uri/test/util.test.js [2m([22m[2m0 test[22m[2m)[22m
 [32mΓ£ô[39m swarm/node_modules/json-schema-traverse/spec/index.spec.js [2m([22m[2m10 tests[22m[2m)[22m[32m 23[2mms[22m[39m
 [31mΓ¥»[39m swarm/node_modules/on-exit-leak-free/test/base.test.js [2m([22m[2m0 test[22m[2m)[22m
 [31mΓ¥»[39m swarm/node_modules/on-exit-leak-free/test/event-emitter-leak.test.js [2m([22m[2m0 test[22m[2m)[22m
 [31mΓ¥»[39m swarm/node_modules/pino/test/basic.test.js [2m([22m[2m0 test[22m[2m)[22m
 [31mΓ¥»[39m swarm/node_modules/pino/test/broken-pipe.test.js [2m([22m[2m0 test[22m[2m)[22m
 [31mΓ¥»[39m swarm/node_modules/pino/test/browser-child.test.js [2m([22m[2m0 test[22m[2m)[22m
 [31mΓ¥»[39m swarm/node_modules/pino/test/browser-disabled.test.js [2m([22m[2m0 test[22m[2m)[22m
 [31mΓ¥»[39m swarm/node_modules/pino/test/browser-early-console-freeze.test.js [2m([22m[2m0 test[22m[2m)[22m
Γû╢ Default levels suite
  Γ£ö can check if current level enabled (10.5841ms)
  Γ£ö can check if current level enabled when as object (2.1584ms)
  Γ£ö can check if level enabled after level set (16.0421ms)
  Γ£ö can check if higher level enabled (1.336ms)
  Γ£ö can check if lower level is disabled (0.4596ms)
  Γ£ö ASC: can check if child has current level enabled (1.0621ms)
  Γ£ö can check if custom level is enabled (0.7024ms)
Γ£ö Default levels suite (44.5727ms)
Γû╢ Custom levels suite
  Γ£ö can check if current level enabled (1.32ms)
  Γ£ö can check if level enabled after level set (290.9666ms)
  Γ£ö can check if higher level enabled (3.4423ms)
  Γ£ö can check if lower level is disabled (43.0522ms)
  Γ£ö can check if child has current level enabled (1.0214ms)
  Γ£ö can check if custom level is enabled (1.6438ms)
Γ£ö Custom levels suite (346.7383ms)
 [31mΓ¥»[39m swarm/node_modules/pino/test/browser-is-level-enabled.test.js [2m([22m[2m0 test[22m[2m)[22m
Γä╣ tests 13
Γä╣ suites 2
Γä╣ pass 13
Γä╣ fail 0
Γä╣ cancelled 0
Γä╣ skipped 0
Γä╣ todo 0
Γä╣ duration_ms 589.2879
 [31mΓ¥»[39m swarm/node_modules/pino/test/browser-levels.test.js [2m([22m[2m0 test[22m[2m)[22m
 [31mΓ¥»[39m swarm/node_modules/pino/test/browser-serializers.test.js [2m([22m[2m0 test[22m[2m)[22m
 [31mΓ¥»[39m swarm/node_modules/pino/test/browser-transmit.test.js [2m([22m[2m0 test[22m[2m)[22m
 [31mΓ¥»[39m swarm/node_modules/pino/test/browser-timestamp.test.js [2m([22m[2m0 test[22m[2m)[22m
 [31mΓ¥»[39m swarm/node_modules/pino/test/browser.test.js [2m([22m[2m0 test[22m[2m)[22m
 [31mΓ¥»[39m swarm/node_modules/pino/test/crlf.test.js [2m([22m[2m0 test[22m[2m)[22m
 [31mΓ¥»[39m swarm/node_modules/pino/test/complex-objects.test.js [2m([22m[2m0 test[22m[2m)[22m
 [31mΓ¥»[39m swarm/node_modules/pino/test/custom-levels.test.js [2m([22m[2m0 test[22m[2m)[22m
 [31mΓ¥»[39m swarm/node_modules/pino/test/error-key.test.js [2m([22m[2m0 test[22m[2m)[22m
 [31mΓ¥»[39m swarm/node_modules/pino/test/diagnostics.test.js [2m([22m[2m0 test[22m[2m)[22m
 [31mΓ¥»[39m swarm/node_modules/pino/test/error.test.js [2m([22m[2m0 test[22m[2m)[22m
 [31mΓ¥»[39m swarm/node_modules/pino/test/escaping.test.js [2m([22m[2m0 test[22m[2m)[22m
 [31mΓ¥»[39m swarm/node_modules/pino/test/exit.test.js [2m([22m[2m0 test[22m[2m)[22m
 [31mΓ¥»[39m swarm/node_modules/pino/test/formatters.test.js [2m([22m[2m0 test[22m[2m)[22m
 [31mΓ¥»[39m swarm/node_modules/pino/test/hooks.test.js [2m([22m[2m0 test[22m[2m)[22m
Γû╢ Default levels suite
  Γ£ö can check if current level enabled (35.1635ms)
  Γ£ö can check if level enabled after level set (7.5234ms)
  Γ£ö can check if higher level enabled (20.839ms)
  Γ£ö can check if lower level is disabled (4.1917ms)
  Γ£ö ASC: can check if child has current level enabled (5.8934ms)
  Γ£ö can check if custom level is enabled (2.2112ms)
Γ£ö Default levels suite (83.8931ms)
Γû╢ Ascending levels suite
  Γ£ö can check if current level enabled (3.2995ms)
  Γ£ö can check if level enabled after level set (63.361ms)
  Γ£ö can check if higher level enabled (54.4712ms)
  Γ£ö can check if lower level is disabled (2.5807ms)
  Γ£ö can check if child has current level enabled (2.1219ms)
  Γ£ö can check if custom level is enabled (0.7263ms)
Γ£ö Ascending levels suite (130.1096ms)
Γû╢ Descending levels suite
  Γ£ö can check if current level enabled (1.1359ms)
  Γ£ö can check if level enabled after level set (0.9012ms)
  Γ£ö can check if higher level enabled (0.4796ms)
  Γ£ö can check if lower level is disabled (5.268ms)
  Γ£ö can check if child has current level enabled (1.7562ms)
  Γ£ö can check if custom level is enabled (1.503ms)
Γ£ö Descending levels suite (98.887ms)
Γû╢ Custom levels comparison
  Γ£ö Custom comparison returns true cause level is enabled (2.7028ms)
  Γ£ö Custom comparison returns false cause level is disabled (19.2055ms)
  Γ£ö Custom comparison returns true cause child level is enabled (0.66ms)
  Γ£ö Custom comparison returns false cause child level is disabled (1.3494ms)
Γ£ö Custom levels comparison (24.3834ms)
 [31mΓ¥»[39m swarm/node_modules/pino/test/is-level-enabled.test.js [2m([22m[2m0 test[22m[2m)[22m
 [31mΓ¥»[39m swarm/node_modules/pino/test/http.test.js [2m([22m[2m0 test[22m[2m)[22m
 [31mΓ¥»[39m swarm/node_modules/pino/test/levels.test.js [2m([22m[2m0 test[22m[2m)[22m
 [31mΓ¥»[39m swarm/node_modules/pino/test/metadata.test.js [2m([22m[2m0 test[22m[2m)[22m
 [31mΓ¥»[39m swarm/node_modules/pino/test/mixin-merge-strategy.test.js [2m([22m[2m0 test[22m[2m)[22m
 [31mΓ¥»[39m swarm/node_modules/pino/test/multistream.test.js [2m([22m[2m0 test[22m[2m)[22m
 [31mΓ¥»[39m swarm/node_modules/pino/test/mixin.test.js [2m([22m[2m0 test[22m[2m)[22m
 [31mΓ¥»[39m swarm/node_modules/pino/test/redact.test.js [2m([22m[2m0 test[22m[2m)[22m
 [31mΓ¥»[39m swarm/node_modules/pino/test/serializers.test.js [2m([22m[2m0 test[22m[2m)[22m
 [31mΓ¥»[39m swarm/node_modules/pino/test/syncfalse.test.js [2m([22m[2m0 test[22m[2m)[22m
 [31mΓ¥»[39m swarm/node_modules/pino/test/stdout-protection.test.js [2m([22m[2m0 test[22m[2m)[22m
 [31mΓ¥»[39m swarm/node_modules/pino/test/transport-stream.test.js [2m([22m[2m0 test[22m[2m)[22m
 [31mΓ¥»[39m swarm/node_modules/pino/test/timestamp-nano.test.js [2m([22m[2m0 test[22m[2m)[22m
 [31mΓ¥»[39m swarm/node_modules/pino/test/timestamp.test.js [2m([22m[2m0 test[22m[2m)[22m
Γ£ö serializes Error objects (80.7077ms)
Γ£ö serializes Error objects with extra properties (3.6236ms)
Γ£ö serializes Error objects with subclass "type" (23.1825ms)
Γ£ö serializes nested errors (1.1673ms)
Γ£ö serializes error causes (2.0212ms)
Γ£ö keeps non-error cause (1.0908ms)
Γ£ö prevents infinite recursion (5.308ms)
Γ£ö cleans up infinite recursion tracking (2.0559ms)
Γ£ö err.raw is available (0.7635ms)
Γ£ö redefined err.constructor doesnt crash serializer (2.1739ms)
Γ£ö pass through anything that does not look like an Error (0.4401ms)
Γ£ö can wrap err serializers (1.1883ms)
Γ£ö serializes aggregate errors (3.1808ms)
 [31mΓ¥»[39m swarm/node_modules/pino-std-serializers/test/err-with-cause.test.js [2m([22m[2m0 test[22m[2m)[22m
Γä╣ tests 13
Γä╣ suites 0
Γä╣ pass 13
Γä╣ fail 0
Γä╣ cancelled 0
Γä╣ skipped 0
Γä╣ todo 0
Γä╣ duration_ms 509.6954
Γ£ö serializes Error objects (6.1186ms)
Γ£ö serializes Error objects with extra properties (2.415ms)
Γ£ö serializes Error objects with subclass "type" (23.7115ms)
Γ£ö serializes nested errors (2.0369ms)
Γ£ö serializes error causes (7.0753ms)
Γ£ö serializes error causes with VError support (139.6168ms)
Γ£ö keeps non-error cause (0.7778ms)
Γ£ö prevents infinite recursion (0.7034ms)
Γ£ö cleans up infinite recursion tracking (1.1151ms)
Γ£ö err.raw is available (0.7741ms)
Γ£ö redefined err.constructor doesnt crash serializer (2.0196ms)
Γ£ö pass through anything that does not look like an Error (0.2871ms)
Γ£ö can wrap err serializers (1.2244ms)
Γ£ö serializes aggregate errors (1.6247ms)
 [31mΓ¥»[39m swarm/node_modules/pino-std-serializers/test/err.test.js [2m([22m[2m0 test[22m[2m)[22m
Γä╣ tests 14
Γä╣ suites 0
Γä╣ pass 14
Γä╣ fail 0
Γä╣ cancelled 0
Γä╣ skipped 0
Γä╣ todo 0
Γä╣ duration_ms 348.982
 [31mΓ¥»[39m swarm/node_modules/pino-std-serializers/test/res.test.js [2m([22m[2m0 test[22m[2m)[22m
 [31mΓ¥»[39m swarm/node_modules/pino-std-serializers/test/req.test.js [2m([22m[2m0 test[22m[2m)[22m
 [31mΓ¥»[39m swarm/node_modules/pino-abstract-transport/test/worker.test.js [2m([22m[2m0 test[22m[2m)[22m
(node:19080) [CODE] TestDeprecation: Hello world
(Use `node --trace-warnings ...` to show where the warning was created)
Γ£ö emit with interpolated string (18.4835ms)
 [31mΓ¥»[39m swarm/node_modules/process-warning/test/emit-interpolated-string.test.js [2m([22m[2m0 test[22m[2m)[22m
 [31mΓ¥»[39m swarm/node_modules/pino-abstract-transport/test/base.test.js [2m([22m[2m0 test[22m[2m)[22m
(node:6516) [CODE] TestDeprecation: Hello world
(Use `node --trace-warnings ...` to show where the warning was created)
Γ£ö emit should emit a given code only once (17.5494ms)
 [31mΓ¥»[39m swarm/node_modules/process-warning/test/emit-once-only.test.js [2m([22m[2m0 test[22m[2m)[22m
Γä╣ tests 1
Γä╣ suites 0
Γä╣ pass 1
Γä╣ fail 0
Γä╣ cancelled 0
Γä╣ skipped 0
Γä╣ todo 0
Γä╣ duration_ms 71.4667
Γ£ö emit should set the emitted state (112.9186ms)
 [31mΓ¥»[39m swarm/node_modules/process-warning/test/emit-set.test.js [2m([22m[2m0 test[22m[2m)[22m
(node:20212) [CODE] TestDeprecation: Hello world
(Use `node --trace-warnings ...` to show where the warning was created)
(node:20212) [CODE] TestDeprecation: Hello world
Γ£ö a limited warning can be re-set (15.4263ms)
 [31mΓ¥»[39m swarm/node_modules/process-warning/test/emit-reset.test.js [2m([22m[2m0 test[22m[2m)[22m
(node:28200) [CODE] TestDeprecation: Hello world
(Use `node --trace-warnings ...` to show where the warning was created)
(node:28200) [CODE] TestDeprecation: Hello world
(node:28200) [CODE] TestDeprecation: Hello world
(node:28200) [CODE] TestDeprecation: Hello world
(node:28200) [CODE] TestDeprecation: Hello world
(node:28200) [CODE] TestDeprecation: Hello world
(node:28200) [CODE] TestDeprecation: Hello world
(node:28200) [CODE] TestDeprecation: Hello world
(node:28200) [CODE] TestDeprecation: Hello world
(node:28200) [CODE] TestDeprecation: Hello world
Γ£ö emit should emit a given code unlimited times (20.118ms)
 [31mΓ¥»[39m swarm/node_modules/process-warning/test/emit-unlimited.test.js [2m([22m[2m0 test[22m[2m)[22m
(node:2144) [CODE] TestDeprecation: Hello world world
(Use `node --trace-warnings ...` to show where the warning was created)
 [32mΓ£ô[39m swarm/node_modules/process-warning/test/jest.test.js [2m([22m[2m1 test[22m[2m)[22m[32m 8[2mms[22m[39m
(node:14332) [CODE_1] TestWarning: Msg CODE_1
(Use `node --trace-warnings ...` to show where the warning was created)
Γ£ö Must not overwrite config (17.8664ms)
 [31mΓ¥»[39m swarm/node_modules/process-warning/test/issue-88.test.js [2m([22m[2m0 test[22m[2m)[22m
Γä╣ tests 1
Γä╣ suites 0
Γä╣ pass 1
Γä╣ fail 0
Γä╣ cancelled 0
Γä╣ skipped 0
Γä╣ todo 0
Γä╣ duration_ms 41.8459
Γ£ö Create warning with zero parameter (4.4757ms)
Γ£ö Create error with 1 parameter (2.4435ms)
Γ£ö Create error with 2 parameters (6.3471ms)
Γ£ö Create error with 3 parameters (0.5275ms)
Γ£ö Creates a deprecation warning (0.7081ms)
Γ£ö Should throw when error code has no name (1.2207ms)
Γ£ö Should throw when error has no code (0.4704ms)
Γ£ö Should throw when error has no message (0.4356ms)
Γ£ö Cannot set unlimited other than boolean (0.4893ms)
 [31mΓ¥»[39m swarm/node_modules/process-warning/test/index.test.js [2m([22m[2m0 test[22m[2m)[22m
Γä╣ tests 9
Γä╣ suites 0
Γä╣ pass 9
Γä╣ fail 0
Γä╣ cancelled 0
Γä╣ skipped 0
Γä╣ todo 0
Γä╣ duration_ms 59.7579
 [31mΓ¥»[39m swarm/node_modules/sonic-boom/test/destroy.test.js [2m([22m[2m0 test[22m[2m)[22m
 [31mΓ¥»[39m swarm/node_modules/sonic-boom/test/end.test.js [2m([22m[2m0 test[22m[2m)[22m
 [31mΓ¥»[39m swarm/node_modules/sonic-boom/test/flush-sync.test.js [2m([22m[2m0 test[22m[2m)[22m
Γ£ö --no-warnings is set in cli (1003.2971ms)
Γ£ö --no-warnings is not set in cli (1462.7016ms)
Γ£ö NODE_NO_WARNINGS is set to 1 (1051.3016ms)
Γ£ö NODE_NO_WARNINGS is set to 0 (1586.2246ms)
Γ£ö NODE_NO_WARNINGS is not set (1151.4255ms)
Γ£ö NODE_Options contains --no-warnings (991.9006ms)
 [31mΓ¥»[39m swarm/node_modules/process-warning/test/no-warnings.test.js [2m([22m[2m0 test[22m[2m)[22m
Γä╣ tests 6
Γä╣ suites 0
Γä╣ pass 6
Γä╣ fail 0
Γä╣ cancelled 0
Γä╣ skipped 0
Γä╣ todo 0
Γä╣ duration_ms 7281.6384
 [31mΓ¥»[39m swarm/node_modules/sonic-boom/test/flush.test.js [2m([22m[2m0 test[22m[2m)[22m
 [31mΓ¥»[39m swarm/node_modules/sonic-boom/test/fsync.test.js [2m([22m[2m0 test[22m[2m)[22m
 [31mΓ¥»[39m swarm/node_modules/sonic-boom/test/minlength.test.js [2m([22m[2m0 test[22m[2m)[22m
 [31mΓ¥»[39m swarm/node_modules/sonic-boom/test/mode.test.js [2m([22m[2m0 test[22m[2m)[22m
 [31mΓ¥»[39m swarm/node_modules/sonic-boom/test/periodicflush.test.js [2m([22m[2m0 test[22m[2m)[22m
 [31mΓ¥»[39m swarm/node_modules/sonic-boom/test/reopen.test.js [2m([22m[2m0 test[22m[2m)[22m
 [31mΓ¥»[39m swarm/node_modules/sonic-boom/test/retry.test.js [2m([22m[2m0 test[22m[2m)[22m
 [31mΓ¥»[39m swarm/node_modules/sonic-boom/test/write.test.js [2m([22m[2m0 test[22m[2m)[22m
 [31mΓ¥»[39m swarm/node_modules/sonic-boom/test/sync.test.js [2m([22m[2m0 test[22m[2m)[22m
Γ£ö base sync=true (1161.6213ms)
 [31mΓ¥»[39m swarm/node_modules/thread-stream/test/base.test.js [2m([22m[2m0 test[22m[2m)[22m
 [31mΓ¥»[39m swarm/node_modules/thread-stream/test/bench.test.js [2m([22m[2m0 test[22m[2m)[22m
∩╣ú yarn module resolution (2.6651ms) # SKIP
∩╣ú yarn module resolution for directories with special characters (2.1388ms) # SKIP
∩╣ú yarn module resolution for typescript commonjs modules (18.201ms) # SKIP
 [31mΓ¥»[39m swarm/node_modules/thread-stream/test/commonjs-fallback.test.js [2m([22m[2m0 test[22m[2m)[22m
 [31mΓ¥»[39m swarm/node_modules/thread-stream/test/end.test.js [2m([22m[2m0 test[22m[2m)[22m
Γ£ö bundlers support with .js file (1430.4656ms)
 [31mΓ¥»[39m swarm/node_modules/thread-stream/test/bundlers.test.js [2m([22m[2m0 test[22m[2m)[22m
Γ£ö bundlers support with .mjs file (193.6632ms)
Γä╣ tests 2
Γä╣ suites 0
Γä╣ pass 2
Γä╣ fail 0
Γä╣ cancelled 0
Γä╣ skipped 0
Γä╣ todo 0
Γä╣ duration_ms 1657.3458
 [31mΓ¥»[39m swarm/node_modules/thread-stream/test/esm.test.mjs [2m([22m[2m0 test[22m[2m)[22m
 [31mΓ¥»[39m swarm/node_modules/thread-stream/test/event.test.js [2m([22m[2m0 test[22m[2m)[22m
 [31mΓ¥»[39m swarm/node_modules/thread-stream/test/context.test.js [2m([22m[2m0 test[22m[2m)[22m
Γ£ö WRITE_INDEX is lock free (2.8998ms)
Γ£ö READ_INDEX is lock free (2.7565ms)
 [31mΓ¥»[39m swarm/node_modules/thread-stream/test/indexes.test.js [2m([22m[2m0 test[22m[2m)[22m
Γä╣ tests 2
Γä╣ suites 0
Γä╣ pass 2
Γä╣ fail 0
Γä╣ cancelled 0
Γä╣ skipped 0
Γä╣ todo 0
Γä╣ duration_ms 53.7767
 [31mΓ¥»[39m swarm/node_modules/thread-stream/test/multibyte-chars.test.mjs [2m([22m[2m0 test[22m[2m)[22m
 [31mΓ¥»[39m swarm/node_modules/thread-stream/test/post-message.test.js [2m([22m[2m0 test[22m[2m)[22m
 [31mΓ¥»[39m swarm/node_modules/thread-stream/test/thread-management.test.js [2m([22m[2m0 test[22m[2m)[22m
 [31mΓ¥»[39m swarm/node_modules/thread-stream/test/string-limit-2.test.js [2m([22m[2m0 test[22m[2m)[22m
 [31mΓ¥»[39m swarm/node_modules/thread-stream/test/ts-native.test.mjs [2m([22m[2m0 test[22m[2m)[22m
 [31mΓ¥»[39m swarm/node_modules/universal-github-app-jwt/test/deno.test.js [2m([22m[2m0 test[22m[2m)[22m
 [31mΓ¥»[39m swarm/node_modules/universal-github-app-jwt/test/node.test.js [2m([22m[2m0 test[22m[2m)[22m
stderr | swarm/node_modules/@agentclientprotocol/sdk/dist/acp.test.js > Connection > handles errors in bidirectional communication
Error handling request {
  jsonrpc: '2.0',
  id: 0,
  method: 'fs/write_text_file',
  params: { path: '/test.txt', content: 'test', sessionId: 'test-session' }
} {
  code: -32603,
  message: 'Internal error',
  data: { details: 'Write failed' }
}

stderr | swarm/node_modules/@agentclientprotocol/sdk/dist/acp.test.js > Connection > handles errors in bidirectional communication
Error handling request {
  jsonrpc: '2.0',
  id: 0,
  method: 'session/new',
  params: { cwd: '/test', mcpServers: [] }
} {
  code: -32603,
  message: 'Internal error',
  data: { details: 'Failed to create session' }
}

[90mstdout[2m | swarm/node_modules/@agentclientprotocol/sdk/dist/acp.test.js[2m > [22m[2mConnection[2m > [22m[2mhandles concurrent requests
[22m[39mWrite request 1 completed

[90mstdout[2m | swarm/node_modules/@agentclientprotocol/sdk/dist/acp.test.js[2m > [22m[2mConnection[2m > [22m[2mhandles concurrent requests
[22m[39mWrite request 2 completed

[90mstdout[2m | swarm/node_modules/@agentclientprotocol/sdk/dist/acp.test.js[2m > [22m[2mConnection[2m > [22m[2mhandles concurrent requests
[22m[39mWrite request 3 completed

stderr | swarm/node_modules/@agentclientprotocol/sdk/dist/acp.test.js > Connection > handles optional extension methods correctly
Error handling request {
  jsonrpc: '2.0',
  id: 0,
  method: '_example.com/ping',
  params: { data: 'test' }
} {
  code: -32601,
  message: '"Method not found": _example.com/ping',
  data: { method: '_example.com/ping' }
}

stderr | swarm/node_modules/@agentclientprotocol/sdk/dist/acp.test.js > Connection > handles optional extension methods correctly
Error handling request {
  jsonrpc: '2.0',
  id: 0,
  method: '_example.com/echo',
  params: { message: 'hello' }
} {
  code: -32601,
  message: '"Method not found": _example.com/echo',
  data: { method: '_example.com/echo' }
}

stderr | swarm/node_modules/@agentclientprotocol/sdk/dist/acp.test.js > Connection > handles optional extension methods correctly
Error handling notification {
  jsonrpc: '2.0',
  method: 'example.com/notify',
  params: { info: 'test' }
} {
  code: -32601,
  message: '"Method not found": example.com/notify',
  data: { method: 'example.com/notify' }
}

stderr | swarm/node_modules/@agentclientprotocol/sdk/dist/acp.test.js > Connection > handles optional extension methods correctly
Error handling notification {
  jsonrpc: '2.0',
  method: 'example.com/notify',
  params: { info: 'test' }
} {
  code: -32601,
  message: '"Method not found": example.com/notify',
  data: { method: 'example.com/notify' }
}

 [32mΓ£ô[39m swarm/node_modules/@agentclientprotocol/sdk/dist/acp.test.js [2m([22m[2m10 tests[22m[2m)[22m[33m 909[2mms[22m[39m
 [31mΓ¥»[39m swarm/node_modules/thread-stream/test/ts-node-fallback.test.js [2m([22m[2m0 test[22m[2m)[22m
Γ£û typescript module with ts-node fallback (11005.7247ms)
 [31mΓ¥»[39m swarm/node_modules/@pinojs/redact/test/actual-redact-comparison.test.js [2m([22m[2m0 test[22m[2m)[22m
Γ£ö basic path redaction (5.8912ms)
Γ£ö multiple paths redaction (7.1875ms)
Γ£ö custom censor value (7.355ms)
Γ£ö serialize: false returns object with restore method (0.6112ms)
Γ£ö bracket notation paths (0.525ms)
Γ£ö array paths (0.7261ms)
Γ£ö wildcard at end of path (2.01ms)
Γ£ö wildcard with arrays (0.4756ms)
Γ£ö intermediate wildcard (1.3224ms)
Γ£ö censor function (0.6125ms)
Γ£ö custom serialize function (1.3981ms)
Γ£ö nested paths (1.5234ms)
Γ£ö non-existent paths are ignored (0.3899ms)
Γ£ö null and undefined handling (0.5446ms)
Γ£ö original object remains unchanged (2.391ms)
Γ£ö strict mode with primitives (0.4185ms)
Γ£ö path validation - non-string paths should throw (131.3733ms)
Γ£ö path validation - empty string should throw (0.2431ms)
Γ£ö path validation - double dots should throw (1.9302ms)
Γ£ö path validation - unmatched brackets should throw (78.7853ms)
Γ£ö path validation - comma-separated paths should throw (37.2733ms)
Γ£ö path validation - mixed valid and invalid should throw (0.5964ms)
Γ£ö path validation - valid paths should work (7.8564ms)
Γ£ö censor function receives path as array (fast-redact compatibility) (0.4644ms)
Γ£ö censor function with nested paths receives correct array (0.4063ms)
Γ£ö censor function with wildcards receives correct array paths (0.595ms)
Γ£ö censor function with array wildcard receives correct array paths (0.4668ms)
Γ£ö censor function with end wildcard receives correct array paths (215.924ms)
Γ£ö type safety: accessing properties on primitive values should not throw (4.349ms)
Γ£ö remove option: basic key removal (0.8964ms)
Γ£ö remove option: multiple paths removal (0.3679ms)
Γ£ö remove option: wildcard removal (6.3692ms)
Γ£ö remove option: array wildcard removal (0.5293ms)
Γ£ö remove option: intermediate wildcard removal (1.1743ms)
Γ£ö remove option: serialize false returns object with removed keys (0.5548ms)
Γ£ö remove option: non-existent paths are ignored (1.3323ms)
Γ£ö empty string bracket notation path (0.4818ms)
Γ£ö empty string bracket notation with double quotes (4.1554ms)
Γ£ö empty string key with nested bracket notation (2.1907ms)
Γ£ö censor function not called for non-existent paths (14.148ms)
Γ£ö censor function not called for non-existent nested paths (0.8845ms)
 [31mΓ¥»[39m swarm/node_modules/@pinojs/redact/test/index.test.js [2m([22m[2m0 test[22m[2m)[22m
 [31mΓ¥»[39m swarm/node_modules/@pinojs/redact/test/integration.test.js [2m([22m[2m0 test[22m[2m)[22m
Γ£ö three consecutive wildcards: *.*.*.password (4 levels deep) (7.7084ms)
Γ£ö four consecutive wildcards: *.*.*.*.password (5 levels deep) (2.1732ms)
Γ£ö five consecutive wildcards: *.*.*.*.*.password (6 levels deep) (7.6433ms)
Γ£ö three wildcards with censor function receives correct values (8.2198ms)
Γ£ö three wildcards with multiple matches (3.247ms)
Γ£ö three wildcards with remove option (1.3522ms)
Γ£ö mixed: two and three wildcards in same redactor (0.6685ms)
Γ£ö three wildcards should not call censor for non-existent paths (0.607ms)
Γ£ö three wildcards with arrays (0.6773ms)
Γ£ö four wildcards with authorization header (real-world case) (2.3155ms)
 [31mΓ¥»[39m swarm/node_modules/@pinojs/redact/test/multiple-wildcards.test.js [2m([22m[2m0 test[22m[2m)[22m
Γ£ö selective cloning shares references for non-redacted paths (3.4291ms)
Γ£ö selective cloning works with arrays (4.7817ms)
Γ£ö selective cloning with no paths returns original object (5.8075ms)
Γ£ö selective cloning performance - large objects with minimal redaction (0.6345ms)
 [31mΓ¥»[39m swarm/node_modules/@pinojs/redact/test/selective-clone.test.js [2m([22m[2m0 test[22m[2m)[22m
Γä╣ tests 4
Γä╣ suites 0
Γä╣ pass 4
Γä╣ fail 0
Γä╣ cancelled 0
Γä╣ skipped 0
Γä╣ todo 0
Γä╣ duration_ms 40.6422
Γ£ö prototype pollution: __proto__ path should not pollute Object prototype (4.2776ms)
Γ£ö prototype pollution: constructor.prototype path should not pollute (2.0956ms)
Γ£ö prototype pollution: nested __proto__ should not pollute (7.8252ms)
Γ£ö prototype pollution: bracket notation __proto__ should not pollute (0.5929ms)
Γ£ö prototype pollution: wildcard with __proto__ should not pollute (0.9741ms)
Γ£ö prototype pollution: malicious JSON payload should not pollute (1.0152ms)
Γ£ö prototype pollution: verify prototype chain is preserved (0.8149ms)
Γ£ö prototype pollution: setValue should not create prototype pollution (0.7192ms)
Γ£ö prototype pollution: deep nested prototype properties should not pollute (1.0115ms)
 [31mΓ¥»[39m swarm/node_modules/@pinojs/redact/test/prototype-pollution.test.js [2m([22m[2m0 test[22m[2m)[22m
Γä╣ tests 9
Γä╣ suites 0
Γä╣ pass 9
Γä╣ fail 0
Γä╣ cancelled 0
Γä╣ skipped 0
Γä╣ todo 0
Γä╣ duration_ms 65.164
 [31mΓ¥»[39m swarm/node_modules/openclaw/extensions/google-gemini-cli-auth/oauth.test.ts [2m([22m[2m5 tests[22m[2m | [22m[31m5 failed[39m[2m)[22m[33m 386[2mms[22m[39m
[31m     [31m├ù[31m returns null when gemini binary is not in PATH[39m[33m 346[2mms[22m[39m
[31m     [31m├ù[31m extracts credentials from oauth2.js in known path[39m[32m 7[2mms[22m[39m
[31m     [31m├ù[31m returns null when oauth2.js cannot be found[39m[32m 6[2mms[22m[39m
[31m     [31m├ù[31m returns null when oauth2.js lacks credentials[39m[32m 10[2mms[22m[39m
[31m     [31m├ù[31m caches credentials after first extraction[39m[32m 13[2mms[22m[39m
 [31mΓ¥»[39m swarm/node_modules/openclaw/extensions/memory-lancedb/index.test.ts [2m([22m[2m7 tests[22m[2m | [22m[31m6 failed[39m[2m | [22m[33m1 skipped[39m[2m)[22m[33m 2279[2mms[22m[39m
[31m     [31m├ù[31m memory plugin registers and initializes correctly[39m[33m 440[2mms[22m[39m
[31m     [31m├ù[31m config schema parses valid config[39m[32m 70[2mms[22m[39m
[31m     [31m├ù[31m config schema resolves env vars[39m[33m 585[2mms[22m[39m
[31m     [31m├ù[31m config schema rejects missing apiKey[39m[32m 63[2mms[22m[39m
[31m     [31m├ù[31m shouldCapture applies real capture rules[39m[33m 316[2mms[22m[39m
[31m     [31m├ù[31m detectCategory classifies using production logic[39m[33m 798[2mms[22m[39m
     [2m[90mΓåô[39m[22m memory tools work end-to-end
 [31mΓ¥»[39m swarm/node_modules/pino/test/esm/index.test.js [2m([22m[2m0 test[22m[2m)[22m
Γ£ö transpiled-ts-to-es5 (11225.3307ms)
Γ£ö transpiled-ts-to-es6 (10847.5115ms)
Γ£ö transpiled-ts-to-es2017 (11256.3011ms)
Γ£ö transpiled-ts-to-esnext (10632.7172ms)
 [31mΓ¥»[39m swarm/node_modules/thread-stream/test/transpiled.test.js [2m([22m[2m0 test[22m[2m)[22m
Γä╣ Error: Test "transpiled-ts-to-es5" at swarm\node_modules\thread-stream\test\transpiled.test.js:10:3 generated asynchronous activity after the test ended. This activity created the error "Error: end() took too long (10s)" and would have caused the test to fail, but instead triggered an uncaughtException event.
Γä╣ Error: Test "transpiled-ts-to-es6" at swarm\node_modules\thread-stream\test\transpiled.test.js:10:3 generated asynchronous activity after the test ended. This activity created the error "Error: end() took too long (10s)" and would have caused the test to fail, but instead triggered an uncaughtException event.
Γä╣ Error: Test "transpiled-ts-to-es2017" at swarm\node_modules\thread-stream\test\transpiled.test.js:10:3 generated asynchronous activity after the test ended. This activity created the error "Error: end() took too long (10s)" and would have caused the test to fail, but instead triggered an uncaughtException event.
Γä╣ Error: Test "transpiled-ts-to-esnext" at swarm\node_modules\thread-stream\test\transpiled.test.js:10:3 generated asynchronous activity after the test ended. This activity created the error "Error: end() took too long (10s)" and would have caused the test to fail, but instead triggered an uncaughtException event.
Γä╣ tests 4
Γä╣ suites 0
Γä╣ pass 4
Γä╣ fail 0
Γä╣ cancelled 0
Γä╣ skipped 0
Γä╣ todo 0
Γä╣ duration_ms 44002.8557
 [31mΓ¥»[39m swarm/node_modules/pino/test/jest/basic.spec.js [2m([22m[2m1 test[22m[2m | [22m[31m1 failed[39m[2m)[22m[32m 31[2mms[22m[39m
[31m   [31m├ù[31m transport should work in jest[39m[32m 28[2mms[22m[39m
Γ£ö should be the same as package.json (4.8988ms)
 [31mΓ¥»[39m swarm/node_modules/pino/test/internals/version.test.js [2m([22m[2m0 test[22m[2m)[22m
 [31mΓ¥»[39m swarm/node_modules/pino/test/transport/big.test.js [2m([22m[2m0 test[22m[2m)[22m
 [31mΓ¥»[39m swarm/node_modules/pino/test/transport/caller.test.js [2m([22m[2m0 test[22m[2m)[22m
 [31mΓ¥»[39m swarm/node_modules/pino/test/transport/core.test.js [2m([22m[2m0 test[22m[2m)[22m
 [31mΓ¥»[39m swarm/node_modules/pino/test/transport/bundlers-support.test.js [2m([22m[2m0 test[22m[2m)[22m
 [31mΓ¥»[39m swarm/node_modules/pino/test/transport/core.transpiled.test.ts [2m([22m[2m0 test[22m[2m)[22m
 [31mΓ¥»[39m swarm/node_modules/pino/test/transport/crash.test.js [2m([22m[2m0 test[22m[2m)[22m
 [31mΓ¥»[39m swarm/node_modules/pino/test/transport/module-link.test.js [2m([22m[2m0 test[22m[2m)[22m
Γ£û string limit (85844.8776ms)
 [31mΓ¥»[39m swarm/node_modules/thread-stream/test/string-limit.test.js [2m([22m[2m0 test[22m[2m)[22m
 [31mΓ¥»[39m swarm/node_modules/pino/test/transport/pipeline.test.js [2m([22m[2m0 test[22m[2m)[22m
 [31mΓ¥»[39m swarm/node_modules/pino/test/transport/node-options.test.js [2m([22m[2m0 test[22m[2m)[22m
 [31mΓ¥»[39m swarm/node_modules/pino/test/transport/native-type-stripping.test.mjs [2m([22m[2m0 test[22m[2m)[22m
 [31mΓ¥»[39m swarm/node_modules/pino/test/transport/repl.test.js [2m([22m[2m0 test[22m[2m)[22m
 [31mΓ¥»[39m swarm/node_modules/pino/test/transport/preload.test.js [2m([22m[2m0 test[22m[2m)[22m
 [31mΓ¥»[39m swarm/node_modules/pino/test/transport/sync-true.test.js [2m([22m[2m0 test[22m[2m)[22m
 [31mΓ¥»[39m swarm/node_modules/pino/test/transport/targets.test.js [2m([22m[2m0 test[22m[2m)[22m
 [31mΓ¥»[39m swarm/node_modules/pino/test/transport/sync-false.test.js [2m([22m[2m0 test[22m[2m)[22m
 [32mΓ£ô[39m swarm/node_modules/signal-polyfill/tests/behaviors/custom-equality.test.ts [2m([22m[2m3 tests[22m[2m)[22m[32m 12[2mms[22m[39m
 [31mΓ¥»[39m swarm/node_modules/pino/test/transport/uses-pino-config.test.js [2m([22m[2m0 test[22m[2m)[22m
 [32mΓ£ô[39m swarm/node_modules/signal-polyfill/tests/behaviors/cycles.test.ts [2m([22m[2m2 tests[22m[2m)[22m[32m 16[2mms[22m[39m
 [32mΓ£ô[39m swarm/node_modules/signal-polyfill/tests/behaviors/dynamic-dependencies.test.ts [2m([22m[2m2 tests[22m[2m)[22m[32m 17[2mms[22m[39m
 [32mΓ£ô[39m swarm/node_modules/signal-polyfill/tests/behaviors/guards.test.ts [2m([22m[2m2 tests[22m[2m)[22m[32m 9[2mms[22m[39m
 [32mΓ£ô[39m swarm/node_modules/signal-polyfill/tests/behaviors/liveness.test.ts [2m([22m[2m2 tests[22m[2m)[22m[32m 12[2mms[22m[39m
 [32mΓ£ô[39m swarm/node_modules/signal-polyfill/tests/behaviors/errors.test.ts [2m([22m[2m3 tests[22m[2m)[22m[32m 25[2mms[22m[39m
 [32mΓ£ô[39m swarm/node_modules/signal-polyfill/tests/behaviors/prohibited-contexts.test.ts [2m([22m[2m2 tests[22m[2m)[22m[32m 12[2mms[22m[39m
 [32mΓ£ô[39m swarm/node_modules/signal-polyfill/tests/behaviors/pruning.test.ts [2m([22m[2m2 tests[22m[2m)[22m[32m 13[2mms[22m[39m
 [32mΓ£ô[39m swarm/node_modules/signal-polyfill/tests/behaviors/receivers.test.ts [2m([22m[2m3 tests[22m[2m)[22m[32m 11[2mms[22m[39m
 [32mΓ£ô[39m swarm/node_modules/signal-polyfill/tests/behaviors/type-checking.test.ts [2m([22m[2m2 tests[22m[2m)[22m[32m 18[2mms[22m[39m
 [32mΓ£ô[39m swarm/node_modules/signal-polyfill/tests/Signal/computed.test.ts [2m([22m[2m3 tests[22m[2m)[22m[32m 34[2mms[22m[39m
 [31mΓ¥»[39m swarm/node_modules/thread-stream/test/pkg/pkg.test.js [2m([22m[2m0 test[22m[2m)[22m
 [32mΓ£ô[39m swarm/node_modules/signal-polyfill/tests/Signal/state.test.ts [2m([22m[2m3 tests[22m[2m)[22m[32m 11[2mms[22m[39m
 [32mΓ£ô[39m backend/node_modules/zod/src/v3/tests/all-errors.test.ts [2m([22m[2m6 tests[22m[2m)[22m[32m 20[2mms[22m[39m
 [32mΓ£ô[39m backend/node_modules/zod/src/v3/tests/anyunknown.test.ts [2m([22m[2m3 tests[22m[2m)[22m[32m 14[2mms[22m[39m
 [32mΓ£ô[39m backend/node_modules/zod/src/v3/tests/array.test.ts [2m([22m[2m6 tests[22m[2m)[22m[32m 26[2mms[22m[39m
 [32mΓ£ô[39m backend/node_modules/zod/src/v3/tests/async-parsing.test.ts [2m([22m[2m24 tests[22m[2m)[22m[33m 356[2mms[22m[39m
 [32mΓ£ô[39m backend/node_modules/zod/src/v3/tests/async-refinements.test.ts [2m([22m[2m4 tests[22m[2m)[22m[32m 45[2mms[22m[39m
 [32mΓ£ô[39m backend/node_modules/zod/src/v3/tests/base.test.ts [2m([22m[2m2 tests[22m[2m)[22m[32m 12[2mms[22m[39m
 [32mΓ£ô[39m backend/node_modules/zod/src/v3/tests/bigint.test.ts [2m([22m[2m3 tests[22m[2m)[22m[32m 22[2mms[22m[39m
 [32mΓ£ô[39m backend/node_modules/zod/src/v3/tests/branded.test.ts [2m([22m[2m1 test[22m[2m)[22m[32m 11[2mms[22m[39m
 [32mΓ£ô[39m backend/node_modules/zod/src/v3/tests/catch.test.ts [2m([22m[2m17 tests[22m[2m)[22m[32m 29[2mms[22m[39m
 [32mΓ£ô[39m backend/node_modules/zod/src/v3/tests/coerce.test.ts [2m([22m[2m5 tests[22m[2m)[22m[32m 128[2mms[22m[39m
 [32mΓ£ô[39m backend/node_modules/zod/src/v3/tests/complex.test.ts [2m([22m[2m1 test[22m[2m)[22m[32m 12[2mms[22m[39m
 [32mΓ£ô[39m backend/node_modules/zod/src/v3/tests/custom.test.ts [2m([22m[2m3 tests[22m[2m)[22m[32m 72[2mms[22m[39m
 [32mΓ£ô[39m backend/node_modules/zod/src/v3/tests/date.test.ts [2m([22m[2m3 tests[22m[2m)[22m[32m 14[2mms[22m[39m
 [32mΓ£ô[39m backend/node_modules/zod/src/v3/tests/default.test.ts [2m([22m[2m11 tests[22m[2m)[22m[32m 21[2mms[22m[39m
 [32mΓ£ô[39m backend/node_modules/zod/src/v3/tests/description.test.ts [2m([22m[2m4 tests[22m[2m)[22m[32m 18[2mms[22m[39m
 [32mΓ£ô[39m backend/node_modules/zod/src/v3/tests/deepmasking.test.ts [2m([22m[2m1 test[22m[2m)[22m[32m 68[2mms[22m[39m
 [32mΓ£ô[39m backend/node_modules/zod/src/v3/tests/discriminated-unions.test.ts [2m([22m[2m14 tests[22m[2m)[22m[32m 77[2mms[22m[39m
 [32mΓ£ô[39m backend/node_modules/zod/src/v3/tests/enum.test.ts [2m([22m[2m8 tests[22m[2m)[22m[32m 17[2mms[22m[39m
 [32mΓ£ô[39m backend/node_modules/zod/src/v3/tests/error.test.ts [2m([22m[2m29 tests[22m[2m)[22m[32m 81[2mms[22m[39m
 [32mΓ£ô[39m backend/node_modules/zod/src/v3/tests/firstparty.test.ts [2m([22m[2m1 test[22m[2m)[22m[32m 6[2mms[22m[39m
 [32mΓ£ô[39m backend/node_modules/zod/src/v3/tests/generics.test.ts [2m([22m[2m2 tests[22m[2m)[22m[32m 14[2mms[22m[39m
 [32mΓ£ô[39m backend/node_modules/zod/src/v3/tests/function.test.ts [2m([22m[2m18 tests[22m[2m)[22m[32m 181[2mms[22m[39m
 [32mΓ£ô[39m backend/node_modules/zod/src/v3/tests/firstpartyschematypes.test.ts [2m([22m[2m1 test[22m[2m)[22m[32m 5[2mms[22m[39m
 [32mΓ£ô[39m backend/node_modules/zod/src/v3/tests/intersection.test.ts [2m([22m[2m5 tests[22m[2m)[22m[32m 24[2mms[22m[39m
 [32mΓ£ô[39m backend/node_modules/zod/src/v3/tests/instanceof.test.ts [2m([22m[2m2 tests[22m[2m)[22m[32m 17[2mms[22m[39m
 [32mΓ£ô[39m backend/node_modules/zod/src/v3/tests/language-server.test.ts [2m([22m[2m1 test[22m[2m)[22m[32m 4[2mms[22m[39m
 [32mΓ£ô[39m backend/node_modules/zod/src/v3/tests/map.test.ts [2m([22m[2m7 tests[22m[2m)[22m[32m 18[2mms[22m[39m
 [32mΓ£ô[39m backend/node_modules/zod/src/v3/tests/literal.test.ts [2m([22m[2m3 tests[22m[2m)[22m[32m 13[2mms[22m[39m
 [32mΓ£ô[39m backend/node_modules/zod/src/v3/tests/masking.test.ts [2m([22m[2m1 test[22m[2m)[22m[32m 5[2mms[22m[39m
 [32mΓ£ô[39m backend/node_modules/zod/src/v3/tests/mocker.test.ts [2m([22m[2m1 test[22m[2m)[22m[32m 5[2mms[22m[39m
 [32mΓ£ô[39m backend/node_modules/zod/src/v3/tests/nan.test.ts [2m([22m[2m2 tests[22m[2m)[22m[32m 10[2mms[22m[39m
 [32mΓ£ô[39m backend/node_modules/zod/src/v3/tests/nativeEnum.test.ts [2m([22m[2m5 tests[22m[2m)[22m[32m 17[2mms[22m[39m
 [32mΓ£ô[39m backend/node_modules/zod/src/v3/tests/nullable.test.ts [2m([22m[2m2 tests[22m[2m)[22m[32m 51[2mms[22m[39m
 [32mΓ£ô[39m backend/node_modules/zod/src/v3/tests/number.test.ts [2m([22m[2m6 tests[22m[2m)[22m[32m 27[2mms[22m[39m
 [32mΓ£ô[39m backend/node_modules/zod/src/v3/tests/object-augmentation.test.ts [2m([22m[2m1 test[22m[2m)[22m[32m 14[2mms[22m[39m
 [32mΓ£ô[39m backend/node_modules/zod/src/v3/tests/object-in-es5-env.test.ts [2m([22m[2m3 tests[22m[2m)[22m[32m 10[2mms[22m[39m
 [32mΓ£ô[39m backend/node_modules/zod/src/v3/tests/object.test.ts [2m([22m[2m37 tests[22m[2m)[22m[32m 48[2mms[22m[39m
 [32mΓ£ô[39m backend/node_modules/zod/src/v3/tests/optional.test.ts [2m([22m[2m2 tests[22m[2m)[22m[32m 19[2mms[22m[39m
 [32mΓ£ô[39m backend/node_modules/zod/src/v3/tests/parser.test.ts [2m([22m[2m8 tests[22m[2m)[22m[32m 20[2mms[22m[39m
 [32mΓ£ô[39m backend/node_modules/zod/src/v3/tests/parseUtil.test.ts [2m([22m[2m1 test[22m[2m)[22m[32m 6[2mms[22m[39m
 [32mΓ£ô[39m backend/node_modules/zod/src/v3/tests/partials.test.ts [2m([22m[2m15 tests[22m[2m)[22m[32m 27[2mms[22m[39m
 [32mΓ£ô[39m backend/node_modules/zod/src/v3/tests/pickomit.test.ts [2m([22m[2m10 tests[22m[2m)[22m[32m 65[2mms[22m[39m
 [32mΓ£ô[39m backend/node_modules/zod/src/v3/tests/pipeline.test.ts [2m([22m[2m3 tests[22m[2m)[22m[32m 14[2mms[22m[39m
 [32mΓ£ô[39m backend/node_modules/zod/src/v3/tests/preprocess.test.ts [2m([22m[2m10 tests[22m[2m)[22m[32m 42[2mms[22m[39m
 [32mΓ£ô[39m backend/node_modules/zod/src/v3/tests/promise.test.ts [2m([22m[2m10 tests[22m[2m)[22m[32m 22[2mms[22m[39m
 [32mΓ£ô[39m backend/node_modules/zod/src/v3/tests/primitive.test.ts [2m([22m[2m71 tests[22m[2m)[22m[32m 55[2mms[22m[39m
 [32mΓ£ô[39m backend/node_modules/zod/src/v3/tests/readonly.test.ts [2m([22m[2m3 tests[22m[2m)[22m[32m 15[2mms[22m[39m
 [32mΓ£ô[39m backend/node_modules/zod/src/v3/tests/record.test.ts [2m([22m[2m10 tests[22m[2m)[22m[32m 24[2mms[22m[39m
 [32mΓ£ô[39m backend/node_modules/zod/src/v3/tests/recursive.test.ts [2m([22m[2m4 tests[22m[2m)[22m[32m 15[2mms[22m[39m
 [32mΓ£ô[39m backend/node_modules/zod/src/v3/tests/refine.test.ts [2m([22m[2m14 tests[22m[2m)[22m[32m 119[2mms[22m[39m
 [32mΓ£ô[39m backend/node_modules/zod/src/v3/tests/safeparse.test.ts [2m([22m[2m3 tests[22m[2m)[22m[32m 13[2mms[22m[39m
 [32mΓ£ô[39m backend/node_modules/zod/src/v3/tests/set.test.ts [2m([22m[2m11 tests[22m[2m)[22m[32m 22[2mms[22m[39m
 [32mΓ£ô[39m backend/node_modules/zod/src/v3/tests/standard-schema.test.ts [2m([22m[2m6 tests[22m[2m)[22m[32m 16[2mms[22m[39m
 [32mΓ£ô[39m backend/node_modules/zod/src/v3/tests/transformer.test.ts [2m([22m[2m16 tests[22m[2m)[22m[32m 27[2mms[22m[39m
 [32mΓ£ô[39m backend/node_modules/zod/src/v3/tests/string.test.ts [2m([22m[2m76 tests[22m[2m)[22m[32m 167[2mms[22m[39m
 [32mΓ£ô[39m backend/node_modules/zod/src/v3/tests/tuple.test.ts [2m([22m[2m8 tests[22m[2m)[22m[32m 22[2mms[22m[39m
 [32mΓ£ô[39m backend/node_modules/zod/src/v3/tests/unions.test.ts [2m([22m[2m6 tests[22m[2m)[22m[32m 34[2mms[22m[39m
 [32mΓ£ô[39m backend/node_modules/zod/src/v3/tests/validations.test.ts [2m([22m[2m14 tests[22m[2m)[22m[32m 62[2mms[22m[39m
 [32mΓ£ô[39m backend/node_modules/zod/src/v3/tests/void.test.ts [2m([22m[2m1 test[22m[2m)[22m[32m 10[2mms[22m[39m
 [31mΓ¥»[39m swarm/node_modules/@kwsites/file-exists/dist/test/exists.spec.js [2m([22m[2m0 test[22m[2m)[22m
 [32mΓ£ô[39m swarm/node_modules/@mistralai/mistralai/tests/extra/structChat.test.ts [2m([22m[2m3 tests[22m[2m)[22m[32m 15[2mms[22m[39m
 [32mΓ£ô[39m swarm/node_modules/openclaw/extensions/bluebubbles/src/chat.test.ts [2m([22m[2m31 tests[22m[2m)[22m[32m 167[2mms[22m[39m
 [32mΓ£ô[39m swarm/node_modules/openclaw/extensions/bluebubbles/src/reactions.test.ts [2m([22m[2m46 tests[22m[2m)[22m[32m 145[2mms[22m[39m
 [32mΓ£ô[39m swarm/node_modules/openclaw/extensions/bluebubbles/src/targets.test.ts [2m([22m[2m24 tests[22m[2m)[22m[32m 19[2mms[22m[39m
 [32mΓ£ô[39m swarm/node_modules/openclaw/extensions/googlechat/src/api.test.ts [2m([22m[2m2 tests[22m[2m)[22m[32m 18[2mms[22m[39m
 [32mΓ£ô[39m swarm/node_modules/openclaw/extensions/googlechat/src/targets.test.ts [2m([22m[2m4 tests[22m[2m)[22m[32m 18[2mms[22m[39m
 [31mΓ¥»[39m swarm/node_modules/openclaw/extensions/diagnostics-otel/src/service.test.ts [2m([22m[2m0 test[22m[2m)[22m
 [32mΓ£ô[39m swarm/node_modules/openclaw/extensions/bluebubbles/src/actions.test.ts [2m([22m[2m27 tests[22m[2m)[22m[32m 141[2mms[22m[39m
 [32mΓ£ô[39m swarm/node_modules/openclaw/extensions/bluebubbles/src/attachments.test.ts [2m([22m[2m18 tests[22m[2m)[22m[32m 85[2mms[22m[39m
stderr | swarm/node_modules/openclaw/extensions/bluebubbles/src/monitor.test.ts > BlueBubbles webhook monitor > webhook parsing + auth handling > rejects requests with invalid JSON
[bluebubbles] webhook rejected: invalid json

stderr | swarm/node_modules/openclaw/extensions/bluebubbles/src/monitor.test.ts > BlueBubbles webhook monitor > webhook parsing + auth handling > returns 400 when request body times out (Slow-Loris protection)
[bluebubbles] webhook rejected: request body timeout

stderr | swarm/node_modules/openclaw/extensions/bluebubbles/src/monitor.test.ts > BlueBubbles webhook monitor > webhook parsing + auth handling > rejects unauthorized requests with wrong password
[bluebubbles] webhook rejected: unauthorized guid=wr***en

 [32mΓ£ô[39m swarm/node_modules/openclaw/extensions/bluebubbles/src/monitor.test.ts [2m([22m[2m51 tests[22m[2m)[22m[33m 997[2mms[22m[39m
 [32mΓ£ô[39m swarm/node_modules/openclaw/extensions/bluebubbles/src/send.test.ts [2m([22m[2m33 tests[22m[2m)[22m[32m 253[2mms[22m[39m
(node:28904) [DEP0190] DeprecationWarning: Passing args to a child process with shell option true can lead to security vulnerabilities, as the arguments are not escaped, only concatenated.
(Use `node --trace-deprecation ...` to show where the warning was created)
 [32mΓ£ô[39m swarm/node_modules/openclaw/extensions/matrix/src/resolve-targets.test.ts [2m([22m[2m2 tests[22m[2m)[22m[32m 12[2mms[22m[39m
 [31mΓ¥»[39m swarm/node_modules/openclaw/extensions/lobster/src/lobster-tool.test.ts [2m([22m[2m9 tests[22m[2m | [22m[31m1 failed[39m[2m)[22m[33m 5534[2mms[22m[39m
[31m     [31m├ù[31m runs lobster and returns parsed envelope in details[39m[33m 1181[2mms[22m[39m
     [33m[2mΓ£ô[22m[39m tolerates noisy stdout before the JSON envelope [33m 1018[2mms[22m[39m
     [32mΓ£ô[39m requires absolute lobsterPath when provided (even though it is ignored)[32m 10[2mms[22m[39m
     [32mΓ£ô[39m rejects lobsterPath (deprecated) when invalid[32m 6[2mms[22m[39m
     [32mΓ£ô[39m rejects absolute cwd[32m 1[2mms[22m[39m
     [32mΓ£ô[39m rejects cwd that escapes the gateway working directory[32m 1[2mms[22m[39m
     [33m[2mΓ£ô[22m[39m uses pluginConfig.lobsterPath when provided [33m 1033[2mms[22m[39m
     [33m[2mΓ£ô[22m[39m rejects invalid JSON from lobster [33m 2278[2mms[22m[39m
     [32mΓ£ô[39m can be gated off in sandboxed contexts[32m 1[2mms[22m[39m
 [32mΓ£ô[39m swarm/node_modules/openclaw/extensions/googlechat/src/monitor.test.ts [2m([22m[2m4 tests[22m[2m)[22m[32m 8[2mms[22m[39m
 [31mΓ¥»[39m swarm/node_modules/openclaw/extensions/llm-task/src/llm-task-tool.test.ts [2m([22m[2m0 test[22m[2m)[22m
 [32mΓ£ô[39m swarm/node_modules/openclaw/extensions/line/src/channel.logout.test.ts [2m([22m[2m2 tests[22m[2m)[22m[32m 15[2mms[22m[39m
 [32mΓ£ô[39m swarm/node_modules/openclaw/extensions/msteams/src/attachments.test.ts [2m([22m[2m19 tests[22m[2m)[22m[33m 656[2mms[22m[39m
       [33m[2mΓ£ô[22m[39m returns empty string when no attachments [33m 581[2mms[22m[39m
 [32mΓ£ô[39m swarm/node_modules/openclaw/extensions/line/src/channel.sendPayload.test.ts [2m([22m[2m7 tests[22m[2m)[22m[32m 27[2mms[22m[39m
 [32mΓ£ô[39m swarm/node_modules/openclaw/extensions/msteams/src/errors.test.ts [2m([22m[2m6 tests[22m[2m)[22m[32m 12[2mms[22m[39m
 [32mΓ£ô[39m swarm/node_modules/openclaw/extensions/msteams/src/file-consent-helpers.test.ts [2m([22m[2m16 tests[22m[2m)[22m[32m 24[2mms[22m[39m
 [31mΓ¥»[39m swarm/node_modules/openclaw/extensions/matrix/src/channel.directory.test.ts [2m([22m[2m0 test[22m[2m)[22m
 [32mΓ£ô[39m swarm/node_modules/openclaw/extensions/msteams/src/inbound.test.ts [2m([22m[2m8 tests[22m[2m)[22m[32m 13[2mms[22m[39m
 [32mΓ£ô[39m swarm/node_modules/openclaw/extensions/mattermost/src/channel.test.ts [2m([22m[2m5 tests[22m[2m)[22m[32m 12[2mms[22m[39m
 [31mΓ¥»[39m swarm/node_modules/openclaw/extensions/msteams/src/channel.directory.test.ts [2m([22m[2m0 test[22m[2m)[22m
 [32mΓ£ô[39m swarm/node_modules/openclaw/extensions/msteams/src/conversation-store-fs.test.ts [2m([22m[2m1 test[22m[2m)[22m[32m 155[2mms[22m[39m
 [31mΓ¥»[39m swarm/node_modules/openclaw/extensions/msteams/src/probe.test.ts [2m([22m[2m0 test[22m[2m)[22m
 [32mΓ£ô[39m swarm/node_modules/openclaw/extensions/msteams/src/sent-message-cache.test.ts [2m([22m[2m1 test[22m[2m)[22m[32m 6[2mms[22m[39m
 [32mΓ£ô[39m swarm/node_modules/openclaw/extensions/msteams/src/media-helpers.test.ts [2m([22m[2m36 tests[22m[2m)[22m[32m 64[2mms[22m[39m
 [32mΓ£ô[39m swarm/node_modules/openclaw/extensions/msteams/src/messenger.test.ts [2m([22m[2m10 tests[22m[2m)[22m[32m 45[2mms[22m[39m
 [32mΓ£ô[39m swarm/node_modules/openclaw/extensions/msteams/src/policy.test.ts [2m([22m[2m15 tests[22m[2m)[22m[32m 58[2mms[22m[39m
 [31mΓ¥»[39m swarm/node_modules/openclaw/extensions/nostr/src/nostr-bus.fuzz.test.ts [2m([22m[2m0 test[22m[2m)[22m
 [32mΓ£ô[39m swarm/node_modules/openclaw/extensions/msteams/src/polls-store.test.ts [2m([22m[2m2 tests[22m[2m)[22m[33m 1330[2mms[22m[39m
     [33m[2mΓ£ô[22m[39m stores polls and records normalized votes [33m 1321[2mms[22m[39m
 [32mΓ£ô[39m swarm/node_modules/openclaw/extensions/nostr/src/nostr-bus.integration.test.ts [2m([22m[2m26 tests[22m[2m)[22m[32m 34[2mms[22m[39m
 [32mΓ£ô[39m swarm/node_modules/openclaw/extensions/msteams/src/polls.test.ts [2m([22m[2m3 tests[22m[2m)[22m[33m 2072[2mms[22m[39m
     [33m[2mΓ£ô[22m[39m stores and records poll votes [33m 2062[2mms[22m[39m
 [31mΓ¥»[39m swarm/node_modules/openclaw/extensions/nostr/src/nostr-bus.test.ts [2m([22m[2m0 test[22m[2m)[22m
 [31mΓ¥»[39m swarm/node_modules/openclaw/extensions/nostr/src/nostr-profile-import.test.ts [2m([22m[2m0 test[22m[2m)[22m
 [31mΓ¥»[39m swarm/node_modules/openclaw/extensions/nostr/src/nostr-profile.fuzz.test.ts [2m([22m[2m0 test[22m[2m)[22m
 [31mΓ¥»[39m swarm/node_modules/openclaw/extensions/nostr/src/nostr-profile.test.ts [2m([22m[2m0 test[22m[2m)[22m
 [31mΓ¥»[39m swarm/node_modules/openclaw/extensions/nostr/src/types.test.ts [2m([22m[2m0 test[22m[2m)[22m
 [32mΓ£ô[39m swarm/node_modules/openclaw/extensions/nostr/src/nostr-state-store.test.ts [2m([22m[2m7 tests[22m[2m)[22m[32m 289[2mms[22m[39m
 [32mΓ£ô[39m swarm/node_modules/openclaw/extensions/twitch/src/access-control.test.ts [2m([22m[2m31 tests[22m[2m)[22m[32m 19[2mms[22m[39m
 [31mΓ¥»[39m swarm/node_modules/openclaw/extensions/nostr/src/channel.test.ts [2m([22m[2m0 test[22m[2m)[22m
 [32mΓ£ô[39m swarm/node_modules/openclaw/extensions/twitch/src/config.test.ts [2m([22m[2m9 tests[22m[2m)[22m[32m 10[2mms[22m[39m
 [31mΓ¥»[39m swarm/node_modules/openclaw/extensions/twitch/src/outbound.test.ts [2m([22m[2m21 tests[22m[2m | [22m[31m1 failed[39m[2m)[22m[32m 40[2mms[22m[39m
       [32mΓ£ô[39m should have direct delivery mode[32m 3[2mms[22m[39m
       [32mΓ£ô[39m should have 500 character text chunk limit[32m 0[2mms[22m[39m
       [32mΓ£ô[39m should have chunker function[32m 1[2mms[22m[39m
       [32mΓ£ô[39m should normalize and return target in explicit mode[32m 1[2mms[22m[39m
       [32mΓ£ô[39m should return target in implicit mode with wildcard allowlist[32m 1[2mms[22m[39m
       [32mΓ£ô[39m should return target in implicit mode when in allowlist[32m 1[2mms[22m[39m
       [32mΓ£ô[39m should fallback to first allowlist entry when target not in list[32m 0[2mms[22m[39m
       [32mΓ£ô[39m should accept any target when allowlist is empty[32m 0[2mms[22m[39m
       [32mΓ£ô[39m should use first allowlist entry when no target provided[32m 0[2mms[22m[39m
       [32mΓ£ô[39m should return error when no target and no allowlist[32m 1[2mms[22m[39m
       [32mΓ£ô[39m should handle whitespace-only target[32m 0[2mms[22m[39m
       [32mΓ£ô[39m should filter wildcard from allowlist when checking membership[32m 0[2mms[22m[39m
[31m       [31m├ù[31m should send message successfully[39m[32m 13[2mms[22m[39m
       [32mΓ£ô[39m should throw when account not found[32m 3[2mms[22m[39m
       [32mΓ£ô[39m should throw when no channel specified[32m 1[2mms[22m[39m
       [32mΓ£ô[39m should use account channel when target not provided[32m 2[2mms[22m[39m
       [32mΓ£ô[39m should handle abort signal[32m 1[2mms[22m[39m
       [32mΓ£ô[39m should throw on send failure[32m 1[2mms[22m[39m
       [32mΓ£ô[39m should combine text and media URL[32m 2[2mms[22m[39m
       [32mΓ£ô[39m should send media URL only when no text[32m 1[2mms[22m[39m
       [32mΓ£ô[39m should handle abort signal[32m 1[2mms[22m[39m
 [31mΓ¥»[39m swarm/node_modules/openclaw/extensions/twitch/src/probe.test.ts [2m([22m[2m0 test[22m[2m)[22m
 [31mΓ¥»[39m swarm/node_modules/openclaw/extensions/nostr/src/nostr-profile-http.test.ts [2m([22m[2m0 test[22m[2m)[22m
 [32mΓ£ô[39m swarm/node_modules/openclaw/extensions/nextcloud-talk/src/policy.test.ts [2m([22m[2m3 tests[22m[2m)[22m[32m 13[2mms[22m[39m
 [32mΓ£ô[39m swarm/node_modules/openclaw/extensions/tlon/src/config-schema.test.ts [2m([22m[2m2 tests[22m[2m)[22m[32m 133[2mms[22m[39m
 [31mΓ¥»[39m swarm/node_modules/openclaw/extensions/twitch/src/token.test.ts [2m([22m[2m0 test[22m[2m)[22m
 [31mΓ¥»[39m swarm/node_modules/openclaw/extensions/twitch/src/send.test.ts [2m([22m[2m0 test[22m[2m)[22m
 [31mΓ¥»[39m swarm/node_modules/openclaw/extensions/twitch/src/status.test.ts [2m([22m[2m0 test[22m[2m)[22m
 [31mΓ¥»[39m swarm/node_modules/openclaw/extensions/twitch/src/onboarding.test.ts [2m([22m[2m15 tests[22m[2m | [22m[31m1 failed[39m[2m)[22m[33m 20206[2mms[22m[39m
[31m       [31m├ù[31m should return existing token when user confirms to keep it[39m[33m 19188[2mms[22m[39m
       [33m[2mΓ£ô[22m[39m should prompt for new token when user doesn't keep existing [33m 1000[2mms[22m[39m
       [32mΓ£ô[39m should use env token as initial value when provided[32m 2[2mms[22m[39m
       [32mΓ£ô[39m should validate token format[32m 1[2mms[22m[39m
       [32mΓ£ô[39m should return early when no existing token and no env token[32m 1[2mms[22m[39m
       [32mΓ£ô[39m should prompt for username with validation[32m 1[2mms[22m[39m
       [32mΓ£ô[39m should use existing username as initial value[32m 1[2mms[22m[39m
       [32mΓ£ô[39m should prompt for client ID with validation[32m 1[2mms[22m[39m
       [32mΓ£ô[39m should return channel name when provided[32m 1[2mms[22m[39m
       [32mΓ£ô[39m should require a non-empty channel name[32m 1[2mms[22m[39m
       [32mΓ£ô[39m should return empty object when user declines[32m 1[2mms[22m[39m
       [32mΓ£ô[39m should prompt for credentials when user accepts[32m 1[2mms[22m[39m
       [32mΓ£ô[39m should use existing values as initial prompts[32m 1[2mms[22m[39m
       [32mΓ£ô[39m should return null when user declines env token[32m 1[2mms[22m[39m
       [32mΓ£ô[39m should prompt for username and clientId when using env token[32m 1[2mms[22m[39m
 [31mΓ¥»[39m swarm/node_modules/openclaw/extensions/twitch/src/twitch-client.test.ts [2m([22m[2m0 test[22m[2m)[22m
 [32mΓ£ô[39m swarm/node_modules/openclaw/extensions/voice-call/src/config.test.ts [2m([22m[2m14 tests[22m[2m)[22m[32m 18[2mms[22m[39m
 [32mΓ£ô[39m swarm/node_modules/openclaw/extensions/voice-call/src/media-stream.test.ts [2m([22m[2m2 tests[22m[2m)[22m[32m 53[2mms[22m[39m
[90mstdout[2m | swarm/node_modules/openclaw/extensions/voice-call/src/manager.test.ts[2m > [22m[2mCallManager[2m > [22m[2mupgrades providerCallId mapping when provider ID changes
[22m[39m[voice-call] Starting max duration timer (300s) for call e825ca33-fafe-4fdb-84bb-c33a0b9961be

[90mstdout[2m | swarm/node_modules/openclaw/extensions/voice-call/src/manager.test.ts[2m > [22m[2mCallManager[2m > [22m[2mspeaks initial message on answered for notify mode (non-Twilio)
[22m[39m[voice-call] Using inline TwiML for notify mode (voice: Polly.Joanna)

[90mstdout[2m | swarm/node_modules/openclaw/extensions/voice-call/src/manager.test.ts[2m > [22m[2mCallManager[2m > [22m[2mspeaks initial message on answered for notify mode (non-Twilio)
[22m[39m[voice-call] Starting max duration timer (300s) for call f7fb2552-aa64-49ee-b552-49ee9120ed2d
[voice-call] Speaking initial message for call f7fb2552-aa64-49ee-b552-49ee9120ed2d (mode: notify)

[90mstdout[2m | swarm/node_modules/openclaw/extensions/voice-call/src/manager.test.ts[2m > [22m[2mCallManager[2m > [22m[2mspeaks initial message on answered for notify mode (non-Twilio)
[22m[39m[voice-call] Notify mode: auto-hangup in 3s for call f7fb2552-aa64-49ee-b552-49ee9120ed2d

[90mstdout[2m | swarm/node_modules/openclaw/extensions/voice-call/src/manager.test.ts[2m > [22m[2mCallManager[2m > [22m[2mrejects inbound calls with missing caller ID when allowlist enabled
[22m[39m[voice-call] Inbound call rejected: missing caller ID

[90mstdout[2m | swarm/node_modules/openclaw/extensions/voice-call/src/manager.test.ts[2m > [22m[2mCallManager[2m > [22m[2mrejects inbound calls with anonymous caller ID when allowlist enabled
[22m[39m[voice-call] Inbound call rejected: missing caller ID

[90mstdout[2m | swarm/node_modules/openclaw/extensions/voice-call/src/manager.test.ts[2m > [22m[2mCallManager[2m > [22m[2mrejects inbound calls that only match allowlist suffixes
[22m[39m[voice-call] Inbound call rejected: +99915550001234 not in allowlist

[90mstdout[2m | swarm/node_modules/openclaw/extensions/voice-call/src/manager.test.ts[2m > [22m[2mCallManager[2m > [22m[2maccepts inbound calls that exactly match the allowlist
[22m[39m[voice-call] Inbound call accepted: +15550001234 is in allowlist
[voice-call] Created inbound call record: 9a8ba3f6-369b-461c-bd6b-b4d7af9376b9 from +15550001234

 [32mΓ£ô[39m swarm/node_modules/openclaw/extensions/voice-call/src/manager.test.ts [2m([22m[2m6 tests[22m[2m)[22m[32m 104[2mms[22m[39m
 [31mΓ¥»[39m swarm/node_modules/openclaw/extensions/twitch/src/plugin.test.ts [2m([22m[2m0 test[22m[2m)[22m
stderr | swarm/node_modules/openclaw/extensions/voice-call/src/webhook-security.test.ts > verifyTwilioWebhook > allows invalid signatures for ngrok free tier only on loopback
[voice-call] Twilio signature validation failed (ngrok free tier compatibility, loopback only)

 [32mΓ£ô[39m swarm/node_modules/openclaw/extensions/voice-call/src/webhook-security.test.ts [2m([22m[2m11 tests[22m[2m)[22m[32m 131[2mms[22m[39m
 [32mΓ£ô[39m swarm/node_modules/openclaw/extensions/zalouser/src/status-issues.test.ts [2m([22m[2m4 tests[22m[2m)[22m[32m 10[2mms[22m[39m
 [32mΓ£ô[39m swarm/node_modules/signal-polyfill/tests/Signal/subtle/currentComputed.test.ts [2m([22m[2m1 test[22m[2m)[22m[32m 6[2mms[22m[39m
 [32mΓ£ô[39m swarm/node_modules/signal-polyfill/tests/Signal/subtle/untrack.test.ts [2m([22m[2m2 tests[22m[2m)[22m[32m 8[2mms[22m[39m
 [32mΓ£ô[39m swarm/node_modules/signal-polyfill/tests/Signal/subtle/watch-unwatch.test.ts [2m([22m[2m3 tests[22m[2m)[22m[32m 20[2mms[22m[39m
 [32mΓ£ô[39m swarm/node_modules/signal-polyfill/tests/Signal/subtle/watcher.test.ts [2m([22m[2m4 tests[22m[2m)[22m[32m 20[2mms[22m[39m
 [32mΓ£ô[39m swarm/node_modules/zod/src/v3/tests/all-errors.test.ts [2m([22m[2m6 tests[22m[2m)[22m[32m 15[2mms[22m[39m
 [32mΓ£ô[39m swarm/node_modules/zod/src/v3/tests/array.test.ts [2m([22m[2m6 tests[22m[2m)[22m[32m 16[2mms[22m[39m
 [32mΓ£ô[39m swarm/node_modules/zod/src/v3/tests/anyunknown.test.ts [2m([22m[2m3 tests[22m[2m)[22m[32m 10[2mms[22m[39m
 [32mΓ£ô[39m swarm/node_modules/zod/src/v3/tests/async-parsing.test.ts [2m([22m[2m24 tests[22m[2m)[22m[32m 32[2mms[22m[39m
 [32mΓ£ô[39m swarm/node_modules/zod/src/v3/tests/async-refinements.test.ts [2m([22m[2m4 tests[22m[2m)[22m[32m 17[2mms[22m[39m
 [32mΓ£ô[39m swarm/node_modules/zod/src/v3/tests/base.test.ts [2m([22m[2m2 tests[22m[2m)[22m[32m 18[2mms[22m[39m
 [32mΓ£ô[39m swarm/node_modules/zod/src/v3/tests/bigint.test.ts [2m([22m[2m3 tests[22m[2m)[22m[32m 18[2mms[22m[39m
 [32mΓ£ô[39m swarm/node_modules/openclaw/extensions/zalo/src/monitor.webhook.test.ts [2m([22m[2m1 test[22m[2m)[22m[32m 80[2mms[22m[39m
 [32mΓ£ô[39m swarm/node_modules/zod/src/v3/tests/catch.test.ts [2m([22m[2m17 tests[22m[2m)[22m[32m 29[2mms[22m[39m
 [32mΓ£ô[39m swarm/node_modules/openclaw/extensions/zalo/src/channel.directory.test.ts [2m([22m[2m1 test[22m[2m)[22m[32m 10[2mms[22m[39m
 [32mΓ£ô[39m swarm/node_modules/zod/src/v3/tests/branded.test.ts [2m([22m[2m1 test[22m[2m)[22m[32m 9[2mms[22m[39m
 [32mΓ£ô[39m swarm/node_modules/openclaw/extensions/zalouser/src/channel.test.ts [2m([22m[2m1 test[22m[2m)[22m[32m 6[2mms[22m[39m
 [32mΓ£ô[39m swarm/node_modules/zod/src/v3/tests/coerce.test.ts [2m([22m[2m5 tests[22m[2m)[22m[32m 32[2mms[22m[39m
 [32mΓ£ô[39m swarm/node_modules/zod/src/v3/tests/complex.test.ts [2m([22m[2m1 test[22m[2m)[22m[32m 12[2mms[22m[39m
 [32mΓ£ô[39m swarm/node_modules/zod/src/v3/tests/custom.test.ts [2m([22m[2m3 tests[22m[2m)[22m[32m 13[2mms[22m[39m
 [32mΓ£ô[39m swarm/node_modules/zod/src/v3/tests/description.test.ts [2m([22m[2m4 tests[22m[2m)[22m[32m 11[2mms[22m[39m
 [32mΓ£ô[39m swarm/node_modules/zod/src/v3/tests/date.test.ts [2m([22m[2m3 tests[22m[2m)[22m[32m 14[2mms[22m[39m
 [32mΓ£ô[39m swarm/node_modules/zod/src/v3/tests/default.test.ts [2m([22m[2m11 tests[22m[2m)[22m[32m 20[2mms[22m[39m
 [32mΓ£ô[39m swarm/node_modules/zod/src/v3/tests/deepmasking.test.ts [2m([22m[2m1 test[22m[2m)[22m[32m 5[2mms[22m[39m
 [32mΓ£ô[39m swarm/node_modules/zod/src/v3/tests/enum.test.ts [2m([22m[2m8 tests[22m[2m)[22m[32m 16[2mms[22m[39m
 [32mΓ£ô[39m swarm/node_modules/zod/src/v3/tests/discriminated-unions.test.ts [2m([22m[2m14 tests[22m[2m)[22m[32m 32[2mms[22m[39m
 [32mΓ£ô[39m swarm/node_modules/zod/src/v3/tests/error.test.ts [2m([22m[2m29 tests[22m[2m)[22m[32m 39[2mms[22m[39m
 [32mΓ£ô[39m swarm/node_modules/zod/src/v3/tests/firstparty.test.ts [2m([22m[2m1 test[22m[2m)[22m[32m 6[2mms[22m[39m
 [32mΓ£ô[39m swarm/node_modules/zod/src/v3/tests/firstpartyschematypes.test.ts [2m([22m[2m1 test[22m[2m)[22m[32m 5[2mms[22m[39m
 [32mΓ£ô[39m swarm/node_modules/zod/src/v3/tests/function.test.ts [2m([22m[2m18 tests[22m[2m)[22m[32m 27[2mms[22m[39m
 [32mΓ£ô[39m swarm/node_modules/zod/src/v3/tests/generics.test.ts [2m([22m[2m2 tests[22m[2m)[22m[32m 13[2mms[22m[39m
 [32mΓ£ô[39m swarm/node_modules/zod/src/v3/tests/intersection.test.ts [2m([22m[2m5 tests[22m[2m)[22m[32m 24[2mms[22m[39m
 [32mΓ£ô[39m swarm/node_modules/zod/src/v3/tests/instanceof.test.ts [2m([22m[2m2 tests[22m[2m)[22m[32m 13[2mms[22m[39m
 [32mΓ£ô[39m swarm/node_modules/zod/src/v3/tests/language-server.test.ts [2m([22m[2m1 test[22m[2m)[22m[32m 4[2mms[22m[39m
 [32mΓ£ô[39m swarm/node_modules/zod/src/v3/tests/literal.test.ts [2m([22m[2m3 tests[22m[2m)[22m[32m 10[2mms[22m[39m
 [32mΓ£ô[39m swarm/node_modules/zod/src/v3/tests/masking.test.ts [2m([22m[2m1 test[22m[2m)[22m[32m 4[2mms[22m[39m
 [32mΓ£ô[39m swarm/node_modules/zod/src/v3/tests/mocker.test.ts [2m([22m[2m1 test[22m[2m)[22m[32m 5[2mms[22m[39m
 [32mΓ£ô[39m swarm/node_modules/zod/src/v3/tests/map.test.ts [2m([22m[2m7 tests[22m[2m)[22m[32m 16[2mms[22m[39m
 [32mΓ£ô[39m swarm/node_modules/zod/src/v3/tests/nativeEnum.test.ts [2m([22m[2m5 tests[22m[2m)[22m[32m 14[2mms[22m[39m
 [32mΓ£ô[39m swarm/node_modules/zod/src/v3/tests/nan.test.ts [2m([22m[2m2 tests[22m[2m)[22m[32m 10[2mms[22m[39m
 [32mΓ£ô[39m swarm/node_modules/zod/src/v3/tests/nullable.test.ts [2m([22m[2m2 tests[22m[2m)[22m[32m 17[2mms[22m[39m
 [32mΓ£ô[39m swarm/node_modules/zod/src/v3/tests/number.test.ts [2m([22m[2m6 tests[22m[2m)[22m[32m 25[2mms[22m[39m
 [32mΓ£ô[39m swarm/node_modules/zod/src/v3/tests/object-augmentation.test.ts [2m([22m[2m1 test[22m[2m)[22m[32m 12[2mms[22m[39m
 [32mΓ£ô[39m swarm/node_modules/zod/src/v3/tests/object.test.ts [2m([22m[2m37 tests[22m[2m)[22m[32m 37[2mms[22m[39m
 [32mΓ£ô[39m swarm/node_modules/zod/src/v3/tests/object-in-es5-env.test.ts [2m([22m[2m3 tests[22m[2m)[22m[32m 9[2mms[22m[39m
 [32mΓ£ô[39m swarm/node_modules/zod/src/v3/tests/optional.test.ts [2m([22m[2m2 tests[22m[2m)[22m[32m 16[2mms[22m[39m
 [32mΓ£ô[39m swarm/node_modules/zod/src/v3/tests/parser.test.ts [2m([22m[2m8 tests[22m[2m)[22m[32m 20[2mms[22m[39m
 [32mΓ£ô[39m swarm/node_modules/zod/src/v3/tests/partials.test.ts [2m([22m[2m15 tests[22m[2m)[22m[32m 25[2mms[22m[39m
 [32mΓ£ô[39m swarm/node_modules/zod/src/v3/tests/parseUtil.test.ts [2m([22m[2m1 test[22m[2m)[22m[32m 6[2mms[22m[39m
 [32mΓ£ô[39m swarm/node_modules/zod/src/v3/tests/pickomit.test.ts [2m([22m[2m10 tests[22m[2m)[22m[32m 33[2mms[22m[39m
 [32mΓ£ô[39m swarm/node_modules/zod/src/v3/tests/preprocess.test.ts [2m([22m[2m10 tests[22m[2m)[22m[32m 36[2mms[22m[39m
 [32mΓ£ô[39m swarm/node_modules/zod/src/v3/tests/pipeline.test.ts [2m([22m[2m3 tests[22m[2m)[22m[32m 13[2mms[22m[39m
 [32mΓ£ô[39m swarm/node_modules/zod/src/v3/tests/primitive.test.ts [2m([22m[2m71 tests[22m[2m)[22m[32m 45[2mms[22m[39m
 [32mΓ£ô[39m swarm/node_modules/zod/src/v3/tests/promise.test.ts [2m([22m[2m10 tests[22m[2m)[22m[32m 22[2mms[22m[39m
 [32mΓ£ô[39m swarm/node_modules/zod/src/v3/tests/readonly.test.ts [2m([22m[2m3 tests[22m[2m)[22m[32m 15[2mms[22m[39m
 [32mΓ£ô[39m swarm/node_modules/zod/src/v3/tests/recursive.test.ts [2m([22m[2m4 tests[22m[2m)[22m[32m 13[2mms[22m[39m
 [32mΓ£ô[39m swarm/node_modules/zod/src/v3/tests/record.test.ts [2m([22m[2m10 tests[22m[2m)[22m[32m 22[2mms[22m[39m
 [32mΓ£ô[39m swarm/node_modules/zod/src/v3/tests/refine.test.ts [2m([22m[2m14 tests[22m[2m)[22m[32m 30[2mms[22m[39m
 [32mΓ£ô[39m swarm/node_modules/zod/src/v3/tests/safeparse.test.ts [2m([22m[2m3 tests[22m[2m)[22m[32m 12[2mms[22m[39m
 [32mΓ£ô[39m swarm/node_modules/zod/src/v3/tests/set.test.ts [2m([22m[2m11 tests[22m[2m)[22m[32m 22[2mms[22m[39m
 [32mΓ£ô[39m swarm/node_modules/zod/src/v3/tests/standard-schema.test.ts [2m([22m[2m6 tests[22m[2m)[22m[32m 13[2mms[22m[39m
 [32mΓ£ô[39m swarm/node_modules/zod/src/v3/tests/string.test.ts [2m([22m[2m76 tests[22m[2m)[22m[33m 354[2mms[22m[39m
 [32mΓ£ô[39m swarm/node_modules/zod/src/v3/tests/transformer.test.ts [2m([22m[2m16 tests[22m[2m)[22m[32m 25[2mms[22m[39m
 [32mΓ£ô[39m swarm/node_modules/zod/src/v3/tests/tuple.test.ts [2m([22m[2m8 tests[22m[2m)[22m[32m 20[2mms[22m[39m
 [32mΓ£ô[39m swarm/node_modules/zod/src/v3/tests/unions.test.ts [2m([22m[2m6 tests[22m[2m)[22m[32m 16[2mms[22m[39m
 [32mΓ£ô[39m swarm/node_modules/zod/src/v3/tests/validations.test.ts [2m([22m[2m14 tests[22m[2m)[22m[32m 21[2mms[22m[39m
 [32mΓ£ô[39m swarm/node_modules/zod/src/v3/tests/void.test.ts [2m([22m[2m1 test[22m[2m)[22m[32m 9[2mms[22m[39m
 [32mΓ£ô[39m backend/node_modules/zod/src/v4/classic/tests/anyunknown.test.ts [2m([22m[2m3 tests[22m[2m)[22m[32m 14[2mms[22m[39m
 [32mΓ£ô[39m backend/node_modules/zod/src/v4/classic/tests/array.test.ts [2m([22m[2m9 tests[22m[2m)[22m[33m 382[2mms[22m[39m
 [32mΓ£ô[39m backend/node_modules/zod/src/v4/classic/tests/assignability.test.ts [2m([22m[2m5 tests[22m[2m)[22m[32m 47[2mms[22m[39m
 [32mΓ£ô[39m backend/node_modules/zod/src/v4/classic/tests/async-parsing.test.ts [2m([22m[2m23 tests[22m[2m)[22m[33m 550[2mms[22m[39m
   [33m[2mΓ£ô[22m[39m async validation multiple errors 2 [33m 514[2mms[22m[39m
 [32mΓ£ô[39m backend/node_modules/zod/src/v4/classic/tests/async-refinements.test.ts [2m([22m[2m4 tests[22m[2m)[22m[32m 34[2mms[22m[39m
 [32mΓ£ô[39m backend/node_modules/zod/src/v4/classic/tests/base.test.ts [2m([22m[2m1 test[22m[2m)[22m[32m 121[2mms[22m[39m
 [32mΓ£ô[39m backend/node_modules/zod/src/v4/classic/tests/brand.test.ts [2m([22m[2m3 tests[22m[2m)[22m[32m 15[2mms[22m[39m
 [32mΓ£ô[39m backend/node_modules/zod/src/v4/classic/tests/bigint.test.ts [2m([22m[2m3 tests[22m[2m)[22m[32m 36[2mms[22m[39m
 [32mΓ£ô[39m backend/node_modules/zod/src/v4/classic/tests/coalesce.test.ts [2m([22m[2m1 test[22m[2m)[22m[32m 5[2mms[22m[39m
 [32mΓ£ô[39m backend/node_modules/zod/src/v4/classic/tests/catch.test.ts [2m([22m[2m16 tests[22m[2m)[22m[33m 310[2mms[22m[39m
 [32mΓ£ô[39m backend/node_modules/zod/src/v4/classic/tests/coerce.test.ts [2m([22m[2m6 tests[22m[2m)[22m[32m 31[2mms[22m[39m
 [32mΓ£ô[39m backend/node_modules/zod/src/v4/classic/tests/continuability.test.ts [2m([22m[2m1 test[22m[2m)[22m[32m 265[2mms[22m[39m
 [32mΓ£ô[39m backend/node_modules/zod/src/v4/classic/tests/custom.test.ts [2m([22m[2m4 tests[22m[2m)[22m[33m 342[2mms[22m[39m
 [32mΓ£ô[39m backend/node_modules/zod/src/v4/classic/tests/date.test.ts [2m([22m[2m3 tests[22m[2m)[22m[32m 82[2mms[22m[39m
 [31mΓ¥»[39m backend/node_modules/zod/src/v4/classic/tests/datetime.test.ts [2m([22m[2m0 test[22m[2m)[22m
 [32mΓ£ô[39m backend/node_modules/zod/src/v4/classic/tests/default.test.ts [2m([22m[2m13 tests[22m[2m)[22m[32m 113[2mms[22m[39m
 [32mΓ£ô[39m backend/node_modules/zod/src/v4/classic/tests/description.test.ts [2m([22m[2m2 tests[22m[2m)[22m[32m 32[2mms[22m[39m
 [32mΓ£ô[39m backend/node_modules/zod/src/v4/classic/tests/discriminated-unions.test.ts [2m([22m[2m20 tests[22m[2m)[22m[32m 225[2mms[22m[39m
 [32mΓ£ô[39m backend/node_modules/zod/src/v4/classic/tests/error-utils.test.ts [2m([22m[2m12 tests[22m[2m)[22m[32m 60[2mms[22m[39m
 [32mΓ£ô[39m backend/node_modules/zod/src/v4/classic/tests/enum.test.ts [2m([22m[2m19 tests[22m[2m)[22m[32m 114[2mms[22m[39m
 [31mΓ¥»[39m backend/node_modules/zod/src/v4/classic/tests/file.test.ts [2m([22m[2m0 test[22m[2m)[22m
 [32mΓ£ô[39m backend/node_modules/zod/src/v4/classic/tests/error.test.ts [2m([22m[2m27 tests[22m[2m)[22m[33m 325[2mms[22m[39m
 [32mΓ£ô[39m backend/node_modules/zod/src/v4/classic/tests/firstparty.test.ts [2m([22m[2m2 tests[22m[2m)[22m[32m 7[2mms[22m[39m
 [32mΓ£ô[39m backend/node_modules/zod/src/v4/classic/tests/function.test.ts [2m([22m[2m13 tests[22m[2m)[22m[33m 332[2mms[22m[39m
 [32mΓ£ô[39m backend/node_modules/zod/src/v4/classic/tests/generics.test.ts [2m([22m[2m4 tests[22m[2m)[22m[32m 19[2mms[22m[39m
 [32mΓ£ô[39m backend/node_modules/zod/src/v4/classic/tests/index.test.ts [2m([22m[2m56 tests[22m[2m)[22m[32m 266[2mms[22m[39m
 [32mΓ£ô[39m backend/node_modules/zod/src/v4/classic/tests/instanceof.test.ts [2m([22m[2m2 tests[22m[2m)[22m[32m 13[2mms[22m[39m
 [32mΓ£ô[39m backend/node_modules/zod/src/v4/classic/tests/intersection.test.ts [2m([22m[2m10 tests[22m[2m)[22m[32m 68[2mms[22m[39m
 [2m[90mΓåô[39m[22m backend/node_modules/zod/src/v4/classic/tests/json.test.ts [2m([22m[2m1 test[22m[2m | [22m[33m1 skipped[39m[2m)[22m
 [32mΓ£ô[39m backend/node_modules/zod/src/v4/classic/tests/literal.test.ts [2m([22m[2m9 tests[22m[2m)[22m[32m 34[2mms[22m[39m
 [32mΓ£ô[39m backend/node_modules/zod/src/v4/classic/tests/nan.test.ts [2m([22m[2m2 tests[22m[2m)[22m[32m 12[2mms[22m[39m
 [32mΓ£ô[39m backend/node_modules/zod/src/v4/classic/tests/lazy.test.ts [2m([22m[2m9 tests[22m[2m)[22m[32m 120[2mms[22m[39m
 [32mΓ£ô[39m backend/node_modules/zod/src/v4/classic/tests/map.test.ts [2m([22m[2m8 tests[22m[2m)[22m[32m 40[2mms[22m[39m
 [32mΓ£ô[39m backend/node_modules/zod/src/v4/classic/tests/nonoptional.test.ts [2m([22m[2m3 tests[22m[2m)[22m[32m 262[2mms[22m[39m
 [32mΓ£ô[39m backend/node_modules/zod/src/v4/classic/tests/nested-refine.test.ts [2m([22m[2m1 test[22m[2m)[22m[32m 92[2mms[22m[39m
 [32mΓ£ô[39m backend/node_modules/zod/src/v4/classic/tests/nullable.test.ts [2m([22m[2m3 tests[22m[2m)[22m[32m 38[2mms[22m[39m
 [32mΓ£ô[39m backend/node_modules/zod/src/v4/classic/tests/number.test.ts [2m([22m[2m25 tests[22m[2m)[22m[32m 72[2mms[22m[39m
 [32mΓ£ô[39m backend/node_modules/zod/src/v4/classic/tests/optional.test.ts [2m([22m[2m5 tests[22m[2m)[22m[32m 24[2mms[22m[39m
 [32mΓ£ô[39m backend/node_modules/zod/src/v4/classic/tests/object.test.ts [2m([22m[2m45 tests[22m[2m)[22m[32m 158[2mms[22m[39m
 [32mΓ£ô[39m backend/node_modules/zod/src/v4/classic/tests/partial.test.ts [2m([22m[2m8 tests[22m[2m)[22m[32m 68[2mms[22m[39m
 [32mΓ£ô[39m backend/node_modules/zod/src/v4/classic/tests/pickomit.test.ts [2m([22m[2m12 tests[22m[2m)[22m[32m 72[2mms[22m[39m
 [32mΓ£ô[39m backend/node_modules/zod/src/v4/classic/tests/pipe.test.ts [2m([22m[2m5 tests[22m[2m)[22m[32m 38[2mms[22m[39m
 [32mΓ£ô[39m backend/node_modules/zod/src/v4/classic/tests/prefault.test.ts [2m([22m[2m2 tests[22m[2m)[22m[32m 17[2mms[22m[39m
 [32mΓ£ô[39m backend/node_modules/zod/src/v4/classic/tests/preprocess.test.ts [2m([22m[2m11 tests[22m[2m)[22m[32m 90[2mms[22m[39m
 [32mΓ£ô[39m backend/node_modules/zod/src/v4/classic/tests/record.test.ts [2m([22m[2m13 tests[22m[2m)[22m[32m 119[2mms[22m[39m
 [32mΓ£ô[39m backend/node_modules/zod/src/v4/classic/tests/readonly.test.ts [2m([22m[2m7 tests[22m[2m)[22m[32m 86[2mms[22m[39m
 [32mΓ£ô[39m backend/node_modules/zod/src/v4/classic/tests/prototypes.test.ts [2m([22m[2m1 test[22m[2m)[22m[32m 6[2mms[22m[39m
 [32mΓ£ô[39m backend/node_modules/zod/src/v4/classic/tests/primitive.test.ts [2m([22m[2m14 tests[22m[2m)[22m[32m 92[2mms[22m[39m
 [32mΓ£ô[39m backend/node_modules/zod/src/v4/classic/tests/promise.test.ts [2m([22m[2m10 tests[22m[2m)[22m[32m 109[2mms[22m[39m
 [32mΓ£ô[39m backend/node_modules/zod/src/v4/classic/tests/recursive-types.test.ts [2m([22m[2m8 tests[22m[2m)[22m[32m 29[2mms[22m[39m
 [32mΓ£ô[39m backend/node_modules/zod/src/v4/classic/tests/refine.test.ts [2m([22m[2m15 tests[22m[2m)[22m[32m 191[2mms[22m[39m
 [32mΓ£ô[39m backend/node_modules/zod/src/v4/classic/tests/set.test.ts [2m([22m[2m12 tests[22m[2m)[22m[32m 133[2mms[22m[39m
 [32mΓ£ô[39m backend/node_modules/zod/src/v4/classic/tests/string-formats.test.ts [2m([22m[2m2 tests[22m[2m)[22m[32m 184[2mms[22m[39m
 [32mΓ£ô[39m backend/node_modules/zod/src/v4/classic/tests/standard-schema.test.ts [2m([22m[2m4 tests[22m[2m)[22m[32m 27[2mms[22m[39m
 [32mΓ£ô[39m backend/node_modules/zod/src/v4/classic/tests/registries.test.ts [2m([22m[2m16 tests[22m[2m)[22m[32m 50[2mms[22m[39m
 [32mΓ£ô[39m backend/node_modules/zod/src/v4/classic/tests/string.test.ts [2m([22m[2m36 tests[22m[2m)[22m[33m 1297[2mms[22m[39m
   [33m[2mΓ£ô[22m[39m big base64 and base64url [33m 991[2mms[22m[39m
 [32mΓ£ô[39m backend/node_modules/zod/src/v4/classic/tests/stringbool.test.ts [2m([22m[2m4 tests[22m[2m)[22m[32m 200[2mms[22m[39m
 [32mΓ£ô[39m backend/node_modules/zod/src/v4/classic/tests/template-literal.test.ts [2m([22m[2m8 tests[22m[2m)[22m[33m 435[2mms[22m[39m
 [32mΓ£ô[39m backend/node_modules/zod/src/v4/classic/tests/transform.test.ts [2m([22m[2m16 tests[22m[2m)[22m[32m 184[2mms[22m[39m
 [32mΓ£ô[39m backend/node_modules/zod/src/v4/classic/tests/union.test.ts [2m([22m[2m8 tests[22m[2m)[22m[32m 105[2mms[22m[39m
 [32mΓ£ô[39m backend/node_modules/zod/src/v4/classic/tests/tuple.test.ts [2m([22m[2m6 tests[22m[2m)[22m[32m 229[2mms[22m[39m
 [32mΓ£ô[39m backend/node_modules/zod/src/v4/classic/tests/validations.test.ts [2m([22m[2m13 tests[22m[2m)[22m[32m 199[2mms[22m[39m
 [32mΓ£ô[39m backend/node_modules/zod/src/v4/classic/tests/void.test.ts [2m([22m[2m1 test[22m[2m)[22m[32m 76[2mms[22m[39m
 [32mΓ£ô[39m backend/node_modules/zod/src/v4/classic/tests/to-json-schema.test.ts [2m([22m[2m48 tests[22m[2m)[22m[33m 1265[2mms[22m[39m
     [33m[2mΓ£ô[22m[39m primitive types [33m 476[2mms[22m[39m
 [32mΓ£ô[39m backend/node_modules/zod/src/v4/core/tests/index.test.ts [2m([22m[2m3 tests[22m[2m)[22m[32m 26[2mms[22m[39m
 [32mΓ£ô[39m backend/node_modules/zod/src/v4/mini/tests/assignability.test.ts [2m([22m[2m2 tests[22m[2m)[22m[32m 21[2mms[22m[39m
 [32mΓ£ô[39m backend/node_modules/zod/src/v4/mini/tests/computed.test.ts [2m([22m[2m5 tests[22m[2m)[22m[32m 63[2mms[22m[39m
 [32mΓ£ô[39m backend/node_modules/zod/src/v4/mini/tests/error.test.ts [2m([22m[2m2 tests[22m[2m)[22m[32m 10[2mms[22m[39m
 [32mΓ£ô[39m backend/node_modules/zod/src/v4/mini/tests/functions.test.ts [2m([22m[2m1 test[22m[2m)[22m[32m 5[2mms[22m[39m
 [32mΓ£ô[39m backend/node_modules/zod/src/v4/mini/tests/index.test.ts [2m([22m[2m56 tests[22m[2m)[22m[33m 451[2mms[22m[39m
 [32mΓ£ô[39m backend/node_modules/zod/src/v4/mini/tests/brand.test.ts [2m([22m[2m1 test[22m[2m)[22m[32m 11[2mms[22m[39m
 [32mΓ£ô[39m backend/node_modules/zod/src/v4/mini/tests/checks.test.ts [2m([22m[2m17 tests[22m[2m)[22m[32m 36[2mms[22m[39m
 [32mΓ£ô[39m backend/node_modules/zod/src/v4/mini/tests/object.test.ts [2m([22m[2m11 tests[22m[2m)[22m[32m 29[2mms[22m[39m
 [32mΓ£ô[39m backend/node_modules/zod/src/v4/mini/tests/number.test.ts [2m([22m[2m9 tests[22m[2m)[22m[32m 31[2mms[22m[39m
 [32mΓ£ô[39m backend/node_modules/zod/src/v4/mini/tests/prototypes.test.ts [2m([22m[2m2 tests[22m[2m)[22m[32m 18[2mms[22m[39m
 [32mΓ£ô[39m backend/node_modules/zod/src/v4/mini/tests/recursive-types.test.ts [2m([22m[2m6 tests[22m[2m)[22m[32m 122[2mms[22m[39m
 [32mΓ£ô[39m backend/node_modules/zod/src/v4/mini/tests/string.test.ts [2m([22m[2m24 tests[22m[2m)[22m[33m 306[2mms[22m[39m
 [31mΓ¥»[39m swarm/node_modules/@whiskeysockets/baileys/node_modules/pino/test/browser-disabled.test.js [2m([22m[2m0 test[22m[2m)[22m
 [31mΓ¥»[39m swarm/node_modules/@whiskeysockets/baileys/node_modules/pino/test/browser-child.test.js [2m([22m[2m0 test[22m[2m)[22m
 [31mΓ¥»[39m swarm/node_modules/@whiskeysockets/baileys/node_modules/pino/test/broken-pipe.test.js [2m([22m[2m0 test[22m[2m)[22m
 [31mΓ¥»[39m swarm/node_modules/@whiskeysockets/baileys/node_modules/pino/test/basic.test.js [2m([22m[2m0 test[22m[2m)[22m
 [31mΓ¥»[39m swarm/node_modules/@whiskeysockets/baileys/node_modules/pino/test/browser-early-console-freeze.test.js [2m([22m[2m0 test[22m[2m)[22m
 [31mΓ¥»[39m swarm/node_modules/@whiskeysockets/baileys/node_modules/pino/test/browser-is-level-enabled.test.js [2m([22m[2m0 test[22m[2m)[22m
 [31mΓ¥»[39m swarm/node_modules/@whiskeysockets/baileys/node_modules/pino/test/browser.test.js [2m([22m[2m0 test[22m[2m)[22m
 [31mΓ¥»[39m swarm/node_modules/@whiskeysockets/baileys/node_modules/pino/test/browser-levels.test.js [2m([22m[2m0 test[22m[2m)[22m
 [31mΓ¥»[39m swarm/node_modules/@whiskeysockets/baileys/node_modules/pino/test/browser-serializers.test.js [2m([22m[2m0 test[22m[2m)[22m
 [31mΓ¥»[39m swarm/node_modules/@whiskeysockets/baileys/node_modules/pino/test/browser-timestamp.test.js [2m([22m[2m0 test[22m[2m)[22m
 [31mΓ¥»[39m swarm/node_modules/@whiskeysockets/baileys/node_modules/pino/test/browser-transmit.test.js [2m([22m[2m0 test[22m[2m)[22m
 [31mΓ¥»[39m swarm/node_modules/@whiskeysockets/baileys/node_modules/pino/test/crlf.test.js [2m([22m[2m0 test[22m[2m)[22m
 [31mΓ¥»[39m swarm/node_modules/@whiskeysockets/baileys/node_modules/pino/test/complex-objects.test.js [2m([22m[2m0 test[22m[2m)[22m
 [31mΓ¥»[39m swarm/node_modules/@whiskeysockets/baileys/node_modules/pino/test/custom-levels.test.js [2m([22m[2m0 test[22m[2m)[22m
 [31mΓ¥»[39m swarm/node_modules/@whiskeysockets/baileys/node_modules/pino/test/diagnostics.test.js [2m([22m[2m0 test[22m[2m)[22m
 [31mΓ¥»[39m swarm/node_modules/@whiskeysockets/baileys/node_modules/pino/test/errorKey.test.js [2m([22m[2m0 test[22m[2m)[22m
 [31mΓ¥»[39m swarm/node_modules/@whiskeysockets/baileys/node_modules/pino/test/error.test.js [2m([22m[2m0 test[22m[2m)[22m
 [31mΓ¥»[39m swarm/node_modules/@whiskeysockets/baileys/node_modules/pino/test/escaping.test.js [2m([22m[2m0 test[22m[2m)[22m
 [31mΓ¥»[39m swarm/node_modules/@whiskeysockets/baileys/node_modules/pino/test/exit.test.js [2m([22m[2m0 test[22m[2m)[22m
 [31mΓ¥»[39m swarm/node_modules/@whiskeysockets/baileys/node_modules/pino/test/formatters.test.js [2m([22m[2m0 test[22m[2m)[22m
 [31mΓ¥»[39m swarm/node_modules/@whiskeysockets/baileys/node_modules/pino/test/hooks.test.js [2m([22m[2m0 test[22m[2m)[22m
 [31mΓ¥»[39m swarm/node_modules/@whiskeysockets/baileys/node_modules/pino/test/http.test.js [2m([22m[2m0 test[22m[2m)[22m
 [31mΓ¥»[39m swarm/node_modules/@whiskeysockets/baileys/node_modules/pino/test/is-level-enabled.test.js [2m([22m[2m0 test[22m[2m)[22m
 [31mΓ¥»[39m swarm/node_modules/@whiskeysockets/baileys/node_modules/pino/test/levels.test.js [2m([22m[2m0 test[22m[2m)[22m
 [31mΓ¥»[39m swarm/node_modules/@whiskeysockets/baileys/node_modules/pino/test/metadata.test.js [2m([22m[2m0 test[22m[2m)[22m
 [31mΓ¥»[39m swarm/node_modules/@whiskeysockets/baileys/node_modules/pino/test/mixin-merge-strategy.test.js [2m([22m[2m0 test[22m[2m)[22m
 [31mΓ¥»[39m swarm/node_modules/@whiskeysockets/baileys/node_modules/pino/test/mixin.test.js [2m([22m[2m0 test[22m[2m)[22m
 [31mΓ¥»[39m swarm/node_modules/@whiskeysockets/baileys/node_modules/pino/test/redact.test.js [2m([22m[2m0 test[22m[2m)[22m
 [31mΓ¥»[39m swarm/node_modules/@whiskeysockets/baileys/node_modules/pino/test/serializers.test.js [2m([22m[2m0 test[22m[2m)[22m
 [31mΓ¥»[39m swarm/node_modules/@whiskeysockets/baileys/node_modules/pino/test/multistream.test.js [2m([22m[2m0 test[22m[2m)[22m
 [31mΓ¥»[39m swarm/node_modules/@whiskeysockets/baileys/node_modules/pino/test/sinon-child-logger.test.js [2m([22m[2m0 test[22m[2m)[22m
 [31mΓ¥»[39m swarm/node_modules/@whiskeysockets/baileys/node_modules/pino/test/stdout-protection.test.js [2m([22m[2m0 test[22m[2m)[22m
 [31mΓ¥»[39m swarm/node_modules/@whiskeysockets/baileys/node_modules/pino/test/syncfalse.test.js [2m([22m[2m0 test[22m[2m)[22m
 [31mΓ¥»[39m swarm/node_modules/@whiskeysockets/baileys/node_modules/pino/test/timestamp-nano.test.js [2m([22m[2m0 test[22m[2m)[22m
 [31mΓ¥»[39m swarm/node_modules/@whiskeysockets/baileys/node_modules/pino/test/transport-stream.test.js [2m([22m[2m0 test[22m[2m)[22m
 [31mΓ¥»[39m swarm/node_modules/@whiskeysockets/baileys/node_modules/pino-abstract-transport/test/base.test.js [2m([22m[2m0 test[22m[2m)[22m
 [31mΓ¥»[39m swarm/node_modules/@whiskeysockets/baileys/node_modules/pino/test/timestamp.test.js [2m([22m[2m0 test[22m[2m)[22m
 [31mΓ¥»[39m swarm/node_modules/@whiskeysockets/baileys/node_modules/pino-abstract-transport/test/worker.test.js [2m([22m[2m0 test[22m[2m)[22m
 [31mΓ¥»[39m swarm/node_modules/@whiskeysockets/baileys/node_modules/thread-stream/test/base.test.js [2m([22m[2m0 test[22m[2m)[22m
 [31mΓ¥»[39m swarm/node_modules/@whiskeysockets/baileys/node_modules/thread-stream/test/bench.test.js [2m([22m[2m0 test[22m[2m)[22m
 [31mΓ¥»[39m swarm/node_modules/@whiskeysockets/baileys/node_modules/thread-stream/test/bundlers.test.js [2m([22m[2m0 test[22m[2m)[22m
 [31mΓ¥»[39m swarm/node_modules/@whiskeysockets/baileys/node_modules/thread-stream/test/commonjs-fallback.test.js [2m([22m[2m0 test[22m[2m)[22m
 [31mΓ¥»[39m swarm/node_modules/@whiskeysockets/baileys/node_modules/thread-stream/test/context.test.js [2m([22m[2m0 test[22m[2m)[22m
 [31mΓ¥»[39m swarm/node_modules/@whiskeysockets/baileys/node_modules/thread-stream/test/end.test.js [2m([22m[2m0 test[22m[2m)[22m
 [31mΓ¥»[39m swarm/node_modules/@whiskeysockets/baileys/node_modules/thread-stream/test/event.test.js [2m([22m[2m0 test[22m[2m)[22m
 [31mΓ¥»[39m swarm/node_modules/@whiskeysockets/baileys/node_modules/thread-stream/test/esm.test.mjs [2m([22m[2m0 test[22m[2m)[22m
 [31mΓ¥»[39m swarm/node_modules/@whiskeysockets/baileys/node_modules/thread-stream/test/indexes.test.js [2m([22m[2m0 test[22m[2m)[22m
 [31mΓ¥»[39m swarm/node_modules/@whiskeysockets/baileys/node_modules/thread-stream/test/multibyte-chars.test.mjs [2m([22m[2m0 test[22m[2m)[22m
 [31mΓ¥»[39m swarm/node_modules/@whiskeysockets/baileys/node_modules/thread-stream/test/never-drain.test.js [2m([22m[2m0 test[22m[2m)[22m
 [31mΓ¥»[39m swarm/node_modules/@whiskeysockets/baileys/node_modules/thread-stream/test/post-message.test.js [2m([22m[2m0 test[22m[2m)[22m
 [31mΓ¥»[39m swarm/node_modules/@whiskeysockets/baileys/node_modules/thread-stream/test/string-limit-2.test.js [2m([22m[2m0 test[22m[2m)[22m
 [31mΓ¥»[39m swarm/node_modules/@whiskeysockets/baileys/node_modules/thread-stream/test/string-limit.test.js [2m([22m[2m0 test[22m[2m)[22m
 [31mΓ¥»[39m swarm/node_modules/@whiskeysockets/baileys/node_modules/thread-stream/test/thread-management.test.js [2m([22m[2m0 test[22m[2m)[22m
 [31mΓ¥»[39m swarm/node_modules/@whiskeysockets/baileys/node_modules/thread-stream/test/transpiled.test.js [2m([22m[2m0 test[22m[2m)[22m
 [31mΓ¥»[39m swarm/node_modules/@whiskeysockets/baileys/node_modules/thread-stream/test/ts.test.ts [2m([22m[2m0 test[22m[2m)[22m
 [32mΓ£ô[39m swarm/node_modules/openclaw/extensions/matrix/src/matrix/format.test.ts [2m([22m[2m5 tests[22m[2m)[22m[32m 156[2mms[22m[39m
 [31mΓ¥»[39m swarm/node_modules/openclaw/extensions/matrix/src/matrix/client.test.ts [2m([22m[2m0 test[22m[2m)[22m
 [32mΓ£ô[39m swarm/node_modules/openclaw/extensions/matrix/src/matrix/poll-types.test.ts [2m([22m[2m1 test[22m[2m)[22m[32m 7[2mms[22m[39m
 [31mΓ¥»[39m swarm/node_modules/openclaw/extensions/matrix/src/matrix/send.test.ts [2m([22m[2m3 tests[22m[2m | [22m[33m3 skipped[39m[2m)[22m[33m 475[2mms[22m[39m
     [2m[90mΓåô[39m[22m uploads media with url payloads
     [2m[90mΓåô[39m[22m uploads encrypted media with file payloads
     [2m[90mΓåô[39m[22m includes thread relation metadata when threadId is set
 [32mΓ£ô[39m swarm/node_modules/openclaw/extensions/tlon/src/monitor/processed-messages.test.ts [2m([22m[2m1 test[22m[2m)[22m[32m 6[2mms[22m[39m
 [31mΓ¥»[39m swarm/node_modules/openclaw/extensions/tlon/src/urbit/send.test.ts [2m([22m[2m0 test[22m[2m)[22m
 [32mΓ£ô[39m swarm/node_modules/openclaw/extensions/voice-call/src/providers/plivo.test.ts [2m([22m[2m1 test[22m[2m)[22m[32m 10[2mms[22m[39m
 [32mΓ£ô[39m swarm/node_modules/openclaw/extensions/tlon/src/urbit/sse-client.test.ts [2m([22m[2m1 test[22m[2m)[22m[32m 12[2mms[22m[39m
 [32mΓ£ô[39m swarm/node_modules/zod/src/v4/classic/tests/anyunknown.test.ts [2m([22m[2m3 tests[22m[2m)[22m[32m 13[2mms[22m[39m
 [32mΓ£ô[39m swarm/node_modules/openclaw/extensions/voice-call/src/providers/twilio.test.ts [2m([22m[2m3 tests[22m[2m)[22m[32m 12[2mms[22m[39m
 [32mΓ£ô[39m swarm/node_modules/zod/src/v4/classic/tests/array.test.ts [2m([22m[2m9 tests[22m[2m)[22m[32m 120[2mms[22m[39m
 [32mΓ£ô[39m swarm/node_modules/zod/src/v4/classic/tests/assignability.test.ts [2m([22m[2m5 tests[22m[2m)[22m[32m 48[2mms[22m[39m
 [32mΓ£ô[39m swarm/node_modules/zod/src/v4/classic/tests/base.test.ts [2m([22m[2m1 test[22m[2m)[22m[32m 7[2mms[22m[39m
 [32mΓ£ô[39m swarm/node_modules/zod/src/v4/classic/tests/async-refinements.test.ts [2m([22m[2m4 tests[22m[2m)[22m[32m 34[2mms[22m[39m
 [32mΓ£ô[39m swarm/node_modules/zod/src/v4/classic/tests/async-parsing.test.ts [2m([22m[2m23 tests[22m[2m)[22m[33m 885[2mms[22m[39m
   [33m[2mΓ£ô[22m[39m async validation multiple errors 2 [33m 601[2mms[22m[39m
 [32mΓ£ô[39m swarm/node_modules/zod/src/v4/classic/tests/bigint.test.ts [2m([22m[2m3 tests[22m[2m)[22m[32m 74[2mms[22m[39m
 [32mΓ£ô[39m swarm/node_modules/zod/src/v4/classic/tests/brand.test.ts [2m([22m[2m3 tests[22m[2m)[22m[32m 64[2mms[22m[39m
 [32mΓ£ô[39m swarm/node_modules/zod/src/v4/classic/tests/catch.test.ts [2m([22m[2m16 tests[22m[2m)[22m[33m 331[2mms[22m[39m
 [31mΓ¥»[39m swarm/node_modules/openclaw/extensions/matrix/src/matrix/accounts.test.ts [2m([22m[2m0 test[22m[2m)[22m
 [32mΓ£ô[39m swarm/node_modules/zod/src/v4/classic/tests/coalesce.test.ts [2m([22m[2m1 test[22m[2m)[22m[32m 5[2mms[22m[39m
 [32mΓ£ô[39m swarm/node_modules/zod/src/v4/classic/tests/coerce.test.ts [2m([22m[2m6 tests[22m[2m)[22m[32m 109[2mms[22m[39m
 [32mΓ£ô[39m swarm/node_modules/zod/src/v4/classic/tests/continuability.test.ts [2m([22m[2m1 test[22m[2m)[22m[32m 158[2mms[22m[39m
 [32mΓ£ô[39m swarm/node_modules/zod/src/v4/classic/tests/custom.test.ts [2m([22m[2m4 tests[22m[2m)[22m[32m 27[2mms[22m[39m
 [32mΓ£ô[39m swarm/node_modules/zod/src/v4/classic/tests/date.test.ts [2m([22m[2m3 tests[22m[2m)[22m[32m 11[2mms[22m[39m
 [31mΓ¥»[39m swarm/node_modules/zod/src/v4/classic/tests/datetime.test.ts [2m([22m[2m0 test[22m[2m)[22m
 [32mΓ£ô[39m swarm/node_modules/zod/src/v4/classic/tests/description.test.ts [2m([22m[2m2 tests[22m[2m)[22m[32m 9[2mms[22m[39m
 [32mΓ£ô[39m swarm/node_modules/zod/src/v4/classic/tests/default.test.ts [2m([22m[2m13 tests[22m[2m)[22m[32m 56[2mms[22m[39m
 [32mΓ£ô[39m swarm/node_modules/zod/src/v4/classic/tests/discriminated-unions.test.ts [2m([22m[2m20 tests[22m[2m)[22m[33m 391[2mms[22m[39m
 [32mΓ£ô[39m swarm/node_modules/zod/src/v4/classic/tests/enum.test.ts [2m([22m[2m19 tests[22m[2m)[22m[32m 113[2mms[22m[39m
 [32mΓ£ô[39m swarm/node_modules/zod/src/v4/classic/tests/error-utils.test.ts [2m([22m[2m12 tests[22m[2m)[22m[32m 170[2mms[22m[39m
 [32mΓ£ô[39m swarm/node_modules/zod/src/v4/classic/tests/error.test.ts [2m([22m[2m27 tests[22m[2m)[22m[33m 356[2mms[22m[39m
 [31mΓ¥»[39m swarm/node_modules/zod/src/v4/classic/tests/file.test.ts [2m([22m[2m0 test[22m[2m)[22m
 [32mΓ£ô[39m swarm/node_modules/zod/src/v4/classic/tests/generics.test.ts [2m([22m[2m4 tests[22m[2m)[22m[32m 19[2mms[22m[39m
 [32mΓ£ô[39m swarm/node_modules/zod/src/v4/classic/tests/firstparty.test.ts [2m([22m[2m2 tests[22m[2m)[22m[32m 8[2mms[22m[39m
 [32mΓ£ô[39m swarm/node_modules/zod/src/v4/classic/tests/function.test.ts [2m([22m[2m13 tests[22m[2m)[22m[32m 69[2mms[22m[39m
 [32mΓ£ô[39m swarm/node_modules/zod/src/v4/classic/tests/index.test.ts [2m([22m[2m56 tests[22m[2m)[22m[33m 342[2mms[22m[39m
 [32mΓ£ô[39m swarm/node_modules/zod/src/v4/classic/tests/instanceof.test.ts [2m([22m[2m2 tests[22m[2m)[22m[32m 21[2mms[22m[39m
 [32mΓ£ô[39m swarm/node_modules/zod/src/v4/classic/tests/intersection.test.ts [2m([22m[2m10 tests[22m[2m)[22m[32m 258[2mms[22m[39m
 [2m[90mΓåô[39m[22m swarm/node_modules/zod/src/v4/classic/tests/json.test.ts [2m([22m[2m1 test[22m[2m | [22m[33m1 skipped[39m[2m)[22m
 [32mΓ£ô[39m swarm/node_modules/zod/src/v4/classic/tests/lazy.test.ts [2m([22m[2m9 tests[22m[2m)[22m[32m 44[2mms[22m[39m
 [32mΓ£ô[39m swarm/node_modules/zod/src/v4/classic/tests/literal.test.ts [2m([22m[2m9 tests[22m[2m)[22m[33m 314[2mms[22m[39m
 [32mΓ£ô[39m swarm/node_modules/zod/src/v4/classic/tests/map.test.ts [2m([22m[2m8 tests[22m[2m)[22m[32m 43[2mms[22m[39m
 [32mΓ£ô[39m swarm/node_modules/zod/src/v4/classic/tests/nan.test.ts [2m([22m[2m2 tests[22m[2m)[22m[32m 10[2mms[22m[39m
 [32mΓ£ô[39m swarm/node_modules/zod/src/v4/classic/tests/nested-refine.test.ts [2m([22m[2m1 test[22m[2m)[22m[32m 36[2mms[22m[39m
 [32mΓ£ô[39m swarm/node_modules/zod/src/v4/classic/tests/nonoptional.test.ts [2m([22m[2m3 tests[22m[2m)[22m[32m 132[2mms[22m[39m
 [32mΓ£ô[39m swarm/node_modules/zod/src/v4/classic/tests/nullable.test.ts [2m([22m[2m3 tests[22m[2m)[22m[32m 13[2mms[22m[39m
 [32mΓ£ô[39m swarm/node_modules/zod/src/v4/classic/tests/optional.test.ts [2m([22m[2m5 tests[22m[2m)[22m[32m 25[2mms[22m[39m
 [32mΓ£ô[39m swarm/node_modules/zod/src/v4/classic/tests/number.test.ts [2m([22m[2m25 tests[22m[2m)[22m[32m 208[2mms[22m[39m
 [32mΓ£ô[39m swarm/node_modules/zod/src/v4/classic/tests/object.test.ts [2m([22m[2m45 tests[22m[2m)[22m[32m 280[2mms[22m[39m
 [32mΓ£ô[39m swarm/node_modules/zod/src/v4/classic/tests/partial.test.ts [2m([22m[2m8 tests[22m[2m)[22m[32m 24[2mms[22m[39m
 [32mΓ£ô[39m swarm/node_modules/zod/src/v4/classic/tests/pickomit.test.ts [2m([22m[2m12 tests[22m[2m)[22m[32m 31[2mms[22m[39m
 [32mΓ£ô[39m swarm/node_modules/zod/src/v4/classic/tests/pipe.test.ts [2m([22m[2m5 tests[22m[2m)[22m[32m 33[2mms[22m[39m
 [32mΓ£ô[39m swarm/node_modules/zod/src/v4/classic/tests/prefault.test.ts [2m([22m[2m2 tests[22m[2m)[22m[32m 15[2mms[22m[39m
 [32mΓ£ô[39m swarm/node_modules/zod/src/v4/classic/tests/preprocess.test.ts [2m([22m[2m11 tests[22m[2m)[22m[32m 128[2mms[22m[39m
 [32mΓ£ô[39m swarm/node_modules/zod/src/v4/classic/tests/primitive.test.ts [2m([22m[2m14 tests[22m[2m)[22m[32m 44[2mms[22m[39m
 [32mΓ£ô[39m swarm/node_modules/zod/src/v4/classic/tests/promise.test.ts [2m([22m[2m10 tests[22m[2m)[22m[32m 32[2mms[22m[39m
 [32mΓ£ô[39m swarm/node_modules/zod/src/v4/classic/tests/prototypes.test.ts [2m([22m[2m1 test[22m[2m)[22m[32m 7[2mms[22m[39m
 [32mΓ£ô[39m swarm/node_modules/zod/src/v4/classic/tests/readonly.test.ts [2m([22m[2m7 tests[22m[2m)[22m[32m 43[2mms[22m[39m
 [32mΓ£ô[39m swarm/node_modules/zod/src/v4/classic/tests/record.test.ts [2m([22m[2m13 tests[22m[2m)[22m[32m 188[2mms[22m[39m
 [32mΓ£ô[39m swarm/node_modules/zod/src/v4/classic/tests/recursive-types.test.ts [2m([22m[2m8 tests[22m[2m)[22m[32m 108[2mms[22m[39m
 [32mΓ£ô[39m swarm/node_modules/zod/src/v4/classic/tests/refine.test.ts [2m([22m[2m15 tests[22m[2m)[22m[33m 373[2mms[22m[39m
 [32mΓ£ô[39m swarm/node_modules/zod/src/v4/classic/tests/registries.test.ts [2m([22m[2m16 tests[22m[2m)[22m[32m 107[2mms[22m[39m
 [32mΓ£ô[39m swarm/node_modules/zod/src/v4/classic/tests/set.test.ts [2m([22m[2m12 tests[22m[2m)[22m[32m 44[2mms[22m[39m
 [32mΓ£ô[39m swarm/node_modules/zod/src/v4/classic/tests/standard-schema.test.ts [2m([22m[2m4 tests[22m[2m)[22m[32m 29[2mms[22m[39m
 [32mΓ£ô[39m swarm/node_modules/zod/src/v4/classic/tests/string-formats.test.ts [2m([22m[2m2 tests[22m[2m)[22m[32m 34[2mms[22m[39m
 [32mΓ£ô[39m swarm/node_modules/zod/src/v4/classic/tests/string.test.ts [2m([22m[2m36 tests[22m[2m)[22m[33m 856[2mms[22m[39m
   [33m[2mΓ£ô[22m[39m big base64 and base64url [33m 522[2mms[22m[39m
 [32mΓ£ô[39m swarm/node_modules/zod/src/v4/classic/tests/stringbool.test.ts [2m([22m[2m4 tests[22m[2m)[22m[32m 24[2mms[22m[39m
 [32mΓ£ô[39m swarm/node_modules/zod/src/v4/classic/tests/transform.test.ts [2m([22m[2m16 tests[22m[2m)[22m[32m 87[2mms[22m[39m
 [32mΓ£ô[39m swarm/node_modules/zod/src/v4/classic/tests/to-json-schema.test.ts [2m([22m[2m48 tests[22m[2m)[22m[33m 561[2mms[22m[39m
 [32mΓ£ô[39m swarm/node_modules/zod/src/v4/classic/tests/template-literal.test.ts [2m([22m[2m8 tests[22m[2m)[22m[32m 207[2mms[22m[39m
 [32mΓ£ô[39m swarm/node_modules/zod/src/v4/classic/tests/tuple.test.ts [2m([22m[2m6 tests[22m[2m)[22m[32m 60[2mms[22m[39m
 [32mΓ£ô[39m swarm/node_modules/zod/src/v4/classic/tests/union.test.ts [2m([22m[2m8 tests[22m[2m)[22m[32m 155[2mms[22m[39m
 [32mΓ£ô[39m swarm/node_modules/zod/src/v4/classic/tests/void.test.ts [2m([22m[2m1 test[22m[2m)[22m[32m 13[2mms[22m[39m
 [32mΓ£ô[39m swarm/node_modules/zod/src/v4/classic/tests/validations.test.ts [2m([22m[2m13 tests[22m[2m)[22m[32m 102[2mms[22m[39m
 [32mΓ£ô[39m swarm/node_modules/zod/src/v4/core/tests/index.test.ts [2m([22m[2m3 tests[22m[2m)[22m[32m 26[2mms[22m[39m
 [32mΓ£ô[39m swarm/node_modules/zod/src/v4/mini/tests/functions.test.ts [2m([22m[2m1 test[22m[2m)[22m[32m 5[2mms[22m[39m
 [32mΓ£ô[39m swarm/node_modules/zod/src/v4/mini/tests/assignability.test.ts [2m([22m[2m2 tests[22m[2m)[22m[32m 23[2mms[22m[39m
 [32mΓ£ô[39m swarm/node_modules/zod/src/v4/mini/tests/computed.test.ts [2m([22m[2m5 tests[22m[2m)[22m[32m 32[2mms[22m[39m
 [32mΓ£ô[39m swarm/node_modules/zod/src/v4/mini/tests/error.test.ts [2m([22m[2m2 tests[22m[2m)[22m[32m 10[2mms[22m[39m
 [32mΓ£ô[39m swarm/node_modules/zod/src/v4/mini/tests/index.test.ts [2m([22m[2m56 tests[22m[2m)[22m[33m 355[2mms[22m[39m
 [32mΓ£ô[39m swarm/node_modules/zod/src/v4/mini/tests/object.test.ts [2m([22m[2m11 tests[22m[2m)[22m[32m 27[2mms[22m[39m
 [32mΓ£ô[39m swarm/node_modules/zod/src/v4/mini/tests/number.test.ts [2m([22m[2m9 tests[22m[2m)[22m[32m 32[2mms[22m[39m
 [32mΓ£ô[39m swarm/node_modules/zod/src/v4/mini/tests/prototypes.test.ts [2m([22m[2m2 tests[22m[2m)[22m[32m 7[2mms[22m[39m
 [32mΓ£ô[39m swarm/node_modules/zod/src/v4/mini/tests/recursive-types.test.ts [2m([22m[2m6 tests[22m[2m)[22m[32m 21[2mms[22m[39m
 [32mΓ£ô[39m swarm/node_modules/zod/src/v4/mini/tests/brand.test.ts [2m([22m[2m1 test[22m[2m)[22m[32m 9[2mms[22m[39m
 [32mΓ£ô[39m swarm/node_modules/zod/src/v4/mini/tests/checks.test.ts [2m([22m[2m17 tests[22m[2m)[22m[32m 28[2mms[22m[39m
 [32mΓ£ô[39m swarm/node_modules/zod/src/v4/mini/tests/string.test.ts [2m([22m[2m24 tests[22m[2m)[22m[32m 82[2mms[22m[39m
 [32mΓ£ô[39m backend/node_modules/zod/src/v4/core/tests/locales/be.test.ts [2m([22m[2m38 tests[22m[2m)[22m[32m 14[2mms[22m[39m
 [32mΓ£ô[39m backend/node_modules/zod/src/v4/core/tests/locales/en.test.ts [2m([22m[2m1 test[22m[2m)[22m[32m 6[2mms[22m[39m
 [32mΓ£ô[39m backend/node_modules/zod/src/v4/core/tests/locales/ru.test.ts [2m([22m[2m38 tests[22m[2m)[22m[32m 14[2mms[22m[39m
 [32mΓ£ô[39m backend/node_modules/zod/src/v4/core/tests/locales/tr.test.ts [2m([22m[2m2 tests[22m[2m)[22m[32m 25[2mms[22m[39m
 [31mΓ¥»[39m swarm/node_modules/@whiskeysockets/baileys/node_modules/pino/test/internals/version.test.js [2m([22m[2m0 test[22m[2m)[22m
 [31mΓ¥»[39m swarm/node_modules/@whiskeysockets/baileys/node_modules/pino/test/pkg/pkg.test.js [2m([22m[2m0 test[22m[2m)[22m
 [31mΓ¥»[39m swarm/node_modules/@whiskeysockets/baileys/node_modules/pino/test/esm/index.test.js [2m([22m[2m0 test[22m[2m)[22m
 [31mΓ¥»[39m swarm/node_modules/@whiskeysockets/baileys/node_modules/pino/test/transport/big.test.js [2m([22m[2m0 test[22m[2m)[22m
 [31mΓ¥»[39m swarm/node_modules/@whiskeysockets/baileys/node_modules/pino/test/transport/bundlers-support.test.js [2m([22m[2m0 test[22m[2m)[22m
 [31mΓ¥»[39m swarm/node_modules/@whiskeysockets/baileys/node_modules/pino/test/transport/core.test.js [2m([22m[2m0 test[22m[2m)[22m
 [31mΓ¥»[39m swarm/node_modules/@whiskeysockets/baileys/node_modules/pino/test/transport/caller.test.js [2m([22m[2m0 test[22m[2m)[22m
 [31mΓ¥»[39m swarm/node_modules/@whiskeysockets/baileys/node_modules/pino/test/transport/core.transpiled.test.ts [2m([22m[2m0 test[22m[2m)[22m
 [31mΓ¥»[39m swarm/node_modules/@whiskeysockets/baileys/node_modules/pino/test/transport/core.test.ts [2m([22m[2m0 test[22m[2m)[22m
 [31mΓ¥»[39m swarm/node_modules/@whiskeysockets/baileys/node_modules/pino/test/transport/crash.test.js [2m([22m[2m0 test[22m[2m)[22m
 [31mΓ¥»[39m swarm/node_modules/@whiskeysockets/baileys/node_modules/pino/test/transport/module-link.test.js [2m([22m[2m0 test[22m[2m)[22m
 [31mΓ¥»[39m swarm/node_modules/@whiskeysockets/baileys/node_modules/pino/test/transport/pipeline.test.js [2m([22m[2m0 test[22m[2m)[22m
 [31mΓ¥»[39m swarm/node_modules/@whiskeysockets/baileys/node_modules/pino/test/transport/repl.test.js [2m([22m[2m0 test[22m[2m)[22m
 [31mΓ¥»[39m swarm/node_modules/@whiskeysockets/baileys/node_modules/pino/test/transport/syncfalse.test.js [2m([22m[2m0 test[22m[2m)[22m
 [31mΓ¥»[39m swarm/node_modules/@whiskeysockets/baileys/node_modules/pino/test/transport/targets.test.js [2m([22m[2m0 test[22m[2m)[22m
 [31mΓ¥»[39m swarm/node_modules/@whiskeysockets/baileys/node_modules/pino/test/transport/syncTrue.test.js [2m([22m[2m0 test[22m[2m)[22m
 [31mΓ¥»[39m swarm/node_modules/@whiskeysockets/baileys/node_modules/pino/test/transport/uses-pino-config.test.js [2m([22m[2m0 test[22m[2m)[22m
 [31mΓ¥»[39m swarm/node_modules/@whiskeysockets/baileys/node_modules/pino/test/jest/basic.spec.js [2m([22m[2m1 test[22m[2m | [22m[31m1 failed[39m[2m)[22m[32m 40[2mms[22m[39m
[31m   [31m├ù[31m transport should work in jest[39m[32m 37[2mms[22m[39m
 [31mΓ¥»[39m swarm/node_modules/@whiskeysockets/baileys/node_modules/thread-stream/test/pkg/pkg.test.js [2m([22m[2m0 test[22m[2m)[22m
 [32mΓ£ô[39m swarm/node_modules/openclaw/extensions/matrix/src/matrix/monitor/media.test.ts [2m([22m[2m2 tests[22m[2m)[22m[32m 15[2mms[22m[39m
 [32mΓ£ô[39m swarm/node_modules/openclaw/extensions/matrix/src/matrix/monitor/allowlist.test.ts [2m([22m[2m3 tests[22m[2m)[22m[32m 8[2mms[22m[39m
 [32mΓ£ô[39m swarm/node_modules/openclaw/extensions/matrix/src/matrix/send/targets.test.ts [2m([22m[2m5 tests[22m[2m)[22m[32m 151[2mms[22m[39m
 [32mΓ£ô[39m swarm/node_modules/openclaw/node_modules/zod/src/v3/tests/all-errors.test.ts [2m([22m[2m6 tests[22m[2m)[22m[32m 15[2mms[22m[39m
 [32mΓ£ô[39m swarm/node_modules/openclaw/node_modules/zod/src/v3/tests/anyunknown.test.ts [2m([22m[2m3 tests[22m[2m)[22m[32m 11[2mms[22m[39m
 [32mΓ£ô[39m swarm/node_modules/openclaw/node_modules/zod/src/v3/tests/array.test.ts [2m([22m[2m6 tests[22m[2m)[22m[32m 19[2mms[22m[39m
 [32mΓ£ô[39m swarm/node_modules/openclaw/node_modules/zod/src/v3/tests/async-refinements.test.ts [2m([22m[2m4 tests[22m[2m)[22m[32m 16[2mms[22m[39m
 [32mΓ£ô[39m swarm/node_modules/openclaw/node_modules/zod/src/v3/tests/async-parsing.test.ts [2m([22m[2m24 tests[22m[2m)[22m[32m 66[2mms[22m[39m
 [32mΓ£ô[39m swarm/node_modules/openclaw/node_modules/zod/src/v3/tests/base.test.ts [2m([22m[2m2 tests[22m[2m)[22m[32m 10[2mms[22m[39m
 [32mΓ£ô[39m swarm/node_modules/openclaw/node_modules/zod/src/v3/tests/bigint.test.ts [2m([22m[2m3 tests[22m[2m)[22m[32m 13[2mms[22m[39m
 [32mΓ£ô[39m swarm/node_modules/openclaw/node_modules/zod/src/v3/tests/branded.test.ts [2m([22m[2m1 test[22m[2m)[22m[32m 8[2mms[22m[39m
 [32mΓ£ô[39m swarm/node_modules/openclaw/node_modules/zod/src/v3/tests/catch.test.ts [2m([22m[2m17 tests[22m[2m)[22m[32m 30[2mms[22m[39m
 [32mΓ£ô[39m swarm/node_modules/openclaw/node_modules/zod/src/v3/tests/coerce.test.ts [2m([22m[2m5 tests[22m[2m)[22m[32m 29[2mms[22m[39m
 [32mΓ£ô[39m swarm/node_modules/openclaw/node_modules/zod/src/v3/tests/complex.test.ts [2m([22m[2m1 test[22m[2m)[22m[32m 15[2mms[22m[39m
 [32mΓ£ô[39m swarm/node_modules/openclaw/node_modules/zod/src/v3/tests/custom.test.ts [2m([22m[2m3 tests[22m[2m)[22m[32m 13[2mms[22m[39m
 [32mΓ£ô[39m swarm/node_modules/openclaw/node_modules/zod/src/v3/tests/date.test.ts [2m([22m[2m3 tests[22m[2m)[22m[32m 12[2mms[22m[39m
 [32mΓ£ô[39m swarm/node_modules/openclaw/node_modules/zod/src/v3/tests/deepmasking.test.ts [2m([22m[2m1 test[22m[2m)[22m[32m 4[2mms[22m[39m
 [32mΓ£ô[39m swarm/node_modules/openclaw/node_modules/zod/src/v3/tests/default.test.ts [2m([22m[2m11 tests[22m[2m)[22m[32m 20[2mms[22m[39m
 [32mΓ£ô[39m swarm/node_modules/openclaw/extensions/matrix/src/matrix/monitor/rooms.test.ts [2m([22m[2m1 test[22m[2m)[22m[32m 11[2mms[22m[39m
 [32mΓ£ô[39m swarm/node_modules/openclaw/node_modules/zod/src/v3/tests/description.test.ts [2m([22m[2m4 tests[22m[2m)[22m[32m 10[2mms[22m[39m
 [32mΓ£ô[39m swarm/node_modules/openclaw/node_modules/zod/src/v3/tests/discriminated-unions.test.ts [2m([22m[2m14 tests[22m[2m)[22m[32m 31[2mms[22m[39m
 [32mΓ£ô[39m swarm/node_modules/openclaw/node_modules/zod/src/v3/tests/enum.test.ts [2m([22m[2m8 tests[22m[2m)[22m[32m 15[2mms[22m[39m
 [32mΓ£ô[39m swarm/node_modules/openclaw/node_modules/zod/src/v3/tests/error.test.ts [2m([22m[2m29 tests[22m[2m)[22m[32m 40[2mms[22m[39m
 [32mΓ£ô[39m swarm/node_modules/openclaw/node_modules/zod/src/v3/tests/firstparty.test.ts [2m([22m[2m1 test[22m[2m)[22m[32m 5[2mms[22m[39m
 [32mΓ£ô[39m swarm/node_modules/openclaw/node_modules/zod/src/v3/tests/firstpartyschematypes.test.ts [2m([22m[2m1 test[22m[2m)[22m[32m 4[2mms[22m[39m
 [32mΓ£ô[39m swarm/node_modules/openclaw/node_modules/zod/src/v3/tests/function.test.ts [2m([22m[2m18 tests[22m[2m)[22m[32m 28[2mms[22m[39m
 [32mΓ£ô[39m swarm/node_modules/openclaw/node_modules/zod/src/v3/tests/generics.test.ts [2m([22m[2m2 tests[22m[2m)[22m[32m 13[2mms[22m[39m
 [32mΓ£ô[39m swarm/node_modules/openclaw/node_modules/zod/src/v3/tests/intersection.test.ts [2m([22m[2m5 tests[22m[2m)[22m[32m 22[2mms[22m[39m
 [32mΓ£ô[39m swarm/node_modules/openclaw/node_modules/zod/src/v3/tests/instanceof.test.ts [2m([22m[2m2 tests[22m[2m)[22m[32m 13[2mms[22m[39m
 [32mΓ£ô[39m swarm/node_modules/openclaw/node_modules/zod/src/v3/tests/language-server.test.ts [2m([22m[2m1 test[22m[2m)[22m[32m 4[2mms[22m[39m
 [32mΓ£ô[39m swarm/node_modules/openclaw/node_modules/zod/src/v3/tests/literal.test.ts [2m([22m[2m3 tests[22m[2m)[22m[32m 10[2mms[22m[39m
 [32mΓ£ô[39m swarm/node_modules/openclaw/node_modules/zod/src/v3/tests/masking.test.ts [2m([22m[2m1 test[22m[2m)[22m[32m 4[2mms[22m[39m
 [32mΓ£ô[39m swarm/node_modules/openclaw/node_modules/zod/src/v3/tests/map.test.ts [2m([22m[2m7 tests[22m[2m)[22m[32m 15[2mms[22m[39m
 [32mΓ£ô[39m swarm/node_modules/openclaw/node_modules/zod/src/v3/tests/mocker.test.ts [2m([22m[2m1 test[22m[2m)[22m[32m 5[2mms[22m[39m
 [32mΓ£ô[39m swarm/node_modules/openclaw/node_modules/zod/src/v3/tests/nativeEnum.test.ts [2m([22m[2m5 tests[22m[2m)[22m[32m 14[2mms[22m[39m
 [32mΓ£ô[39m swarm/node_modules/openclaw/node_modules/zod/src/v3/tests/nan.test.ts [2m([22m[2m2 tests[22m[2m)[22m[32m 11[2mms[22m[39m
 [32mΓ£ô[39m swarm/node_modules/openclaw/node_modules/zod/src/v3/tests/nullable.test.ts [2m([22m[2m2 tests[22m[2m)[22m[32m 17[2mms[22m[39m
 [32mΓ£ô[39m swarm/node_modules/openclaw/node_modules/zod/src/v3/tests/number.test.ts [2m([22m[2m6 tests[22m[2m)[22m[32m 22[2mms[22m[39m
 [32mΓ£ô[39m swarm/node_modules/openclaw/node_modules/zod/src/v3/tests/object-in-es5-env.test.ts [2m([22m[2m3 tests[22m[2m)[22m[32m 7[2mms[22m[39m
 [32mΓ£ô[39m swarm/node_modules/openclaw/node_modules/zod/src/v3/tests/object-augmentation.test.ts [2m([22m[2m1 test[22m[2m)[22m[32m 11[2mms[22m[39m
 [32mΓ£ô[39m swarm/node_modules/openclaw/node_modules/zod/src/v3/tests/object.test.ts [2m([22m[2m37 tests[22m[2m)[22m[32m 40[2mms[22m[39m
 [32mΓ£ô[39m swarm/node_modules/openclaw/node_modules/zod/src/v3/tests/parser.test.ts [2m([22m[2m8 tests[22m[2m)[22m[32m 18[2mms[22m[39m
 [32mΓ£ô[39m swarm/node_modules/openclaw/node_modules/zod/src/v3/tests/optional.test.ts [2m([22m[2m2 tests[22m[2m)[22m[32m 23[2mms[22m[39m
 [32mΓ£ô[39m swarm/node_modules/openclaw/node_modules/zod/src/v3/tests/partials.test.ts [2m([22m[2m15 tests[22m[2m)[22m[32m 21[2mms[22m[39m
 [32mΓ£ô[39m swarm/node_modules/openclaw/node_modules/zod/src/v3/tests/parseUtil.test.ts [2m([22m[2m1 test[22m[2m)[22m[32m 6[2mms[22m[39m
 [32mΓ£ô[39m swarm/node_modules/openclaw/node_modules/zod/src/v3/tests/pickomit.test.ts [2m([22m[2m10 tests[22m[2m)[22m[32m 20[2mms[22m[39m
 [32mΓ£ô[39m swarm/node_modules/openclaw/node_modules/zod/src/v3/tests/pipeline.test.ts [2m([22m[2m3 tests[22m[2m)[22m[32m 14[2mms[22m[39m
 [32mΓ£ô[39m swarm/node_modules/openclaw/node_modules/zod/src/v3/tests/preprocess.test.ts [2m([22m[2m10 tests[22m[2m)[22m[32m 59[2mms[22m[39m
 [32mΓ£ô[39m swarm/node_modules/openclaw/node_modules/zod/src/v3/tests/primitive.test.ts [2m([22m[2m71 tests[22m[2m)[22m[32m 42[2mms[22m[39m
 [32mΓ£ô[39m swarm/node_modules/openclaw/node_modules/zod/src/v3/tests/promise.test.ts [2m([22m[2m10 tests[22m[2m)[22m[32m 21[2mms[22m[39m
 [32mΓ£ô[39m swarm/node_modules/openclaw/node_modules/zod/src/v3/tests/readonly.test.ts [2m([22m[2m3 tests[22m[2m)[22m[32m 16[2mms[22m[39m
 [32mΓ£ô[39m swarm/node_modules/openclaw/node_modules/zod/src/v3/tests/record.test.ts [2m([22m[2m10 tests[22m[2m)[22m[32m 21[2mms[22m[39m
 [32mΓ£ô[39m swarm/node_modules/openclaw/node_modules/zod/src/v3/tests/recursive.test.ts [2m([22m[2m4 tests[22m[2m)[22m[32m 23[2mms[22m[39m
 [32mΓ£ô[39m swarm/node_modules/openclaw/node_modules/zod/src/v3/tests/refine.test.ts [2m([22m[2m14 tests[22m[2m)[22m[32m 29[2mms[22m[39m
 [32mΓ£ô[39m swarm/node_modules/openclaw/node_modules/zod/src/v3/tests/safeparse.test.ts [2m([22m[2m3 tests[22m[2m)[22m[32m 11[2mms[22m[39m
 [32mΓ£ô[39m swarm/node_modules/openclaw/node_modules/zod/src/v3/tests/set.test.ts [2m([22m[2m11 tests[22m[2m)[22m[32m 19[2mms[22m[39m
 [32mΓ£ô[39m swarm/node_modules/openclaw/node_modules/zod/src/v3/tests/standard-schema.test.ts [2m([22m[2m6 tests[22m[2m)[22m[32m 13[2mms[22m[39m
 [32mΓ£ô[39m swarm/node_modules/openclaw/node_modules/zod/src/v3/tests/string.test.ts [2m([22m[2m76 tests[22m[2m)[22m[32m 227[2mms[22m[39m
 [32mΓ£ô[39m swarm/node_modules/openclaw/node_modules/zod/src/v3/tests/tuple.test.ts [2m([22m[2m8 tests[22m[2m)[22m[32m 21[2mms[22m[39m
 [32mΓ£ô[39m swarm/node_modules/openclaw/node_modules/zod/src/v3/tests/transformer.test.ts [2m([22m[2m16 tests[22m[2m)[22m[32m 25[2mms[22m[39m
 [32mΓ£ô[39m swarm/node_modules/openclaw/node_modules/zod/src/v3/tests/unions.test.ts [2m([22m[2m6 tests[22m[2m)[22m[32m 18[2mms[22m[39m
 [32mΓ£ô[39m swarm/node_modules/openclaw/node_modules/zod/src/v3/tests/validations.test.ts [2m([22m[2m14 tests[22m[2m)[22m[32m 24[2mms[22m[39m
 [32mΓ£ô[39m swarm/node_modules/zod/src/v4/core/tests/locales/be.test.ts [2m([22m[2m38 tests[22m[2m)[22m[32m 17[2mms[22m[39m
 [32mΓ£ô[39m swarm/node_modules/openclaw/node_modules/zod/src/v3/tests/void.test.ts [2m([22m[2m1 test[22m[2m)[22m[32m 9[2mms[22m[39m
 [32mΓ£ô[39m swarm/node_modules/zod/src/v4/core/tests/locales/en.test.ts [2m([22m[2m1 test[22m[2m)[22m[32m 6[2mms[22m[39m
 [32mΓ£ô[39m swarm/node_modules/zod/src/v4/core/tests/locales/ru.test.ts [2m([22m[2m38 tests[22m[2m)[22m[32m 16[2mms[22m[39m
 [32mΓ£ô[39m swarm/node_modules/openclaw/node_modules/zod/src/v4/classic/tests/anyunknown.test.ts [2m([22m[2m3 tests[22m[2m)[22m[32m 14[2mms[22m[39m
 [32mΓ£ô[39m swarm/node_modules/zod/src/v4/core/tests/locales/tr.test.ts [2m([22m[2m2 tests[22m[2m)[22m[32m 105[2mms[22m[39m
 [32mΓ£ô[39m swarm/node_modules/openclaw/node_modules/zod/src/v4/classic/tests/apply.test.ts [2m([22m[2m3 tests[22m[2m)[22m[32m 92[2mms[22m[39m
 [32mΓ£ô[39m swarm/node_modules/openclaw/node_modules/zod/src/v4/classic/tests/assignability.test.ts [2m([22m[2m5 tests[22m[2m)[22m[32m 58[2mms[22m[39m
 [32mΓ£ô[39m swarm/node_modules/openclaw/node_modules/zod/src/v4/classic/tests/array.test.ts [2m([22m[2m9 tests[22m[2m)[22m[32m 45[2mms[22m[39m
 [32mΓ£ô[39m swarm/node_modules/openclaw/node_modules/zod/src/v4/classic/tests/async-parsing.test.ts [2m([22m[2m23 tests[22m[2m)[22m[33m 573[2mms[22m[39m
   [33m[2mΓ£ô[22m[39m async validation multiple errors 2 [33m 506[2mms[22m[39m
 [32mΓ£ô[39m swarm/node_modules/openclaw/node_modules/zod/src/v4/classic/tests/base.test.ts [2m([22m[2m1 test[22m[2m)[22m[32m 8[2mms[22m[39m
 [32mΓ£ô[39m swarm/node_modules/openclaw/node_modules/zod/src/v4/classic/tests/async-refinements.test.ts [2m([22m[2m4 tests[22m[2m)[22m[32m 277[2mms[22m[39m
 [32mΓ£ô[39m swarm/node_modules/openclaw/node_modules/zod/src/v4/classic/tests/bigint.test.ts [2m([22m[2m3 tests[22m[2m)[22m[32m 53[2mms[22m[39m
 [32mΓ£ô[39m swarm/node_modules/openclaw/node_modules/zod/src/v4/classic/tests/brand.test.ts [2m([22m[2m7 tests[22m[2m)[22m[32m 17[2mms[22m[39m
 [32mΓ£ô[39m swarm/node_modules/openclaw/node_modules/zod/src/v4/classic/tests/coalesce.test.ts [2m([22m[2m1 test[22m[2m)[22m[32m 5[2mms[22m[39m
 [32mΓ£ô[39m swarm/node_modules/openclaw/node_modules/zod/src/v4/classic/tests/catch.test.ts [2m([22m[2m17 tests[22m[2m)[22m[33m 473[2mms[22m[39m
 [31mΓ¥»[39m swarm/node_modules/openclaw/node_modules/zod/src/v4/classic/tests/codec-examples.test.ts [2m([22m[2m19 tests[22m[2m | [22m[31m2 failed[39m[2m)[22m[33m 491[2mms[22m[39m
   [32mΓ£ô[39m stringToNumber codec[32m 28[2mms[22m[39m
   [32mΓ£ô[39m stringToInt codec[32m 15[2mms[22m[39m
   [32mΓ£ô[39m stringToBigInt codec[32m 4[2mms[22m[39m
   [32mΓ£ô[39m numberToBigInt codec[32m 2[2mms[22m[39m
   [32mΓ£ô[39m isoDatetimeToDate codec[32m 4[2mms[22m[39m
   [32mΓ£ô[39m epochSecondsToDate codec[32m 2[2mms[22m[39m
   [32mΓ£ô[39m epochMillisToDate codec[32m 1[2mms[22m[39m
   [32mΓ£ô[39m json codec[32m 105[2mms[22m[39m
[31m   [31m├ù[31m utf8ToBytes codec[39m[32m 71[2mms[22m[39m
[31m   [31m├ù[31m bytesToUtf8 codec[39m[32m 2[2mms[22m[39m
   [32mΓ£ô[39m base64 codec[32m 4[2mms[22m[39m
   [32mΓ£ô[39m base64urlToBytes codec[32m 4[2mms[22m[39m
   [32mΓ£ô[39m hexToBytes codec[32m 3[2mms[22m[39m
   [32mΓ£ô[39m stringToURL codec[32m 2[2mms[22m[39m
   [32mΓ£ô[39m stringToHttpURL codec[32m 11[2mms[22m[39m
   [32mΓ£ô[39m uriComponent codec[32m 1[2mms[22m[39m
   [32mΓ£ô[39m stringToBoolean codec[32m 117[2mms[22m[39m
   [32mΓ£ô[39m codec input validation[32m 8[2mms[22m[39m
   [32mΓ£ô[39m codec transform error handling[32m 86[2mms[22m[39m
 [32mΓ£ô[39m swarm/node_modules/openclaw/node_modules/zod/src/v4/classic/tests/codec.test.ts [2m([22m[2m14 tests[22m[2m)[22m[33m 596[2mms[22m[39m
 [32mΓ£ô[39m swarm/node_modules/openclaw/node_modules/zod/src/v4/classic/tests/coerce.test.ts [2m([22m[2m6 tests[22m[2m)[22m[32m 34[2mms[22m[39m
 [32mΓ£ô[39m swarm/node_modules/openclaw/node_modules/zod/src/v4/classic/tests/continuability.test.ts [2m([22m[2m1 test[22m[2m)[22m[32m 162[2mms[22m[39m
 [32mΓ£ô[39m swarm/node_modules/openclaw/node_modules/zod/src/v4/classic/tests/custom.test.ts [2m([22m[2m4 tests[22m[2m)[22m[32m 29[2mms[22m[39m
 [31mΓ¥»[39m swarm/node_modules/openclaw/node_modules/zod/src/v4/classic/tests/datetime.test.ts [2m([22m[2m0 test[22m[2m)[22m
 [32mΓ£ô[39m swarm/node_modules/openclaw/node_modules/zod/src/v4/classic/tests/date.test.ts [2m([22m[2m4 tests[22m[2m)[22m[32m 23[2mms[22m[39m
 [32mΓ£ô[39m swarm/node_modules/openclaw/node_modules/zod/src/v4/classic/tests/default.test.ts [2m([22m[2m16 tests[22m[2m)[22m[32m 296[2mms[22m[39m
 [32mΓ£ô[39m swarm/node_modules/openclaw/node_modules/zod/src/v4/classic/tests/description.test.ts [2m([22m[2m2 tests[22m[2m)[22m[32m 12[2mms[22m[39m
 [32mΓ£ô[39m swarm/node_modules/openclaw/node_modules/zod/src/v4/classic/tests/discriminated-unions.test.ts [2m([22m[2m22 tests[22m[2m)[22m[33m 562[2mms[22m[39m
 [32mΓ£ô[39m swarm/node_modules/openclaw/node_modules/zod/src/v4/classic/tests/enum.test.ts [2m([22m[2m19 tests[22m[2m)[22m[32m 50[2mms[22m[39m
 [32mΓ£ô[39m swarm/node_modules/openclaw/node_modules/zod/src/v4/classic/tests/error-utils.test.ts [2m([22m[2m13 tests[22m[2m)[22m[32m 148[2mms[22m[39m
 [32mΓ£ô[39m swarm/node_modules/openclaw/node_modules/zod/src/v4/classic/tests/error.test.ts [2m([22m[2m27 tests[22m[2m)[22m[33m 451[2mms[22m[39m
 [31mΓ¥»[39m swarm/node_modules/openclaw/node_modules/zod/src/v4/classic/tests/file.test.ts [2m([22m[2m0 test[22m[2m)[22m
 [32mΓ£ô[39m swarm/node_modules/openclaw/node_modules/zod/src/v4/classic/tests/firstparty.test.ts [2m([22m[2m2 tests[22m[2m)[22m[32m 14[2mms[22m[39m
 [32mΓ£ô[39m swarm/node_modules/openclaw/node_modules/zod/src/v4/classic/tests/describe-meta-checks.test.ts [2m([22m[2m3 tests[22m[2m)[22m[32m 12[2mms[22m[39m
 [32mΓ£ô[39m swarm/node_modules/openclaw/node_modules/zod/src/v4/classic/tests/fix-json-issue.test.ts [2m([22m[2m1 test[22m[2m)[22m[32m 5[2mms[22m[39m
 [32mΓ£ô[39m swarm/node_modules/openclaw/node_modules/zod/src/v4/classic/tests/from-json-schema.test.ts [2m([22m[2m55 tests[22m[2m)[22m[32m 218[2mms[22m[39m
 [32mΓ£ô[39m swarm/node_modules/openclaw/node_modules/zod/src/v4/classic/tests/function.test.ts [2m([22m[2m18 tests[22m[2m)[22m[32m 94[2mms[22m[39m
 [32mΓ£ô[39m swarm/node_modules/openclaw/node_modules/zod/src/v4/classic/tests/hash.test.ts [2m([22m[2m1 test[22m[2m)[22m[32m 229[2mms[22m[39m
 [32mΓ£ô[39m swarm/node_modules/openclaw/node_modules/zod/src/v4/classic/tests/generics.test.ts [2m([22m[2m4 tests[22m[2m)[22m[32m 19[2mms[22m[39m
 [32mΓ£ô[39m swarm/node_modules/openclaw/node_modules/zod/src/v4/classic/tests/index.test.ts [2m([22m[2m60 tests[22m[2m)[22m[33m 385[2mms[22m[39m
 [32mΓ£ô[39m swarm/node_modules/openclaw/node_modules/zod/src/v4/classic/tests/instanceof.test.ts [2m([22m[2m3 tests[22m[2m)[22m[32m 72[2mms[22m[39m
 [32mΓ£ô[39m swarm/node_modules/openclaw/node_modules/zod/src/v4/classic/tests/intersection.test.ts [2m([22m[2m11 tests[22m[2m)[22m[32m 142[2mms[22m[39m
 [32mΓ£ô[39m swarm/node_modules/openclaw/node_modules/zod/src/v4/classic/tests/json.test.ts [2m([22m[2m1 test[22m[2m)[22m[32m 5[2mms[22m[39m
 [32mΓ£ô[39m swarm/node_modules/openclaw/node_modules/zod/src/v4/classic/tests/lazy.test.ts [2m([22m[2m9 tests[22m[2m)[22m[32m 181[2mms[22m[39m
 [32mΓ£ô[39m swarm/node_modules/openclaw/node_modules/zod/src/v4/classic/tests/literal.test.ts [2m([22m[2m10 tests[22m[2m)[22m[32m 36[2mms[22m[39m
 [32mΓ£ô[39m swarm/node_modules/openclaw/node_modules/zod/src/v4/classic/tests/map.test.ts [2m([22m[2m12 tests[22m[2m)[22m[32m 260[2mms[22m[39m
 [32mΓ£ô[39m swarm/node_modules/openclaw/node_modules/zod/src/v4/classic/tests/nan.test.ts [2m([22m[2m2 tests[22m[2m)[22m[32m 11[2mms[22m[39m
 [32mΓ£ô[39m swarm/node_modules/openclaw/node_modules/zod/src/v4/classic/tests/nonoptional.test.ts [2m([22m[2m4 tests[22m[2m)[22m[32m 35[2mms[22m[39m
 [32mΓ£ô[39m swarm/node_modules/openclaw/node_modules/zod/src/v4/classic/tests/nullable.test.ts [2m([22m[2m3 tests[22m[2m)[22m[32m 13[2mms[22m[39m
 [32mΓ£ô[39m swarm/node_modules/openclaw/node_modules/zod/src/v4/classic/tests/nested-refine.test.ts [2m([22m[2m1 test[22m[2m)[22m[33m 409[2mms[22m[39m
   [33m[2mΓ£ô[22m[39m nested refinements [33m 404[2mms[22m[39m
 [32mΓ£ô[39m swarm/node_modules/openclaw/node_modules/zod/src/v4/classic/tests/number.test.ts [2m([22m[2m26 tests[22m[2m)[22m[32m 299[2mms[22m[39m
 [32mΓ£ô[39m swarm/node_modules/openclaw/node_modules/zod/src/v4/classic/tests/pickomit.test.ts [2m([22m[2m16 tests[22m[2m)[22m[32m 103[2mms[22m[39m
 [32mΓ£ô[39m swarm/node_modules/openclaw/node_modules/zod/src/v4/classic/tests/optional.test.ts [2m([22m[2m13 tests[22m[2m)[22m[32m 54[2mms[22m[39m
 [32mΓ£ô[39m swarm/node_modules/openclaw/node_modules/zod/src/v4/classic/tests/partial.test.ts [2m([22m[2m16 tests[22m[2m)[22m[32m 263[2mms[22m[39m
 [32mΓ£ô[39m swarm/node_modules/openclaw/node_modules/zod/src/v4/classic/tests/pipe.test.ts [2m([22m[2m7 tests[22m[2m)[22m[32m 57[2mms[22m[39m
 [32mΓ£ô[39m swarm/node_modules/openclaw/node_modules/zod/src/v4/classic/tests/object.test.ts [2m([22m[2m51 tests[22m[2m)[22m[33m 621[2mms[22m[39m
   [33m[2mΓ£ô[22m[39m preserve key order [33m 340[2mms[22m[39m
 [32mΓ£ô[39m swarm/node_modules/openclaw/node_modules/zod/src/v4/classic/tests/prefault.test.ts [2m([22m[2m4 tests[22m[2m)[22m[32m 34[2mms[22m[39m
 [32mΓ£ô[39m swarm/node_modules/openclaw/node_modules/zod/src/v4/classic/tests/preprocess.test.ts [2m([22m[2m11 tests[22m[2m)[22m[33m 598[2mms[22m[39m
 [32mΓ£ô[39m swarm/node_modules/openclaw/node_modules/zod/src/v4/classic/tests/prototypes.test.ts [2m([22m[2m1 test[22m[2m)[22m[32m 9[2mms[22m[39m
 [32mΓ£ô[39m swarm/node_modules/openclaw/node_modules/zod/src/v4/classic/tests/promise.test.ts [2m([22m[2m10 tests[22m[2m)[22m[32m 96[2mms[22m[39m
 [32mΓ£ô[39m swarm/node_modules/openclaw/node_modules/zod/src/v4/classic/tests/primitive.test.ts [2m([22m[2m14 tests[22m[2m)[22m[32m 257[2mms[22m[39m
 [32mΓ£ô[39m swarm/node_modules/openclaw/node_modules/zod/src/v4/classic/tests/readonly.test.ts [2m([22m[2m7 tests[22m[2m)[22m[32m 158[2mms[22m[39m
 [32mΓ£ô[39m swarm/node_modules/openclaw/node_modules/zod/src/v4/classic/tests/record.test.ts [2m([22m[2m21 tests[22m[2m)[22m[33m 602[2mms[22m[39m
 [32mΓ£ô[39m swarm/node_modules/openclaw/node_modules/zod/src/v4/classic/tests/recursive-types.test.ts [2m([22m[2m13 tests[22m[2m)[22m[32m 43[2mms[22m[39m
 [32mΓ£ô[39m swarm/node_modules/openclaw/node_modules/zod/src/v4/classic/tests/refine.test.ts [2m([22m[2m18 tests[22m[2m)[22m[33m 528[2mms[22m[39m
 [32mΓ£ô[39m swarm/node_modules/openclaw/node_modules/zod/src/v4/classic/tests/string-formats.test.ts [2m([22m[2m3 tests[22m[2m)[22m[32m 40[2mms[22m[39m
 [32mΓ£ô[39m swarm/node_modules/openclaw/node_modules/zod/src/v4/classic/tests/registries.test.ts [2m([22m[2m20 tests[22m[2m)[22m[32m 133[2mms[22m[39m
 [32mΓ£ô[39m swarm/node_modules/openclaw/node_modules/zod/src/v4/classic/tests/standard-schema.test.ts [2m([22m[2m7 tests[22m[2m)[22m[32m 57[2mms[22m[39m
 [32mΓ£ô[39m swarm/node_modules/openclaw/node_modules/zod/src/v4/classic/tests/set.test.ts [2m([22m[2m12 tests[22m[2m)[22m[32m 209[2mms[22m[39m
 [32mΓ£ô[39m swarm/node_modules/openclaw/node_modules/zod/src/v4/classic/tests/stringbool.test.ts [2m([22m[2m7 tests[22m[2m)[22m[32m 24[2mms[22m[39m
 [32mΓ£ô[39m swarm/node_modules/openclaw/node_modules/zod/src/v4/classic/tests/string.test.ts [2m([22m[2m46 tests[22m[2m)[22m[33m 1236[2mms[22m[39m
   [33m[2mΓ£ô[22m[39m big base64 and base64url [33m 542[2mms[22m[39m
 [32mΓ£ô[39m swarm/node_modules/openclaw/node_modules/zod/src/v4/classic/tests/template-literal.test.ts [2m([22m[2m8 tests[22m[2m)[22m[33m 783[2mms[22m[39m
   [33m[2mΓ£ô[22m[39m regexes [33m 499[2mms[22m[39m
 [32mΓ£ô[39m swarm/node_modules/openclaw/node_modules/zod/src/v4/classic/tests/transform.test.ts [2m([22m[2m18 tests[22m[2m)[22m[32m 66[2mms[22m[39m
 [31mΓ¥»[39m swarm/node_modules/openclaw/node_modules/zod/src/v4/classic/tests/to-json-schema.test.ts [2m([22m[2m0 test[22m[2m)[22m
 [32mΓ£ô[39m swarm/node_modules/openclaw/node_modules/zod/src/v4/classic/tests/to-json-schema-methods.test.ts [2m([22m[2m89 tests[22m[2m)[22m[33m 592[2mms[22m[39m
 [32mΓ£ô[39m swarm/node_modules/openclaw/node_modules/zod/src/v4/classic/tests/tuple.test.ts [2m([22m[2m7 tests[22m[2m)[22m[32m 51[2mms[22m[39m
 [32mΓ£ô[39m swarm/node_modules/openclaw/node_modules/zod/src/v4/classic/tests/union.test.ts [2m([22m[2m15 tests[22m[2m)[22m[33m 355[2mms[22m[39m
 [32mΓ£ô[39m swarm/node_modules/openclaw/node_modules/zod/src/v4/classic/tests/url.test.ts [2m([22m[2m2 tests[22m[2m)[22m[32m 47[2mms[22m[39m
 [32mΓ£ô[39m swarm/node_modules/openclaw/node_modules/zod/src/v4/classic/tests/validations.test.ts [2m([22m[2m13 tests[22m[2m)[22m[32m 149[2mms[22m[39m
 [32mΓ£ô[39m swarm/node_modules/openclaw/node_modules/zod/src/v4/classic/tests/void.test.ts [2m([22m[2m1 test[22m[2m)[22m[32m 10[2mms[22m[39m
 [32mΓ£ô[39m swarm/node_modules/openclaw/node_modules/zod/src/v4/core/tests/index.test.ts [2m([22m[2m3 tests[22m[2m)[22m[32m 25[2mms[22m[39m
 [32mΓ£ô[39m swarm/node_modules/openclaw/node_modules/zod/src/v4/core/tests/extend.test.ts [2m([22m[2m2 tests[22m[2m)[22m[32m 47[2mms[22m[39m
 [32mΓ£ô[39m swarm/node_modules/openclaw/node_modules/zod/src/v4/core/tests/record-constructor.test.ts [2m([22m[2m4 tests[22m[2m)[22m[32m 21[2mms[22m[39m
 [32mΓ£ô[39m swarm/node_modules/openclaw/node_modules/zod/src/v4/core/tests/recursive-tuples.test.ts [2m([22m[2m5 tests[22m[2m)[22m[32m 87[2mms[22m[39m
 [32mΓ£ô[39m swarm/node_modules/openclaw/node_modules/zod/src/v4/mini/tests/apply.test.ts [2m([22m[2m2 tests[22m[2m)[22m[32m 13[2mms[22m[39m
 [32mΓ£ô[39m swarm/node_modules/openclaw/node_modules/zod/src/v4/mini/tests/assignability.test.ts [2m([22m[2m2 tests[22m[2m)[22m[32m 24[2mms[22m[39m
 [32mΓ£ô[39m swarm/node_modules/openclaw/node_modules/zod/src/v4/mini/tests/brand.test.ts [2m([22m[2m5 tests[22m[2m)[22m[32m 11[2mms[22m[39m
 [32mΓ£ô[39m swarm/node_modules/openclaw/node_modules/zod/src/v4/mini/tests/checks.test.ts [2m([22m[2m17 tests[22m[2m)[22m[32m 30[2mms[22m[39m
 [32mΓ£ô[39m swarm/node_modules/openclaw/node_modules/zod/src/v4/mini/tests/codec.test.ts [2m([22m[2m13 tests[22m[2m)[22m[33m 319[2mms[22m[39m
 [32mΓ£ô[39m swarm/node_modules/openclaw/node_modules/zod/src/v4/mini/tests/computed.test.ts [2m([22m[2m5 tests[22m[2m)[22m[32m 14[2mms[22m[39m
 [32mΓ£ô[39m swarm/node_modules/openclaw/node_modules/zod/src/v4/mini/tests/error.test.ts [2m([22m[2m2 tests[22m[2m)[22m[32m 17[2mms[22m[39m
 [32mΓ£ô[39m swarm/node_modules/openclaw/node_modules/zod/src/v4/mini/tests/functions.test.ts [2m([22m[2m1 test[22m[2m)[22m[32m 6[2mms[22m[39m
 [32mΓ£ô[39m swarm/node_modules/openclaw/node_modules/zod/src/v4/mini/tests/number.test.ts [2m([22m[2m9 tests[22m[2m)[22m[32m 38[2mms[22m[39m
 [32mΓ£ô[39m swarm/node_modules/openclaw/node_modules/zod/src/v4/mini/tests/index.test.ts [2m([22m[2m60 tests[22m[2m)[22m[33m 434[2mms[22m[39m
 [32mΓ£ô[39m swarm/node_modules/openclaw/node_modules/zod/src/v4/mini/tests/object.test.ts [2m([22m[2m13 tests[22m[2m)[22m[32m 29[2mms[22m[39m
 [32mΓ£ô[39m swarm/node_modules/openclaw/node_modules/zod/src/v4/mini/tests/prototypes.test.ts [2m([22m[2m2 tests[22m[2m)[22m[32m 66[2mms[22m[39m
 [32mΓ£ô[39m swarm/node_modules/openclaw/node_modules/zod/src/v4/core/tests/locales/en.test.ts [2m([22m[2m1 test[22m[2m)[22m[32m 6[2mms[22m[39m
 [32mΓ£ô[39m swarm/node_modules/openclaw/node_modules/zod/src/v4/core/tests/locales/be.test.ts [2m([22m[2m38 tests[22m[2m)[22m[32m 17[2mms[22m[39m
 [32mΓ£ô[39m swarm/node_modules/openclaw/node_modules/zod/src/v4/mini/tests/standard-schema.test.ts [2m([22m[2m2 tests[22m[2m)[22m[32m 13[2mms[22m[39m
 [32mΓ£ô[39m swarm/node_modules/openclaw/node_modules/zod/src/v4/mini/tests/recursive-types.test.ts [2m([22m[2m6 tests[22m[2m)[22m[32m 25[2mms[22m[39m
 [32mΓ£ô[39m swarm/node_modules/openclaw/node_modules/zod/src/v4/core/tests/locales/es.test.ts [2m([22m[2m5 tests[22m[2m)[22m[32m 39[2mms[22m[39m
 [32mΓ£ô[39m swarm/node_modules/openclaw/node_modules/zod/src/v4/mini/tests/string.test.ts [2m([22m[2m27 tests[22m[2m)[22m[32m 130[2mms[22m[39m
 [32mΓ£ô[39m swarm/node_modules/openclaw/node_modules/zod/src/v4/core/tests/locales/he.test.ts [2m([22m[2m36 tests[22m[2m)[22m[32m 83[2mms[22m[39m
 [32mΓ£ô[39m swarm/node_modules/openclaw/node_modules/zod/src/v4/core/tests/locales/tr.test.ts [2m([22m[2m2 tests[22m[2m)[22m[32m 51[2mms[22m[39m
 [32mΓ£ô[39m swarm/node_modules/openclaw/node_modules/zod/src/v4/core/tests/locales/nl.test.ts [2m([22m[2m1 test[22m[2m)[22m[32m 6[2mms[22m[39m
 [32mΓ£ô[39m swarm/node_modules/openclaw/node_modules/zod/src/v4/core/tests/locales/ru.test.ts [2m([22m[2m38 tests[22m[2m)[22m[32m 23[2mms[22m[39m
 [32mΓ£ô[39m swarm/node_modules/openclaw/node_modules/zod/src/v4/core/tests/locales/uz.test.ts [2m([22m[2m1 test[22m[2m)[22m[32m 35[2mms[22m[39m

ΓÄ»ΓÄ»ΓÄ»ΓÄ»ΓÄ» Failed Suites 263 ΓÄ»ΓÄ»ΓÄ»ΓÄ»ΓÄ»ΓÄ»

 FAIL  e2e/accessibility.spec.js [ e2e/accessibility.spec.js ]
Error: Playwright Test did not expect test.describe() to be called here.
Most common reasons include:
- You are calling test.describe() in a configuration file.
- You are calling test.describe() in a file that is imported by the configuration file.
- You have two different versions of @playwright/test. This usually happens
  when one of the dependencies in your package.json depends on @playwright/test.
 Γ¥» TestTypeImpl._currentSuite node_modules/playwright/lib/common/testType.js:75:13
 Γ¥» TestTypeImpl._describe node_modules/playwright/lib/common/testType.js:115:24
 Γ¥» Function.describe node_modules/playwright/lib/transform/transform.js:282:12
 Γ¥» e2e/accessibility.spec.js:9:6
      7| import AxeBuilder from '@axe-core/playwright';
      8| 
      9| test.describe('Accessibility', () => {
       |      ^
     10|   test('dashboard has acceptable accessibility', async ({ page }) => {
     11|     await page.goto('/', { waitUntil: 'networkidle' });

ΓÄ»ΓÄ»ΓÄ»ΓÄ»ΓÄ»ΓÄ»ΓÄ»ΓÄ»ΓÄ»ΓÄ»ΓÄ»ΓÄ»ΓÄ»ΓÄ»ΓÄ»ΓÄ»ΓÄ»ΓÄ»ΓÄ»ΓÄ»ΓÄ»ΓÄ»[1/411]ΓÄ»

 FAIL  e2e/ai-assistant.spec.js [ e2e/ai-assistant.spec.js ]
Error: Playwright Test did not expect test.describe() to be called here.
Most common reasons include:
- You are calling test.describe() in a configuration file.
- You are calling test.describe() in a file that is imported by the configuration file.
- You have two different versions of @playwright/test. This usually happens
  when one of the dependencies in your package.json depends on @playwright/test.
 Γ¥» TestTypeImpl._currentSuite node_modules/playwright/lib/common/testType.js:75:13
 Γ¥» TestTypeImpl._describe node_modules/playwright/lib/common/testType.js:115:24
 Γ¥» Function.describe node_modules/playwright/lib/transform/transform.js:282:12
 Γ¥» e2e/ai-assistant.spec.js:8:6
      6| import { test, expect } from '@playwright/test';
      7| 
      8| test.describe('AI Assistant', () => {
       |      ^
      9|   test.beforeEach(async ({ page }) => {
     10|     // Suppress console errors for auth - expected in test env

ΓÄ»ΓÄ»ΓÄ»ΓÄ»ΓÄ»ΓÄ»ΓÄ»ΓÄ»ΓÄ»ΓÄ»ΓÄ»ΓÄ»ΓÄ»ΓÄ»ΓÄ»ΓÄ»ΓÄ»ΓÄ»ΓÄ»ΓÄ»ΓÄ»ΓÄ»[2/411]ΓÄ»

 FAIL  e2e/landing.spec.js [ e2e/landing.spec.js ]
Error: Playwright Test did not expect test.describe() to be called here.
Most common reasons include:
- You are calling test.describe() in a configuration file.
- You are calling test.describe() in a file that is imported by the configuration file.
- You have two different versions of @playwright/test. This usually happens
  when one of the dependencies in your package.json depends on @playwright/test.
 Γ¥» TestTypeImpl._currentSuite node_modules/playwright/lib/common/testType.js:75:13
 Γ¥» TestTypeImpl._describe node_modules/playwright/lib/common/testType.js:115:24
 Γ¥» Function.describe node_modules/playwright/lib/transform/transform.js:282:12
 Γ¥» e2e/landing.spec.js:8:6
      6| import { test, expect } from '@playwright/test';
      7| 
      8| test.describe('Landing Page', () => {
       |      ^
      9|   test('loads successfully', async ({ page }) => {
     10|     await page.goto('/', { waitUntil: 'networkidle' });

ΓÄ»ΓÄ»ΓÄ»ΓÄ»ΓÄ»ΓÄ»ΓÄ»ΓÄ»ΓÄ»ΓÄ»ΓÄ»ΓÄ»ΓÄ»ΓÄ»ΓÄ»ΓÄ»ΓÄ»ΓÄ»ΓÄ»ΓÄ»ΓÄ»ΓÄ»[3/411]ΓÄ»

 FAIL  e2e/performance.spec.js [ e2e/performance.spec.js ]
Error: Playwright Test did not expect test.describe() to be called here.
Most common reasons include:
- You are calling test.describe() in a configuration file.
- You are calling test.describe() in a file that is imported by the configuration file.
- You have two different versions of @playwright/test. This usually happens
  when one of the dependencies in your package.json depends on @playwright/test.
 Γ¥» TestTypeImpl._currentSuite node_modules/playwright/lib/common/testType.js:75:13
 Γ¥» TestTypeImpl._describe node_modules/playwright/lib/common/testType.js:115:24
 Γ¥» Function.describe node_modules/playwright/lib/transform/transform.js:282:12
 Γ¥» e2e/performance.spec.js:8:6
      6| import { test, expect } from '@playwright/test';
      7| 
      8| test.describe('Performance', () => {
       |      ^
      9|   test('loads quickly', async ({ page }) => {
     10|     const startTime = Date.now();

ΓÄ»ΓÄ»ΓÄ»ΓÄ»ΓÄ»ΓÄ»ΓÄ»ΓÄ»ΓÄ»ΓÄ»ΓÄ»ΓÄ»ΓÄ»ΓÄ»ΓÄ»ΓÄ»ΓÄ»ΓÄ»ΓÄ»ΓÄ»ΓÄ»ΓÄ»[4/411]ΓÄ»

 FAIL  scripts/archive/verify_entanglement.test.ts [ scripts/archive/verify_entanglement.test.ts ]
Error: Failed to resolve import "../src/store/useCausalStore" from "scripts/archive/verify_entanglement.test.ts". Does the file exist?
  Plugin: vite:import-analysis
  File: C:/Users/ferna/Downloads/appforge-main/scripts/archive/verify_entanglement.test.ts:3:31
  1  |  import { describe, it, expect, beforeEach } from "vitest";
  2  |  import { act } from "@testing-library/react";
  3  |  import { useCausalStore } from "../src/store/useCausalStore";
     |                                  ^
  4  |  describe("Quantum Entanglement Evolution", () => {
  5  |    beforeEach(() => {
 Γ¥» TransformPluginContext._formatLog node_modules/vite/dist/node/chunks/dep-D4NMHUTW.js:42528:41
 Γ¥» TransformPluginContext.error node_modules/vite/dist/node/chunks/dep-D4NMHUTW.js:42525:16
 Γ¥» normalizeUrl node_modules/vite/dist/node/chunks/dep-D4NMHUTW.js:40504:23
 Γ¥» node_modules/vite/dist/node/chunks/dep-D4NMHUTW.js:40623:37
 Γ¥» TransformPluginContext.transform node_modules/vite/dist/node/chunks/dep-D4NMHUTW.js:40550:7
 Γ¥» EnvironmentPluginContainer.transform node_modules/vite/dist/node/chunks/dep-D4NMHUTW.js:42323:18
 Γ¥» loadAndTransform node_modules/vite/dist/node/chunks/dep-D4NMHUTW.js:35739:27

ΓÄ»ΓÄ»ΓÄ»ΓÄ»ΓÄ»ΓÄ»ΓÄ»ΓÄ»ΓÄ»ΓÄ»ΓÄ»ΓÄ»ΓÄ»ΓÄ»ΓÄ»ΓÄ»ΓÄ»ΓÄ»ΓÄ»ΓÄ»ΓÄ»ΓÄ»[5/411]ΓÄ»

 FAIL  scripts/archive/verify_prediction.test.ts [ scripts/archive/verify_prediction.test.ts ]
Error: Failed to resolve import "../src/store/useCausalStore" from "scripts/archive/verify_prediction.test.ts". Does the file exist?
  Plugin: vite:import-analysis
  File: C:/Users/ferna/Downloads/appforge-main/scripts/archive/verify_prediction.test.ts:3:31
  1  |  import { describe, it, expect, beforeEach } from "vitest";
  2  |  import { act } from "@testing-library/react";
  3  |  import { useCausalStore } from "../src/store/useCausalStore";
     |                                  ^
  4  |  describe("Quantum Predictive Modeling", () => {
  5  |    beforeEach(() => {
 Γ¥» TransformPluginContext._formatLog node_modules/vite/dist/node/chunks/dep-D4NMHUTW.js:42528:41
 Γ¥» TransformPluginContext.error node_modules/vite/dist/node/chunks/dep-D4NMHUTW.js:42525:16
 Γ¥» normalizeUrl node_modules/vite/dist/node/chunks/dep-D4NMHUTW.js:40504:23
 Γ¥» node_modules/vite/dist/node/chunks/dep-D4NMHUTW.js:40623:37
 Γ¥» TransformPluginContext.transform node_modules/vite/dist/node/chunks/dep-D4NMHUTW.js:40550:7
 Γ¥» EnvironmentPluginContainer.transform node_modules/vite/dist/node/chunks/dep-D4NMHUTW.js:42323:18
 Γ¥» loadAndTransform node_modules/vite/dist/node/chunks/dep-D4NMHUTW.js:35739:27

ΓÄ»ΓÄ»ΓÄ»ΓÄ»ΓÄ»ΓÄ»ΓÄ»ΓÄ»ΓÄ»ΓÄ»ΓÄ»ΓÄ»ΓÄ»ΓÄ»ΓÄ»ΓÄ»ΓÄ»ΓÄ»ΓÄ»ΓÄ»ΓÄ»ΓÄ»[6/411]ΓÄ»

 FAIL  scripts/archive/verify_quantum_collapse.test.ts [ scripts/archive/verify_quantum_collapse.test.ts ]
Error: Failed to resolve import "../src/store/useCausalStore" from "scripts/archive/verify_quantum_collapse.test.ts". Does the file exist?
  Plugin: vite:import-analysis
  File: C:/Users/ferna/Downloads/appforge-main/scripts/archive/verify_quantum_collapse.test.ts:3:0
  14 |  });
  15 |  const __vi_import_0__ = await import("@testing-library/react");
  16 |  const __vi_import_1__ = await import("../src/store/useCausalStore");
     |                                       ^
  17 |  import { describe, it, expect, beforeEach, vi } from "vitest";
  18 |  
 Γ¥» TransformPluginContext._formatLog node_modules/vite/dist/node/chunks/dep-D4NMHUTW.js:42528:41
 Γ¥» TransformPluginContext.error node_modules/vite/dist/node/chunks/dep-D4NMHUTW.js:42525:16
 Γ¥» normalizeUrl node_modules/vite/dist/node/chunks/dep-D4NMHUTW.js:40504:23
 Γ¥» node_modules/vite/dist/node/chunks/dep-D4NMHUTW.js:40623:37
 Γ¥» TransformPluginContext.transform node_modules/vite/dist/node/chunks/dep-D4NMHUTW.js:40550:7
 Γ¥» EnvironmentPluginContainer.transform node_modules/vite/dist/node/chunks/dep-D4NMHUTW.js:42323:18
 Γ¥» loadAndTransform node_modules/vite/dist/node/chunks/dep-D4NMHUTW.js:35739:27

ΓÄ»ΓÄ»ΓÄ»ΓÄ»ΓÄ»ΓÄ»ΓÄ»ΓÄ»ΓÄ»ΓÄ»ΓÄ»ΓÄ»ΓÄ»ΓÄ»ΓÄ»ΓÄ»ΓÄ»ΓÄ»ΓÄ»ΓÄ»ΓÄ»ΓÄ»[7/411]ΓÄ»

 FAIL  scripts/archive/verify_quantum_cycle.test.ts [ scripts/archive/verify_quantum_cycle.test.ts ]
Error: Failed to resolve import "../src/store/useCausalStore" from "scripts/archive/verify_quantum_cycle.test.ts". Does the file exist?
  Plugin: vite:import-analysis
  File: C:/Users/ferna/Downloads/appforge-main/scripts/archive/verify_quantum_cycle.test.ts:3:0
  30 |  });
  31 |  const __vi_import_0__ = await import("@testing-library/react");
  32 |  const __vi_import_1__ = await import("../src/store/useCausalStore");
     |                                       ^
  33 |  import { describe, it, expect, beforeEach, vi, afterEach } from "vitest";
  34 |  
 Γ¥» TransformPluginContext._formatLog node_modules/vite/dist/node/chunks/dep-D4NMHUTW.js:42528:41
 Γ¥» TransformPluginContext.error node_modules/vite/dist/node/chunks/dep-D4NMHUTW.js:42525:16
 Γ¥» normalizeUrl node_modules/vite/dist/node/chunks/dep-D4NMHUTW.js:40504:23
 Γ¥» node_modules/vite/dist/node/chunks/dep-D4NMHUTW.js:40623:37
 Γ¥» TransformPluginContext.transform node_modules/vite/dist/node/chunks/dep-D4NMHUTW.js:40550:7
 Γ¥» EnvironmentPluginContainer.transform node_modules/vite/dist/node/chunks/dep-D4NMHUTW.js:42323:18
 Γ¥» loadAndTransform node_modules/vite/dist/node/chunks/dep-D4NMHUTW.js:35739:27

ΓÄ»ΓÄ»ΓÄ»ΓÄ»ΓÄ»ΓÄ»ΓÄ»ΓÄ»ΓÄ»ΓÄ»ΓÄ»ΓÄ»ΓÄ»ΓÄ»ΓÄ»ΓÄ»ΓÄ»ΓÄ»ΓÄ»ΓÄ»ΓÄ»ΓÄ»[8/411]ΓÄ»

 FAIL  scripts/archive/verify_security.test.ts [ scripts/archive/verify_security.test.ts ]
Error: Failed to resolve import "../src/store/usePermissionStore" from "scripts/archive/verify_security.test.ts". Does the file exist?
  Plugin: vite:import-analysis
  File: C:/Users/ferna/Downloads/appforge-main/scripts/archive/verify_security.test.ts:2:35
  1  |  import { describe, it, expect, beforeEach } from "vitest";
  2  |  import { usePermissionStore } from "../src/store/usePermissionStore";
     |                                      ^
  3  |  describe("≡ƒ¢í∩╕Å Security Penetration Test (RBAC)", () => {
  4  |    beforeEach(() => {
 Γ¥» TransformPluginContext._formatLog node_modules/vite/dist/node/chunks/dep-D4NMHUTW.js:42528:41
 Γ¥» TransformPluginContext.error node_modules/vite/dist/node/chunks/dep-D4NMHUTW.js:42525:16
 Γ¥» normalizeUrl node_modules/vite/dist/node/chunks/dep-D4NMHUTW.js:40504:23
 Γ¥» node_modules/vite/dist/node/chunks/dep-D4NMHUTW.js:40623:37
 Γ¥» TransformPluginContext.transform node_modules/vite/dist/node/chunks/dep-D4NMHUTW.js:40550:7
 Γ¥» EnvironmentPluginContainer.transform node_modules/vite/dist/node/chunks/dep-D4NMHUTW.js:42323:18
 Γ¥» loadAndTransform node_modules/vite/dist/node/chunks/dep-D4NMHUTW.js:35739:27

ΓÄ»ΓÄ»ΓÄ»ΓÄ»ΓÄ»ΓÄ»ΓÄ»ΓÄ»ΓÄ»ΓÄ»ΓÄ»ΓÄ»ΓÄ»ΓÄ»ΓÄ»ΓÄ»ΓÄ»ΓÄ»ΓÄ»ΓÄ»ΓÄ»ΓÄ»[9/411]ΓÄ»

 FAIL  scripts/archive/verify_timeline.test.ts [ scripts/archive/verify_timeline.test.ts ]
Error: Failed to resolve import "../src/store/useCausalStore" from "scripts/archive/verify_timeline.test.ts". Does the file exist?
  Plugin: vite:import-analysis
  File: C:/Users/ferna/Downloads/appforge-main/scripts/archive/verify_timeline.test.ts:2:31
  1  |  import { describe, it, expect, beforeEach } from "vitest";
  2  |  import { useCausalStore } from "../src/store/useCausalStore";
     |                                  ^
  3  |  describe("ΓÅ│ Quantum Time Travel (Timeline)", () => {
  4  |    beforeEach(() => {
 Γ¥» TransformPluginContext._formatLog node_modules/vite/dist/node/chunks/dep-D4NMHUTW.js:42528:41
 Γ¥» TransformPluginContext.error node_modules/vite/dist/node/chunks/dep-D4NMHUTW.js:42525:16
 Γ¥» normalizeUrl node_modules/vite/dist/node/chunks/dep-D4NMHUTW.js:40504:23
 Γ¥» node_modules/vite/dist/node/chunks/dep-D4NMHUTW.js:40623:37
 Γ¥» TransformPluginContext.transform node_modules/vite/dist/node/chunks/dep-D4NMHUTW.js:40550:7
 Γ¥» EnvironmentPluginContainer.transform node_modules/vite/dist/node/chunks/dep-D4NMHUTW.js:42323:18
 Γ¥» loadAndTransform node_modules/vite/dist/node/chunks/dep-D4NMHUTW.js:35739:27

ΓÄ»ΓÄ»ΓÄ»ΓÄ»ΓÄ»ΓÄ»ΓÄ»ΓÄ»ΓÄ»ΓÄ»ΓÄ»ΓÄ»ΓÄ»ΓÄ»ΓÄ»ΓÄ»ΓÄ»ΓÄ»ΓÄ»ΓÄ»ΓÄ»[10/411]ΓÄ»

 FAIL  tests/e2e/app.spec.js [ tests/e2e/app.spec.js ]
Error: Playwright Test did not expect test.describe() to be called here.
Most common reasons include:
- You are calling test.describe() in a configuration file.
- You are calling test.describe() in a file that is imported by the configuration file.
- You have two different versions of @playwright/test. This usually happens
  when one of the dependencies in your package.json depends on @playwright/test.
 Γ¥» TestTypeImpl._currentSuite node_modules/playwright/lib/common/testType.js:75:13
 Γ¥» TestTypeImpl._describe node_modules/playwright/lib/common/testType.js:115:24
 Γ¥» Function.describe node_modules/playwright/lib/transform/transform.js:282:12
 Γ¥» tests/e2e/app.spec.js:7:6
      5|  */
      6| 
      7| test.describe('Landing Page', () => {
       |      ^
      8|   test.beforeEach(async ({ page }) => {
      9|     await page.goto('http://localhost:5173');

ΓÄ»ΓÄ»ΓÄ»ΓÄ»ΓÄ»ΓÄ»ΓÄ»ΓÄ»ΓÄ»ΓÄ»ΓÄ»ΓÄ»ΓÄ»ΓÄ»ΓÄ»ΓÄ»ΓÄ»ΓÄ»ΓÄ»ΓÄ»ΓÄ»[11/411]ΓÄ»

 FAIL  tests/e2e/dashboard.spec.js [ tests/e2e/dashboard.spec.js ]
Error: Playwright Test did not expect test.describe() to be called here.
Most common reasons include:
- You are calling test.describe() in a configuration file.
- You are calling test.describe() in a file that is imported by the configuration file.
- You have two different versions of @playwright/test. This usually happens
  when one of the dependencies in your package.json depends on @playwright/test.
 Γ¥» TestTypeImpl._currentSuite node_modules/playwright/lib/common/testType.js:75:13
 Γ¥» TestTypeImpl._describe node_modules/playwright/lib/common/testType.js:115:24
 Γ¥» Function.describe node_modules/playwright/lib/transform/transform.js:282:12
 Γ¥» tests/e2e/dashboard.spec.js:7:6
      5|  */
      6| 
      7| test.describe('Dashboard Page', () => {
       |      ^
      8|   test.beforeEach(async ({ page }) => {
      9|     // Try to navigate to dashboard

ΓÄ»ΓÄ»ΓÄ»ΓÄ»ΓÄ»ΓÄ»ΓÄ»ΓÄ»ΓÄ»ΓÄ»ΓÄ»ΓÄ»ΓÄ»ΓÄ»ΓÄ»ΓÄ»ΓÄ»ΓÄ»ΓÄ»ΓÄ»ΓÄ»[12/411]ΓÄ»

 FAIL  tests/e2e/settings.spec.js [ tests/e2e/settings.spec.js ]
Error: Playwright Test did not expect test.describe() to be called here.
Most common reasons include:
- You are calling test.describe() in a configuration file.
- You are calling test.describe() in a file that is imported by the configuration file.
- You have two different versions of @playwright/test. This usually happens
  when one of the dependencies in your package.json depends on @playwright/test.
 Γ¥» TestTypeImpl._currentSuite node_modules/playwright/lib/common/testType.js:75:13
 Γ¥» TestTypeImpl._describe node_modules/playwright/lib/common/testType.js:115:24
 Γ¥» Function.describe node_modules/playwright/lib/transform/transform.js:282:12
 Γ¥» tests/e2e/settings.spec.js:6:6
      4| const API_URL = process.env.API_URL || 'http://localhost:5000';
      5| 
      6| test.describe('Settings Persistence E2E', () => {
       |      ^
      7|   let authToken;
      8|   let userId;

ΓÄ»ΓÄ»ΓÄ»ΓÄ»ΓÄ»ΓÄ»ΓÄ»ΓÄ»ΓÄ»ΓÄ»ΓÄ»ΓÄ»ΓÄ»ΓÄ»ΓÄ»ΓÄ»ΓÄ»ΓÄ»ΓÄ»ΓÄ»ΓÄ»[13/411]ΓÄ»

 FAIL  backend/src/tests/access-rules-extended.test.js [ backend/src/tests/access-rules-extended.test.js ]
 FAIL  backend/src/tests/auth-integration.test.js [ backend/src/tests/auth-integration.test.js ]
 FAIL  backend/src/tests/auth.test.js [ backend/src/tests/auth.test.js ]
 FAIL  backend/src/tests/authorization.test.js [ backend/src/tests/authorization.test.js ]
 FAIL  backend/src/tests/feature-routes.test.js [ backend/src/tests/feature-routes.test.js ]
 FAIL  backend/src/tests/health.test.js [ backend/src/tests/health.test.js ]
 FAIL  backend/src/tests/protected-routes.test.js [ backend/src/tests/protected-routes.test.js ]
 FAIL  backend/src/tests/role-and-public-access.test.js [ backend/src/tests/role-and-public-access.test.js ]
 FAIL  backend/src/tests/validation-and-auth.test.js [ backend/src/tests/validation-and-auth.test.js ]
TypeError: (0 , __vite_ssr_import_2__.fileURLToPath) is not a function
 Γ¥» backend/src/config/logger.js:10:20
      8| import { fileURLToPath } from 'url';
      9| 
     10| const __filename = fileURLToPath(import.meta.url);
       |                    ^
     11| const __dirname = path.dirname(__filename);
     12| 
 Γ¥» backend/src/services/base44Service.js:7:1
 Γ¥» backend/src/controllers/adminMonitoringController.js:66:1

ΓÄ»ΓÄ»ΓÄ»ΓÄ»ΓÄ»ΓÄ»ΓÄ»ΓÄ»ΓÄ»ΓÄ»ΓÄ»ΓÄ»ΓÄ»ΓÄ»ΓÄ»ΓÄ»ΓÄ»ΓÄ»ΓÄ»ΓÄ»ΓÄ»[14/411]ΓÄ»

 FAIL  backend/src/tests/persistence.test.js [ backend/src/tests/persistence.test.js ]
Error: No test suite found in file C:/Users/ferna/Downloads/appforge-main/backend/src/tests/persistence.test.js
ΓÄ»ΓÄ»ΓÄ»ΓÄ»ΓÄ»ΓÄ»ΓÄ»ΓÄ»ΓÄ»ΓÄ»ΓÄ»ΓÄ»ΓÄ»ΓÄ»ΓÄ»ΓÄ»ΓÄ»ΓÄ»ΓÄ»ΓÄ»ΓÄ»[15/411]ΓÄ»

 FAIL  backend/src/__tests__/queue-integration.test.js [ backend/src/__tests__/queue-integration.test.js ]
Error: No test suite found in file C:/Users/ferna/Downloads/appforge-main/backend/src/__tests__/queue-integration.test.js
ΓÄ»ΓÄ»ΓÄ»ΓÄ»ΓÄ»ΓÄ»ΓÄ»ΓÄ»ΓÄ»ΓÄ»ΓÄ»ΓÄ»ΓÄ»ΓÄ»ΓÄ»ΓÄ»ΓÄ»ΓÄ»ΓÄ»ΓÄ»ΓÄ»[16/411]ΓÄ»

 FAIL  src/lib/__tests__/quantumIntegration.e2e.test.js > Quantum Module E2E Integration
ReferenceError: init is not defined
 Γ¥» initializeQuantumCore src/lib/quantumIntegration.js:17:5

 Γ¥» src/lib/__tests__/quantumIntegration.e2e.test.js:25:19

ΓÄ»ΓÄ»ΓÄ»ΓÄ»ΓÄ»ΓÄ»ΓÄ»ΓÄ»ΓÄ»ΓÄ»ΓÄ»ΓÄ»ΓÄ»ΓÄ»ΓÄ»ΓÄ»ΓÄ»ΓÄ»ΓÄ»ΓÄ»ΓÄ»[17/411]ΓÄ»

 FAIL  src/lib/__tests__/quantumRenormalization.test.ts [ src/lib/__tests__/quantumRenormalization.test.ts ]
Error: Transform failed with 1 error:
C:/Users/ferna/Downloads/appforge-main/src/lib/__tests__/quantumRenormalization.test.ts:32:43: ERROR: Expected "]" but found "for"
  Plugin: vite:esbuild
  File: C:/Users/ferna/Downloads/appforge-main/src/lib/__tests__/quantumRenormalization.test.ts:32:43
  
  Expected "]" but found "for"
  30 |  
  31 |      test('criticality should be between 0 and 1', () => {
  32 |        const metrics = [Math.random() * 100 for _ in range(10)];
     |                                             ^
  33 |        const criticality = engine.predictCriticality(metrics);
  34 |  
  
 Γ¥» failureErrorWithLog node_modules/esbuild/lib/main.js:1467:15
 Γ¥» node_modules/esbuild/lib/main.js:736:50
 Γ¥» responseCallbacks.<computed> node_modules/esbuild/lib/main.js:603:9
 Γ¥» handleIncomingPacket node_modules/esbuild/lib/main.js:658:12
 Γ¥» Socket.readFromStdout node_modules/esbuild/lib/main.js:581:7

ΓÄ»ΓÄ»ΓÄ»ΓÄ»ΓÄ»ΓÄ»ΓÄ»ΓÄ»ΓÄ»ΓÄ»ΓÄ»ΓÄ»ΓÄ»ΓÄ»ΓÄ»ΓÄ»ΓÄ»ΓÄ»ΓÄ»ΓÄ»ΓÄ»[18/411]ΓÄ»

 FAIL  src/tests/e2e/auth.spec.js [ src/tests/e2e/auth.spec.js ]
ReferenceError: page is not defined
 Γ¥» src/tests/e2e/auth.spec.js:1:50
      1| await page.goto('/login', { waitUntil: 'load' });import { test, expectΓÇª
       |                                                  ^
      2| 
      3| test.describe('Authentication Flow', () => {

ΓÄ»ΓÄ»ΓÄ»ΓÄ»ΓÄ»ΓÄ»ΓÄ»ΓÄ»ΓÄ»ΓÄ»ΓÄ»ΓÄ»ΓÄ»ΓÄ»ΓÄ»ΓÄ»ΓÄ»ΓÄ»ΓÄ»ΓÄ»ΓÄ»[19/411]ΓÄ»

 FAIL  src/tests/e2e/navigation.spec.js [ src/tests/e2e/navigation.spec.js ]
Error: Playwright Test did not expect test.describe() to be called here.
Most common reasons include:
- You are calling test.describe() in a configuration file.
- You are calling test.describe() in a file that is imported by the configuration file.
- You have two different versions of @playwright/test. This usually happens
  when one of the dependencies in your package.json depends on @playwright/test.
 Γ¥» TestTypeImpl._currentSuite node_modules/playwright/lib/common/testType.js:75:13
 Γ¥» TestTypeImpl._describe node_modules/playwright/lib/common/testType.js:115:24
 Γ¥» Function.describe node_modules/playwright/lib/transform/transform.js:282:12
 Γ¥» src/tests/e2e/navigation.spec.js:3:6
      1| import { test, expect } from '@playwright/test'
      2| 
      3| test.describe('Navigation', () => {
       |      ^
      4|   test('should have accessible landing page', async ({ page }) => {
      5|     await page.goto('/')

ΓÄ»ΓÄ»ΓÄ»ΓÄ»ΓÄ»ΓÄ»ΓÄ»ΓÄ»ΓÄ»ΓÄ»ΓÄ»ΓÄ»ΓÄ»ΓÄ»ΓÄ»ΓÄ»ΓÄ»ΓÄ»ΓÄ»ΓÄ»ΓÄ»[20/411]ΓÄ»

 FAIL  swarm/node_modules/universal-user-agent/index.test.js [ swarm/node_modules/universal-user-agent/index.test.js ]
Error: getUserAgent does not return the correct user agent for Node.js
 Γ¥» swarm/node_modules/universal-user-agent/index.test.js:25:11

ΓÄ»ΓÄ»ΓÄ»ΓÄ»ΓÄ»ΓÄ»ΓÄ»ΓÄ»ΓÄ»ΓÄ»ΓÄ»ΓÄ»ΓÄ»ΓÄ»ΓÄ»ΓÄ»ΓÄ»ΓÄ»ΓÄ»ΓÄ»ΓÄ»[21/411]ΓÄ»

 FAIL  swarm/core/__tests__/collective_reasoning.test.ts [ swarm/core/__tests__/collective_reasoning.test.ts ]
TypeError: (0 , __vite_ssr_import_2__.fileURLToPath) is not a function
 Γ¥» swarm/core/bounty_registry.ts:5:20
      3| import { fileURLToPath } from 'url';
      4| 
      5| const __filename = fileURLToPath(import.meta.url);
       |                    ^
      6| const __dirname = path.dirname(__filename);
      7| const PROJECT_ROOT = path.resolve(__dirname, '../../');
 Γ¥» swarm/core/singularity_engine.ts:11:1
 Γ¥» swarm/core/__tests__/collective_reasoning.test.ts:2:1

ΓÄ»ΓÄ»ΓÄ»ΓÄ»ΓÄ»ΓÄ»ΓÄ»ΓÄ»ΓÄ»ΓÄ»ΓÄ»ΓÄ»ΓÄ»ΓÄ»ΓÄ»ΓÄ»ΓÄ»ΓÄ»ΓÄ»ΓÄ»ΓÄ»[22/411]ΓÄ»

 FAIL  backend/node_modules/entities/src/index.spec.ts [ backend/node_modules/entities/src/index.spec.ts ]
Error: Failed to resolve import "../maps/legacy.json" from "backend/node_modules/entities/src/index.spec.ts". Does the file exist?
  Plugin: vite:import-analysis
  File: C:/Users/ferna/Downloads/appforge-main/backend/node_modules/entities/src/index.spec.ts:4:19
  2  |  import { describe, it, expect } from "vitest";
  3  |  import * as entities from "./index.js";
  4  |  import legacy from "../maps/legacy.json";
     |                      ^
  5  |  const levels = ["xml", "entities"];
  6  |  describe("Documents", () => {
 Γ¥» TransformPluginContext._formatLog node_modules/vite/dist/node/chunks/dep-D4NMHUTW.js:42528:41
 Γ¥» TransformPluginContext.error node_modules/vite/dist/node/chunks/dep-D4NMHUTW.js:42525:16
 Γ¥» normalizeUrl node_modules/vite/dist/node/chunks/dep-D4NMHUTW.js:40504:23
 Γ¥» node_modules/vite/dist/node/chunks/dep-D4NMHUTW.js:40623:37
 Γ¥» TransformPluginContext.transform node_modules/vite/dist/node/chunks/dep-D4NMHUTW.js:40550:7
 Γ¥» EnvironmentPluginContainer.transform node_modules/vite/dist/node/chunks/dep-D4NMHUTW.js:42323:18
 Γ¥» loadAndTransform node_modules/vite/dist/node/chunks/dep-D4NMHUTW.js:35739:27

ΓÄ»ΓÄ»ΓÄ»ΓÄ»ΓÄ»ΓÄ»ΓÄ»ΓÄ»ΓÄ»ΓÄ»ΓÄ»ΓÄ»ΓÄ»ΓÄ»ΓÄ»ΓÄ»ΓÄ»ΓÄ»ΓÄ»ΓÄ»ΓÄ»[23/411]ΓÄ»

 FAIL  backend/node_modules/png-js/test/imgdata.spec.js [ backend/node_modules/png-js/test/imgdata.spec.js ]
Error: ENOENT: no such file or directory, scandir 'C:\Users\ferna\Downloads\appforge-main\test\images'
 Γ¥» Object.<anonymous> backend/node_modules/png-js/test/imgdata.spec.js:4:18

ΓÄ»ΓÄ»ΓÄ»ΓÄ»ΓÄ»ΓÄ»ΓÄ»ΓÄ»ΓÄ»ΓÄ»ΓÄ»ΓÄ»ΓÄ»ΓÄ»ΓÄ»ΓÄ»ΓÄ»ΓÄ»ΓÄ»ΓÄ»ΓÄ»[24/411]ΓÄ»

 FAIL  backend/node_modules/png-js/test/metadata.spec.js [ backend/node_modules/png-js/test/metadata.spec.js ]
Error: ENOENT: no such file or directory, scandir 'C:\Users\ferna\Downloads\appforge-main\test\images'
 Γ¥» Object.<anonymous> backend/node_modules/png-js/test/metadata.spec.js:4:18

ΓÄ»ΓÄ»ΓÄ»ΓÄ»ΓÄ»ΓÄ»ΓÄ»ΓÄ»ΓÄ»ΓÄ»ΓÄ»ΓÄ»ΓÄ»ΓÄ»ΓÄ»ΓÄ»ΓÄ»ΓÄ»ΓÄ»ΓÄ»ΓÄ»[25/411]ΓÄ»

 FAIL  backend/node_modules/png-js/test/pixels.spec.js [ backend/node_modules/png-js/test/pixels.spec.js ]
Error: ENOENT: no such file or directory, scandir 'C:\Users\ferna\Downloads\appforge-main\test\images'
 Γ¥» Object.<anonymous> backend/node_modules/png-js/test/pixels.spec.js:4:18

ΓÄ»ΓÄ»ΓÄ»ΓÄ»ΓÄ»ΓÄ»ΓÄ»ΓÄ»ΓÄ»ΓÄ»ΓÄ»ΓÄ»ΓÄ»ΓÄ»ΓÄ»ΓÄ»ΓÄ»ΓÄ»ΓÄ»ΓÄ»ΓÄ»[26/411]ΓÄ»

 FAIL  backend/node_modules/pstree.remy/tests/index.test.js [ backend/node_modules/pstree.remy/tests/index.test.js ]
Error: Cannot find module 'tap'
Require stack:
- C:\Users\ferna\Downloads\appforge-main\backend\node_modules\pstree.remy\tests\index.test.js
 Γ¥» Object.<anonymous> backend/node_modules/pstree.remy/tests/index.test.js:1:13

ΓÄ»ΓÄ»ΓÄ»ΓÄ»ΓÄ»ΓÄ»ΓÄ»ΓÄ»ΓÄ»ΓÄ»ΓÄ»ΓÄ»ΓÄ»ΓÄ»ΓÄ»ΓÄ»ΓÄ»ΓÄ»ΓÄ»ΓÄ»ΓÄ»[27/411]ΓÄ»

 FAIL  backend/node_modules/simple-update-notifier/src/cache.spec.ts [ backend/node_modules/simple-update-notifier/src/cache.spec.ts ]
ReferenceError: jest is not defined
 Γ¥» backend/node_modules/simple-update-notifier/src/cache.spec.ts:5:1
      3| createConfigDir();
      4| 
      5| jest.useFakeTimers().setSystemTime(new Date('2022-01-01'));
       | ^
      6| 
      7| const fakeTime = new Date('2022-01-01').getTime();

ΓÄ»ΓÄ»ΓÄ»ΓÄ»ΓÄ»ΓÄ»ΓÄ»ΓÄ»ΓÄ»ΓÄ»ΓÄ»ΓÄ»ΓÄ»ΓÄ»ΓÄ»ΓÄ»ΓÄ»ΓÄ»ΓÄ»ΓÄ»ΓÄ»[28/411]ΓÄ»

 FAIL  backend/node_modules/simple-update-notifier/src/getDistVersion.spec.ts [ backend/node_modules/simple-update-notifier/src/getDistVersion.spec.ts ]
ReferenceError: jest is not defined
 Γ¥» backend/node_modules/simple-update-notifier/src/getDistVersion.spec.ts:5:1
      3| import getDistVersion from './getDistVersion';
      4| 
      5| jest.mock('https', () => ({
       | ^
      6|   get: jest.fn(),
      7| }));

ΓÄ»ΓÄ»ΓÄ»ΓÄ»ΓÄ»ΓÄ»ΓÄ»ΓÄ»ΓÄ»ΓÄ»ΓÄ»ΓÄ»ΓÄ»ΓÄ»ΓÄ»ΓÄ»ΓÄ»ΓÄ»ΓÄ»ΓÄ»ΓÄ»[29/411]ΓÄ»

 FAIL  backend/node_modules/simple-update-notifier/src/hasNewVersion.spec.ts [ backend/node_modules/simple-update-notifier/src/hasNewVersion.spec.ts ]
ReferenceError: jest is not defined
 Γ¥» backend/node_modules/simple-update-notifier/src/hasNewVersion.spec.ts:5:1
      3| import getDistVersion from './getDistVersion';
      4| 
      5| jest.mock('./getDistVersion', () => jest.fn().mockReturnValue('1.0.0')ΓÇª
       | ^
      6| jest.mock('./cache', () => ({
      7|   getLastUpdate: jest.fn().mockReturnValue(undefined),

ΓÄ»ΓÄ»ΓÄ»ΓÄ»ΓÄ»ΓÄ»ΓÄ»ΓÄ»ΓÄ»ΓÄ»ΓÄ»ΓÄ»ΓÄ»ΓÄ»ΓÄ»ΓÄ»ΓÄ»ΓÄ»ΓÄ»ΓÄ»ΓÄ»[30/411]ΓÄ»

 FAIL  backend/node_modules/simple-update-notifier/src/index.spec.ts [ backend/node_modules/simple-update-notifier/src/index.spec.ts ]
ReferenceError: jest is not defined
 Γ¥» backend/node_modules/simple-update-notifier/src/index.spec.ts:4:20
      2| import hasNewVersion from './hasNewVersion';
      3| 
      4| const consoleSpy = jest.spyOn(console, 'error');
       |                    ^
      5| 
      6| jest.mock('./hasNewVersion', () => jest.fn().mockResolvedValue('2.0.0'ΓÇª

ΓÄ»ΓÄ»ΓÄ»ΓÄ»ΓÄ»ΓÄ»ΓÄ»ΓÄ»ΓÄ»ΓÄ»ΓÄ»ΓÄ»ΓÄ»ΓÄ»ΓÄ»ΓÄ»ΓÄ»ΓÄ»ΓÄ»ΓÄ»ΓÄ»[31/411]ΓÄ»

 FAIL  sovereign-ui/node_modules/gensync/test/index.test.js [ sovereign-ui/node_modules/gensync/test/index.test.js ]
Error: Cannot find module 'util.promisify'
Require stack:
- C:\Users\ferna\Downloads\appforge-main\sovereign-ui\node_modules\gensync\test\index.test.js
 Γ¥» Object.<anonymous> sovereign-ui/node_modules/gensync/test/index.test.js:3:19

ΓÄ»ΓÄ»ΓÄ»ΓÄ»ΓÄ»ΓÄ»ΓÄ»ΓÄ»ΓÄ»ΓÄ»ΓÄ»ΓÄ»ΓÄ»ΓÄ»ΓÄ»ΓÄ»ΓÄ»ΓÄ»ΓÄ»ΓÄ»ΓÄ»[32/411]ΓÄ»

 FAIL  swarm/node_modules/dijkstrajs/test/dijkstra.test.js [ swarm/node_modules/dijkstrajs/test/dijkstra.test.js ]
Error: Cannot find module 'expect.js'
Require stack:
- C:\Users\ferna\Downloads\appforge-main\swarm\node_modules\dijkstrajs\test\dijkstra.test.js
 Γ¥» Object.<anonymous> swarm/node_modules/dijkstrajs/test/dijkstra.test.js:3:14

ΓÄ»ΓÄ»ΓÄ»ΓÄ»ΓÄ»ΓÄ»ΓÄ»ΓÄ»ΓÄ»ΓÄ»ΓÄ»ΓÄ»ΓÄ»ΓÄ»ΓÄ»ΓÄ»ΓÄ»ΓÄ»ΓÄ»ΓÄ»ΓÄ»[33/411]ΓÄ»

 FAIL  swarm/node_modules/fast-content-type-parse/test/index.test.js [ swarm/node_modules/fast-content-type-parse/test/index.test.js ]
Error: No test suite found in file C:/Users/ferna/Downloads/appforge-main/swarm/node_modules/fast-content-type-parse/test/index.test.js
ΓÄ»ΓÄ»ΓÄ»ΓÄ»ΓÄ»ΓÄ»ΓÄ»ΓÄ»ΓÄ»ΓÄ»ΓÄ»ΓÄ»ΓÄ»ΓÄ»ΓÄ»ΓÄ»ΓÄ»ΓÄ»ΓÄ»ΓÄ»ΓÄ»[34/411]ΓÄ»

 FAIL  swarm/node_modules/fast-uri/test/ajv.test.js [ swarm/node_modules/fast-uri/test/ajv.test.js ]
Error: Cannot find module 'tape'
Require stack:
- C:\Users\ferna\Downloads\appforge-main\swarm\node_modules\fast-uri\test\ajv.test.js
 Γ¥» Object.<anonymous> swarm/node_modules/fast-uri/test/ajv.test.js:3:14

ΓÄ»ΓÄ»ΓÄ»ΓÄ»ΓÄ»ΓÄ»ΓÄ»ΓÄ»ΓÄ»ΓÄ»ΓÄ»ΓÄ»ΓÄ»ΓÄ»ΓÄ»ΓÄ»ΓÄ»ΓÄ»ΓÄ»ΓÄ»ΓÄ»[35/411]ΓÄ»

 FAIL  swarm/node_modules/fast-uri/test/equal.test.js [ swarm/node_modules/fast-uri/test/equal.test.js ]
Error: Cannot find module 'tape'
Require stack:
- C:\Users\ferna\Downloads\appforge-main\swarm\node_modules\fast-uri\test\equal.test.js
 Γ¥» Object.<anonymous> swarm/node_modules/fast-uri/test/equal.test.js:3:14

ΓÄ»ΓÄ»ΓÄ»ΓÄ»ΓÄ»ΓÄ»ΓÄ»ΓÄ»ΓÄ»ΓÄ»ΓÄ»ΓÄ»ΓÄ»ΓÄ»ΓÄ»ΓÄ»ΓÄ»ΓÄ»ΓÄ»ΓÄ»ΓÄ»[36/411]ΓÄ»

 FAIL  swarm/node_modules/fast-uri/test/parse.test.js [ swarm/node_modules/fast-uri/test/parse.test.js ]
Error: Cannot find module 'tape'
Require stack:
- C:\Users\ferna\Downloads\appforge-main\swarm\node_modules\fast-uri\test\parse.test.js
 Γ¥» Object.<anonymous> swarm/node_modules/fast-uri/test/parse.test.js:3:14

ΓÄ»ΓÄ»ΓÄ»ΓÄ»ΓÄ»ΓÄ»ΓÄ»ΓÄ»ΓÄ»ΓÄ»ΓÄ»ΓÄ»ΓÄ»ΓÄ»ΓÄ»ΓÄ»ΓÄ»ΓÄ»ΓÄ»ΓÄ»ΓÄ»[37/411]ΓÄ»

 FAIL  swarm/node_modules/fast-uri/test/resolve.test.js [ swarm/node_modules/fast-uri/test/resolve.test.js ]
Error: Cannot find module 'tape'
Require stack:
- C:\Users\ferna\Downloads\appforge-main\swarm\node_modules\fast-uri\test\resolve.test.js
 Γ¥» Object.<anonymous> swarm/node_modules/fast-uri/test/resolve.test.js:3:14

ΓÄ»ΓÄ»ΓÄ»ΓÄ»ΓÄ»ΓÄ»ΓÄ»ΓÄ»ΓÄ»ΓÄ»ΓÄ»ΓÄ»ΓÄ»ΓÄ»ΓÄ»ΓÄ»ΓÄ»ΓÄ»ΓÄ»ΓÄ»ΓÄ»[38/411]ΓÄ»

 FAIL  swarm/node_modules/fast-uri/test/rfc-3986.test.js [ swarm/node_modules/fast-uri/test/rfc-3986.test.js ]
Error: Cannot find module 'tape'
Require stack:
- C:\Users\ferna\Downloads\appforge-main\swarm\node_modules\fast-uri\test\rfc-3986.test.js
 Γ¥» Object.<anonymous> swarm/node_modules/fast-uri/test/rfc-3986.test.js:3:14

ΓÄ»ΓÄ»ΓÄ»ΓÄ»ΓÄ»ΓÄ»ΓÄ»ΓÄ»ΓÄ»ΓÄ»ΓÄ»ΓÄ»ΓÄ»ΓÄ»ΓÄ»ΓÄ»ΓÄ»ΓÄ»ΓÄ»ΓÄ»ΓÄ»[39/411]ΓÄ»

 FAIL  swarm/node_modules/fast-uri/test/serialize.test.js [ swarm/node_modules/fast-uri/test/serialize.test.js ]
Error: Cannot find module 'tape'
Require stack:
- C:\Users\ferna\Downloads\appforge-main\swarm\node_modules\fast-uri\test\serialize.test.js
 Γ¥» Object.<anonymous> swarm/node_modules/fast-uri/test/serialize.test.js:3:14

ΓÄ»ΓÄ»ΓÄ»ΓÄ»ΓÄ»ΓÄ»ΓÄ»ΓÄ»ΓÄ»ΓÄ»ΓÄ»ΓÄ»ΓÄ»ΓÄ»ΓÄ»ΓÄ»ΓÄ»ΓÄ»ΓÄ»ΓÄ»ΓÄ»[40/411]ΓÄ»

 FAIL  swarm/node_modules/fast-uri/test/uri-js-compatibility.test.js [ swarm/node_modules/fast-uri/test/uri-js-compatibility.test.js ]
Error: Cannot find module 'tape'
Require stack:
- C:\Users\ferna\Downloads\appforge-main\swarm\node_modules\fast-uri\test\uri-js-compatibility.test.js
 Γ¥» Object.<anonymous> swarm/node_modules/fast-uri/test/uri-js-compatibility.test.js:3:14

ΓÄ»ΓÄ»ΓÄ»ΓÄ»ΓÄ»ΓÄ»ΓÄ»ΓÄ»ΓÄ»ΓÄ»ΓÄ»ΓÄ»ΓÄ»ΓÄ»ΓÄ»ΓÄ»ΓÄ»ΓÄ»ΓÄ»ΓÄ»ΓÄ»[41/411]ΓÄ»

 FAIL  swarm/node_modules/fast-uri/test/uri-js.test.js [ swarm/node_modules/fast-uri/test/uri-js.test.js ]
Error: Cannot find module 'tape'
Require stack:
- C:\Users\ferna\Downloads\appforge-main\swarm\node_modules\fast-uri\test\uri-js.test.js
 Γ¥» Object.<anonymous> swarm/node_modules/fast-uri/test/uri-js.test.js:3:14

ΓÄ»ΓÄ»ΓÄ»ΓÄ»ΓÄ»ΓÄ»ΓÄ»ΓÄ»ΓÄ»ΓÄ»ΓÄ»ΓÄ»ΓÄ»ΓÄ»ΓÄ»ΓÄ»ΓÄ»ΓÄ»ΓÄ»ΓÄ»ΓÄ»[42/411]ΓÄ»

 FAIL  swarm/node_modules/fast-uri/test/util.test.js [ swarm/node_modules/fast-uri/test/util.test.js ]
Error: Cannot find module 'tape'
Require stack:
- C:\Users\ferna\Downloads\appforge-main\swarm\node_modules\fast-uri\test\util.test.js
 Γ¥» Object.<anonymous> swarm/node_modules/fast-uri/test/util.test.js:3:14

ΓÄ»ΓÄ»ΓÄ»ΓÄ»ΓÄ»ΓÄ»ΓÄ»ΓÄ»ΓÄ»ΓÄ»ΓÄ»ΓÄ»ΓÄ»ΓÄ»ΓÄ»ΓÄ»ΓÄ»ΓÄ»ΓÄ»ΓÄ»ΓÄ»[43/411]ΓÄ»

 FAIL  swarm/node_modules/on-exit-leak-free/test/base.test.js [ swarm/node_modules/on-exit-leak-free/test/base.test.js ]
Error: Cannot find module 'tap'
Require stack:
- C:\Users\ferna\Downloads\appforge-main\swarm\node_modules\on-exit-leak-free\test\base.test.js
 Γ¥» Object.<anonymous> swarm/node_modules/on-exit-leak-free/test/base.test.js:3:18

ΓÄ»ΓÄ»ΓÄ»ΓÄ»ΓÄ»ΓÄ»ΓÄ»ΓÄ»ΓÄ»ΓÄ»ΓÄ»ΓÄ»ΓÄ»ΓÄ»ΓÄ»ΓÄ»ΓÄ»ΓÄ»ΓÄ»ΓÄ»ΓÄ»[44/411]ΓÄ»

 FAIL  swarm/node_modules/on-exit-leak-free/test/event-emitter-leak.test.js [ swarm/node_modules/on-exit-leak-free/test/event-emitter-leak.test.js ]
Error: Cannot find module 'tap'
Require stack:
- C:\Users\ferna\Downloads\appforge-main\swarm\node_modules\on-exit-leak-free\test\event-emitter-leak.test.js
 Γ¥» Object.<anonymous> swarm/node_modules/on-exit-leak-free/test/event-emitter-leak.test.js:3:11

ΓÄ»ΓÄ»ΓÄ»ΓÄ»ΓÄ»ΓÄ»ΓÄ»ΓÄ»ΓÄ»ΓÄ»ΓÄ»ΓÄ»ΓÄ»ΓÄ»ΓÄ»ΓÄ»ΓÄ»ΓÄ»ΓÄ»ΓÄ»ΓÄ»[45/411]ΓÄ»

 FAIL  swarm/node_modules/pino/test/basic.test.js [ swarm/node_modules/pino/test/basic.test.js ]
Error: Cannot find module 'flush-write-stream'
Require stack:
- C:\Users\ferna\Downloads\appforge-main\swarm\node_modules\pino\test\helper.js
- C:\Users\ferna\Downloads\appforge-main\swarm\node_modules\pino\test\basic.test.js
 Γ¥» Object.<anonymous> swarm/node_modules/pino/test/helper.js:7:16

ΓÄ»ΓÄ»ΓÄ»ΓÄ»ΓÄ»ΓÄ»ΓÄ»ΓÄ»ΓÄ»ΓÄ»ΓÄ»ΓÄ»ΓÄ»ΓÄ»ΓÄ»ΓÄ»ΓÄ»ΓÄ»ΓÄ»ΓÄ»ΓÄ»[46/411]ΓÄ»

 FAIL  swarm/node_modules/pino/test/broken-pipe.test.js [ swarm/node_modules/pino/test/broken-pipe.test.js ]
Error: Cannot find module '@matteo.collina/tspl'
Require stack:
- C:\Users\ferna\Downloads\appforge-main\swarm\node_modules\pino\test\broken-pipe.test.js
 Γ¥» Object.<anonymous> swarm/node_modules/pino/test/broken-pipe.test.js:7:14

ΓÄ»ΓÄ»ΓÄ»ΓÄ»ΓÄ»ΓÄ»ΓÄ»ΓÄ»ΓÄ»ΓÄ»ΓÄ»ΓÄ»ΓÄ»ΓÄ»ΓÄ»ΓÄ»ΓÄ»ΓÄ»ΓÄ»ΓÄ»ΓÄ»[47/411]ΓÄ»

 FAIL  swarm/node_modules/pino/test/browser-child.test.js [ swarm/node_modules/pino/test/browser-child.test.js ]
Error: Cannot find module 'tape'
Require stack:
- C:\Users\ferna\Downloads\appforge-main\swarm\node_modules\pino\test\browser-child.test.js
 Γ¥» Object.<anonymous> swarm/node_modules/pino/test/browser-child.test.js:2:14

ΓÄ»ΓÄ»ΓÄ»ΓÄ»ΓÄ»ΓÄ»ΓÄ»ΓÄ»ΓÄ»ΓÄ»ΓÄ»ΓÄ»ΓÄ»ΓÄ»ΓÄ»ΓÄ»ΓÄ»ΓÄ»ΓÄ»ΓÄ»ΓÄ»[48/411]ΓÄ»

 FAIL  swarm/node_modules/pino/test/browser-disabled.test.js [ swarm/node_modules/pino/test/browser-disabled.test.js ]
Error: Cannot find module 'tape'
Require stack:
- C:\Users\ferna\Downloads\appforge-main\swarm\node_modules\pino\test\browser-disabled.test.js
 Γ¥» Object.<anonymous> swarm/node_modules/pino/test/browser-disabled.test.js:2:14

ΓÄ»ΓÄ»ΓÄ»ΓÄ»ΓÄ»ΓÄ»ΓÄ»ΓÄ»ΓÄ»ΓÄ»ΓÄ»ΓÄ»ΓÄ»ΓÄ»ΓÄ»ΓÄ»ΓÄ»ΓÄ»ΓÄ»ΓÄ»ΓÄ»[49/411]ΓÄ»

 FAIL  swarm/node_modules/pino/test/browser-early-console-freeze.test.js [ swarm/node_modules/pino/test/browser-early-console-freeze.test.js ]
Error: Cannot find module 'tape'
Require stack:
- C:\Users\ferna\Downloads\appforge-main\swarm\node_modules\pino\test\browser-early-console-freeze.test.js
 Γ¥» Object.<anonymous> swarm/node_modules/pino/test/browser-early-console-freeze.test.js:3:14

ΓÄ»ΓÄ»ΓÄ»ΓÄ»ΓÄ»ΓÄ»ΓÄ»ΓÄ»ΓÄ»ΓÄ»ΓÄ»ΓÄ»ΓÄ»ΓÄ»ΓÄ»ΓÄ»ΓÄ»ΓÄ»ΓÄ»ΓÄ»ΓÄ»[50/411]ΓÄ»

 FAIL  swarm/node_modules/pino/test/browser-is-level-enabled.test.js [ swarm/node_modules/pino/test/browser-is-level-enabled.test.js ]
Error: No test suite found in file C:/Users/ferna/Downloads/appforge-main/swarm/node_modules/pino/test/browser-is-level-enabled.test.js
ΓÄ»ΓÄ»ΓÄ»ΓÄ»ΓÄ»ΓÄ»ΓÄ»ΓÄ»ΓÄ»ΓÄ»ΓÄ»ΓÄ»ΓÄ»ΓÄ»ΓÄ»ΓÄ»ΓÄ»ΓÄ»ΓÄ»ΓÄ»ΓÄ»[51/411]ΓÄ»

 FAIL  swarm/node_modules/pino/test/browser-levels.test.js [ swarm/node_modules/pino/test/browser-levels.test.js ]
Error: Cannot find module 'tape'
Require stack:
- C:\Users\ferna\Downloads\appforge-main\swarm\node_modules\pino\test\browser-levels.test.js
 Γ¥» Object.<anonymous> swarm/node_modules/pino/test/browser-levels.test.js:2:14

ΓÄ»ΓÄ»ΓÄ»ΓÄ»ΓÄ»ΓÄ»ΓÄ»ΓÄ»ΓÄ»ΓÄ»ΓÄ»ΓÄ»ΓÄ»ΓÄ»ΓÄ»ΓÄ»ΓÄ»ΓÄ»ΓÄ»ΓÄ»ΓÄ»[52/411]ΓÄ»

 FAIL  swarm/node_modules/pino/test/browser-serializers.test.js [ swarm/node_modules/pino/test/browser-serializers.test.js ]
Error: Cannot find module 'tape'
Require stack:
- C:\Users\ferna\Downloads\appforge-main\swarm\node_modules\pino\test\browser-serializers.test.js
 Γ¥» Object.<anonymous> swarm/node_modules/pino/test/browser-serializers.test.js:5:14

ΓÄ»ΓÄ»ΓÄ»ΓÄ»ΓÄ»ΓÄ»ΓÄ»ΓÄ»ΓÄ»ΓÄ»ΓÄ»ΓÄ»ΓÄ»ΓÄ»ΓÄ»ΓÄ»ΓÄ»ΓÄ»ΓÄ»ΓÄ»ΓÄ»[53/411]ΓÄ»

 FAIL  swarm/node_modules/pino/test/browser-timestamp.test.js [ swarm/node_modules/pino/test/browser-timestamp.test.js ]
Error: Cannot find module 'tape'
Require stack:
- C:\Users\ferna\Downloads\appforge-main\swarm\node_modules\pino\test\browser-timestamp.test.js
 Γ¥» Object.<anonymous> swarm/node_modules/pino/test/browser-timestamp.test.js:2:14

ΓÄ»ΓÄ»ΓÄ»ΓÄ»ΓÄ»ΓÄ»ΓÄ»ΓÄ»ΓÄ»ΓÄ»ΓÄ»ΓÄ»ΓÄ»ΓÄ»ΓÄ»ΓÄ»ΓÄ»ΓÄ»ΓÄ»ΓÄ»ΓÄ»[54/411]ΓÄ»

 FAIL  swarm/node_modules/pino/test/browser-transmit.test.js [ swarm/node_modules/pino/test/browser-transmit.test.js ]
Error: Cannot find module 'tape'
Require stack:
- C:\Users\ferna\Downloads\appforge-main\swarm\node_modules\pino\test\browser-transmit.test.js
 Γ¥» Object.<anonymous> swarm/node_modules/pino/test/browser-transmit.test.js:2:14

ΓÄ»ΓÄ»ΓÄ»ΓÄ»ΓÄ»ΓÄ»ΓÄ»ΓÄ»ΓÄ»ΓÄ»ΓÄ»ΓÄ»ΓÄ»ΓÄ»ΓÄ»ΓÄ»ΓÄ»ΓÄ»ΓÄ»ΓÄ»ΓÄ»[55/411]ΓÄ»

 FAIL  swarm/node_modules/pino/test/browser.test.js [ swarm/node_modules/pino/test/browser.test.js ]
Error: Cannot find module 'tape'
Require stack:
- C:\Users\ferna\Downloads\appforge-main\swarm\node_modules\pino\test\browser.test.js
 Γ¥» Object.<anonymous> swarm/node_modules/pino/test/browser.test.js:2:14

ΓÄ»ΓÄ»ΓÄ»ΓÄ»ΓÄ»ΓÄ»ΓÄ»ΓÄ»ΓÄ»ΓÄ»ΓÄ»ΓÄ»ΓÄ»ΓÄ»ΓÄ»ΓÄ»ΓÄ»ΓÄ»ΓÄ»ΓÄ»ΓÄ»[56/411]ΓÄ»

 FAIL  swarm/node_modules/pino/test/complex-objects.test.js [ swarm/node_modules/pino/test/complex-objects.test.js ]
Error: Cannot find module 'flush-write-stream'
Require stack:
- C:\Users\ferna\Downloads\appforge-main\swarm\node_modules\pino\test\helper.js
- C:\Users\ferna\Downloads\appforge-main\swarm\node_modules\pino\test\complex-objects.test.js
 Γ¥» Object.<anonymous> swarm/node_modules/pino/test/helper.js:7:16

ΓÄ»ΓÄ»ΓÄ»ΓÄ»ΓÄ»ΓÄ»ΓÄ»ΓÄ»ΓÄ»ΓÄ»ΓÄ»ΓÄ»ΓÄ»ΓÄ»ΓÄ»ΓÄ»ΓÄ»ΓÄ»ΓÄ»ΓÄ»ΓÄ»[57/411]ΓÄ»

 FAIL  swarm/node_modules/pino/test/crlf.test.js [ swarm/node_modules/pino/test/crlf.test.js ]
Error: Cannot find module 'flush-write-stream'
Require stack:
- C:\Users\ferna\Downloads\appforge-main\swarm\node_modules\pino\test\crlf.test.js
 Γ¥» Object.<anonymous> swarm/node_modules/pino/test/crlf.test.js:6:16

ΓÄ»ΓÄ»ΓÄ»ΓÄ»ΓÄ»ΓÄ»ΓÄ»ΓÄ»ΓÄ»ΓÄ»ΓÄ»ΓÄ»ΓÄ»ΓÄ»ΓÄ»ΓÄ»ΓÄ»ΓÄ»ΓÄ»ΓÄ»ΓÄ»[58/411]ΓÄ»

 FAIL  swarm/node_modules/pino/test/custom-levels.test.js [ swarm/node_modules/pino/test/custom-levels.test.js ]
Error: Cannot find module 'flush-write-stream'
Require stack:
- C:\Users\ferna\Downloads\appforge-main\swarm\node_modules\pino\test\helper.js
- C:\Users\ferna\Downloads\appforge-main\swarm\node_modules\pino\test\custom-levels.test.js
 Γ¥» Object.<anonymous> swarm/node_modules/pino/test/helper.js:7:16

ΓÄ»ΓÄ»ΓÄ»ΓÄ»ΓÄ»ΓÄ»ΓÄ»ΓÄ»ΓÄ»ΓÄ»ΓÄ»ΓÄ»ΓÄ»ΓÄ»ΓÄ»ΓÄ»ΓÄ»ΓÄ»ΓÄ»ΓÄ»ΓÄ»[59/411]ΓÄ»

 FAIL  swarm/node_modules/pino/test/diagnostics.test.js [ swarm/node_modules/pino/test/diagnostics.test.js ]
Error: Cannot find module '@matteo.collina/tspl'
Require stack:
- C:\Users\ferna\Downloads\appforge-main\swarm\node_modules\pino\test\diagnostics.test.js
 Γ¥» Object.<anonymous> swarm/node_modules/pino/test/diagnostics.test.js:8:14

ΓÄ»ΓÄ»ΓÄ»ΓÄ»ΓÄ»ΓÄ»ΓÄ»ΓÄ»ΓÄ»ΓÄ»ΓÄ»ΓÄ»ΓÄ»ΓÄ»ΓÄ»ΓÄ»ΓÄ»ΓÄ»ΓÄ»ΓÄ»ΓÄ»[60/411]ΓÄ»

 FAIL  swarm/node_modules/pino/test/error-key.test.js [ swarm/node_modules/pino/test/error-key.test.js ]
Error: Cannot find module 'flush-write-stream'
Require stack:
- C:\Users\ferna\Downloads\appforge-main\swarm\node_modules\pino\test\helper.js
- C:\Users\ferna\Downloads\appforge-main\swarm\node_modules\pino\test\error-key.test.js
 Γ¥» Object.<anonymous> swarm/node_modules/pino/test/helper.js:7:16

ΓÄ»ΓÄ»ΓÄ»ΓÄ»ΓÄ»ΓÄ»ΓÄ»ΓÄ»ΓÄ»ΓÄ»ΓÄ»ΓÄ»ΓÄ»ΓÄ»ΓÄ»ΓÄ»ΓÄ»ΓÄ»ΓÄ»ΓÄ»ΓÄ»[61/411]ΓÄ»

 FAIL  swarm/node_modules/pino/test/error.test.js [ swarm/node_modules/pino/test/error.test.js ]
Error: Cannot find module '@matteo.collina/tspl'
Require stack:
- C:\Users\ferna\Downloads\appforge-main\swarm\node_modules\pino\test\error.test.js
 Γ¥» Object.<anonymous> swarm/node_modules/pino/test/error.test.js:8:14

ΓÄ»ΓÄ»ΓÄ»ΓÄ»ΓÄ»ΓÄ»ΓÄ»ΓÄ»ΓÄ»ΓÄ»ΓÄ»ΓÄ»ΓÄ»ΓÄ»ΓÄ»ΓÄ»ΓÄ»ΓÄ»ΓÄ»ΓÄ»ΓÄ»[62/411]ΓÄ»

 FAIL  swarm/node_modules/pino/test/escaping.test.js [ swarm/node_modules/pino/test/escaping.test.js ]
Error: Cannot find module 'flush-write-stream'
Require stack:
- C:\Users\ferna\Downloads\appforge-main\swarm\node_modules\pino\test\helper.js
- C:\Users\ferna\Downloads\appforge-main\swarm\node_modules\pino\test\escaping.test.js
 Γ¥» Object.<anonymous> swarm/node_modules/pino/test/helper.js:7:16

ΓÄ»ΓÄ»ΓÄ»ΓÄ»ΓÄ»ΓÄ»ΓÄ»ΓÄ»ΓÄ»ΓÄ»ΓÄ»ΓÄ»ΓÄ»ΓÄ»ΓÄ»ΓÄ»ΓÄ»ΓÄ»ΓÄ»ΓÄ»ΓÄ»[63/411]ΓÄ»

 FAIL  swarm/node_modules/pino/test/exit.test.js [ swarm/node_modules/pino/test/exit.test.js ]
Error: Cannot find module 'flush-write-stream'
Require stack:
- C:\Users\ferna\Downloads\appforge-main\swarm\node_modules\pino\test\exit.test.js
 Γ¥» Object.<anonymous> swarm/node_modules/pino/test/exit.test.js:8:16

ΓÄ»ΓÄ»ΓÄ»ΓÄ»ΓÄ»ΓÄ»ΓÄ»ΓÄ»ΓÄ»ΓÄ»ΓÄ»ΓÄ»ΓÄ»ΓÄ»ΓÄ»ΓÄ»ΓÄ»ΓÄ»ΓÄ»ΓÄ»ΓÄ»[64/411]ΓÄ»

 FAIL  swarm/node_modules/pino/test/formatters.test.js [ swarm/node_modules/pino/test/formatters.test.js ]
Error: Cannot find module '@matteo.collina/tspl'
Require stack:
- C:\Users\ferna\Downloads\appforge-main\swarm\node_modules\pino\test\formatters.test.js
 Γ¥» Object.<anonymous> swarm/node_modules/pino/test/formatters.test.js:9:14

ΓÄ»ΓÄ»ΓÄ»ΓÄ»ΓÄ»ΓÄ»ΓÄ»ΓÄ»ΓÄ»ΓÄ»ΓÄ»ΓÄ»ΓÄ»ΓÄ»ΓÄ»ΓÄ»ΓÄ»ΓÄ»ΓÄ»ΓÄ»ΓÄ»[65/411]ΓÄ»

 FAIL  swarm/node_modules/pino/test/hooks.test.js [ swarm/node_modules/pino/test/hooks.test.js ]
Error: Cannot find module '@matteo.collina/tspl'
Require stack:
- C:\Users\ferna\Downloads\appforge-main\swarm\node_modules\pino\test\hooks.test.js
 Γ¥» Object.<anonymous> swarm/node_modules/pino/test/hooks.test.js:4:14

ΓÄ»ΓÄ»ΓÄ»ΓÄ»ΓÄ»ΓÄ»ΓÄ»ΓÄ»ΓÄ»ΓÄ»ΓÄ»ΓÄ»ΓÄ»ΓÄ»ΓÄ»ΓÄ»ΓÄ»ΓÄ»ΓÄ»ΓÄ»ΓÄ»[66/411]ΓÄ»

 FAIL  swarm/node_modules/pino/test/http.test.js [ swarm/node_modules/pino/test/http.test.js ]
Error: Cannot find module '@matteo.collina/tspl'
Require stack:
- C:\Users\ferna\Downloads\appforge-main\swarm\node_modules\pino\test\http.test.js
 Γ¥» Object.<anonymous> swarm/node_modules/pino/test/http.test.js:6:14

ΓÄ»ΓÄ»ΓÄ»ΓÄ»ΓÄ»ΓÄ»ΓÄ»ΓÄ»ΓÄ»ΓÄ»ΓÄ»ΓÄ»ΓÄ»ΓÄ»ΓÄ»ΓÄ»ΓÄ»ΓÄ»ΓÄ»ΓÄ»ΓÄ»[67/411]ΓÄ»

 FAIL  swarm/node_modules/pino/test/is-level-enabled.test.js [ swarm/node_modules/pino/test/is-level-enabled.test.js ]
Error: No test suite found in file C:/Users/ferna/Downloads/appforge-main/swarm/node_modules/pino/test/is-level-enabled.test.js
ΓÄ»ΓÄ»ΓÄ»ΓÄ»ΓÄ»ΓÄ»ΓÄ»ΓÄ»ΓÄ»ΓÄ»ΓÄ»ΓÄ»ΓÄ»ΓÄ»ΓÄ»ΓÄ»ΓÄ»ΓÄ»ΓÄ»ΓÄ»ΓÄ»[68/411]ΓÄ»

 FAIL  swarm/node_modules/pino/test/levels.test.js [ swarm/node_modules/pino/test/levels.test.js ]
Error: Cannot find module '@matteo.collina/tspl'
Require stack:
- C:\Users\ferna\Downloads\appforge-main\swarm\node_modules\pino\test\levels.test.js
 Γ¥» Object.<anonymous> swarm/node_modules/pino/test/levels.test.js:5:14

ΓÄ»ΓÄ»ΓÄ»ΓÄ»ΓÄ»ΓÄ»ΓÄ»ΓÄ»ΓÄ»ΓÄ»ΓÄ»ΓÄ»ΓÄ»ΓÄ»ΓÄ»ΓÄ»ΓÄ»ΓÄ»ΓÄ»ΓÄ»ΓÄ»[69/411]ΓÄ»

 FAIL  swarm/node_modules/pino/test/metadata.test.js [ swarm/node_modules/pino/test/metadata.test.js ]
Error: Cannot find module '@matteo.collina/tspl'
Require stack:
- C:\Users\ferna\Downloads\appforge-main\swarm\node_modules\pino\test\metadata.test.js
 Γ¥» Object.<anonymous> swarm/node_modules/pino/test/metadata.test.js:5:14

ΓÄ»ΓÄ»ΓÄ»ΓÄ»ΓÄ»ΓÄ»ΓÄ»ΓÄ»ΓÄ»ΓÄ»ΓÄ»ΓÄ»ΓÄ»ΓÄ»ΓÄ»ΓÄ»ΓÄ»ΓÄ»ΓÄ»ΓÄ»ΓÄ»[70/411]ΓÄ»

 FAIL  swarm/node_modules/pino/test/mixin-merge-strategy.test.js [ swarm/node_modules/pino/test/mixin-merge-strategy.test.js ]
Error: Cannot find module 'flush-write-stream'
Require stack:
- C:\Users\ferna\Downloads\appforge-main\swarm\node_modules\pino\test\helper.js
- C:\Users\ferna\Downloads\appforge-main\swarm\node_modules\pino\test\mixin-merge-strategy.test.js
 Γ¥» Object.<anonymous> swarm/node_modules/pino/test/helper.js:7:16

ΓÄ»ΓÄ»ΓÄ»ΓÄ»ΓÄ»ΓÄ»ΓÄ»ΓÄ»ΓÄ»ΓÄ»ΓÄ»ΓÄ»ΓÄ»ΓÄ»ΓÄ»ΓÄ»ΓÄ»ΓÄ»ΓÄ»ΓÄ»ΓÄ»[71/411]ΓÄ»

 FAIL  swarm/node_modules/pino/test/mixin.test.js [ swarm/node_modules/pino/test/mixin.test.js ]
Error: Cannot find module '@matteo.collina/tspl'
Require stack:
- C:\Users\ferna\Downloads\appforge-main\swarm\node_modules\pino\test\mixin.test.js
 Γ¥» Object.<anonymous> swarm/node_modules/pino/test/mixin.test.js:6:14

ΓÄ»ΓÄ»ΓÄ»ΓÄ»ΓÄ»ΓÄ»ΓÄ»ΓÄ»ΓÄ»ΓÄ»ΓÄ»ΓÄ»ΓÄ»ΓÄ»ΓÄ»ΓÄ»ΓÄ»ΓÄ»ΓÄ»ΓÄ»ΓÄ»[72/411]ΓÄ»

 FAIL  swarm/node_modules/pino/test/multistream.test.js [ swarm/node_modules/pino/test/multistream.test.js ]
Error: Cannot find module 'proxyquire'
Require stack:
- C:\Users\ferna\Downloads\appforge-main\swarm\node_modules\pino\test\multistream.test.js
 Γ¥» Object.<anonymous> swarm/node_modules/pino/test/multistream.test.js:7:20

ΓÄ»ΓÄ»ΓÄ»ΓÄ»ΓÄ»ΓÄ»ΓÄ»ΓÄ»ΓÄ»ΓÄ»ΓÄ»ΓÄ»ΓÄ»ΓÄ»ΓÄ»ΓÄ»ΓÄ»ΓÄ»ΓÄ»ΓÄ»ΓÄ»[73/411]ΓÄ»

 FAIL  swarm/node_modules/pino/test/redact.test.js [ swarm/node_modules/pino/test/redact.test.js ]
Error: Cannot find module 'flush-write-stream'
Require stack:
- C:\Users\ferna\Downloads\appforge-main\swarm\node_modules\pino\test\helper.js
- C:\Users\ferna\Downloads\appforge-main\swarm\node_modules\pino\test\redact.test.js
 Γ¥» Object.<anonymous> swarm/node_modules/pino/test/helper.js:7:16

ΓÄ»ΓÄ»ΓÄ»ΓÄ»ΓÄ»ΓÄ»ΓÄ»ΓÄ»ΓÄ»ΓÄ»ΓÄ»ΓÄ»ΓÄ»ΓÄ»ΓÄ»ΓÄ»ΓÄ»ΓÄ»ΓÄ»ΓÄ»ΓÄ»[74/411]ΓÄ»

 FAIL  swarm/node_modules/pino/test/serializers.test.js [ swarm/node_modules/pino/test/serializers.test.js ]
Error: Cannot find module 'flush-write-stream'
Require stack:
- C:\Users\ferna\Downloads\appforge-main\swarm\node_modules\pino\test\helper.js
- C:\Users\ferna\Downloads\appforge-main\swarm\node_modules\pino\test\serializers.test.js
 Γ¥» Object.<anonymous> swarm/node_modules/pino/test/helper.js:7:16

ΓÄ»ΓÄ»ΓÄ»ΓÄ»ΓÄ»ΓÄ»ΓÄ»ΓÄ»ΓÄ»ΓÄ»ΓÄ»ΓÄ»ΓÄ»ΓÄ»ΓÄ»ΓÄ»ΓÄ»ΓÄ»ΓÄ»ΓÄ»ΓÄ»[75/411]ΓÄ»

 FAIL  swarm/node_modules/pino/test/stdout-protection.test.js [ swarm/node_modules/pino/test/stdout-protection.test.js ]
Error: Cannot find module 'flush-write-stream'
Require stack:
- C:\Users\ferna\Downloads\appforge-main\swarm\node_modules\pino\test\stdout-protection.test.js
 Γ¥» Object.<anonymous> swarm/node_modules/pino/test/stdout-protection.test.js:7:16

ΓÄ»ΓÄ»ΓÄ»ΓÄ»ΓÄ»ΓÄ»ΓÄ»ΓÄ»ΓÄ»ΓÄ»ΓÄ»ΓÄ»ΓÄ»ΓÄ»ΓÄ»ΓÄ»ΓÄ»ΓÄ»ΓÄ»ΓÄ»ΓÄ»[76/411]ΓÄ»

 FAIL  swarm/node_modules/pino/test/syncfalse.test.js [ swarm/node_modules/pino/test/syncfalse.test.js ]
Error: Cannot find module 'flush-write-stream'
Require stack:
- C:\Users\ferna\Downloads\appforge-main\swarm\node_modules\pino\test\syncfalse.test.js
 Γ¥» Object.<anonymous> swarm/node_modules/pino/test/syncfalse.test.js:9:16

ΓÄ»ΓÄ»ΓÄ»ΓÄ»ΓÄ»ΓÄ»ΓÄ»ΓÄ»ΓÄ»ΓÄ»ΓÄ»ΓÄ»ΓÄ»ΓÄ»ΓÄ»ΓÄ»ΓÄ»ΓÄ»ΓÄ»ΓÄ»ΓÄ»[77/411]ΓÄ»

 FAIL  swarm/node_modules/pino/test/timestamp-nano.test.js [ swarm/node_modules/pino/test/timestamp-nano.test.js ]
Error: Cannot find module 'flush-write-stream'
Require stack:
- C:\Users\ferna\Downloads\appforge-main\swarm\node_modules\pino\test\helper.js
- C:\Users\ferna\Downloads\appforge-main\swarm\node_modules\pino\test\timestamp-nano.test.js
 Γ¥» Object.<anonymous> swarm/node_modules/pino/test/helper.js:7:16

ΓÄ»ΓÄ»ΓÄ»ΓÄ»ΓÄ»ΓÄ»ΓÄ»ΓÄ»ΓÄ»ΓÄ»ΓÄ»ΓÄ»ΓÄ»ΓÄ»ΓÄ»ΓÄ»ΓÄ»ΓÄ»ΓÄ»ΓÄ»ΓÄ»[78/411]ΓÄ»

 FAIL  swarm/node_modules/pino/test/timestamp.test.js [ swarm/node_modules/pino/test/timestamp.test.js ]
Error: Cannot find module 'flush-write-stream'
Require stack:
- C:\Users\ferna\Downloads\appforge-main\swarm\node_modules\pino\test\helper.js
- C:\Users\ferna\Downloads\appforge-main\swarm\node_modules\pino\test\timestamp.test.js
 Γ¥» Object.<anonymous> swarm/node_modules/pino/test/helper.js:7:16

ΓÄ»ΓÄ»ΓÄ»ΓÄ»ΓÄ»ΓÄ»ΓÄ»ΓÄ»ΓÄ»ΓÄ»ΓÄ»ΓÄ»ΓÄ»ΓÄ»ΓÄ»ΓÄ»ΓÄ»ΓÄ»ΓÄ»ΓÄ»ΓÄ»[79/411]ΓÄ»

 FAIL  swarm/node_modules/pino/test/transport-stream.test.js [ swarm/node_modules/pino/test/transport-stream.test.js ]
Error: Cannot find module 'proxyquire'
Require stack:
- C:\Users\ferna\Downloads\appforge-main\swarm\node_modules\pino\test\transport-stream.test.js
 Γ¥» Object.<anonymous> swarm/node_modules/pino/test/transport-stream.test.js:4:20

ΓÄ»ΓÄ»ΓÄ»ΓÄ»ΓÄ»ΓÄ»ΓÄ»ΓÄ»ΓÄ»ΓÄ»ΓÄ»ΓÄ»ΓÄ»ΓÄ»ΓÄ»ΓÄ»ΓÄ»ΓÄ»ΓÄ»ΓÄ»ΓÄ»[80/411]ΓÄ»

 FAIL  swarm/node_modules/pino-std-serializers/test/err-with-cause.test.js [ swarm/node_modules/pino-std-serializers/test/err-with-cause.test.js ]
Error: No test suite found in file C:/Users/ferna/Downloads/appforge-main/swarm/node_modules/pino-std-serializers/test/err-with-cause.test.js
ΓÄ»ΓÄ»ΓÄ»ΓÄ»ΓÄ»ΓÄ»ΓÄ»ΓÄ»ΓÄ»ΓÄ»ΓÄ»ΓÄ»ΓÄ»ΓÄ»ΓÄ»ΓÄ»ΓÄ»ΓÄ»ΓÄ»ΓÄ»ΓÄ»[81/411]ΓÄ»

 FAIL  swarm/node_modules/pino-std-serializers/test/err.test.js [ swarm/node_modules/pino-std-serializers/test/err.test.js ]
Error: No test suite found in file C:/Users/ferna/Downloads/appforge-main/swarm/node_modules/pino-std-serializers/test/err.test.js
ΓÄ»ΓÄ»ΓÄ»ΓÄ»ΓÄ»ΓÄ»ΓÄ»ΓÄ»ΓÄ»ΓÄ»ΓÄ»ΓÄ»ΓÄ»ΓÄ»ΓÄ»ΓÄ»ΓÄ»ΓÄ»ΓÄ»ΓÄ»ΓÄ»[82/411]ΓÄ»

 FAIL  swarm/node_modules/pino-std-serializers/test/req.test.js [ swarm/node_modules/pino-std-serializers/test/req.test.js ]
Error: Cannot find module '@matteo.collina/tspl'
Require stack:
- C:\Users\ferna\Downloads\appforge-main\swarm\node_modules\pino-std-serializers\test\req.test.js
 Γ¥» Object.<anonymous> swarm/node_modules/pino-std-serializers/test/req.test.js:3:18

ΓÄ»ΓÄ»ΓÄ»ΓÄ»ΓÄ»ΓÄ»ΓÄ»ΓÄ»ΓÄ»ΓÄ»ΓÄ»ΓÄ»ΓÄ»ΓÄ»ΓÄ»ΓÄ»ΓÄ»ΓÄ»ΓÄ»ΓÄ»ΓÄ»[83/411]ΓÄ»

 FAIL  swarm/node_modules/pino-std-serializers/test/res.test.js [ swarm/node_modules/pino-std-serializers/test/res.test.js ]
Error: Cannot find module '@matteo.collina/tspl'
Require stack:
- C:\Users\ferna\Downloads\appforge-main\swarm\node_modules\pino-std-serializers\test\res.test.js
 Γ¥» Object.<anonymous> swarm/node_modules/pino-std-serializers/test/res.test.js:5:18

ΓÄ»ΓÄ»ΓÄ»ΓÄ»ΓÄ»ΓÄ»ΓÄ»ΓÄ»ΓÄ»ΓÄ»ΓÄ»ΓÄ»ΓÄ»ΓÄ»ΓÄ»ΓÄ»ΓÄ»ΓÄ»ΓÄ»ΓÄ»ΓÄ»[84/411]ΓÄ»

 FAIL  swarm/node_modules/pino-abstract-transport/test/base.test.js [ swarm/node_modules/pino-abstract-transport/test/base.test.js ]
Error: Cannot find module '@matteo.collina/tspl'
Require stack:
- C:\Users\ferna\Downloads\appforge-main\swarm\node_modules\pino-abstract-transport\test\base.test.js
 Γ¥» Object.<anonymous> swarm/node_modules/pino-abstract-transport/test/base.test.js:7:14

ΓÄ»ΓÄ»ΓÄ»ΓÄ»ΓÄ»ΓÄ»ΓÄ»ΓÄ»ΓÄ»ΓÄ»ΓÄ»ΓÄ»ΓÄ»ΓÄ»ΓÄ»ΓÄ»ΓÄ»ΓÄ»ΓÄ»ΓÄ»ΓÄ»[85/411]ΓÄ»

 FAIL  swarm/node_modules/pino-abstract-transport/test/worker.test.js [ swarm/node_modules/pino-abstract-transport/test/worker.test.js ]
Error: Cannot find module '@matteo.collina/tspl'
Require stack:
- C:\Users\ferna\Downloads\appforge-main\swarm\node_modules\pino-abstract-transport\test\worker.test.js
 Γ¥» Object.<anonymous> swarm/node_modules/pino-abstract-transport/test/worker.test.js:9:14

ΓÄ»ΓÄ»ΓÄ»ΓÄ»ΓÄ»ΓÄ»ΓÄ»ΓÄ»ΓÄ»ΓÄ»ΓÄ»ΓÄ»ΓÄ»ΓÄ»ΓÄ»ΓÄ»ΓÄ»ΓÄ»ΓÄ»ΓÄ»ΓÄ»[86/411]ΓÄ»

 FAIL  swarm/node_modules/process-warning/test/emit-interpolated-string.test.js [ swarm/node_modules/process-warning/test/emit-interpolated-string.test.js ]
Error: No test suite found in file C:/Users/ferna/Downloads/appforge-main/swarm/node_modules/process-warning/test/emit-interpolated-string.test.js
ΓÄ»ΓÄ»ΓÄ»ΓÄ»ΓÄ»ΓÄ»ΓÄ»ΓÄ»ΓÄ»ΓÄ»ΓÄ»ΓÄ»ΓÄ»ΓÄ»ΓÄ»ΓÄ»ΓÄ»ΓÄ»ΓÄ»ΓÄ»ΓÄ»[87/411]ΓÄ»

 FAIL  swarm/node_modules/process-warning/test/emit-once-only.test.js [ swarm/node_modules/process-warning/test/emit-once-only.test.js ]
Error: No test suite found in file C:/Users/ferna/Downloads/appforge-main/swarm/node_modules/process-warning/test/emit-once-only.test.js
ΓÄ»ΓÄ»ΓÄ»ΓÄ»ΓÄ»ΓÄ»ΓÄ»ΓÄ»ΓÄ»ΓÄ»ΓÄ»ΓÄ»ΓÄ»ΓÄ»ΓÄ»ΓÄ»ΓÄ»ΓÄ»ΓÄ»ΓÄ»ΓÄ»[88/411]ΓÄ»

 FAIL  swarm/node_modules/process-warning/test/emit-reset.test.js [ swarm/node_modules/process-warning/test/emit-reset.test.js ]
Error: No test suite found in file C:/Users/ferna/Downloads/appforge-main/swarm/node_modules/process-warning/test/emit-reset.test.js
ΓÄ»ΓÄ»ΓÄ»ΓÄ»ΓÄ»ΓÄ»ΓÄ»ΓÄ»ΓÄ»ΓÄ»ΓÄ»ΓÄ»ΓÄ»ΓÄ»ΓÄ»ΓÄ»ΓÄ»ΓÄ»ΓÄ»ΓÄ»ΓÄ»[89/411]ΓÄ»

 FAIL  swarm/node_modules/process-warning/test/emit-set.test.js [ swarm/node_modules/process-warning/test/emit-set.test.js ]
Error: No test suite found in file C:/Users/ferna/Downloads/appforge-main/swarm/node_modules/process-warning/test/emit-set.test.js
ΓÄ»ΓÄ»ΓÄ»ΓÄ»ΓÄ»ΓÄ»ΓÄ»ΓÄ»ΓÄ»ΓÄ»ΓÄ»ΓÄ»ΓÄ»ΓÄ»ΓÄ»ΓÄ»ΓÄ»ΓÄ»ΓÄ»ΓÄ»ΓÄ»[90/411]ΓÄ»

 FAIL  swarm/node_modules/process-warning/test/emit-unlimited.test.js [ swarm/node_modules/process-warning/test/emit-unlimited.test.js ]
Error: No test suite found in file C:/Users/ferna/Downloads/appforge-main/swarm/node_modules/process-warning/test/emit-unlimited.test.js
ΓÄ»ΓÄ»ΓÄ»ΓÄ»ΓÄ»ΓÄ»ΓÄ»ΓÄ»ΓÄ»ΓÄ»ΓÄ»ΓÄ»ΓÄ»ΓÄ»ΓÄ»ΓÄ»ΓÄ»ΓÄ»ΓÄ»ΓÄ»ΓÄ»[91/411]ΓÄ»

 FAIL  swarm/node_modules/process-warning/test/index.test.js [ swarm/node_modules/process-warning/test/index.test.js ]
Error: No test suite found in file C:/Users/ferna/Downloads/appforge-main/swarm/node_modules/process-warning/test/index.test.js
ΓÄ»ΓÄ»ΓÄ»ΓÄ»ΓÄ»ΓÄ»ΓÄ»ΓÄ»ΓÄ»ΓÄ»ΓÄ»ΓÄ»ΓÄ»ΓÄ»ΓÄ»ΓÄ»ΓÄ»ΓÄ»ΓÄ»ΓÄ»ΓÄ»[92/411]ΓÄ»

 FAIL  swarm/node_modules/process-warning/test/issue-88.test.js [ swarm/node_modules/process-warning/test/issue-88.test.js ]
Error: No test suite found in file C:/Users/ferna/Downloads/appforge-main/swarm/node_modules/process-warning/test/issue-88.test.js
ΓÄ»ΓÄ»ΓÄ»ΓÄ»ΓÄ»ΓÄ»ΓÄ»ΓÄ»ΓÄ»ΓÄ»ΓÄ»ΓÄ»ΓÄ»ΓÄ»ΓÄ»ΓÄ»ΓÄ»ΓÄ»ΓÄ»ΓÄ»ΓÄ»[93/411]ΓÄ»

 FAIL  swarm/node_modules/process-warning/test/no-warnings.test.js [ swarm/node_modules/process-warning/test/no-warnings.test.js ]
Error: No test suite found in file C:/Users/ferna/Downloads/appforge-main/swarm/node_modules/process-warning/test/no-warnings.test.js
ΓÄ»ΓÄ»ΓÄ»ΓÄ»ΓÄ»ΓÄ»ΓÄ»ΓÄ»ΓÄ»ΓÄ»ΓÄ»ΓÄ»ΓÄ»ΓÄ»ΓÄ»ΓÄ»ΓÄ»ΓÄ»ΓÄ»ΓÄ»ΓÄ»[94/411]ΓÄ»

 FAIL  swarm/node_modules/sonic-boom/test/destroy.test.js [ swarm/node_modules/sonic-boom/test/destroy.test.js ]
Error: Cannot find module 'tap'
Require stack:
- C:\Users\ferna\Downloads\appforge-main\swarm\node_modules\sonic-boom\test\helper.js
- C:\Users\ferna\Downloads\appforge-main\swarm\node_modules\sonic-boom\test\destroy.test.js
 Γ¥» Object.<anonymous> swarm/node_modules/sonic-boom/test/helper.js:3:28

ΓÄ»ΓÄ»ΓÄ»ΓÄ»ΓÄ»ΓÄ»ΓÄ»ΓÄ»ΓÄ»ΓÄ»ΓÄ»ΓÄ»ΓÄ»ΓÄ»ΓÄ»ΓÄ»ΓÄ»ΓÄ»ΓÄ»ΓÄ»ΓÄ»[95/411]ΓÄ»

 FAIL  swarm/node_modules/sonic-boom/test/end.test.js [ swarm/node_modules/sonic-boom/test/end.test.js ]
Error: Cannot find module 'tap'
Require stack:
- C:\Users\ferna\Downloads\appforge-main\swarm\node_modules\sonic-boom\test\helper.js
- C:\Users\ferna\Downloads\appforge-main\swarm\node_modules\sonic-boom\test\end.test.js
 Γ¥» Object.<anonymous> swarm/node_modules/sonic-boom/test/helper.js:3:28

ΓÄ»ΓÄ»ΓÄ»ΓÄ»ΓÄ»ΓÄ»ΓÄ»ΓÄ»ΓÄ»ΓÄ»ΓÄ»ΓÄ»ΓÄ»ΓÄ»ΓÄ»ΓÄ»ΓÄ»ΓÄ»ΓÄ»ΓÄ»ΓÄ»[96/411]ΓÄ»

 FAIL  swarm/node_modules/sonic-boom/test/flush-sync.test.js [ swarm/node_modules/sonic-boom/test/flush-sync.test.js ]
Error: Cannot find module 'tap'
Require stack:
- C:\Users\ferna\Downloads\appforge-main\swarm\node_modules\sonic-boom\test\flush-sync.test.js
 Γ¥» Object.<anonymous> swarm/node_modules/sonic-boom/test/flush-sync.test.js:3:18

ΓÄ»ΓÄ»ΓÄ»ΓÄ»ΓÄ»ΓÄ»ΓÄ»ΓÄ»ΓÄ»ΓÄ»ΓÄ»ΓÄ»ΓÄ»ΓÄ»ΓÄ»ΓÄ»ΓÄ»ΓÄ»ΓÄ»ΓÄ»ΓÄ»[97/411]ΓÄ»

 FAIL  swarm/node_modules/sonic-boom/test/flush.test.js [ swarm/node_modules/sonic-boom/test/flush.test.js ]
Error: Cannot find module 'tap'
Require stack:
- C:\Users\ferna\Downloads\appforge-main\swarm\node_modules\sonic-boom\test\helper.js
- C:\Users\ferna\Downloads\appforge-main\swarm\node_modules\sonic-boom\test\flush.test.js
 Γ¥» Object.<anonymous> swarm/node_modules/sonic-boom/test/helper.js:3:28

ΓÄ»ΓÄ»ΓÄ»ΓÄ»ΓÄ»ΓÄ»ΓÄ»ΓÄ»ΓÄ»ΓÄ»ΓÄ»ΓÄ»ΓÄ»ΓÄ»ΓÄ»ΓÄ»ΓÄ»ΓÄ»ΓÄ»ΓÄ»ΓÄ»[98/411]ΓÄ»

 FAIL  swarm/node_modules/sonic-boom/test/fsync.test.js [ swarm/node_modules/sonic-boom/test/fsync.test.js ]
Error: Cannot find module 'tap'
Require stack:
- C:\Users\ferna\Downloads\appforge-main\swarm\node_modules\sonic-boom\test\fsync.test.js
 Γ¥» Object.<anonymous> swarm/node_modules/sonic-boom/test/fsync.test.js:3:18

ΓÄ»ΓÄ»ΓÄ»ΓÄ»ΓÄ»ΓÄ»ΓÄ»ΓÄ»ΓÄ»ΓÄ»ΓÄ»ΓÄ»ΓÄ»ΓÄ»ΓÄ»ΓÄ»ΓÄ»ΓÄ»ΓÄ»ΓÄ»ΓÄ»[99/411]ΓÄ»

 FAIL  swarm/node_modules/sonic-boom/test/minlength.test.js [ swarm/node_modules/sonic-boom/test/minlength.test.js ]
Error: Cannot find module 'tap'
Require stack:
- C:\Users\ferna\Downloads\appforge-main\swarm\node_modules\sonic-boom\test\minlength.test.js
 Γ¥» Object.<anonymous> swarm/node_modules/sonic-boom/test/minlength.test.js:3:18

ΓÄ»ΓÄ»ΓÄ»ΓÄ»ΓÄ»ΓÄ»ΓÄ»ΓÄ»ΓÄ»ΓÄ»ΓÄ»ΓÄ»ΓÄ»ΓÄ»ΓÄ»ΓÄ»ΓÄ»ΓÄ»ΓÄ»ΓÄ»[100/411]ΓÄ»

 FAIL  swarm/node_modules/sonic-boom/test/mode.test.js [ swarm/node_modules/sonic-boom/test/mode.test.js ]
Error: Cannot find module 'tap'
Require stack:
- C:\Users\ferna\Downloads\appforge-main\swarm\node_modules\sonic-boom\test\helper.js
- C:\Users\ferna\Downloads\appforge-main\swarm\node_modules\sonic-boom\test\mode.test.js
 Γ¥» Object.<anonymous> swarm/node_modules/sonic-boom/test/helper.js:3:28

ΓÄ»ΓÄ»ΓÄ»ΓÄ»ΓÄ»ΓÄ»ΓÄ»ΓÄ»ΓÄ»ΓÄ»ΓÄ»ΓÄ»ΓÄ»ΓÄ»ΓÄ»ΓÄ»ΓÄ»ΓÄ»ΓÄ»ΓÄ»[101/411]ΓÄ»

 FAIL  swarm/node_modules/sonic-boom/test/periodicflush.test.js [ swarm/node_modules/sonic-boom/test/periodicflush.test.js ]
Error: Cannot find module 'tap'
Require stack:
- C:\Users\ferna\Downloads\appforge-main\swarm\node_modules\sonic-boom\test\helper.js
- C:\Users\ferna\Downloads\appforge-main\swarm\node_modules\sonic-boom\test\periodicflush.test.js
 Γ¥» Object.<anonymous> swarm/node_modules/sonic-boom/test/helper.js:3:28

ΓÄ»ΓÄ»ΓÄ»ΓÄ»ΓÄ»ΓÄ»ΓÄ»ΓÄ»ΓÄ»ΓÄ»ΓÄ»ΓÄ»ΓÄ»ΓÄ»ΓÄ»ΓÄ»ΓÄ»ΓÄ»ΓÄ»ΓÄ»[102/411]ΓÄ»

 FAIL  swarm/node_modules/sonic-boom/test/reopen.test.js [ swarm/node_modules/sonic-boom/test/reopen.test.js ]
Error: Cannot find module 'proxyquire'
Require stack:
- C:\Users\ferna\Downloads\appforge-main\swarm\node_modules\sonic-boom\test\reopen.test.js
 Γ¥» Object.<anonymous> swarm/node_modules/sonic-boom/test/reopen.test.js:4:20

ΓÄ»ΓÄ»ΓÄ»ΓÄ»ΓÄ»ΓÄ»ΓÄ»ΓÄ»ΓÄ»ΓÄ»ΓÄ»ΓÄ»ΓÄ»ΓÄ»ΓÄ»ΓÄ»ΓÄ»ΓÄ»ΓÄ»ΓÄ»[103/411]ΓÄ»

 FAIL  swarm/node_modules/sonic-boom/test/retry.test.js [ swarm/node_modules/sonic-boom/test/retry.test.js ]
Error: Cannot find module 'tap'
Require stack:
- C:\Users\ferna\Downloads\appforge-main\swarm\node_modules\sonic-boom\test\retry.test.js
 Γ¥» Object.<anonymous> swarm/node_modules/sonic-boom/test/retry.test.js:3:18

ΓÄ»ΓÄ»ΓÄ»ΓÄ»ΓÄ»ΓÄ»ΓÄ»ΓÄ»ΓÄ»ΓÄ»ΓÄ»ΓÄ»ΓÄ»ΓÄ»ΓÄ»ΓÄ»ΓÄ»ΓÄ»ΓÄ»ΓÄ»[104/411]ΓÄ»

 FAIL  swarm/node_modules/sonic-boom/test/sync.test.js [ swarm/node_modules/sonic-boom/test/sync.test.js ]
Error: Cannot find module 'tap'
Require stack:
- C:\Users\ferna\Downloads\appforge-main\swarm\node_modules\sonic-boom\test\sync.test.js
 Γ¥» Object.<anonymous> swarm/node_modules/sonic-boom/test/sync.test.js:3:18

ΓÄ»ΓÄ»ΓÄ»ΓÄ»ΓÄ»ΓÄ»ΓÄ»ΓÄ»ΓÄ»ΓÄ»ΓÄ»ΓÄ»ΓÄ»ΓÄ»ΓÄ»ΓÄ»ΓÄ»ΓÄ»ΓÄ»ΓÄ»[105/411]ΓÄ»

 FAIL  swarm/node_modules/sonic-boom/test/write.test.js [ swarm/node_modules/sonic-boom/test/write.test.js ]
Error: Cannot find module 'tap'
Require stack:
- C:\Users\ferna\Downloads\appforge-main\swarm\node_modules\sonic-boom\test\write.test.js
 Γ¥» Object.<anonymous> swarm/node_modules/sonic-boom/test/write.test.js:3:18

ΓÄ»ΓÄ»ΓÄ»ΓÄ»ΓÄ»ΓÄ»ΓÄ»ΓÄ»ΓÄ»ΓÄ»ΓÄ»ΓÄ»ΓÄ»ΓÄ»ΓÄ»ΓÄ»ΓÄ»ΓÄ»ΓÄ»ΓÄ»[106/411]ΓÄ»

 FAIL  swarm/node_modules/thread-stream/test/base.test.js [ swarm/node_modules/thread-stream/test/base.test.js ]
Error: No test suite found in file C:/Users/ferna/Downloads/appforge-main/swarm/node_modules/thread-stream/test/base.test.js
ΓÄ»ΓÄ»ΓÄ»ΓÄ»ΓÄ»ΓÄ»ΓÄ»ΓÄ»ΓÄ»ΓÄ»ΓÄ»ΓÄ»ΓÄ»ΓÄ»ΓÄ»ΓÄ»ΓÄ»ΓÄ»ΓÄ»ΓÄ»[107/411]ΓÄ»

 FAIL  swarm/node_modules/thread-stream/test/bench.test.js [ swarm/node_modules/thread-stream/test/bench.test.js ]
Error: No test suite found in file C:/Users/ferna/Downloads/appforge-main/swarm/node_modules/thread-stream/test/bench.test.js
ΓÄ»ΓÄ»ΓÄ»ΓÄ»ΓÄ»ΓÄ»ΓÄ»ΓÄ»ΓÄ»ΓÄ»ΓÄ»ΓÄ»ΓÄ»ΓÄ»ΓÄ»ΓÄ»ΓÄ»ΓÄ»ΓÄ»ΓÄ»[108/411]ΓÄ»

 FAIL  swarm/node_modules/thread-stream/test/bundlers.test.js [ swarm/node_modules/thread-stream/test/bundlers.test.js ]
Error: No test suite found in file C:/Users/ferna/Downloads/appforge-main/swarm/node_modules/thread-stream/test/bundlers.test.js
ΓÄ»ΓÄ»ΓÄ»ΓÄ»ΓÄ»ΓÄ»ΓÄ»ΓÄ»ΓÄ»ΓÄ»ΓÄ»ΓÄ»ΓÄ»ΓÄ»ΓÄ»ΓÄ»ΓÄ»ΓÄ»ΓÄ»ΓÄ»[109/411]ΓÄ»

 FAIL  swarm/node_modules/thread-stream/test/commonjs-fallback.test.js [ swarm/node_modules/thread-stream/test/commonjs-fallback.test.js ]
Error: No test suite found in file C:/Users/ferna/Downloads/appforge-main/swarm/node_modules/thread-stream/test/commonjs-fallback.test.js
ΓÄ»ΓÄ»ΓÄ»ΓÄ»ΓÄ»ΓÄ»ΓÄ»ΓÄ»ΓÄ»ΓÄ»ΓÄ»ΓÄ»ΓÄ»ΓÄ»ΓÄ»ΓÄ»ΓÄ»ΓÄ»ΓÄ»ΓÄ»[110/411]ΓÄ»

 FAIL  swarm/node_modules/thread-stream/test/context.test.js [ swarm/node_modules/thread-stream/test/context.test.js ]
Error: No test suite found in file C:/Users/ferna/Downloads/appforge-main/swarm/node_modules/thread-stream/test/context.test.js
ΓÄ»ΓÄ»ΓÄ»ΓÄ»ΓÄ»ΓÄ»ΓÄ»ΓÄ»ΓÄ»ΓÄ»ΓÄ»ΓÄ»ΓÄ»ΓÄ»ΓÄ»ΓÄ»ΓÄ»ΓÄ»ΓÄ»ΓÄ»[111/411]ΓÄ»

 FAIL  swarm/node_modules/thread-stream/test/end.test.js [ swarm/node_modules/thread-stream/test/end.test.js ]
Error: No test suite found in file C:/Users/ferna/Downloads/appforge-main/swarm/node_modules/thread-stream/test/end.test.js
ΓÄ»ΓÄ»ΓÄ»ΓÄ»ΓÄ»ΓÄ»ΓÄ»ΓÄ»ΓÄ»ΓÄ»ΓÄ»ΓÄ»ΓÄ»ΓÄ»ΓÄ»ΓÄ»ΓÄ»ΓÄ»ΓÄ»ΓÄ»[112/411]ΓÄ»

 FAIL  swarm/node_modules/thread-stream/test/esm.test.mjs [ swarm/node_modules/thread-stream/test/esm.test.mjs ]
Error: Cannot find package 'desm' imported from C:\Users\ferna\Downloads\appforge-main\swarm\node_modules\thread-stream\test\esm.test.mjs
ΓÄ»ΓÄ»ΓÄ»ΓÄ»ΓÄ»ΓÄ»ΓÄ»ΓÄ»ΓÄ»ΓÄ»ΓÄ»ΓÄ»ΓÄ»ΓÄ»ΓÄ»ΓÄ»ΓÄ»ΓÄ»ΓÄ»ΓÄ»[113/411]ΓÄ»

 FAIL  swarm/node_modules/thread-stream/test/event.test.js [ swarm/node_modules/thread-stream/test/event.test.js ]
Error: No test suite found in file C:/Users/ferna/Downloads/appforge-main/swarm/node_modules/thread-stream/test/event.test.js
ΓÄ»ΓÄ»ΓÄ»ΓÄ»ΓÄ»ΓÄ»ΓÄ»ΓÄ»ΓÄ»ΓÄ»ΓÄ»ΓÄ»ΓÄ»ΓÄ»ΓÄ»ΓÄ»ΓÄ»ΓÄ»ΓÄ»ΓÄ»[114/411]ΓÄ»

 FAIL  swarm/node_modules/thread-stream/test/indexes.test.js [ swarm/node_modules/thread-stream/test/indexes.test.js ]
Error: No test suite found in file C:/Users/ferna/Downloads/appforge-main/swarm/node_modules/thread-stream/test/indexes.test.js
ΓÄ»ΓÄ»ΓÄ»ΓÄ»ΓÄ»ΓÄ»ΓÄ»ΓÄ»ΓÄ»ΓÄ»ΓÄ»ΓÄ»ΓÄ»ΓÄ»ΓÄ»ΓÄ»ΓÄ»ΓÄ»ΓÄ»ΓÄ»[115/411]ΓÄ»

 FAIL  swarm/node_modules/thread-stream/test/multibyte-chars.test.mjs [ swarm/node_modules/thread-stream/test/multibyte-chars.test.mjs ]
Error: Cannot find package 'desm' imported from C:\Users\ferna\Downloads\appforge-main\swarm\node_modules\thread-stream\test\multibyte-chars.test.mjs
ΓÄ»ΓÄ»ΓÄ»ΓÄ»ΓÄ»ΓÄ»ΓÄ»ΓÄ»ΓÄ»ΓÄ»ΓÄ»ΓÄ»ΓÄ»ΓÄ»ΓÄ»ΓÄ»ΓÄ»ΓÄ»ΓÄ»ΓÄ»[116/411]ΓÄ»

 FAIL  swarm/node_modules/thread-stream/test/post-message.test.js [ swarm/node_modules/thread-stream/test/post-message.test.js ]
Error: No test suite found in file C:/Users/ferna/Downloads/appforge-main/swarm/node_modules/thread-stream/test/post-message.test.js
ΓÄ»ΓÄ»ΓÄ»ΓÄ»ΓÄ»ΓÄ»ΓÄ»ΓÄ»ΓÄ»ΓÄ»ΓÄ»ΓÄ»ΓÄ»ΓÄ»ΓÄ»ΓÄ»ΓÄ»ΓÄ»ΓÄ»ΓÄ»[117/411]ΓÄ»

 FAIL  swarm/node_modules/thread-stream/test/string-limit-2.test.js [ swarm/node_modules/thread-stream/test/string-limit-2.test.js ]
Error: No test suite found in file C:/Users/ferna/Downloads/appforge-main/swarm/node_modules/thread-stream/test/string-limit-2.test.js
ΓÄ»ΓÄ»ΓÄ»ΓÄ»ΓÄ»ΓÄ»ΓÄ»ΓÄ»ΓÄ»ΓÄ»ΓÄ»ΓÄ»ΓÄ»ΓÄ»ΓÄ»ΓÄ»ΓÄ»ΓÄ»ΓÄ»ΓÄ»[118/411]ΓÄ»

 FAIL  swarm/node_modules/thread-stream/test/string-limit.test.js [ swarm/node_modules/thread-stream/test/string-limit.test.js ]
Error: No test suite found in file C:/Users/ferna/Downloads/appforge-main/swarm/node_modules/thread-stream/test/string-limit.test.js
ΓÄ»ΓÄ»ΓÄ»ΓÄ»ΓÄ»ΓÄ»ΓÄ»ΓÄ»ΓÄ»ΓÄ»ΓÄ»ΓÄ»ΓÄ»ΓÄ»ΓÄ»ΓÄ»ΓÄ»ΓÄ»ΓÄ»ΓÄ»[119/411]ΓÄ»

 FAIL  swarm/node_modules/thread-stream/test/thread-management.test.js [ swarm/node_modules/thread-stream/test/thread-management.test.js ]
Error: No test suite found in file C:/Users/ferna/Downloads/appforge-main/swarm/node_modules/thread-stream/test/thread-management.test.js
ΓÄ»ΓÄ»ΓÄ»ΓÄ»ΓÄ»ΓÄ»ΓÄ»ΓÄ»ΓÄ»ΓÄ»ΓÄ»ΓÄ»ΓÄ»ΓÄ»ΓÄ»ΓÄ»ΓÄ»ΓÄ»ΓÄ»ΓÄ»[120/411]ΓÄ»

 FAIL  swarm/node_modules/thread-stream/test/transpiled.test.js [ swarm/node_modules/thread-stream/test/transpiled.test.js ]
Error: No test suite found in file C:/Users/ferna/Downloads/appforge-main/swarm/node_modules/thread-stream/test/transpiled.test.js
ΓÄ»ΓÄ»ΓÄ»ΓÄ»ΓÄ»ΓÄ»ΓÄ»ΓÄ»ΓÄ»ΓÄ»ΓÄ»ΓÄ»ΓÄ»ΓÄ»ΓÄ»ΓÄ»ΓÄ»ΓÄ»ΓÄ»ΓÄ»[121/411]ΓÄ»

 FAIL  swarm/node_modules/thread-stream/test/ts-native.test.mjs [ swarm/node_modules/thread-stream/test/ts-native.test.mjs ]
Error: Cannot find package 'desm' imported from C:\Users\ferna\Downloads\appforge-main\swarm\node_modules\thread-stream\test\ts-native.test.mjs
ΓÄ»ΓÄ»ΓÄ»ΓÄ»ΓÄ»ΓÄ»ΓÄ»ΓÄ»ΓÄ»ΓÄ»ΓÄ»ΓÄ»ΓÄ»ΓÄ»ΓÄ»ΓÄ»ΓÄ»ΓÄ»ΓÄ»ΓÄ»[122/411]ΓÄ»

 FAIL  swarm/node_modules/thread-stream/test/ts-node-fallback.test.js [ swarm/node_modules/thread-stream/test/ts-node-fallback.test.js ]
Error: No test suite found in file C:/Users/ferna/Downloads/appforge-main/swarm/node_modules/thread-stream/test/ts-node-fallback.test.js
ΓÄ»ΓÄ»ΓÄ»ΓÄ»ΓÄ»ΓÄ»ΓÄ»ΓÄ»ΓÄ»ΓÄ»ΓÄ»ΓÄ»ΓÄ»ΓÄ»ΓÄ»ΓÄ»ΓÄ»ΓÄ»ΓÄ»ΓÄ»[123/411]ΓÄ»

 FAIL  swarm/node_modules/universal-github-app-jwt/test/deno.test.js [ swarm/node_modules/universal-github-app-jwt/test/deno.test.js ]
Error: Cannot find module 'C:\Users\ferna\Downloads\appforge-main\swarm\node_modules\universal-github-app-jwt\dist\default.js' imported from C:\Users\ferna\Downloads\appforge-main\swarm\node_modules\universal-github-app-jwt\test\deno.test.js
ΓÄ»ΓÄ»ΓÄ»ΓÄ»ΓÄ»ΓÄ»ΓÄ»ΓÄ»ΓÄ»ΓÄ»ΓÄ»ΓÄ»ΓÄ»ΓÄ»ΓÄ»ΓÄ»ΓÄ»ΓÄ»ΓÄ»ΓÄ»[124/411]ΓÄ»

 FAIL  swarm/node_modules/universal-github-app-jwt/test/node.test.js [ swarm/node_modules/universal-github-app-jwt/test/node.test.js ]
Error: Cannot find package 'ava' imported from C:\Users\ferna\Downloads\appforge-main\swarm\node_modules\universal-github-app-jwt\test\node.test.js
ΓÄ»ΓÄ»ΓÄ»ΓÄ»ΓÄ»ΓÄ»ΓÄ»ΓÄ»ΓÄ»ΓÄ»ΓÄ»ΓÄ»ΓÄ»ΓÄ»ΓÄ»ΓÄ»ΓÄ»ΓÄ»ΓÄ»ΓÄ»[125/411]ΓÄ»

 FAIL  swarm/node_modules/@pinojs/redact/test/actual-redact-comparison.test.js [ swarm/node_modules/@pinojs/redact/test/actual-redact-comparison.test.js ]
Error: Cannot find module 'fast-redact'
Require stack:
- C:\Users\ferna\Downloads\appforge-main\swarm\node_modules\@pinojs\redact\test\actual-redact-comparison.test.js
 Γ¥» Object.<anonymous> swarm/node_modules/@pinojs/redact/test/actual-redact-comparison.test.js:9:20

ΓÄ»ΓÄ»ΓÄ»ΓÄ»ΓÄ»ΓÄ»ΓÄ»ΓÄ»ΓÄ»ΓÄ»ΓÄ»ΓÄ»ΓÄ»ΓÄ»ΓÄ»ΓÄ»ΓÄ»ΓÄ»ΓÄ»ΓÄ»[126/411]ΓÄ»

 FAIL  swarm/node_modules/@pinojs/redact/test/index.test.js [ swarm/node_modules/@pinojs/redact/test/index.test.js ]
Error: No test suite found in file C:/Users/ferna/Downloads/appforge-main/swarm/node_modules/@pinojs/redact/test/index.test.js
ΓÄ»ΓÄ»ΓÄ»ΓÄ»ΓÄ»ΓÄ»ΓÄ»ΓÄ»ΓÄ»ΓÄ»ΓÄ»ΓÄ»ΓÄ»ΓÄ»ΓÄ»ΓÄ»ΓÄ»ΓÄ»ΓÄ»ΓÄ»[127/411]ΓÄ»

 FAIL  swarm/node_modules/@pinojs/redact/test/integration.test.js [ swarm/node_modules/@pinojs/redact/test/integration.test.js ]
Error: Cannot find module 'fast-redact'
Require stack:
- C:\Users\ferna\Downloads\appforge-main\swarm\node_modules\@pinojs\redact\test\integration.test.js
 Γ¥» Object.<anonymous> swarm/node_modules/@pinojs/redact/test/integration.test.js:4:20

ΓÄ»ΓÄ»ΓÄ»ΓÄ»ΓÄ»ΓÄ»ΓÄ»ΓÄ»ΓÄ»ΓÄ»ΓÄ»ΓÄ»ΓÄ»ΓÄ»ΓÄ»ΓÄ»ΓÄ»ΓÄ»ΓÄ»ΓÄ»[128/411]ΓÄ»

 FAIL  swarm/node_modules/@pinojs/redact/test/multiple-wildcards.test.js [ swarm/node_modules/@pinojs/redact/test/multiple-wildcards.test.js ]
Error: No test suite found in file C:/Users/ferna/Downloads/appforge-main/swarm/node_modules/@pinojs/redact/test/multiple-wildcards.test.js
ΓÄ»ΓÄ»ΓÄ»ΓÄ»ΓÄ»ΓÄ»ΓÄ»ΓÄ»ΓÄ»ΓÄ»ΓÄ»ΓÄ»ΓÄ»ΓÄ»ΓÄ»ΓÄ»ΓÄ»ΓÄ»ΓÄ»ΓÄ»[129/411]ΓÄ»

 FAIL  swarm/node_modules/@pinojs/redact/test/prototype-pollution.test.js [ swarm/node_modules/@pinojs/redact/test/prototype-pollution.test.js ]
Error: No test suite found in file C:/Users/ferna/Downloads/appforge-main/swarm/node_modules/@pinojs/redact/test/prototype-pollution.test.js
ΓÄ»ΓÄ»ΓÄ»ΓÄ»ΓÄ»ΓÄ»ΓÄ»ΓÄ»ΓÄ»ΓÄ»ΓÄ»ΓÄ»ΓÄ»ΓÄ»ΓÄ»ΓÄ»ΓÄ»ΓÄ»ΓÄ»ΓÄ»[130/411]ΓÄ»

 FAIL  swarm/node_modules/@pinojs/redact/test/selective-clone.test.js [ swarm/node_modules/@pinojs/redact/test/selective-clone.test.js ]
Error: No test suite found in file C:/Users/ferna/Downloads/appforge-main/swarm/node_modules/@pinojs/redact/test/selective-clone.test.js
ΓÄ»ΓÄ»ΓÄ»ΓÄ»ΓÄ»ΓÄ»ΓÄ»ΓÄ»ΓÄ»ΓÄ»ΓÄ»ΓÄ»ΓÄ»ΓÄ»ΓÄ»ΓÄ»ΓÄ»ΓÄ»ΓÄ»ΓÄ»[131/411]ΓÄ»

 FAIL  swarm/node_modules/pino/test/esm/index.test.js [ swarm/node_modules/pino/test/esm/index.test.js ]
Error: No test suite found in file C:/Users/ferna/Downloads/appforge-main/swarm/node_modules/pino/test/esm/index.test.js
ΓÄ»ΓÄ»ΓÄ»ΓÄ»ΓÄ»ΓÄ»ΓÄ»ΓÄ»ΓÄ»ΓÄ»ΓÄ»ΓÄ»ΓÄ»ΓÄ»ΓÄ»ΓÄ»ΓÄ»ΓÄ»ΓÄ»ΓÄ»[132/411]ΓÄ»

 FAIL  swarm/node_modules/pino/test/internals/version.test.js [ swarm/node_modules/pino/test/internals/version.test.js ]
Error: No test suite found in file C:/Users/ferna/Downloads/appforge-main/swarm/node_modules/pino/test/internals/version.test.js
ΓÄ»ΓÄ»ΓÄ»ΓÄ»ΓÄ»ΓÄ»ΓÄ»ΓÄ»ΓÄ»ΓÄ»ΓÄ»ΓÄ»ΓÄ»ΓÄ»ΓÄ»ΓÄ»ΓÄ»ΓÄ»ΓÄ»ΓÄ»[133/411]ΓÄ»

 FAIL  swarm/node_modules/pino/test/transport/big.test.js [ swarm/node_modules/pino/test/transport/big.test.js ]
Error: Cannot find module 'flush-write-stream'
Require stack:
- C:\Users\ferna\Downloads\appforge-main\swarm\node_modules\pino\test\helper.js
- C:\Users\ferna\Downloads\appforge-main\swarm\node_modules\pino\test\transport\big.test.js
 Γ¥» Object.<anonymous> swarm/node_modules/pino/test/helper.js:7:16

ΓÄ»ΓÄ»ΓÄ»ΓÄ»ΓÄ»ΓÄ»ΓÄ»ΓÄ»ΓÄ»ΓÄ»ΓÄ»ΓÄ»ΓÄ»ΓÄ»ΓÄ»ΓÄ»ΓÄ»ΓÄ»ΓÄ»ΓÄ»[134/411]ΓÄ»

 FAIL  swarm/node_modules/pino/test/transport/bundlers-support.test.js [ swarm/node_modules/pino/test/transport/bundlers-support.test.js ]
Error: Cannot find module 'flush-write-stream'
Require stack:
- C:\Users\ferna\Downloads\appforge-main\swarm\node_modules\pino\test\helper.js
- C:\Users\ferna\Downloads\appforge-main\swarm\node_modules\pino\test\transport\bundlers-support.test.js
 Γ¥» Object.<anonymous> swarm/node_modules/pino/test/helper.js:7:16

ΓÄ»ΓÄ»ΓÄ»ΓÄ»ΓÄ»ΓÄ»ΓÄ»ΓÄ»ΓÄ»ΓÄ»ΓÄ»ΓÄ»ΓÄ»ΓÄ»ΓÄ»ΓÄ»ΓÄ»ΓÄ»ΓÄ»ΓÄ»[135/411]ΓÄ»

 FAIL  swarm/node_modules/pino/test/transport/caller.test.js [ swarm/node_modules/pino/test/transport/caller.test.js ]
Error: No test suite found in file C:/Users/ferna/Downloads/appforge-main/swarm/node_modules/pino/test/transport/caller.test.js
ΓÄ»ΓÄ»ΓÄ»ΓÄ»ΓÄ»ΓÄ»ΓÄ»ΓÄ»ΓÄ»ΓÄ»ΓÄ»ΓÄ»ΓÄ»ΓÄ»ΓÄ»ΓÄ»ΓÄ»ΓÄ»ΓÄ»ΓÄ»[136/411]ΓÄ»

 FAIL  swarm/node_modules/pino/test/transport/core.test.js [ swarm/node_modules/pino/test/transport/core.test.js ]
Error: Cannot find module 'flush-write-stream'
Require stack:
- C:\Users\ferna\Downloads\appforge-main\swarm\node_modules\pino\test\transport\core.test.js
 Γ¥» Object.<anonymous> swarm/node_modules/pino/test/transport/core.test.js:13:16

ΓÄ»ΓÄ»ΓÄ»ΓÄ»ΓÄ»ΓÄ»ΓÄ»ΓÄ»ΓÄ»ΓÄ»ΓÄ»ΓÄ»ΓÄ»ΓÄ»ΓÄ»ΓÄ»ΓÄ»ΓÄ»ΓÄ»ΓÄ»[137/411]ΓÄ»

 FAIL  swarm/node_modules/pino/test/transport/core.transpiled.test.ts [ swarm/node_modules/pino/test/transport/core.transpiled.test.ts ]
 FAIL  swarm/node_modules/pino/test/transport/native-type-stripping.test.mjs [ swarm/node_modules/pino/test/transport/native-type-stripping.test.mjs ]
Error: Cannot find module 'flush-write-stream'
Require stack:
- C:\Users\ferna\Downloads\appforge-main\swarm\node_modules\pino\test\helper.js
 Γ¥» Object.<anonymous> swarm/node_modules/pino/test/helper.js:7:16

ΓÄ»ΓÄ»ΓÄ»ΓÄ»ΓÄ»ΓÄ»ΓÄ»ΓÄ»ΓÄ»ΓÄ»ΓÄ»ΓÄ»ΓÄ»ΓÄ»ΓÄ»ΓÄ»ΓÄ»ΓÄ»ΓÄ»ΓÄ»[138/411]ΓÄ»

 FAIL  swarm/node_modules/pino/test/transport/crash.test.js [ swarm/node_modules/pino/test/transport/crash.test.js ]
Error: No test suite found in file C:/Users/ferna/Downloads/appforge-main/swarm/node_modules/pino/test/transport/crash.test.js
ΓÄ»ΓÄ»ΓÄ»ΓÄ»ΓÄ»ΓÄ»ΓÄ»ΓÄ»ΓÄ»ΓÄ»ΓÄ»ΓÄ»ΓÄ»ΓÄ»ΓÄ»ΓÄ»ΓÄ»ΓÄ»ΓÄ»ΓÄ»[139/411]ΓÄ»

 FAIL  swarm/node_modules/pino/test/transport/module-link.test.js [ swarm/node_modules/pino/test/transport/module-link.test.js ]
Error: Cannot find module 'flush-write-stream'
Require stack:
- C:\Users\ferna\Downloads\appforge-main\swarm\node_modules\pino\test\helper.js
- C:\Users\ferna\Downloads\appforge-main\swarm\node_modules\pino\test\transport\module-link.test.js
 Γ¥» Object.<anonymous> swarm/node_modules/pino/test/helper.js:7:16

ΓÄ»ΓÄ»ΓÄ»ΓÄ»ΓÄ»ΓÄ»ΓÄ»ΓÄ»ΓÄ»ΓÄ»ΓÄ»ΓÄ»ΓÄ»ΓÄ»ΓÄ»ΓÄ»ΓÄ»ΓÄ»ΓÄ»ΓÄ»[140/411]ΓÄ»

 FAIL  swarm/node_modules/pino/test/transport/node-options.test.js [ swarm/node_modules/pino/test/transport/node-options.test.js ]
Error: Cannot find module 'proxyquire'
Require stack:
- C:\Users\ferna\Downloads\appforge-main\swarm\node_modules\pino\test\transport\node-options.test.js
 Γ¥» Object.<anonymous> swarm/node_modules/pino/test/transport/node-options.test.js:8:20

ΓÄ»ΓÄ»ΓÄ»ΓÄ»ΓÄ»ΓÄ»ΓÄ»ΓÄ»ΓÄ»ΓÄ»ΓÄ»ΓÄ»ΓÄ»ΓÄ»ΓÄ»ΓÄ»ΓÄ»ΓÄ»ΓÄ»ΓÄ»[141/411]ΓÄ»

 FAIL  swarm/node_modules/pino/test/transport/pipeline.test.js [ swarm/node_modules/pino/test/transport/pipeline.test.js ]
Error: Cannot find module 'flush-write-stream'
Require stack:
- C:\Users\ferna\Downloads\appforge-main\swarm\node_modules\pino\test\helper.js
- C:\Users\ferna\Downloads\appforge-main\swarm\node_modules\pino\test\transport\pipeline.test.js
 Γ¥» Object.<anonymous> swarm/node_modules/pino/test/helper.js:7:16

ΓÄ»ΓÄ»ΓÄ»ΓÄ»ΓÄ»ΓÄ»ΓÄ»ΓÄ»ΓÄ»ΓÄ»ΓÄ»ΓÄ»ΓÄ»ΓÄ»ΓÄ»ΓÄ»ΓÄ»ΓÄ»ΓÄ»ΓÄ»[142/411]ΓÄ»

 FAIL  swarm/node_modules/pino/test/transport/preload.test.js [ swarm/node_modules/pino/test/transport/preload.test.js ]
Error: Cannot find module 'flush-write-stream'
Require stack:
- C:\Users\ferna\Downloads\appforge-main\swarm\node_modules\pino\test\helper.js
- C:\Users\ferna\Downloads\appforge-main\swarm\node_modules\pino\test\transport\preload.test.js
 Γ¥» Object.<anonymous> swarm/node_modules/pino/test/helper.js:7:16

ΓÄ»ΓÄ»ΓÄ»ΓÄ»ΓÄ»ΓÄ»ΓÄ»ΓÄ»ΓÄ»ΓÄ»ΓÄ»ΓÄ»ΓÄ»ΓÄ»ΓÄ»ΓÄ»ΓÄ»ΓÄ»ΓÄ»ΓÄ»[143/411]ΓÄ»

 FAIL  swarm/node_modules/pino/test/transport/repl.test.js [ swarm/node_modules/pino/test/transport/repl.test.js ]
Error: Cannot find module 'proxyquire'
Require stack:
- C:\Users\ferna\Downloads\appforge-main\swarm\node_modules\pino\test\transport\repl.test.js
 Γ¥» Object.<anonymous> swarm/node_modules/pino/test/transport/repl.test.js:5:20

ΓÄ»ΓÄ»ΓÄ»ΓÄ»ΓÄ»ΓÄ»ΓÄ»ΓÄ»ΓÄ»ΓÄ»ΓÄ»ΓÄ»ΓÄ»ΓÄ»ΓÄ»ΓÄ»ΓÄ»ΓÄ»ΓÄ»ΓÄ»[144/411]ΓÄ»

 FAIL  swarm/node_modules/pino/test/transport/sync-false.test.js [ swarm/node_modules/pino/test/transport/sync-false.test.js ]
Error: Cannot find module 'flush-write-stream'
Require stack:
- C:\Users\ferna\Downloads\appforge-main\swarm\node_modules\pino\test\helper.js
- C:\Users\ferna\Downloads\appforge-main\swarm\node_modules\pino\test\transport\sync-false.test.js
 Γ¥» Object.<anonymous> swarm/node_modules/pino/test/helper.js:7:16

ΓÄ»ΓÄ»ΓÄ»ΓÄ»ΓÄ»ΓÄ»ΓÄ»ΓÄ»ΓÄ»ΓÄ»ΓÄ»ΓÄ»ΓÄ»ΓÄ»ΓÄ»ΓÄ»ΓÄ»ΓÄ»ΓÄ»ΓÄ»[145/411]ΓÄ»

 FAIL  swarm/node_modules/pino/test/transport/sync-true.test.js [ swarm/node_modules/pino/test/transport/sync-true.test.js ]
Error: Cannot find module 'flush-write-stream'
Require stack:
- C:\Users\ferna\Downloads\appforge-main\swarm\node_modules\pino\test\helper.js
- C:\Users\ferna\Downloads\appforge-main\swarm\node_modules\pino\test\transport\sync-true.test.js
 Γ¥» Object.<anonymous> swarm/node_modules/pino/test/helper.js:7:16

ΓÄ»ΓÄ»ΓÄ»ΓÄ»ΓÄ»ΓÄ»ΓÄ»ΓÄ»ΓÄ»ΓÄ»ΓÄ»ΓÄ»ΓÄ»ΓÄ»ΓÄ»ΓÄ»ΓÄ»ΓÄ»ΓÄ»ΓÄ»[146/411]ΓÄ»

 FAIL  swarm/node_modules/pino/test/transport/targets.test.js [ swarm/node_modules/pino/test/transport/targets.test.js ]
Error: Cannot find module 'proxyquire'
Require stack:
- C:\Users\ferna\Downloads\appforge-main\swarm\node_modules\pino\test\transport\targets.test.js
 Γ¥» Object.<anonymous> swarm/node_modules/pino/test/transport/targets.test.js:6:20

ΓÄ»ΓÄ»ΓÄ»ΓÄ»ΓÄ»ΓÄ»ΓÄ»ΓÄ»ΓÄ»ΓÄ»ΓÄ»ΓÄ»ΓÄ»ΓÄ»ΓÄ»ΓÄ»ΓÄ»ΓÄ»ΓÄ»ΓÄ»[147/411]ΓÄ»

 FAIL  swarm/node_modules/pino/test/transport/uses-pino-config.test.js [ swarm/node_modules/pino/test/transport/uses-pino-config.test.js ]
Error: Cannot find module 'flush-write-stream'
Require stack:
- C:\Users\ferna\Downloads\appforge-main\swarm\node_modules\pino\test\transport\uses-pino-config.test.js
 Γ¥» Object.<anonymous> swarm/node_modules/pino/test/transport/uses-pino-config.test.js:8:21

ΓÄ»ΓÄ»ΓÄ»ΓÄ»ΓÄ»ΓÄ»ΓÄ»ΓÄ»ΓÄ»ΓÄ»ΓÄ»ΓÄ»ΓÄ»ΓÄ»ΓÄ»ΓÄ»ΓÄ»ΓÄ»ΓÄ»ΓÄ»[148/411]ΓÄ»

 FAIL  swarm/node_modules/thread-stream/test/pkg/pkg.test.js [ swarm/node_modules/thread-stream/test/pkg/pkg.test.js ]
Error: No test suite found in file C:/Users/ferna/Downloads/appforge-main/swarm/node_modules/thread-stream/test/pkg/pkg.test.js
ΓÄ»ΓÄ»ΓÄ»ΓÄ»ΓÄ»ΓÄ»ΓÄ»ΓÄ»ΓÄ»ΓÄ»ΓÄ»ΓÄ»ΓÄ»ΓÄ»ΓÄ»ΓÄ»ΓÄ»ΓÄ»ΓÄ»ΓÄ»[149/411]ΓÄ»

 FAIL  swarm/node_modules/@kwsites/file-exists/dist/test/exists.spec.js [ swarm/node_modules/@kwsites/file-exists/dist/test/exists.spec.js ]
ReferenceError: jest is not defined
 Γ¥» Object.<anonymous> swarm/node_modules/@kwsites/file-exists/dist/test/exists.spec.js:3:1

ΓÄ»ΓÄ»ΓÄ»ΓÄ»ΓÄ»ΓÄ»ΓÄ»ΓÄ»ΓÄ»ΓÄ»ΓÄ»ΓÄ»ΓÄ»ΓÄ»ΓÄ»ΓÄ»ΓÄ»ΓÄ»ΓÄ»ΓÄ»[150/411]ΓÄ»

 FAIL  swarm/node_modules/openclaw/extensions/diagnostics-otel/src/service.test.ts [ swarm/node_modules/openclaw/extensions/diagnostics-otel/src/service.test.ts ]
Error: Failed to resolve import "@opentelemetry/api" from "swarm/node_modules/openclaw/extensions/diagnostics-otel/src/service.ts". Does the file exist?
  Plugin: vite:import-analysis
  File: C:/Users/ferna/Downloads/appforge-main/swarm/node_modules/openclaw/extensions/diagnostics-otel/src/service.ts:3:47
  1  |  import { metrics, trace, SpanStatusCode } from "@opentelemetry/api";
     |                                                  ^
  2  |  import { OTLPLogExporter } from "@opentelemetry/exporter-logs-otlp-http";
  3  |  import { OTLPMetricExporter } from "@opentelemetry/exporter-metrics-otlp-http";
 Γ¥» TransformPluginContext._formatLog node_modules/vite/dist/node/chunks/dep-D4NMHUTW.js:42528:41
 Γ¥» TransformPluginContext.error node_modules/vite/dist/node/chunks/dep-D4NMHUTW.js:42525:16
 Γ¥» normalizeUrl node_modules/vite/dist/node/chunks/dep-D4NMHUTW.js:40504:23
 Γ¥» node_modules/vite/dist/node/chunks/dep-D4NMHUTW.js:40623:37
 Γ¥» TransformPluginContext.transform node_modules/vite/dist/node/chunks/dep-D4NMHUTW.js:40550:7
 Γ¥» EnvironmentPluginContainer.transform node_modules/vite/dist/node/chunks/dep-D4NMHUTW.js:42323:18
 Γ¥» loadAndTransform node_modules/vite/dist/node/chunks/dep-D4NMHUTW.js:35739:27

ΓÄ»ΓÄ»ΓÄ»ΓÄ»ΓÄ»ΓÄ»ΓÄ»ΓÄ»ΓÄ»ΓÄ»ΓÄ»ΓÄ»ΓÄ»ΓÄ»ΓÄ»ΓÄ»ΓÄ»ΓÄ»ΓÄ»ΓÄ»[151/411]ΓÄ»

 FAIL  swarm/node_modules/openclaw/extensions/matrix/src/channel.directory.test.ts [ swarm/node_modules/openclaw/extensions/matrix/src/channel.directory.test.ts ]
Error: Failed to resolve import "@vector-im/matrix-bot-sdk" from "swarm/node_modules/openclaw/extensions/matrix/src/matrix/client/config.ts". Does the file exist?
  Plugin: vite:import-analysis
  File: C:/Users/ferna/Downloads/appforge-main/swarm/node_modules/openclaw/extensions/matrix/src/matrix/client/config.ts:1:29
  1  |  import { MatrixClient } from "@vector-im/matrix-bot-sdk";
     |                                ^
  2  |  import { getMatrixRuntime } from "../../runtime.js";
  3  |  import { ensureMatrixSdkLoggingConfigured } from "./logging.js";
 Γ¥» TransformPluginContext._formatLog node_modules/vite/dist/node/chunks/dep-D4NMHUTW.js:42528:41
 Γ¥» TransformPluginContext.error node_modules/vite/dist/node/chunks/dep-D4NMHUTW.js:42525:16
 Γ¥» normalizeUrl node_modules/vite/dist/node/chunks/dep-D4NMHUTW.js:40504:23
 Γ¥» node_modules/vite/dist/node/chunks/dep-D4NMHUTW.js:40623:37
 Γ¥» TransformPluginContext.transform node_modules/vite/dist/node/chunks/dep-D4NMHUTW.js:40550:7
 Γ¥» EnvironmentPluginContainer.transform node_modules/vite/dist/node/chunks/dep-D4NMHUTW.js:42323:18
 Γ¥» loadAndTransform node_modules/vite/dist/node/chunks/dep-D4NMHUTW.js:35739:27

ΓÄ»ΓÄ»ΓÄ»ΓÄ»ΓÄ»ΓÄ»ΓÄ»ΓÄ»ΓÄ»ΓÄ»ΓÄ»ΓÄ»ΓÄ»ΓÄ»ΓÄ»ΓÄ»ΓÄ»ΓÄ»ΓÄ»ΓÄ»[152/411]ΓÄ»

 FAIL  swarm/node_modules/openclaw/extensions/llm-task/src/llm-task-tool.test.ts [ swarm/node_modules/openclaw/extensions/llm-task/src/llm-task-tool.test.ts ]
Error: Failed to resolve import "../../../src/agents/pi-embedded-runner.js" from "swarm/node_modules/openclaw/extensions/llm-task/src/llm-task-tool.test.ts". Does the file exist?
  Plugin: vite:import-analysis
  File: C:/Users/ferna/Downloads/appforge-main/swarm/node_modules/openclaw/extensions/llm-task/src/llm-task-tool.test.ts:12:0
  7  |    };
  8  |  });
  9  |  const __vi_import_0__ = await import("../../../src/agents/pi-embedded-runner.js");
     |                                       ^
  10 |  const __vi_import_1__ = await import("./llm-task-tool.js");
  11 |  import { describe, it, expect, vi, beforeEach } from "vitest";
 Γ¥» TransformPluginContext._formatLog node_modules/vite/dist/node/chunks/dep-D4NMHUTW.js:42528:41
 Γ¥» TransformPluginContext.error node_modules/vite/dist/node/chunks/dep-D4NMHUTW.js:42525:16
 Γ¥» normalizeUrl node_modules/vite/dist/node/chunks/dep-D4NMHUTW.js:40504:23
 Γ¥» node_modules/vite/dist/node/chunks/dep-D4NMHUTW.js:40623:37
 Γ¥» TransformPluginContext.transform node_modules/vite/dist/node/chunks/dep-D4NMHUTW.js:40550:7
 Γ¥» EnvironmentPluginContainer.transform node_modules/vite/dist/node/chunks/dep-D4NMHUTW.js:42323:18
 Γ¥» loadAndTransform node_modules/vite/dist/node/chunks/dep-D4NMHUTW.js:35739:27

ΓÄ»ΓÄ»ΓÄ»ΓÄ»ΓÄ»ΓÄ»ΓÄ»ΓÄ»ΓÄ»ΓÄ»ΓÄ»ΓÄ»ΓÄ»ΓÄ»ΓÄ»ΓÄ»ΓÄ»ΓÄ»ΓÄ»ΓÄ»[153/411]ΓÄ»

 FAIL  swarm/node_modules/openclaw/extensions/msteams/src/channel.directory.test.ts [ swarm/node_modules/openclaw/extensions/msteams/src/channel.directory.test.ts ]
Error: Failed to resolve import "@microsoft/agents-hosting" from "swarm/node_modules/openclaw/extensions/msteams/src/sdk.ts". Does the file exist?
  Plugin: vite:import-analysis
  File: C:/Users/ferna/Downloads/appforge-main/swarm/node_modules/openclaw/extensions/msteams/src/sdk.ts:8:22
  1  |  export async function loadMSTeamsSdk() {
  2  |    return await import("@microsoft/agents-hosting");
     |                        ^
  3  |  }
  4  |  export function buildMSTeamsAuthConfig(creds, sdk) {
 Γ¥» TransformPluginContext._formatLog node_modules/vite/dist/node/chunks/dep-D4NMHUTW.js:42528:41
 Γ¥» TransformPluginContext.error node_modules/vite/dist/node/chunks/dep-D4NMHUTW.js:42525:16
 Γ¥» normalizeUrl node_modules/vite/dist/node/chunks/dep-D4NMHUTW.js:40504:23
 Γ¥» node_modules/vite/dist/node/chunks/dep-D4NMHUTW.js:40623:37
 Γ¥» TransformPluginContext.transform node_modules/vite/dist/node/chunks/dep-D4NMHUTW.js:40550:7
 Γ¥» EnvironmentPluginContainer.transform node_modules/vite/dist/node/chunks/dep-D4NMHUTW.js:42323:18
 Γ¥» loadAndTransform node_modules/vite/dist/node/chunks/dep-D4NMHUTW.js:35739:27

ΓÄ»ΓÄ»ΓÄ»ΓÄ»ΓÄ»ΓÄ»ΓÄ»ΓÄ»ΓÄ»ΓÄ»ΓÄ»ΓÄ»ΓÄ»ΓÄ»ΓÄ»ΓÄ»ΓÄ»ΓÄ»ΓÄ»ΓÄ»[154/411]ΓÄ»

 FAIL  swarm/node_modules/openclaw/extensions/msteams/src/probe.test.ts [ swarm/node_modules/openclaw/extensions/msteams/src/probe.test.ts ]
Error: Failed to resolve import "@microsoft/agents-hosting" from "swarm/node_modules/openclaw/extensions/msteams/src/sdk.ts". Does the file exist?
  Plugin: vite:import-analysis
  File: C:/Users/ferna/Downloads/appforge-main/swarm/node_modules/openclaw/extensions/msteams/src/sdk.ts:8:22
  1  |  export async function loadMSTeamsSdk() {
  2  |    return await import("@microsoft/agents-hosting");
     |                        ^
  3  |  }
  4  |  export function buildMSTeamsAuthConfig(creds, sdk) {
 Γ¥» TransformPluginContext._formatLog node_modules/vite/dist/node/chunks/dep-D4NMHUTW.js:42528:41
 Γ¥» TransformPluginContext.error node_modules/vite/dist/node/chunks/dep-D4NMHUTW.js:42525:16
 Γ¥» normalizeUrl node_modules/vite/dist/node/chunks/dep-D4NMHUTW.js:40504:23
 Γ¥» node_modules/vite/dist/node/chunks/dep-D4NMHUTW.js:40623:37
 Γ¥» TransformPluginContext.transform node_modules/vite/dist/node/chunks/dep-D4NMHUTW.js:40550:7
 Γ¥» EnvironmentPluginContainer.transform node_modules/vite/dist/node/chunks/dep-D4NMHUTW.js:42323:18
 Γ¥» loadAndTransform node_modules/vite/dist/node/chunks/dep-D4NMHUTW.js:35739:27
 Γ¥» fetchModule node_modules/vite/dist/node/chunks/dep-D4NMHUTW.js:46858:16

ΓÄ»ΓÄ»ΓÄ»ΓÄ»ΓÄ»ΓÄ»ΓÄ»ΓÄ»ΓÄ»ΓÄ»ΓÄ»ΓÄ»ΓÄ»ΓÄ»ΓÄ»ΓÄ»ΓÄ»ΓÄ»ΓÄ»ΓÄ»[155/411]ΓÄ»

 FAIL  swarm/node_modules/openclaw/extensions/nostr/src/channel.test.ts [ swarm/node_modules/openclaw/extensions/nostr/src/channel.test.ts ]
 FAIL  swarm/node_modules/openclaw/extensions/nostr/src/nostr-bus.test.ts [ swarm/node_modules/openclaw/extensions/nostr/src/nostr-bus.test.ts ]
 FAIL  swarm/node_modules/openclaw/extensions/nostr/src/types.test.ts [ swarm/node_modules/openclaw/extensions/nostr/src/types.test.ts ]
Error: Failed to resolve import "nostr-tools" from "swarm/node_modules/openclaw/extensions/nostr/src/nostr-bus.ts". Does the file exist?
  Plugin: vite:import-analysis
  File: C:/Users/ferna/Downloads/appforge-main/swarm/node_modules/openclaw/extensions/nostr/src/nostr-bus.ts:8:7
  5  |    verifyEvent,
  6  |    nip19
  7  |  } from "nostr-tools";
     |          ^
  8  |  import { decrypt, encrypt } from "nostr-tools/nip04";
  9  |  import {
 Γ¥» TransformPluginContext._formatLog node_modules/vite/dist/node/chunks/dep-D4NMHUTW.js:42528:41
 Γ¥» TransformPluginContext.error node_modules/vite/dist/node/chunks/dep-D4NMHUTW.js:42525:16
 Γ¥» normalizeUrl node_modules/vite/dist/node/chunks/dep-D4NMHUTW.js:40504:23
 Γ¥» node_modules/vite/dist/node/chunks/dep-D4NMHUTW.js:40623:37
 Γ¥» TransformPluginContext.transform node_modules/vite/dist/node/chunks/dep-D4NMHUTW.js:40550:7
 Γ¥» EnvironmentPluginContainer.transform node_modules/vite/dist/node/chunks/dep-D4NMHUTW.js:42323:18
 Γ¥» loadAndTransform node_modules/vite/dist/node/chunks/dep-D4NMHUTW.js:35739:27
 Γ¥» fetchModule node_modules/vite/dist/node/chunks/dep-D4NMHUTW.js:46858:16

ΓÄ»ΓÄ»ΓÄ»ΓÄ»ΓÄ»ΓÄ»ΓÄ»ΓÄ»ΓÄ»ΓÄ»ΓÄ»ΓÄ»ΓÄ»ΓÄ»ΓÄ»ΓÄ»ΓÄ»ΓÄ»ΓÄ»ΓÄ»[156/411]ΓÄ»

 FAIL  swarm/node_modules/openclaw/extensions/nostr/src/nostr-bus.fuzz.test.ts [ swarm/node_modules/openclaw/extensions/nostr/src/nostr-bus.fuzz.test.ts ]
Error: Failed to resolve import "nostr-tools" from "swarm/node_modules/openclaw/extensions/nostr/src/nostr-bus.ts". Does the file exist?
  Plugin: vite:import-analysis
  File: C:/Users/ferna/Downloads/appforge-main/swarm/node_modules/openclaw/extensions/nostr/src/nostr-bus.ts:8:7
  5  |    verifyEvent,
  6  |    nip19
  7  |  } from "nostr-tools";
     |          ^
  8  |  import { decrypt, encrypt } from "nostr-tools/nip04";
  9  |  import {
 Γ¥» TransformPluginContext._formatLog node_modules/vite/dist/node/chunks/dep-D4NMHUTW.js:42528:41
 Γ¥» TransformPluginContext.error node_modules/vite/dist/node/chunks/dep-D4NMHUTW.js:42525:16
 Γ¥» normalizeUrl node_modules/vite/dist/node/chunks/dep-D4NMHUTW.js:40504:23
 Γ¥» node_modules/vite/dist/node/chunks/dep-D4NMHUTW.js:40623:37
 Γ¥» TransformPluginContext.transform node_modules/vite/dist/node/chunks/dep-D4NMHUTW.js:40550:7
 Γ¥» EnvironmentPluginContainer.transform node_modules/vite/dist/node/chunks/dep-D4NMHUTW.js:42323:18
 Γ¥» loadAndTransform node_modules/vite/dist/node/chunks/dep-D4NMHUTW.js:35739:27

ΓÄ»ΓÄ»ΓÄ»ΓÄ»ΓÄ»ΓÄ»ΓÄ»ΓÄ»ΓÄ»ΓÄ»ΓÄ»ΓÄ»ΓÄ»ΓÄ»ΓÄ»ΓÄ»ΓÄ»ΓÄ»ΓÄ»ΓÄ»[157/411]ΓÄ»

 FAIL  swarm/node_modules/openclaw/extensions/nostr/src/nostr-profile-http.test.ts [ swarm/node_modules/openclaw/extensions/nostr/src/nostr-profile-http.test.ts ]
Error: Failed to resolve import "nostr-tools" from "swarm/node_modules/openclaw/extensions/nostr/src/nostr-profile-import.ts". Does the file exist?
  Plugin: vite:import-analysis
  File: C:/Users/ferna/Downloads/appforge-main/swarm/node_modules/openclaw/extensions/nostr/src/nostr-profile-import.ts:8:52
  1  |  import { SimplePool, verifyEvent } from "nostr-tools";
     |                                           ^
  2  |  import { validateUrlSafety } from "./nostr-profile-http.js";
  3  |  import { contentToProfile } from "./nostr-profile.js";
 Γ¥» TransformPluginContext._formatLog node_modules/vite/dist/node/chunks/dep-D4NMHUTW.js:42528:41
 Γ¥» TransformPluginContext.error node_modules/vite/dist/node/chunks/dep-D4NMHUTW.js:42525:16
 Γ¥» normalizeUrl node_modules/vite/dist/node/chunks/dep-D4NMHUTW.js:40504:23
 Γ¥» node_modules/vite/dist/node/chunks/dep-D4NMHUTW.js:40623:37
 Γ¥» TransformPluginContext.transform node_modules/vite/dist/node/chunks/dep-D4NMHUTW.js:40550:7
 Γ¥» EnvironmentPluginContainer.transform node_modules/vite/dist/node/chunks/dep-D4NMHUTW.js:42323:18
 Γ¥» loadAndTransform node_modules/vite/dist/node/chunks/dep-D4NMHUTW.js:35739:27
 Γ¥» fetchModule node_modules/vite/dist/node/chunks/dep-D4NMHUTW.js:46858:16

ΓÄ»ΓÄ»ΓÄ»ΓÄ»ΓÄ»ΓÄ»ΓÄ»ΓÄ»ΓÄ»ΓÄ»ΓÄ»ΓÄ»ΓÄ»ΓÄ»ΓÄ»ΓÄ»ΓÄ»ΓÄ»ΓÄ»ΓÄ»[158/411]ΓÄ»

 FAIL  swarm/node_modules/openclaw/extensions/nostr/src/nostr-profile-import.test.ts [ swarm/node_modules/openclaw/extensions/nostr/src/nostr-profile-import.test.ts ]
Error: Failed to resolve import "nostr-tools" from "swarm/node_modules/openclaw/extensions/nostr/src/nostr-profile-import.ts". Does the file exist?
  Plugin: vite:import-analysis
  File: C:/Users/ferna/Downloads/appforge-main/swarm/node_modules/openclaw/extensions/nostr/src/nostr-profile-import.ts:8:52
  1  |  import { SimplePool, verifyEvent } from "nostr-tools";
     |                                           ^
  2  |  import { validateUrlSafety } from "./nostr-profile-http.js";
  3  |  import { contentToProfile } from "./nostr-profile.js";
 Γ¥» TransformPluginContext._formatLog node_modules/vite/dist/node/chunks/dep-D4NMHUTW.js:42528:41
 Γ¥» TransformPluginContext.error node_modules/vite/dist/node/chunks/dep-D4NMHUTW.js:42525:16
 Γ¥» normalizeUrl node_modules/vite/dist/node/chunks/dep-D4NMHUTW.js:40504:23
 Γ¥» node_modules/vite/dist/node/chunks/dep-D4NMHUTW.js:40623:37
 Γ¥» TransformPluginContext.transform node_modules/vite/dist/node/chunks/dep-D4NMHUTW.js:40550:7
 Γ¥» EnvironmentPluginContainer.transform node_modules/vite/dist/node/chunks/dep-D4NMHUTW.js:42323:18
 Γ¥» loadAndTransform node_modules/vite/dist/node/chunks/dep-D4NMHUTW.js:35739:27

ΓÄ»ΓÄ»ΓÄ»ΓÄ»ΓÄ»ΓÄ»ΓÄ»ΓÄ»ΓÄ»ΓÄ»ΓÄ»ΓÄ»ΓÄ»ΓÄ»ΓÄ»ΓÄ»ΓÄ»ΓÄ»ΓÄ»ΓÄ»[159/411]ΓÄ»

 FAIL  swarm/node_modules/openclaw/extensions/nostr/src/nostr-profile.fuzz.test.ts [ swarm/node_modules/openclaw/extensions/nostr/src/nostr-profile.fuzz.test.ts ]
Error: Failed to resolve import "nostr-tools" from "swarm/node_modules/openclaw/extensions/nostr/src/nostr-profile.ts". Does the file exist?
  Plugin: vite:import-analysis
  File: C:/Users/ferna/Downloads/appforge-main/swarm/node_modules/openclaw/extensions/nostr/src/nostr-profile.ts:8:54
  1  |  import { finalizeEvent } from "nostr-tools";
     |                                 ^
  2  |  import { NostrProfileSchema } from "./config-schema.js";
  3  |  export function profileToContent(profile) {
 Γ¥» TransformPluginContext._formatLog node_modules/vite/dist/node/chunks/dep-D4NMHUTW.js:42528:41
 Γ¥» TransformPluginContext.error node_modules/vite/dist/node/chunks/dep-D4NMHUTW.js:42525:16
 Γ¥» normalizeUrl node_modules/vite/dist/node/chunks/dep-D4NMHUTW.js:40504:23
 Γ¥» node_modules/vite/dist/node/chunks/dep-D4NMHUTW.js:40623:37
 Γ¥» TransformPluginContext.transform node_modules/vite/dist/node/chunks/dep-D4NMHUTW.js:40550:7
 Γ¥» EnvironmentPluginContainer.transform node_modules/vite/dist/node/chunks/dep-D4NMHUTW.js:42323:18
 Γ¥» loadAndTransform node_modules/vite/dist/node/chunks/dep-D4NMHUTW.js:35739:27

ΓÄ»ΓÄ»ΓÄ»ΓÄ»ΓÄ»ΓÄ»ΓÄ»ΓÄ»ΓÄ»ΓÄ»ΓÄ»ΓÄ»ΓÄ»ΓÄ»ΓÄ»ΓÄ»ΓÄ»ΓÄ»ΓÄ»ΓÄ»[160/411]ΓÄ»

 FAIL  swarm/node_modules/openclaw/extensions/nostr/src/nostr-profile.test.ts [ swarm/node_modules/openclaw/extensions/nostr/src/nostr-profile.test.ts ]
Error: Failed to resolve import "nostr-tools" from "swarm/node_modules/openclaw/extensions/nostr/src/nostr-profile.test.ts". Does the file exist?
  Plugin: vite:import-analysis
  File: C:/Users/ferna/Downloads/appforge-main/swarm/node_modules/openclaw/extensions/nostr/src/nostr-profile.test.ts:1:42
  1  |  import { verifyEvent, getPublicKey } from "nostr-tools";
     |                                             ^
  2  |  import { describe, expect, it, vi, beforeEach } from "vitest";
  3  |  import {
 Γ¥» TransformPluginContext._formatLog node_modules/vite/dist/node/chunks/dep-D4NMHUTW.js:42528:41
 Γ¥» TransformPluginContext.error node_modules/vite/dist/node/chunks/dep-D4NMHUTW.js:42525:16
 Γ¥» normalizeUrl node_modules/vite/dist/node/chunks/dep-D4NMHUTW.js:40504:23
 Γ¥» node_modules/vite/dist/node/chunks/dep-D4NMHUTW.js:40623:37
 Γ¥» TransformPluginContext.transform node_modules/vite/dist/node/chunks/dep-D4NMHUTW.js:40550:7
 Γ¥» EnvironmentPluginContainer.transform node_modules/vite/dist/node/chunks/dep-D4NMHUTW.js:42323:18
 Γ¥» loadAndTransform node_modules/vite/dist/node/chunks/dep-D4NMHUTW.js:35739:27

ΓÄ»ΓÄ»ΓÄ»ΓÄ»ΓÄ»ΓÄ»ΓÄ»ΓÄ»ΓÄ»ΓÄ»ΓÄ»ΓÄ»ΓÄ»ΓÄ»ΓÄ»ΓÄ»ΓÄ»ΓÄ»ΓÄ»ΓÄ»[161/411]ΓÄ»

 FAIL  swarm/node_modules/openclaw/extensions/twitch/src/plugin.test.ts [ swarm/node_modules/openclaw/extensions/twitch/src/plugin.test.ts ]
Error: Failed to resolve import "@twurple/auth" from "swarm/node_modules/openclaw/extensions/twitch/src/twitch-client.ts". Does the file exist?
  Plugin: vite:import-analysis
  File: C:/Users/ferna/Downloads/appforge-main/swarm/node_modules/openclaw/extensions/twitch/src/twitch-client.ts:2:59
  1  |  import { RefreshingAuthProvider, StaticAuthProvider } from "@twurple/auth";
     |                                                              ^
  2  |  import { ChatClient, LogLevel } from "@twurple/chat";
  3  |  import { resolveTwitchToken } from "./token.js";
 Γ¥» TransformPluginContext._formatLog node_modules/vite/dist/node/chunks/dep-D4NMHUTW.js:42528:41
 Γ¥» TransformPluginContext.error node_modules/vite/dist/node/chunks/dep-D4NMHUTW.js:42525:16
 Γ¥» normalizeUrl node_modules/vite/dist/node/chunks/dep-D4NMHUTW.js:40504:23
 Γ¥» node_modules/vite/dist/node/chunks/dep-D4NMHUTW.js:40623:37
 Γ¥» TransformPluginContext.transform node_modules/vite/dist/node/chunks/dep-D4NMHUTW.js:40550:7
 Γ¥» EnvironmentPluginContainer.transform node_modules/vite/dist/node/chunks/dep-D4NMHUTW.js:42323:18
 Γ¥» loadAndTransform node_modules/vite/dist/node/chunks/dep-D4NMHUTW.js:35739:27
 Γ¥» fetchModule node_modules/vite/dist/node/chunks/dep-D4NMHUTW.js:46858:16

ΓÄ»ΓÄ»ΓÄ»ΓÄ»ΓÄ»ΓÄ»ΓÄ»ΓÄ»ΓÄ»ΓÄ»ΓÄ»ΓÄ»ΓÄ»ΓÄ»ΓÄ»ΓÄ»ΓÄ»ΓÄ»ΓÄ»ΓÄ»[162/411]ΓÄ»

 FAIL  swarm/node_modules/openclaw/extensions/twitch/src/probe.test.ts [ swarm/node_modules/openclaw/extensions/twitch/src/probe.test.ts ]
Error: Failed to resolve import "@twurple/auth" from "swarm/node_modules/openclaw/extensions/twitch/src/probe.ts". Does the file exist?
  Plugin: vite:import-analysis
  File: C:/Users/ferna/Downloads/appforge-main/swarm/node_modules/openclaw/extensions/twitch/src/probe.ts:1:35
  1  |  import { StaticAuthProvider } from "@twurple/auth";
     |                                      ^
  2  |  import { ChatClient } from "@twurple/chat";
  3  |  import { normalizeToken } from "./utils/twitch.js";
 Γ¥» TransformPluginContext._formatLog node_modules/vite/dist/node/chunks/dep-D4NMHUTW.js:42528:41
 Γ¥» TransformPluginContext.error node_modules/vite/dist/node/chunks/dep-D4NMHUTW.js:42525:16
 Γ¥» normalizeUrl node_modules/vite/dist/node/chunks/dep-D4NMHUTW.js:40504:23
 Γ¥» node_modules/vite/dist/node/chunks/dep-D4NMHUTW.js:40623:37
 Γ¥» TransformPluginContext.transform node_modules/vite/dist/node/chunks/dep-D4NMHUTW.js:40550:7
 Γ¥» EnvironmentPluginContainer.transform node_modules/vite/dist/node/chunks/dep-D4NMHUTW.js:42323:18
 Γ¥» loadAndTransform node_modules/vite/dist/node/chunks/dep-D4NMHUTW.js:35739:27

ΓÄ»ΓÄ»ΓÄ»ΓÄ»ΓÄ»ΓÄ»ΓÄ»ΓÄ»ΓÄ»ΓÄ»ΓÄ»ΓÄ»ΓÄ»ΓÄ»ΓÄ»ΓÄ»ΓÄ»ΓÄ»ΓÄ»ΓÄ»[163/411]ΓÄ»

 FAIL  swarm/node_modules/openclaw/extensions/twitch/src/send.test.ts [ swarm/node_modules/openclaw/extensions/twitch/src/send.test.ts ]
 FAIL  swarm/node_modules/openclaw/extensions/twitch/src/token.test.ts [ swarm/node_modules/openclaw/extensions/twitch/src/token.test.ts ]
Error: Failed to resolve import "../../../src/routing/session-key.js" from "swarm/node_modules/openclaw/extensions/twitch/src/token.ts". Does the file exist?
  Plugin: vite:import-analysis
  File: C:/Users/ferna/Downloads/appforge-main/swarm/node_modules/openclaw/extensions/twitch/src/token.ts:13:55
  1  |  import { DEFAULT_ACCOUNT_ID, normalizeAccountId } from "../../../src/routing/session-key.js";
     |                                                          ^
  2  |  function normalizeTwitchToken(raw) {
  3  |    if (!raw) {
 Γ¥» TransformPluginContext._formatLog node_modules/vite/dist/node/chunks/dep-D4NMHUTW.js:42528:41
 Γ¥» TransformPluginContext.error node_modules/vite/dist/node/chunks/dep-D4NMHUTW.js:42525:16
 Γ¥» normalizeUrl node_modules/vite/dist/node/chunks/dep-D4NMHUTW.js:40504:23
 Γ¥» node_modules/vite/dist/node/chunks/dep-D4NMHUTW.js:40623:37
 Γ¥» TransformPluginContext.transform node_modules/vite/dist/node/chunks/dep-D4NMHUTW.js:40550:7
 Γ¥» EnvironmentPluginContainer.transform node_modules/vite/dist/node/chunks/dep-D4NMHUTW.js:42323:18
 Γ¥» loadAndTransform node_modules/vite/dist/node/chunks/dep-D4NMHUTW.js:35739:27

ΓÄ»ΓÄ»ΓÄ»ΓÄ»ΓÄ»ΓÄ»ΓÄ»ΓÄ»ΓÄ»ΓÄ»ΓÄ»ΓÄ»ΓÄ»ΓÄ»ΓÄ»ΓÄ»ΓÄ»ΓÄ»ΓÄ»ΓÄ»[164/411]ΓÄ»

 FAIL  swarm/node_modules/openclaw/extensions/twitch/src/status.test.ts [ swarm/node_modules/openclaw/extensions/twitch/src/status.test.ts ]
Error: Failed to resolve import "../../../src/routing/session-key.js" from "swarm/node_modules/openclaw/extensions/twitch/src/token.ts". Does the file exist?
  Plugin: vite:import-analysis
  File: C:/Users/ferna/Downloads/appforge-main/swarm/node_modules/openclaw/extensions/twitch/src/token.ts:13:55
  1  |  import { DEFAULT_ACCOUNT_ID, normalizeAccountId } from "../../../src/routing/session-key.js";
     |                                                          ^
  2  |  function normalizeTwitchToken(raw) {
  3  |    if (!raw) {
 Γ¥» TransformPluginContext._formatLog node_modules/vite/dist/node/chunks/dep-D4NMHUTW.js:42528:41
 Γ¥» TransformPluginContext.error node_modules/vite/dist/node/chunks/dep-D4NMHUTW.js:42525:16
 Γ¥» normalizeUrl node_modules/vite/dist/node/chunks/dep-D4NMHUTW.js:40504:23
 Γ¥» node_modules/vite/dist/node/chunks/dep-D4NMHUTW.js:40623:37
 Γ¥» TransformPluginContext.transform node_modules/vite/dist/node/chunks/dep-D4NMHUTW.js:40550:7
 Γ¥» EnvironmentPluginContainer.transform node_modules/vite/dist/node/chunks/dep-D4NMHUTW.js:42323:18
 Γ¥» loadAndTransform node_modules/vite/dist/node/chunks/dep-D4NMHUTW.js:35739:27
 Γ¥» fetchModule node_modules/vite/dist/node/chunks/dep-D4NMHUTW.js:46858:16

ΓÄ»ΓÄ»ΓÄ»ΓÄ»ΓÄ»ΓÄ»ΓÄ»ΓÄ»ΓÄ»ΓÄ»ΓÄ»ΓÄ»ΓÄ»ΓÄ»ΓÄ»ΓÄ»ΓÄ»ΓÄ»ΓÄ»ΓÄ»[165/411]ΓÄ»

 FAIL  swarm/node_modules/openclaw/extensions/twitch/src/twitch-client.test.ts [ swarm/node_modules/openclaw/extensions/twitch/src/twitch-client.test.ts ]
Error: Failed to resolve import "@twurple/auth" from "swarm/node_modules/openclaw/extensions/twitch/src/twitch-client.ts". Does the file exist?
  Plugin: vite:import-analysis
  File: C:/Users/ferna/Downloads/appforge-main/swarm/node_modules/openclaw/extensions/twitch/src/twitch-client.ts:2:59
  1  |  import { RefreshingAuthProvider, StaticAuthProvider } from "@twurple/auth";
     |                                                              ^
  2  |  import { ChatClient, LogLevel } from "@twurple/chat";
  3  |  import { resolveTwitchToken } from "./token.js";
 Γ¥» TransformPluginContext._formatLog node_modules/vite/dist/node/chunks/dep-D4NMHUTW.js:42528:41
 Γ¥» TransformPluginContext.error node_modules/vite/dist/node/chunks/dep-D4NMHUTW.js:42525:16
 Γ¥» normalizeUrl node_modules/vite/dist/node/chunks/dep-D4NMHUTW.js:40504:23
 Γ¥» node_modules/vite/dist/node/chunks/dep-D4NMHUTW.js:40623:37
 Γ¥» TransformPluginContext.transform node_modules/vite/dist/node/chunks/dep-D4NMHUTW.js:40550:7
 Γ¥» EnvironmentPluginContainer.transform node_modules/vite/dist/node/chunks/dep-D4NMHUTW.js:42323:18
 Γ¥» loadAndTransform node_modules/vite/dist/node/chunks/dep-D4NMHUTW.js:35739:27

ΓÄ»ΓÄ»ΓÄ»ΓÄ»ΓÄ»ΓÄ»ΓÄ»ΓÄ»ΓÄ»ΓÄ»ΓÄ»ΓÄ»ΓÄ»ΓÄ»ΓÄ»ΓÄ»ΓÄ»ΓÄ»ΓÄ»ΓÄ»[166/411]ΓÄ»

 FAIL  backend/node_modules/zod/src/v4/classic/tests/datetime.test.ts [ backend/node_modules/zod/src/v4/classic/tests/datetime.test.ts ]
Error: Failed to resolve import "recheck" from "backend/node_modules/zod/src/v4/classic/tests/datetime.test.ts". Does the file exist?
  Plugin: vite:import-analysis
  File: C:/Users/ferna/Downloads/appforge-main/backend/node_modules/zod/src/v4/classic/tests/datetime.test.ts:1:26
  1  |  import { checkSync } from "recheck";
     |                             ^
  2  |  import { expect, test } from "vitest";
  3  |  import * as z from "zod/v4";
 Γ¥» TransformPluginContext._formatLog node_modules/vite/dist/node/chunks/dep-D4NMHUTW.js:42528:41
 Γ¥» TransformPluginContext.error node_modules/vite/dist/node/chunks/dep-D4NMHUTW.js:42525:16
 Γ¥» normalizeUrl node_modules/vite/dist/node/chunks/dep-D4NMHUTW.js:40504:23
 Γ¥» node_modules/vite/dist/node/chunks/dep-D4NMHUTW.js:40623:37
 Γ¥» TransformPluginContext.transform node_modules/vite/dist/node/chunks/dep-D4NMHUTW.js:40550:7
 Γ¥» EnvironmentPluginContainer.transform node_modules/vite/dist/node/chunks/dep-D4NMHUTW.js:42323:18
 Γ¥» loadAndTransform node_modules/vite/dist/node/chunks/dep-D4NMHUTW.js:35739:27

ΓÄ»ΓÄ»ΓÄ»ΓÄ»ΓÄ»ΓÄ»ΓÄ»ΓÄ»ΓÄ»ΓÄ»ΓÄ»ΓÄ»ΓÄ»ΓÄ»ΓÄ»ΓÄ»ΓÄ»ΓÄ»ΓÄ»ΓÄ»[167/411]ΓÄ»

 FAIL  backend/node_modules/zod/src/v4/classic/tests/file.test.ts [ backend/node_modules/zod/src/v4/classic/tests/file.test.ts ]
Error: Failed to resolve import "@web-std/file" from "backend/node_modules/zod/src/v4/classic/tests/file.test.ts". Does the file exist?
  Plugin: vite:import-analysis
  File: C:/Users/ferna/Downloads/appforge-main/backend/node_modules/zod/src/v4/classic/tests/file.test.ts:2:32
  1  |  import { File as WebFile } from "@web-std/file";
     |                                   ^
  2  |  import { afterEach, beforeEach, expect, test } from "vitest";
  3  |  import * as z from "zod/v4";
 Γ¥» TransformPluginContext._formatLog node_modules/vite/dist/node/chunks/dep-D4NMHUTW.js:42528:41
 Γ¥» TransformPluginContext.error node_modules/vite/dist/node/chunks/dep-D4NMHUTW.js:42525:16
 Γ¥» normalizeUrl node_modules/vite/dist/node/chunks/dep-D4NMHUTW.js:40504:23
 Γ¥» node_modules/vite/dist/node/chunks/dep-D4NMHUTW.js:40623:37
 Γ¥» TransformPluginContext.transform node_modules/vite/dist/node/chunks/dep-D4NMHUTW.js:40550:7
 Γ¥» EnvironmentPluginContainer.transform node_modules/vite/dist/node/chunks/dep-D4NMHUTW.js:42323:18
 Γ¥» loadAndTransform node_modules/vite/dist/node/chunks/dep-D4NMHUTW.js:35739:27

ΓÄ»ΓÄ»ΓÄ»ΓÄ»ΓÄ»ΓÄ»ΓÄ»ΓÄ»ΓÄ»ΓÄ»ΓÄ»ΓÄ»ΓÄ»ΓÄ»ΓÄ»ΓÄ»ΓÄ»ΓÄ»ΓÄ»ΓÄ»[168/411]ΓÄ»

 FAIL  swarm/node_modules/@whiskeysockets/baileys/node_modules/pino/test/basic.test.js [ swarm/node_modules/@whiskeysockets/baileys/node_modules/pino/test/basic.test.js ]
Error: Cannot find module 'tap'
Require stack:
- C:\Users\ferna\Downloads\appforge-main\swarm\node_modules\@whiskeysockets\baileys\node_modules\pino\test\basic.test.js
 Γ¥» Object.<anonymous> swarm/node_modules/@whiskeysockets/baileys/node_modules/pino/test/basic.test.js:4:18

ΓÄ»ΓÄ»ΓÄ»ΓÄ»ΓÄ»ΓÄ»ΓÄ»ΓÄ»ΓÄ»ΓÄ»ΓÄ»ΓÄ»ΓÄ»ΓÄ»ΓÄ»ΓÄ»ΓÄ»ΓÄ»ΓÄ»ΓÄ»[169/411]ΓÄ»

 FAIL  swarm/node_modules/@whiskeysockets/baileys/node_modules/pino/test/broken-pipe.test.js [ swarm/node_modules/@whiskeysockets/baileys/node_modules/pino/test/broken-pipe.test.js ]
Error: Cannot find module 'tap'
Require stack:
- C:\Users\ferna\Downloads\appforge-main\swarm\node_modules\@whiskeysockets\baileys\node_modules\pino\test\broken-pipe.test.js
 Γ¥» Object.<anonymous> swarm/node_modules/@whiskeysockets/baileys/node_modules/pino/test/broken-pipe.test.js:3:11

ΓÄ»ΓÄ»ΓÄ»ΓÄ»ΓÄ»ΓÄ»ΓÄ»ΓÄ»ΓÄ»ΓÄ»ΓÄ»ΓÄ»ΓÄ»ΓÄ»ΓÄ»ΓÄ»ΓÄ»ΓÄ»ΓÄ»ΓÄ»[170/411]ΓÄ»

 FAIL  swarm/node_modules/@whiskeysockets/baileys/node_modules/pino/test/browser-child.test.js [ swarm/node_modules/@whiskeysockets/baileys/node_modules/pino/test/browser-child.test.js ]
Error: Cannot find module 'tape'
Require stack:
- C:\Users\ferna\Downloads\appforge-main\swarm\node_modules\@whiskeysockets\baileys\node_modules\pino\test\browser-child.test.js
 Γ¥» Object.<anonymous> swarm/node_modules/@whiskeysockets/baileys/node_modules/pino/test/browser-child.test.js:2:14

ΓÄ»ΓÄ»ΓÄ»ΓÄ»ΓÄ»ΓÄ»ΓÄ»ΓÄ»ΓÄ»ΓÄ»ΓÄ»ΓÄ»ΓÄ»ΓÄ»ΓÄ»ΓÄ»ΓÄ»ΓÄ»ΓÄ»ΓÄ»[171/411]ΓÄ»

 FAIL  swarm/node_modules/@whiskeysockets/baileys/node_modules/pino/test/browser-disabled.test.js [ swarm/node_modules/@whiskeysockets/baileys/node_modules/pino/test/browser-disabled.test.js ]
Error: Cannot find module 'tape'
Require stack:
- C:\Users\ferna\Downloads\appforge-main\swarm\node_modules\@whiskeysockets\baileys\node_modules\pino\test\browser-disabled.test.js
 Γ¥» Object.<anonymous> swarm/node_modules/@whiskeysockets/baileys/node_modules/pino/test/browser-disabled.test.js:2:14

ΓÄ»ΓÄ»ΓÄ»ΓÄ»ΓÄ»ΓÄ»ΓÄ»ΓÄ»ΓÄ»ΓÄ»ΓÄ»ΓÄ»ΓÄ»ΓÄ»ΓÄ»ΓÄ»ΓÄ»ΓÄ»ΓÄ»ΓÄ»[172/411]ΓÄ»

 FAIL  swarm/node_modules/@whiskeysockets/baileys/node_modules/pino/test/browser-early-console-freeze.test.js [ swarm/node_modules/@whiskeysockets/baileys/node_modules/pino/test/browser-early-console-freeze.test.js ]
Error: Cannot find module 'tape'
Require stack:
- C:\Users\ferna\Downloads\appforge-main\swarm\node_modules\@whiskeysockets\baileys\node_modules\pino\test\browser-early-console-freeze.test.js
 Γ¥» Object.<anonymous> swarm/node_modules/@whiskeysockets/baileys/node_modules/pino/test/browser-early-console-freeze.test.js:3:14

ΓÄ»ΓÄ»ΓÄ»ΓÄ»ΓÄ»ΓÄ»ΓÄ»ΓÄ»ΓÄ»ΓÄ»ΓÄ»ΓÄ»ΓÄ»ΓÄ»ΓÄ»ΓÄ»ΓÄ»ΓÄ»ΓÄ»ΓÄ»[173/411]ΓÄ»

 FAIL  swarm/node_modules/@whiskeysockets/baileys/node_modules/pino/test/browser-is-level-enabled.test.js [ swarm/node_modules/@whiskeysockets/baileys/node_modules/pino/test/browser-is-level-enabled.test.js ]
Error: Cannot find module 'tap'
Require stack:
- C:\Users\ferna\Downloads\appforge-main\swarm\node_modules\@whiskeysockets\baileys\node_modules\pino\test\browser-is-level-enabled.test.js
 Γ¥» Object.<anonymous> swarm/node_modules/@whiskeysockets/baileys/node_modules/pino/test/browser-is-level-enabled.test.js:3:18

ΓÄ»ΓÄ»ΓÄ»ΓÄ»ΓÄ»ΓÄ»ΓÄ»ΓÄ»ΓÄ»ΓÄ»ΓÄ»ΓÄ»ΓÄ»ΓÄ»ΓÄ»ΓÄ»ΓÄ»ΓÄ»ΓÄ»ΓÄ»[174/411]ΓÄ»

 FAIL  swarm/node_modules/@whiskeysockets/baileys/node_modules/pino/test/browser-levels.test.js [ swarm/node_modules/@whiskeysockets/baileys/node_modules/pino/test/browser-levels.test.js ]
Error: Cannot find module 'tape'
Require stack:
- C:\Users\ferna\Downloads\appforge-main\swarm\node_modules\@whiskeysockets\baileys\node_modules\pino\test\browser-levels.test.js
 Γ¥» Object.<anonymous> swarm/node_modules/@whiskeysockets/baileys/node_modules/pino/test/browser-levels.test.js:2:14

ΓÄ»ΓÄ»ΓÄ»ΓÄ»ΓÄ»ΓÄ»ΓÄ»ΓÄ»ΓÄ»ΓÄ»ΓÄ»ΓÄ»ΓÄ»ΓÄ»ΓÄ»ΓÄ»ΓÄ»ΓÄ»ΓÄ»ΓÄ»[175/411]ΓÄ»

 FAIL  swarm/node_modules/@whiskeysockets/baileys/node_modules/pino/test/browser-serializers.test.js [ swarm/node_modules/@whiskeysockets/baileys/node_modules/pino/test/browser-serializers.test.js ]
Error: Cannot find module 'tape'
Require stack:
- C:\Users\ferna\Downloads\appforge-main\swarm\node_modules\@whiskeysockets\baileys\node_modules\pino\test\browser-serializers.test.js
 Γ¥» Object.<anonymous> swarm/node_modules/@whiskeysockets/baileys/node_modules/pino/test/browser-serializers.test.js:5:14

ΓÄ»ΓÄ»ΓÄ»ΓÄ»ΓÄ»ΓÄ»ΓÄ»ΓÄ»ΓÄ»ΓÄ»ΓÄ»ΓÄ»ΓÄ»ΓÄ»ΓÄ»ΓÄ»ΓÄ»ΓÄ»ΓÄ»ΓÄ»[176/411]ΓÄ»

 FAIL  swarm/node_modules/@whiskeysockets/baileys/node_modules/pino/test/browser-timestamp.test.js [ swarm/node_modules/@whiskeysockets/baileys/node_modules/pino/test/browser-timestamp.test.js ]
Error: Cannot find module 'tape'
Require stack:
- C:\Users\ferna\Downloads\appforge-main\swarm\node_modules\@whiskeysockets\baileys\node_modules\pino\test\browser-timestamp.test.js
 Γ¥» Object.<anonymous> swarm/node_modules/@whiskeysockets/baileys/node_modules/pino/test/browser-timestamp.test.js:2:14

ΓÄ»ΓÄ»ΓÄ»ΓÄ»ΓÄ»ΓÄ»ΓÄ»ΓÄ»ΓÄ»ΓÄ»ΓÄ»ΓÄ»ΓÄ»ΓÄ»ΓÄ»ΓÄ»ΓÄ»ΓÄ»ΓÄ»ΓÄ»[177/411]ΓÄ»

 FAIL  swarm/node_modules/@whiskeysockets/baileys/node_modules/pino/test/browser-transmit.test.js [ swarm/node_modules/@whiskeysockets/baileys/node_modules/pino/test/browser-transmit.test.js ]
Error: Cannot find module 'tape'
Require stack:
- C:\Users\ferna\Downloads\appforge-main\swarm\node_modules\@whiskeysockets\baileys\node_modules\pino\test\browser-transmit.test.js
 Γ¥» Object.<anonymous> swarm/node_modules/@whiskeysockets/baileys/node_modules/pino/test/browser-transmit.test.js:2:14

ΓÄ»ΓÄ»ΓÄ»ΓÄ»ΓÄ»ΓÄ»ΓÄ»ΓÄ»ΓÄ»ΓÄ»ΓÄ»ΓÄ»ΓÄ»ΓÄ»ΓÄ»ΓÄ»ΓÄ»ΓÄ»ΓÄ»ΓÄ»[178/411]ΓÄ»

 FAIL  swarm/node_modules/@whiskeysockets/baileys/node_modules/pino/test/browser.test.js [ swarm/node_modules/@whiskeysockets/baileys/node_modules/pino/test/browser.test.js ]
Error: Cannot find module 'tape'
Require stack:
- C:\Users\ferna\Downloads\appforge-main\swarm\node_modules\@whiskeysockets\baileys\node_modules\pino\test\browser.test.js
 Γ¥» Object.<anonymous> swarm/node_modules/@whiskeysockets/baileys/node_modules/pino/test/browser.test.js:2:14

ΓÄ»ΓÄ»ΓÄ»ΓÄ»ΓÄ»ΓÄ»ΓÄ»ΓÄ»ΓÄ»ΓÄ»ΓÄ»ΓÄ»ΓÄ»ΓÄ»ΓÄ»ΓÄ»ΓÄ»ΓÄ»ΓÄ»ΓÄ»[179/411]ΓÄ»

 FAIL  swarm/node_modules/@whiskeysockets/baileys/node_modules/pino/test/complex-objects.test.js [ swarm/node_modules/@whiskeysockets/baileys/node_modules/pino/test/complex-objects.test.js ]
Error: Cannot find module 'tap'
Require stack:
- C:\Users\ferna\Downloads\appforge-main\swarm\node_modules\@whiskeysockets\baileys\node_modules\pino\test\complex-objects.test.js
 Γ¥» Object.<anonymous> swarm/node_modules/@whiskeysockets/baileys/node_modules/pino/test/complex-objects.test.js:3:18

ΓÄ»ΓÄ»ΓÄ»ΓÄ»ΓÄ»ΓÄ»ΓÄ»ΓÄ»ΓÄ»ΓÄ»ΓÄ»ΓÄ»ΓÄ»ΓÄ»ΓÄ»ΓÄ»ΓÄ»ΓÄ»ΓÄ»ΓÄ»[180/411]ΓÄ»

 FAIL  swarm/node_modules/@whiskeysockets/baileys/node_modules/pino/test/crlf.test.js [ swarm/node_modules/@whiskeysockets/baileys/node_modules/pino/test/crlf.test.js ]
Error: Cannot find module 'tap'
Require stack:
- C:\Users\ferna\Downloads\appforge-main\swarm\node_modules\@whiskeysockets\baileys\node_modules\pino\test\crlf.test.js
 Γ¥» Object.<anonymous> swarm/node_modules/@whiskeysockets/baileys/node_modules/pino/test/crlf.test.js:3:18

ΓÄ»ΓÄ»ΓÄ»ΓÄ»ΓÄ»ΓÄ»ΓÄ»ΓÄ»ΓÄ»ΓÄ»ΓÄ»ΓÄ»ΓÄ»ΓÄ»ΓÄ»ΓÄ»ΓÄ»ΓÄ»ΓÄ»ΓÄ»[181/411]ΓÄ»

 FAIL  swarm/node_modules/@whiskeysockets/baileys/node_modules/pino/test/custom-levels.test.js [ swarm/node_modules/@whiskeysockets/baileys/node_modules/pino/test/custom-levels.test.js ]
Error: Cannot find module 'tap'
Require stack:
- C:\Users\ferna\Downloads\appforge-main\swarm\node_modules\@whiskeysockets\baileys\node_modules\pino\test\custom-levels.test.js
 Γ¥» Object.<anonymous> swarm/node_modules/@whiskeysockets/baileys/node_modules/pino/test/custom-levels.test.js:5:18

ΓÄ»ΓÄ»ΓÄ»ΓÄ»ΓÄ»ΓÄ»ΓÄ»ΓÄ»ΓÄ»ΓÄ»ΓÄ»ΓÄ»ΓÄ»ΓÄ»ΓÄ»ΓÄ»ΓÄ»ΓÄ»ΓÄ»ΓÄ»[182/411]ΓÄ»

 FAIL  swarm/node_modules/@whiskeysockets/baileys/node_modules/pino/test/diagnostics.test.js [ swarm/node_modules/@whiskeysockets/baileys/node_modules/pino/test/diagnostics.test.js ]
Error: Cannot find module '@matteo.collina/tspl'
Require stack:
- C:\Users\ferna\Downloads\appforge-main\swarm\node_modules\@whiskeysockets\baileys\node_modules\pino\test\diagnostics.test.js
 Γ¥» Object.<anonymous> swarm/node_modules/@whiskeysockets/baileys/node_modules/pino/test/diagnostics.test.js:8:14

ΓÄ»ΓÄ»ΓÄ»ΓÄ»ΓÄ»ΓÄ»ΓÄ»ΓÄ»ΓÄ»ΓÄ»ΓÄ»ΓÄ»ΓÄ»ΓÄ»ΓÄ»ΓÄ»ΓÄ»ΓÄ»ΓÄ»ΓÄ»[183/411]ΓÄ»

 FAIL  swarm/node_modules/@whiskeysockets/baileys/node_modules/pino/test/error.test.js [ swarm/node_modules/@whiskeysockets/baileys/node_modules/pino/test/error.test.js ]
Error: Cannot find module 'tap'
Require stack:
- C:\Users\ferna\Downloads\appforge-main\swarm\node_modules\@whiskeysockets\baileys\node_modules\pino\test\error.test.js
 Γ¥» Object.<anonymous> swarm/node_modules/@whiskeysockets/baileys/node_modules/pino/test/error.test.js:6:18

ΓÄ»ΓÄ»ΓÄ»ΓÄ»ΓÄ»ΓÄ»ΓÄ»ΓÄ»ΓÄ»ΓÄ»ΓÄ»ΓÄ»ΓÄ»ΓÄ»ΓÄ»ΓÄ»ΓÄ»ΓÄ»ΓÄ»ΓÄ»[184/411]ΓÄ»

 FAIL  swarm/node_modules/@whiskeysockets/baileys/node_modules/pino/test/errorKey.test.js [ swarm/node_modules/@whiskeysockets/baileys/node_modules/pino/test/errorKey.test.js ]
Error: Cannot find module 'tap'
Require stack:
- C:\Users\ferna\Downloads\appforge-main\swarm\node_modules\@whiskeysockets\baileys\node_modules\pino\test\errorKey.test.js
 Γ¥» Object.<anonymous> swarm/node_modules/@whiskeysockets/baileys/node_modules/pino/test/errorKey.test.js:2:18

ΓÄ»ΓÄ»ΓÄ»ΓÄ»ΓÄ»ΓÄ»ΓÄ»ΓÄ»ΓÄ»ΓÄ»ΓÄ»ΓÄ»ΓÄ»ΓÄ»ΓÄ»ΓÄ»ΓÄ»ΓÄ»ΓÄ»ΓÄ»[185/411]ΓÄ»

 FAIL  swarm/node_modules/@whiskeysockets/baileys/node_modules/pino/test/escaping.test.js [ swarm/node_modules/@whiskeysockets/baileys/node_modules/pino/test/escaping.test.js ]
Error: Cannot find module 'tap'
Require stack:
- C:\Users\ferna\Downloads\appforge-main\swarm\node_modules\@whiskeysockets\baileys\node_modules\pino\test\escaping.test.js
 Γ¥» Object.<anonymous> swarm/node_modules/@whiskeysockets/baileys/node_modules/pino/test/escaping.test.js:4:18

ΓÄ»ΓÄ»ΓÄ»ΓÄ»ΓÄ»ΓÄ»ΓÄ»ΓÄ»ΓÄ»ΓÄ»ΓÄ»ΓÄ»ΓÄ»ΓÄ»ΓÄ»ΓÄ»ΓÄ»ΓÄ»ΓÄ»ΓÄ»[186/411]ΓÄ»

 FAIL  swarm/node_modules/@whiskeysockets/baileys/node_modules/pino/test/exit.test.js [ swarm/node_modules/@whiskeysockets/baileys/node_modules/pino/test/exit.test.js ]
Error: Cannot find module 'tap'
Require stack:
- C:\Users\ferna\Downloads\appforge-main\swarm\node_modules\@whiskeysockets\baileys\node_modules\pino\test\exit.test.js
 Γ¥» Object.<anonymous> swarm/node_modules/@whiskeysockets/baileys/node_modules/pino/test/exit.test.js:3:18

ΓÄ»ΓÄ»ΓÄ»ΓÄ»ΓÄ»ΓÄ»ΓÄ»ΓÄ»ΓÄ»ΓÄ»ΓÄ»ΓÄ»ΓÄ»ΓÄ»ΓÄ»ΓÄ»ΓÄ»ΓÄ»ΓÄ»ΓÄ»[187/411]ΓÄ»

 FAIL  swarm/node_modules/@whiskeysockets/baileys/node_modules/pino/test/formatters.test.js [ swarm/node_modules/@whiskeysockets/baileys/node_modules/pino/test/formatters.test.js ]
Error: Cannot find module 'tap'
Require stack:
- C:\Users\ferna\Downloads\appforge-main\swarm\node_modules\@whiskeysockets\baileys\node_modules\pino\test\formatters.test.js
 Γ¥» Object.<anonymous> swarm/node_modules/@whiskeysockets/baileys/node_modules/pino/test/formatters.test.js:7:18

ΓÄ»ΓÄ»ΓÄ»ΓÄ»ΓÄ»ΓÄ»ΓÄ»ΓÄ»ΓÄ»ΓÄ»ΓÄ»ΓÄ»ΓÄ»ΓÄ»ΓÄ»ΓÄ»ΓÄ»ΓÄ»ΓÄ»ΓÄ»[188/411]ΓÄ»

 FAIL  swarm/node_modules/@whiskeysockets/baileys/node_modules/pino/test/hooks.test.js [ swarm/node_modules/@whiskeysockets/baileys/node_modules/pino/test/hooks.test.js ]
Error: Cannot find module 'tap'
Require stack:
- C:\Users\ferna\Downloads\appforge-main\swarm\node_modules\@whiskeysockets\baileys\node_modules\pino\test\hooks.test.js
 Γ¥» Object.<anonymous> swarm/node_modules/@whiskeysockets/baileys/node_modules/pino/test/hooks.test.js:3:13

ΓÄ»ΓÄ»ΓÄ»ΓÄ»ΓÄ»ΓÄ»ΓÄ»ΓÄ»ΓÄ»ΓÄ»ΓÄ»ΓÄ»ΓÄ»ΓÄ»ΓÄ»ΓÄ»ΓÄ»ΓÄ»ΓÄ»ΓÄ»[189/411]ΓÄ»

 FAIL  swarm/node_modules/@whiskeysockets/baileys/node_modules/pino/test/http.test.js [ swarm/node_modules/@whiskeysockets/baileys/node_modules/pino/test/http.test.js ]
Error: Cannot find module 'tap'
Require stack:
- C:\Users\ferna\Downloads\appforge-main\swarm\node_modules\@whiskeysockets\baileys\node_modules\pino\test\http.test.js
 Γ¥» Object.<anonymous> swarm/node_modules/@whiskeysockets/baileys/node_modules/pino/test/http.test.js:6:24

ΓÄ»ΓÄ»ΓÄ»ΓÄ»ΓÄ»ΓÄ»ΓÄ»ΓÄ»ΓÄ»ΓÄ»ΓÄ»ΓÄ»ΓÄ»ΓÄ»ΓÄ»ΓÄ»ΓÄ»ΓÄ»ΓÄ»ΓÄ»[190/411]ΓÄ»

 FAIL  swarm/node_modules/@whiskeysockets/baileys/node_modules/pino/test/is-level-enabled.test.js [ swarm/node_modules/@whiskeysockets/baileys/node_modules/pino/test/is-level-enabled.test.js ]
Error: Cannot find module 'tap'
Require stack:
- C:\Users\ferna\Downloads\appforge-main\swarm\node_modules\@whiskeysockets\baileys\node_modules\pino\test\is-level-enabled.test.js
 Γ¥» Object.<anonymous> swarm/node_modules/@whiskeysockets/baileys/node_modules/pino/test/is-level-enabled.test.js:3:18

ΓÄ»ΓÄ»ΓÄ»ΓÄ»ΓÄ»ΓÄ»ΓÄ»ΓÄ»ΓÄ»ΓÄ»ΓÄ»ΓÄ»ΓÄ»ΓÄ»ΓÄ»ΓÄ»ΓÄ»ΓÄ»ΓÄ»ΓÄ»[191/411]ΓÄ»

 FAIL  swarm/node_modules/@whiskeysockets/baileys/node_modules/pino/test/levels.test.js [ swarm/node_modules/@whiskeysockets/baileys/node_modules/pino/test/levels.test.js ]
Error: Cannot find module 'tap'
Require stack:
- C:\Users\ferna\Downloads\appforge-main\swarm\node_modules\@whiskeysockets\baileys\node_modules\pino\test\levels.test.js
 Γ¥» Object.<anonymous> swarm/node_modules/@whiskeysockets/baileys/node_modules/pino/test/levels.test.js:3:18

ΓÄ»ΓÄ»ΓÄ»ΓÄ»ΓÄ»ΓÄ»ΓÄ»ΓÄ»ΓÄ»ΓÄ»ΓÄ»ΓÄ»ΓÄ»ΓÄ»ΓÄ»ΓÄ»ΓÄ»ΓÄ»ΓÄ»ΓÄ»[192/411]ΓÄ»

 FAIL  swarm/node_modules/@whiskeysockets/baileys/node_modules/pino/test/metadata.test.js [ swarm/node_modules/@whiskeysockets/baileys/node_modules/pino/test/metadata.test.js ]
Error: Cannot find module 'tap'
Require stack:
- C:\Users\ferna\Downloads\appforge-main\swarm\node_modules\@whiskeysockets\baileys\node_modules\pino\test\metadata.test.js
 Γ¥» Object.<anonymous> swarm/node_modules/@whiskeysockets/baileys/node_modules/pino/test/metadata.test.js:4:18

ΓÄ»ΓÄ»ΓÄ»ΓÄ»ΓÄ»ΓÄ»ΓÄ»ΓÄ»ΓÄ»ΓÄ»ΓÄ»ΓÄ»ΓÄ»ΓÄ»ΓÄ»ΓÄ»ΓÄ»ΓÄ»ΓÄ»ΓÄ»[193/411]ΓÄ»

 FAIL  swarm/node_modules/@whiskeysockets/baileys/node_modules/pino/test/mixin-merge-strategy.test.js [ swarm/node_modules/@whiskeysockets/baileys/node_modules/pino/test/mixin-merge-strategy.test.js ]
Error: Cannot find module 'tap'
Require stack:
- C:\Users\ferna\Downloads\appforge-main\swarm\node_modules\@whiskeysockets\baileys\node_modules\pino\test\mixin-merge-strategy.test.js
 Γ¥» Object.<anonymous> swarm/node_modules/@whiskeysockets/baileys/node_modules/pino/test/mixin-merge-strategy.test.js:3:18

ΓÄ»ΓÄ»ΓÄ»ΓÄ»ΓÄ»ΓÄ»ΓÄ»ΓÄ»ΓÄ»ΓÄ»ΓÄ»ΓÄ»ΓÄ»ΓÄ»ΓÄ»ΓÄ»ΓÄ»ΓÄ»ΓÄ»ΓÄ»[194/411]ΓÄ»

 FAIL  swarm/node_modules/@whiskeysockets/baileys/node_modules/pino/test/mixin.test.js [ swarm/node_modules/@whiskeysockets/baileys/node_modules/pino/test/mixin.test.js ]
Error: Cannot find module 'tap'
Require stack:
- C:\Users\ferna\Downloads\appforge-main\swarm\node_modules\@whiskeysockets\baileys\node_modules\pino\test\mixin.test.js
 Γ¥» Object.<anonymous> swarm/node_modules/@whiskeysockets/baileys/node_modules/pino/test/mixin.test.js:4:18

ΓÄ»ΓÄ»ΓÄ»ΓÄ»ΓÄ»ΓÄ»ΓÄ»ΓÄ»ΓÄ»ΓÄ»ΓÄ»ΓÄ»ΓÄ»ΓÄ»ΓÄ»ΓÄ»ΓÄ»ΓÄ»ΓÄ»ΓÄ»[195/411]ΓÄ»

 FAIL  swarm/node_modules/@whiskeysockets/baileys/node_modules/pino/test/multistream.test.js [ swarm/node_modules/@whiskeysockets/baileys/node_modules/pino/test/multistream.test.js ]
Error: Cannot find module 'flush-write-stream'
Require stack:
- C:\Users\ferna\Downloads\appforge-main\swarm\node_modules\@whiskeysockets\baileys\node_modules\pino\test\multistream.test.js
 Γ¥» Object.<anonymous> swarm/node_modules/@whiskeysockets/baileys/node_modules/pino/test/multistream.test.js:3:21

ΓÄ»ΓÄ»ΓÄ»ΓÄ»ΓÄ»ΓÄ»ΓÄ»ΓÄ»ΓÄ»ΓÄ»ΓÄ»ΓÄ»ΓÄ»ΓÄ»ΓÄ»ΓÄ»ΓÄ»ΓÄ»ΓÄ»ΓÄ»[196/411]ΓÄ»

 FAIL  swarm/node_modules/@whiskeysockets/baileys/node_modules/pino/test/redact.test.js [ swarm/node_modules/@whiskeysockets/baileys/node_modules/pino/test/redact.test.js ]
Error: Cannot find module 'tap'
Require stack:
- C:\Users\ferna\Downloads\appforge-main\swarm\node_modules\@whiskeysockets\baileys\node_modules\pino\test\redact.test.js
 Γ¥» Object.<anonymous> swarm/node_modules/@whiskeysockets/baileys/node_modules/pino/test/redact.test.js:3:18

ΓÄ»ΓÄ»ΓÄ»ΓÄ»ΓÄ»ΓÄ»ΓÄ»ΓÄ»ΓÄ»ΓÄ»ΓÄ»ΓÄ»ΓÄ»ΓÄ»ΓÄ»ΓÄ»ΓÄ»ΓÄ»ΓÄ»ΓÄ»[197/411]ΓÄ»

 FAIL  swarm/node_modules/@whiskeysockets/baileys/node_modules/pino/test/serializers.test.js [ swarm/node_modules/@whiskeysockets/baileys/node_modules/pino/test/serializers.test.js ]
Error: Cannot find module 'tap'
Require stack:
- C:\Users\ferna\Downloads\appforge-main\swarm\node_modules\@whiskeysockets\baileys\node_modules\pino\test\serializers.test.js
 Γ¥» Object.<anonymous> swarm/node_modules/@whiskeysockets/baileys/node_modules/pino/test/serializers.test.js:2:18

ΓÄ»ΓÄ»ΓÄ»ΓÄ»ΓÄ»ΓÄ»ΓÄ»ΓÄ»ΓÄ»ΓÄ»ΓÄ»ΓÄ»ΓÄ»ΓÄ»ΓÄ»ΓÄ»ΓÄ»ΓÄ»ΓÄ»ΓÄ»[198/411]ΓÄ»

 FAIL  swarm/node_modules/@whiskeysockets/baileys/node_modules/pino/test/sinon-child-logger.test.js [ swarm/node_modules/@whiskeysockets/baileys/node_modules/pino/test/sinon-child-logger.test.js ]
Error: Cannot find module 'sinon'
Require stack:
- C:\Users\ferna\Downloads\appforge-main\swarm\node_modules\@whiskeysockets\baileys\node_modules\pino\test\sinon-child-logger.test.js
 Γ¥» Object.<anonymous> swarm/node_modules/@whiskeysockets/baileys/node_modules/pino/test/sinon-child-logger.test.js:5:15

ΓÄ»ΓÄ»ΓÄ»ΓÄ»ΓÄ»ΓÄ»ΓÄ»ΓÄ»ΓÄ»ΓÄ»ΓÄ»ΓÄ»ΓÄ»ΓÄ»ΓÄ»ΓÄ»ΓÄ»ΓÄ»ΓÄ»ΓÄ»[199/411]ΓÄ»

 FAIL  swarm/node_modules/@whiskeysockets/baileys/node_modules/pino/test/stdout-protection.test.js [ swarm/node_modules/@whiskeysockets/baileys/node_modules/pino/test/stdout-protection.test.js ]
Error: Cannot find module 'tap'
Require stack:
- C:\Users\ferna\Downloads\appforge-main\swarm\node_modules\@whiskeysockets\baileys\node_modules\pino\test\stdout-protection.test.js
 Γ¥» Object.<anonymous> swarm/node_modules/@whiskeysockets/baileys/node_modules/pino/test/stdout-protection.test.js:3:18

ΓÄ»ΓÄ»ΓÄ»ΓÄ»ΓÄ»ΓÄ»ΓÄ»ΓÄ»ΓÄ»ΓÄ»ΓÄ»ΓÄ»ΓÄ»ΓÄ»ΓÄ»ΓÄ»ΓÄ»ΓÄ»ΓÄ»ΓÄ»[200/411]ΓÄ»

 FAIL  swarm/node_modules/@whiskeysockets/baileys/node_modules/pino/test/syncfalse.test.js [ swarm/node_modules/@whiskeysockets/baileys/node_modules/pino/test/syncfalse.test.js ]
Error: Cannot find module 'tap'
Require stack:
- C:\Users\ferna\Downloads\appforge-main\swarm\node_modules\@whiskeysockets\baileys\node_modules\pino\test\syncfalse.test.js
 Γ¥» Object.<anonymous> swarm/node_modules/@whiskeysockets/baileys/node_modules/pino/test/syncfalse.test.js:6:18

ΓÄ»ΓÄ»ΓÄ»ΓÄ»ΓÄ»ΓÄ»ΓÄ»ΓÄ»ΓÄ»ΓÄ»ΓÄ»ΓÄ»ΓÄ»ΓÄ»ΓÄ»ΓÄ»ΓÄ»ΓÄ»ΓÄ»ΓÄ»[201/411]ΓÄ»

 FAIL  swarm/node_modules/@whiskeysockets/baileys/node_modules/pino/test/timestamp-nano.test.js [ swarm/node_modules/@whiskeysockets/baileys/node_modules/pino/test/timestamp-nano.test.js ]
Error: Cannot find module 'tap'
Require stack:
- C:\Users\ferna\Downloads\appforge-main\swarm\node_modules\@whiskeysockets\baileys\node_modules\pino\test\timestamp-nano.test.js
 Γ¥» Object.<anonymous> swarm/node_modules/@whiskeysockets/baileys/node_modules/pino/test/timestamp-nano.test.js:5:18

ΓÄ»ΓÄ»ΓÄ»ΓÄ»ΓÄ»ΓÄ»ΓÄ»ΓÄ»ΓÄ»ΓÄ»ΓÄ»ΓÄ»ΓÄ»ΓÄ»ΓÄ»ΓÄ»ΓÄ»ΓÄ»ΓÄ»ΓÄ»[202/411]ΓÄ»

 FAIL  swarm/node_modules/@whiskeysockets/baileys/node_modules/pino/test/timestamp.test.js [ swarm/node_modules/@whiskeysockets/baileys/node_modules/pino/test/timestamp.test.js ]
Error: Cannot find module 'tap'
Require stack:
- C:\Users\ferna\Downloads\appforge-main\swarm\node_modules\@whiskeysockets\baileys\node_modules\pino\test\timestamp.test.js
 Γ¥» Object.<anonymous> swarm/node_modules/@whiskeysockets/baileys/node_modules/pino/test/timestamp.test.js:5:18

ΓÄ»ΓÄ»ΓÄ»ΓÄ»ΓÄ»ΓÄ»ΓÄ»ΓÄ»ΓÄ»ΓÄ»ΓÄ»ΓÄ»ΓÄ»ΓÄ»ΓÄ»ΓÄ»ΓÄ»ΓÄ»ΓÄ»ΓÄ»[203/411]ΓÄ»

 FAIL  swarm/node_modules/@whiskeysockets/baileys/node_modules/pino/test/transport-stream.test.js [ swarm/node_modules/@whiskeysockets/baileys/node_modules/pino/test/transport-stream.test.js ]
Error: Cannot find module 'tap'
Require stack:
- C:\Users\ferna\Downloads\appforge-main\swarm\node_modules\@whiskeysockets\baileys\node_modules\pino\test\transport-stream.test.js
 Γ¥» Object.<anonymous> swarm/node_modules/@whiskeysockets/baileys/node_modules/pino/test/transport-stream.test.js:3:18

ΓÄ»ΓÄ»ΓÄ»ΓÄ»ΓÄ»ΓÄ»ΓÄ»ΓÄ»ΓÄ»ΓÄ»ΓÄ»ΓÄ»ΓÄ»ΓÄ»ΓÄ»ΓÄ»ΓÄ»ΓÄ»ΓÄ»ΓÄ»[204/411]ΓÄ»

 FAIL  swarm/node_modules/@whiskeysockets/baileys/node_modules/pino-abstract-transport/test/base.test.js [ swarm/node_modules/@whiskeysockets/baileys/node_modules/pino-abstract-transport/test/base.test.js ]
Error: Cannot find module 'tap'
Require stack:
- C:\Users\ferna\Downloads\appforge-main\swarm\node_modules\@whiskeysockets\baileys\node_modules\pino-abstract-transport\test\base.test.js
 Γ¥» Object.<anonymous> swarm/node_modules/@whiskeysockets/baileys/node_modules/pino-abstract-transport/test/base.test.js:6:18

ΓÄ»ΓÄ»ΓÄ»ΓÄ»ΓÄ»ΓÄ»ΓÄ»ΓÄ»ΓÄ»ΓÄ»ΓÄ»ΓÄ»ΓÄ»ΓÄ»ΓÄ»ΓÄ»ΓÄ»ΓÄ»ΓÄ»ΓÄ»[205/411]ΓÄ»

 FAIL  swarm/node_modules/@whiskeysockets/baileys/node_modules/pino-abstract-transport/test/worker.test.js [ swarm/node_modules/@whiskeysockets/baileys/node_modules/pino-abstract-transport/test/worker.test.js ]
Error: Cannot find module 'tap'
Require stack:
- C:\Users\ferna\Downloads\appforge-main\swarm\node_modules\@whiskeysockets\baileys\node_modules\pino-abstract-transport\test\worker.test.js
 Γ¥» Object.<anonymous> swarm/node_modules/@whiskeysockets/baileys/node_modules/pino-abstract-transport/test/worker.test.js:7:18

ΓÄ»ΓÄ»ΓÄ»ΓÄ»ΓÄ»ΓÄ»ΓÄ»ΓÄ»ΓÄ»ΓÄ»ΓÄ»ΓÄ»ΓÄ»ΓÄ»ΓÄ»ΓÄ»ΓÄ»ΓÄ»ΓÄ»ΓÄ»[206/411]ΓÄ»

 FAIL  swarm/node_modules/@whiskeysockets/baileys/node_modules/thread-stream/test/base.test.js [ swarm/node_modules/@whiskeysockets/baileys/node_modules/thread-stream/test/base.test.js ]
Error: Cannot find module 'tap'
Require stack:
- C:\Users\ferna\Downloads\appforge-main\swarm\node_modules\@whiskeysockets\baileys\node_modules\thread-stream\test\base.test.js
 Γ¥» Object.<anonymous> swarm/node_modules/@whiskeysockets/baileys/node_modules/thread-stream/test/base.test.js:3:18

ΓÄ»ΓÄ»ΓÄ»ΓÄ»ΓÄ»ΓÄ»ΓÄ»ΓÄ»ΓÄ»ΓÄ»ΓÄ»ΓÄ»ΓÄ»ΓÄ»ΓÄ»ΓÄ»ΓÄ»ΓÄ»ΓÄ»ΓÄ»[207/411]ΓÄ»

 FAIL  swarm/node_modules/@whiskeysockets/baileys/node_modules/thread-stream/test/bench.test.js [ swarm/node_modules/@whiskeysockets/baileys/node_modules/thread-stream/test/bench.test.js ]
Error: Cannot find module 'tap'
Require stack:
- C:\Users\ferna\Downloads\appforge-main\swarm\node_modules\@whiskeysockets\baileys\node_modules\thread-stream\test\bench.test.js
 Γ¥» Object.<anonymous> swarm/node_modules/@whiskeysockets/baileys/node_modules/thread-stream/test/bench.test.js:3:18

ΓÄ»ΓÄ»ΓÄ»ΓÄ»ΓÄ»ΓÄ»ΓÄ»ΓÄ»ΓÄ»ΓÄ»ΓÄ»ΓÄ»ΓÄ»ΓÄ»ΓÄ»ΓÄ»ΓÄ»ΓÄ»ΓÄ»ΓÄ»[208/411]ΓÄ»

 FAIL  swarm/node_modules/@whiskeysockets/baileys/node_modules/thread-stream/test/bundlers.test.js [ swarm/node_modules/@whiskeysockets/baileys/node_modules/thread-stream/test/bundlers.test.js ]
Error: Cannot find module 'tap'
Require stack:
- C:\Users\ferna\Downloads\appforge-main\swarm\node_modules\@whiskeysockets\baileys\node_modules\thread-stream\test\bundlers.test.js
 Γ¥» Object.<anonymous> swarm/node_modules/@whiskeysockets/baileys/node_modules/thread-stream/test/bundlers.test.js:3:18

ΓÄ»ΓÄ»ΓÄ»ΓÄ»ΓÄ»ΓÄ»ΓÄ»ΓÄ»ΓÄ»ΓÄ»ΓÄ»ΓÄ»ΓÄ»ΓÄ»ΓÄ»ΓÄ»ΓÄ»ΓÄ»ΓÄ»ΓÄ»[209/411]ΓÄ»

 FAIL  swarm/node_modules/@whiskeysockets/baileys/node_modules/thread-stream/test/commonjs-fallback.test.js [ swarm/node_modules/@whiskeysockets/baileys/node_modules/thread-stream/test/commonjs-fallback.test.js ]
Error: Cannot find module 'tap'
Require stack:
- C:\Users\ferna\Downloads\appforge-main\swarm\node_modules\@whiskeysockets\baileys\node_modules\thread-stream\test\commonjs-fallback.test.js
 Γ¥» Object.<anonymous> swarm/node_modules/@whiskeysockets/baileys/node_modules/thread-stream/test/commonjs-fallback.test.js:3:18

ΓÄ»ΓÄ»ΓÄ»ΓÄ»ΓÄ»ΓÄ»ΓÄ»ΓÄ»ΓÄ»ΓÄ»ΓÄ»ΓÄ»ΓÄ»ΓÄ»ΓÄ»ΓÄ»ΓÄ»ΓÄ»ΓÄ»ΓÄ»[210/411]ΓÄ»

 FAIL  swarm/node_modules/@whiskeysockets/baileys/node_modules/thread-stream/test/context.test.js [ swarm/node_modules/@whiskeysockets/baileys/node_modules/thread-stream/test/context.test.js ]
Error: Cannot find module 'tap'
Require stack:
- C:\Users\ferna\Downloads\appforge-main\swarm\node_modules\@whiskeysockets\baileys\node_modules\thread-stream\test\context.test.js
 Γ¥» Object.<anonymous> swarm/node_modules/@whiskeysockets/baileys/node_modules/thread-stream/test/context.test.js:3:18

ΓÄ»ΓÄ»ΓÄ»ΓÄ»ΓÄ»ΓÄ»ΓÄ»ΓÄ»ΓÄ»ΓÄ»ΓÄ»ΓÄ»ΓÄ»ΓÄ»ΓÄ»ΓÄ»ΓÄ»ΓÄ»ΓÄ»ΓÄ»[211/411]ΓÄ»

 FAIL  swarm/node_modules/@whiskeysockets/baileys/node_modules/thread-stream/test/end.test.js [ swarm/node_modules/@whiskeysockets/baileys/node_modules/thread-stream/test/end.test.js ]
Error: Cannot find module 'tap'
Require stack:
- C:\Users\ferna\Downloads\appforge-main\swarm\node_modules\@whiskeysockets\baileys\node_modules\thread-stream\test\end.test.js
 Γ¥» Object.<anonymous> swarm/node_modules/@whiskeysockets/baileys/node_modules/thread-stream/test/end.test.js:3:18

ΓÄ»ΓÄ»ΓÄ»ΓÄ»ΓÄ»ΓÄ»ΓÄ»ΓÄ»ΓÄ»ΓÄ»ΓÄ»ΓÄ»ΓÄ»ΓÄ»ΓÄ»ΓÄ»ΓÄ»ΓÄ»ΓÄ»ΓÄ»[212/411]ΓÄ»

 FAIL  swarm/node_modules/@whiskeysockets/baileys/node_modules/thread-stream/test/esm.test.mjs [ swarm/node_modules/@whiskeysockets/baileys/node_modules/thread-stream/test/esm.test.mjs ]
Error: Cannot find package 'tap' imported from C:\Users\ferna\Downloads\appforge-main\swarm\node_modules\@whiskeysockets\baileys\node_modules\thread-stream\test\esm.test.mjs
ΓÄ»ΓÄ»ΓÄ»ΓÄ»ΓÄ»ΓÄ»ΓÄ»ΓÄ»ΓÄ»ΓÄ»ΓÄ»ΓÄ»ΓÄ»ΓÄ»ΓÄ»ΓÄ»ΓÄ»ΓÄ»ΓÄ»ΓÄ»[213/411]ΓÄ»

 FAIL  swarm/node_modules/@whiskeysockets/baileys/node_modules/thread-stream/test/event.test.js [ swarm/node_modules/@whiskeysockets/baileys/node_modules/thread-stream/test/event.test.js ]
Error: Cannot find module 'tap'
Require stack:
- C:\Users\ferna\Downloads\appforge-main\swarm\node_modules\@whiskeysockets\baileys\node_modules\thread-stream\test\event.test.js
 Γ¥» Object.<anonymous> swarm/node_modules/@whiskeysockets/baileys/node_modules/thread-stream/test/event.test.js:3:18

ΓÄ»ΓÄ»ΓÄ»ΓÄ»ΓÄ»ΓÄ»ΓÄ»ΓÄ»ΓÄ»ΓÄ»ΓÄ»ΓÄ»ΓÄ»ΓÄ»ΓÄ»ΓÄ»ΓÄ»ΓÄ»ΓÄ»ΓÄ»[214/411]ΓÄ»

 FAIL  swarm/node_modules/@whiskeysockets/baileys/node_modules/thread-stream/test/indexes.test.js [ swarm/node_modules/@whiskeysockets/baileys/node_modules/thread-stream/test/indexes.test.js ]
Error: Cannot find module 'tap'
Require stack:
- C:\Users\ferna\Downloads\appforge-main\swarm\node_modules\@whiskeysockets\baileys\node_modules\thread-stream\test\indexes.test.js
 Γ¥» Object.<anonymous> swarm/node_modules/@whiskeysockets/baileys/node_modules/thread-stream/test/indexes.test.js:3:18

ΓÄ»ΓÄ»ΓÄ»ΓÄ»ΓÄ»ΓÄ»ΓÄ»ΓÄ»ΓÄ»ΓÄ»ΓÄ»ΓÄ»ΓÄ»ΓÄ»ΓÄ»ΓÄ»ΓÄ»ΓÄ»ΓÄ»ΓÄ»[215/411]ΓÄ»

 FAIL  swarm/node_modules/@whiskeysockets/baileys/node_modules/thread-stream/test/multibyte-chars.test.mjs [ swarm/node_modules/@whiskeysockets/baileys/node_modules/thread-stream/test/multibyte-chars.test.mjs ]
Error: Cannot find package 'tap' imported from C:\Users\ferna\Downloads\appforge-main\swarm\node_modules\@whiskeysockets\baileys\node_modules\thread-stream\test\multibyte-chars.test.mjs
ΓÄ»ΓÄ»ΓÄ»ΓÄ»ΓÄ»ΓÄ»ΓÄ»ΓÄ»ΓÄ»ΓÄ»ΓÄ»ΓÄ»ΓÄ»ΓÄ»ΓÄ»ΓÄ»ΓÄ»ΓÄ»ΓÄ»ΓÄ»[216/411]ΓÄ»

 FAIL  swarm/node_modules/@whiskeysockets/baileys/node_modules/thread-stream/test/never-drain.test.js [ swarm/node_modules/@whiskeysockets/baileys/node_modules/thread-stream/test/never-drain.test.js ]
Error: Cannot find module 'tap'
Require stack:
- C:\Users\ferna\Downloads\appforge-main\swarm\node_modules\@whiskeysockets\baileys\node_modules\thread-stream\test\never-drain.test.js
 Γ¥» Object.<anonymous> swarm/node_modules/@whiskeysockets/baileys/node_modules/thread-stream/test/never-drain.test.js:1:18

ΓÄ»ΓÄ»ΓÄ»ΓÄ»ΓÄ»ΓÄ»ΓÄ»ΓÄ»ΓÄ»ΓÄ»ΓÄ»ΓÄ»ΓÄ»ΓÄ»ΓÄ»ΓÄ»ΓÄ»ΓÄ»ΓÄ»ΓÄ»[217/411]ΓÄ»

 FAIL  swarm/node_modules/@whiskeysockets/baileys/node_modules/thread-stream/test/post-message.test.js [ swarm/node_modules/@whiskeysockets/baileys/node_modules/thread-stream/test/post-message.test.js ]
Error: Cannot find module 'tap'
Require stack:
- C:\Users\ferna\Downloads\appforge-main\swarm\node_modules\@whiskeysockets\baileys\node_modules\thread-stream\test\post-message.test.js
 Γ¥» Object.<anonymous> swarm/node_modules/@whiskeysockets/baileys/node_modules/thread-stream/test/post-message.test.js:3:18

ΓÄ»ΓÄ»ΓÄ»ΓÄ»ΓÄ»ΓÄ»ΓÄ»ΓÄ»ΓÄ»ΓÄ»ΓÄ»ΓÄ»ΓÄ»ΓÄ»ΓÄ»ΓÄ»ΓÄ»ΓÄ»ΓÄ»ΓÄ»[218/411]ΓÄ»

 FAIL  swarm/node_modules/@whiskeysockets/baileys/node_modules/thread-stream/test/string-limit-2.test.js [ swarm/node_modules/@whiskeysockets/baileys/node_modules/thread-stream/test/string-limit-2.test.js ]
Error: Cannot find module 'tap'
Require stack:
- C:\Users\ferna\Downloads\appforge-main\swarm\node_modules\@whiskeysockets\baileys\node_modules\thread-stream\test\string-limit-2.test.js
 Γ¥» Object.<anonymous> swarm/node_modules/@whiskeysockets/baileys/node_modules/thread-stream/test/string-limit-2.test.js:3:11

ΓÄ»ΓÄ»ΓÄ»ΓÄ»ΓÄ»ΓÄ»ΓÄ»ΓÄ»ΓÄ»ΓÄ»ΓÄ»ΓÄ»ΓÄ»ΓÄ»ΓÄ»ΓÄ»ΓÄ»ΓÄ»ΓÄ»ΓÄ»[219/411]ΓÄ»

 FAIL  swarm/node_modules/@whiskeysockets/baileys/node_modules/thread-stream/test/string-limit.test.js [ swarm/node_modules/@whiskeysockets/baileys/node_modules/thread-stream/test/string-limit.test.js ]
Error: Cannot find module 'tap'
Require stack:
- C:\Users\ferna\Downloads\appforge-main\swarm\node_modules\@whiskeysockets\baileys\node_modules\thread-stream\test\string-limit.test.js
 Γ¥» Object.<anonymous> swarm/node_modules/@whiskeysockets/baileys/node_modules/thread-stream/test/string-limit.test.js:3:11

ΓÄ»ΓÄ»ΓÄ»ΓÄ»ΓÄ»ΓÄ»ΓÄ»ΓÄ»ΓÄ»ΓÄ»ΓÄ»ΓÄ»ΓÄ»ΓÄ»ΓÄ»ΓÄ»ΓÄ»ΓÄ»ΓÄ»ΓÄ»[220/411]ΓÄ»

 FAIL  swarm/node_modules/@whiskeysockets/baileys/node_modules/thread-stream/test/thread-management.test.js [ swarm/node_modules/@whiskeysockets/baileys/node_modules/thread-stream/test/thread-management.test.js ]
Error: Cannot find module 'tap'
Require stack:
- C:\Users\ferna\Downloads\appforge-main\swarm\node_modules\@whiskeysockets\baileys\node_modules\thread-stream\test\thread-management.test.js
 Γ¥» Object.<anonymous> swarm/node_modules/@whiskeysockets/baileys/node_modules/thread-stream/test/thread-management.test.js:3:18

ΓÄ»ΓÄ»ΓÄ»ΓÄ»ΓÄ»ΓÄ»ΓÄ»ΓÄ»ΓÄ»ΓÄ»ΓÄ»ΓÄ»ΓÄ»ΓÄ»ΓÄ»ΓÄ»ΓÄ»ΓÄ»ΓÄ»ΓÄ»[221/411]ΓÄ»

 FAIL  swarm/node_modules/@whiskeysockets/baileys/node_modules/thread-stream/test/transpiled.test.js [ swarm/node_modules/@whiskeysockets/baileys/node_modules/thread-stream/test/transpiled.test.js ]
Error: Cannot find module 'tap'
Require stack:
- C:\Users\ferna\Downloads\appforge-main\swarm\node_modules\@whiskeysockets\baileys\node_modules\thread-stream\test\transpiled.test.js
 Γ¥» Object.<anonymous> swarm/node_modules/@whiskeysockets/baileys/node_modules/thread-stream/test/transpiled.test.js:3:18

ΓÄ»ΓÄ»ΓÄ»ΓÄ»ΓÄ»ΓÄ»ΓÄ»ΓÄ»ΓÄ»ΓÄ»ΓÄ»ΓÄ»ΓÄ»ΓÄ»ΓÄ»ΓÄ»ΓÄ»ΓÄ»ΓÄ»ΓÄ»[222/411]ΓÄ»

 FAIL  swarm/node_modules/@whiskeysockets/baileys/node_modules/thread-stream/test/ts.test.ts [ swarm/node_modules/@whiskeysockets/baileys/node_modules/thread-stream/test/ts.test.ts ]
Error: Failed to resolve import "tap" from "swarm/node_modules/@whiskeysockets/baileys/node_modules/thread-stream/test/ts.test.ts". Does the file exist?
  Plugin: vite:import-analysis
  File: C:/Users/ferna/Downloads/appforge-main/swarm/node_modules/@whiskeysockets/baileys/node_modules/thread-stream/test/ts.test.ts:1:21
  1  |  import { test } from "tap";
     |                        ^
  2  |  import { readFile } from "fs";
  3  |  import ThreadStream from "../index.js";
 Γ¥» TransformPluginContext._formatLog node_modules/vite/dist/node/chunks/dep-D4NMHUTW.js:42528:41
 Γ¥» TransformPluginContext.error node_modules/vite/dist/node/chunks/dep-D4NMHUTW.js:42525:16
 Γ¥» normalizeUrl node_modules/vite/dist/node/chunks/dep-D4NMHUTW.js:40504:23
 Γ¥» node_modules/vite/dist/node/chunks/dep-D4NMHUTW.js:40623:37
 Γ¥» TransformPluginContext.transform node_modules/vite/dist/node/chunks/dep-D4NMHUTW.js:40550:7
 Γ¥» EnvironmentPluginContainer.transform node_modules/vite/dist/node/chunks/dep-D4NMHUTW.js:42323:18
 Γ¥» loadAndTransform node_modules/vite/dist/node/chunks/dep-D4NMHUTW.js:35739:27

ΓÄ»ΓÄ»ΓÄ»ΓÄ»ΓÄ»ΓÄ»ΓÄ»ΓÄ»ΓÄ»ΓÄ»ΓÄ»ΓÄ»ΓÄ»ΓÄ»ΓÄ»ΓÄ»ΓÄ»ΓÄ»ΓÄ»ΓÄ»[223/411]ΓÄ»

 FAIL  swarm/node_modules/openclaw/extensions/matrix/src/matrix/accounts.test.ts [ swarm/node_modules/openclaw/extensions/matrix/src/matrix/accounts.test.ts ]
 FAIL  swarm/node_modules/openclaw/extensions/matrix/src/matrix/client.test.ts [ swarm/node_modules/openclaw/extensions/matrix/src/matrix/client.test.ts ]
 FAIL  swarm/node_modules/openclaw/extensions/matrix/src/matrix/send.test.ts > sendMessageMatrix media
 FAIL  swarm/node_modules/openclaw/extensions/matrix/src/matrix/send.test.ts > sendMessageMatrix threads
Error: Failed to resolve import "@vector-im/matrix-bot-sdk" from "swarm/node_modules/openclaw/extensions/matrix/src/matrix/client/config.ts". Does the file exist?
  Plugin: vite:import-analysis
  File: C:/Users/ferna/Downloads/appforge-main/swarm/node_modules/openclaw/extensions/matrix/src/matrix/client/config.ts:1:29
  1  |  import { MatrixClient } from "@vector-im/matrix-bot-sdk";
     |                                ^
  2  |  import { getMatrixRuntime } from "../../runtime.js";
  3  |  import { ensureMatrixSdkLoggingConfigured } from "./logging.js";
 Γ¥» TransformPluginContext._formatLog node_modules/vite/dist/node/chunks/dep-D4NMHUTW.js:42528:41
 Γ¥» TransformPluginContext.error node_modules/vite/dist/node/chunks/dep-D4NMHUTW.js:42525:16
 Γ¥» normalizeUrl node_modules/vite/dist/node/chunks/dep-D4NMHUTW.js:40504:23
 Γ¥» node_modules/vite/dist/node/chunks/dep-D4NMHUTW.js:40623:37
 Γ¥» TransformPluginContext.transform node_modules/vite/dist/node/chunks/dep-D4NMHUTW.js:40550:7
 Γ¥» EnvironmentPluginContainer.transform node_modules/vite/dist/node/chunks/dep-D4NMHUTW.js:42323:18
 Γ¥» loadAndTransform node_modules/vite/dist/node/chunks/dep-D4NMHUTW.js:35739:27
 Γ¥» fetchModule node_modules/vite/dist/node/chunks/dep-D4NMHUTW.js:46858:16

ΓÄ»ΓÄ»ΓÄ»ΓÄ»ΓÄ»ΓÄ»ΓÄ»ΓÄ»ΓÄ»ΓÄ»ΓÄ»ΓÄ»ΓÄ»ΓÄ»ΓÄ»ΓÄ»ΓÄ»ΓÄ»ΓÄ»ΓÄ»[224/411]ΓÄ»

 FAIL  swarm/node_modules/openclaw/extensions/tlon/src/urbit/send.test.ts [ swarm/node_modules/openclaw/extensions/tlon/src/urbit/send.test.ts ]
Error: Failed to resolve import "@urbit/aura" from "swarm/node_modules/openclaw/extensions/tlon/src/urbit/send.test.ts". Does the file exist?
  Plugin: vite:import-analysis
  File: C:/Users/ferna/Downloads/appforge-main/swarm/node_modules/openclaw/extensions/tlon/src/urbit/send.test.ts:17:30
  12 |    it("uses aura v3 helpers for the DM id", async () => {
  13 |      const { sendDm } = await import("./send.js");
  14 |      const aura = await import("@urbit/aura");
     |                                ^
  15 |      const scot = vi.mocked(aura.scot);
  16 |      const fromUnix = vi.mocked(aura.da.fromUnix);
 Γ¥» TransformPluginContext._formatLog node_modules/vite/dist/node/chunks/dep-D4NMHUTW.js:42528:41
 Γ¥» TransformPluginContext.error node_modules/vite/dist/node/chunks/dep-D4NMHUTW.js:42525:16
 Γ¥» normalizeUrl node_modules/vite/dist/node/chunks/dep-D4NMHUTW.js:40504:23
 Γ¥» node_modules/vite/dist/node/chunks/dep-D4NMHUTW.js:40623:37
 Γ¥» TransformPluginContext.transform node_modules/vite/dist/node/chunks/dep-D4NMHUTW.js:40550:7
 Γ¥» EnvironmentPluginContainer.transform node_modules/vite/dist/node/chunks/dep-D4NMHUTW.js:42323:18
 Γ¥» loadAndTransform node_modules/vite/dist/node/chunks/dep-D4NMHUTW.js:35739:27

ΓÄ»ΓÄ»ΓÄ»ΓÄ»ΓÄ»ΓÄ»ΓÄ»ΓÄ»ΓÄ»ΓÄ»ΓÄ»ΓÄ»ΓÄ»ΓÄ»ΓÄ»ΓÄ»ΓÄ»ΓÄ»ΓÄ»ΓÄ»[225/411]ΓÄ»

 FAIL  swarm/node_modules/zod/src/v4/classic/tests/datetime.test.ts [ swarm/node_modules/zod/src/v4/classic/tests/datetime.test.ts ]
Error: Failed to resolve import "recheck" from "swarm/node_modules/zod/src/v4/classic/tests/datetime.test.ts". Does the file exist?
  Plugin: vite:import-analysis
  File: C:/Users/ferna/Downloads/appforge-main/swarm/node_modules/zod/src/v4/classic/tests/datetime.test.ts:1:26
  1  |  import { checkSync } from "recheck";
     |                             ^
  2  |  import { expect, test } from "vitest";
  3  |  import * as z from "zod/v4";
 Γ¥» TransformPluginContext._formatLog node_modules/vite/dist/node/chunks/dep-D4NMHUTW.js:42528:41
 Γ¥» TransformPluginContext.error node_modules/vite/dist/node/chunks/dep-D4NMHUTW.js:42525:16
 Γ¥» normalizeUrl node_modules/vite/dist/node/chunks/dep-D4NMHUTW.js:40504:23
 Γ¥» node_modules/vite/dist/node/chunks/dep-D4NMHUTW.js:40623:37
 Γ¥» TransformPluginContext.transform node_modules/vite/dist/node/chunks/dep-D4NMHUTW.js:40550:7
 Γ¥» EnvironmentPluginContainer.transform node_modules/vite/dist/node/chunks/dep-D4NMHUTW.js:42323:18
 Γ¥» loadAndTransform node_modules/vite/dist/node/chunks/dep-D4NMHUTW.js:35739:27

ΓÄ»ΓÄ»ΓÄ»ΓÄ»ΓÄ»ΓÄ»ΓÄ»ΓÄ»ΓÄ»ΓÄ»ΓÄ»ΓÄ»ΓÄ»ΓÄ»ΓÄ»ΓÄ»ΓÄ»ΓÄ»ΓÄ»ΓÄ»[226/411]ΓÄ»

 FAIL  swarm/node_modules/zod/src/v4/classic/tests/file.test.ts [ swarm/node_modules/zod/src/v4/classic/tests/file.test.ts ]
Error: Failed to resolve import "@web-std/file" from "swarm/node_modules/zod/src/v4/classic/tests/file.test.ts". Does the file exist?
  Plugin: vite:import-analysis
  File: C:/Users/ferna/Downloads/appforge-main/swarm/node_modules/zod/src/v4/classic/tests/file.test.ts:2:32
  1  |  import { File as WebFile } from "@web-std/file";
     |                                   ^
  2  |  import { afterEach, beforeEach, expect, test } from "vitest";
  3  |  import * as z from "zod/v4";
 Γ¥» TransformPluginContext._formatLog node_modules/vite/dist/node/chunks/dep-D4NMHUTW.js:42528:41
 Γ¥» TransformPluginContext.error node_modules/vite/dist/node/chunks/dep-D4NMHUTW.js:42525:16
 Γ¥» normalizeUrl node_modules/vite/dist/node/chunks/dep-D4NMHUTW.js:40504:23
 Γ¥» node_modules/vite/dist/node/chunks/dep-D4NMHUTW.js:40623:37
 Γ¥» TransformPluginContext.transform node_modules/vite/dist/node/chunks/dep-D4NMHUTW.js:40550:7
 Γ¥» EnvironmentPluginContainer.transform node_modules/vite/dist/node/chunks/dep-D4NMHUTW.js:42323:18
 Γ¥» loadAndTransform node_modules/vite/dist/node/chunks/dep-D4NMHUTW.js:35739:27

ΓÄ»ΓÄ»ΓÄ»ΓÄ»ΓÄ»ΓÄ»ΓÄ»ΓÄ»ΓÄ»ΓÄ»ΓÄ»ΓÄ»ΓÄ»ΓÄ»ΓÄ»ΓÄ»ΓÄ»ΓÄ»ΓÄ»ΓÄ»[227/411]ΓÄ»

 FAIL  swarm/node_modules/@whiskeysockets/baileys/node_modules/pino/test/esm/index.test.js [ swarm/node_modules/@whiskeysockets/baileys/node_modules/pino/test/esm/index.test.js ]
Error: Cannot find module 'tap'
Require stack:
- C:\Users\ferna\Downloads\appforge-main\swarm\node_modules\@whiskeysockets\baileys\node_modules\pino\test\esm\index.test.js
 Γ¥» swarm/node_modules/@whiskeysockets/baileys/node_modules/pino/test/esm/index.test.js:3:11
      1| 'use strict'
      2| 
      3| const t = require('tap')
       |           ^
      4| const semver = require('semver')
      5| 

ΓÄ»ΓÄ»ΓÄ»ΓÄ»ΓÄ»ΓÄ»ΓÄ»ΓÄ»ΓÄ»ΓÄ»ΓÄ»ΓÄ»ΓÄ»ΓÄ»ΓÄ»ΓÄ»ΓÄ»ΓÄ»ΓÄ»ΓÄ»[228/411]ΓÄ»

 FAIL  swarm/node_modules/@whiskeysockets/baileys/node_modules/pino/test/internals/version.test.js [ swarm/node_modules/@whiskeysockets/baileys/node_modules/pino/test/internals/version.test.js ]
Error: Cannot find module 'tap'
Require stack:
- C:\Users\ferna\Downloads\appforge-main\swarm\node_modules\@whiskeysockets\baileys\node_modules\pino\test\internals\version.test.js
 Γ¥» Object.<anonymous> swarm/node_modules/@whiskeysockets/baileys/node_modules/pino/test/internals/version.test.js:5:11

ΓÄ»ΓÄ»ΓÄ»ΓÄ»ΓÄ»ΓÄ»ΓÄ»ΓÄ»ΓÄ»ΓÄ»ΓÄ»ΓÄ»ΓÄ»ΓÄ»ΓÄ»ΓÄ»ΓÄ»ΓÄ»ΓÄ»ΓÄ»[229/411]ΓÄ»

 FAIL  swarm/node_modules/@whiskeysockets/baileys/node_modules/pino/test/pkg/pkg.test.js [ swarm/node_modules/@whiskeysockets/baileys/node_modules/pino/test/pkg/pkg.test.js ]
Error: Cannot find module 'tap'
Require stack:
- C:\Users\ferna\Downloads\appforge-main\swarm\node_modules\@whiskeysockets\baileys\node_modules\pino\test\pkg\pkg.test.js
 Γ¥» Object.<anonymous> swarm/node_modules/@whiskeysockets/baileys/node_modules/pino/test/pkg/pkg.test.js:3:18

ΓÄ»ΓÄ»ΓÄ»ΓÄ»ΓÄ»ΓÄ»ΓÄ»ΓÄ»ΓÄ»ΓÄ»ΓÄ»ΓÄ»ΓÄ»ΓÄ»ΓÄ»ΓÄ»ΓÄ»ΓÄ»ΓÄ»ΓÄ»[230/411]ΓÄ»

 FAIL  swarm/node_modules/@whiskeysockets/baileys/node_modules/pino/test/transport/big.test.js [ swarm/node_modules/@whiskeysockets/baileys/node_modules/pino/test/transport/big.test.js ]
Error: Cannot find module 'tap'
Require stack:
- C:\Users\ferna\Downloads\appforge-main\swarm\node_modules\@whiskeysockets\baileys\node_modules\pino\test\transport\big.test.js
 Γ¥» Object.<anonymous> swarm/node_modules/@whiskeysockets/baileys/node_modules/pino/test/transport/big.test.js:3:18

ΓÄ»ΓÄ»ΓÄ»ΓÄ»ΓÄ»ΓÄ»ΓÄ»ΓÄ»ΓÄ»ΓÄ»ΓÄ»ΓÄ»ΓÄ»ΓÄ»ΓÄ»ΓÄ»ΓÄ»ΓÄ»ΓÄ»ΓÄ»[231/411]ΓÄ»

 FAIL  swarm/node_modules/@whiskeysockets/baileys/node_modules/pino/test/transport/bundlers-support.test.js [ swarm/node_modules/@whiskeysockets/baileys/node_modules/pino/test/transport/bundlers-support.test.js ]
Error: Cannot find module 'flush-write-stream'
Require stack:
- C:\Users\ferna\Downloads\appforge-main\swarm\node_modules\@whiskeysockets\baileys\node_modules\pino\test\helper.js
- C:\Users\ferna\Downloads\appforge-main\swarm\node_modules\@whiskeysockets\baileys\node_modules\pino\test\transport\bundlers-support.test.js
 Γ¥» Object.<anonymous> swarm/node_modules/@whiskeysockets/baileys/node_modules/pino/test/helper.js:5:16

ΓÄ»ΓÄ»ΓÄ»ΓÄ»ΓÄ»ΓÄ»ΓÄ»ΓÄ»ΓÄ»ΓÄ»ΓÄ»ΓÄ»ΓÄ»ΓÄ»ΓÄ»ΓÄ»ΓÄ»ΓÄ»ΓÄ»ΓÄ»[232/411]ΓÄ»

 FAIL  swarm/node_modules/@whiskeysockets/baileys/node_modules/pino/test/transport/caller.test.js [ swarm/node_modules/@whiskeysockets/baileys/node_modules/pino/test/transport/caller.test.js ]
Error: Cannot find module 'tap'
Require stack:
- C:\Users\ferna\Downloads\appforge-main\swarm\node_modules\@whiskeysockets\baileys\node_modules\pino\test\transport\caller.test.js
 Γ¥» Object.<anonymous> swarm/node_modules/@whiskeysockets/baileys/node_modules/pino/test/transport/caller.test.js:4:18

ΓÄ»ΓÄ»ΓÄ»ΓÄ»ΓÄ»ΓÄ»ΓÄ»ΓÄ»ΓÄ»ΓÄ»ΓÄ»ΓÄ»ΓÄ»ΓÄ»ΓÄ»ΓÄ»ΓÄ»ΓÄ»ΓÄ»ΓÄ»[233/411]ΓÄ»

 FAIL  swarm/node_modules/@whiskeysockets/baileys/node_modules/pino/test/transport/core.test.js [ swarm/node_modules/@whiskeysockets/baileys/node_modules/pino/test/transport/core.test.js ]
Error: Cannot find module 'flush-write-stream'
Require stack:
- C:\Users\ferna\Downloads\appforge-main\swarm\node_modules\@whiskeysockets\baileys\node_modules\pino\test\helper.js
- C:\Users\ferna\Downloads\appforge-main\swarm\node_modules\@whiskeysockets\baileys\node_modules\pino\test\transport\core.test.js
 Γ¥» Object.<anonymous> swarm/node_modules/@whiskeysockets/baileys/node_modules/pino/test/helper.js:5:16

ΓÄ»ΓÄ»ΓÄ»ΓÄ»ΓÄ»ΓÄ»ΓÄ»ΓÄ»ΓÄ»ΓÄ»ΓÄ»ΓÄ»ΓÄ»ΓÄ»ΓÄ»ΓÄ»ΓÄ»ΓÄ»ΓÄ»ΓÄ»[234/411]ΓÄ»

 FAIL  swarm/node_modules/@whiskeysockets/baileys/node_modules/pino/test/transport/core.test.ts [ swarm/node_modules/@whiskeysockets/baileys/node_modules/pino/test/transport/core.test.ts ]
Error: Failed to resolve import "tap" from "swarm/node_modules/@whiskeysockets/baileys/node_modules/pino/test/transport/core.test.ts". Does the file exist?
  Plugin: vite:import-analysis
  File: C:/Users/ferna/Downloads/appforge-main/swarm/node_modules/@whiskeysockets/baileys/node_modules/pino/test/transport/core.test.ts:6:21
  4  |  import fs from "node:fs";
  5  |  import { watchFileCreated } from "../helper";
  6  |  import { test } from "tap";
     |                        ^
  7  |  import pino from "../../";
  8  |  import * as url from "node:url";
 Γ¥» TransformPluginContext._formatLog node_modules/vite/dist/node/chunks/dep-D4NMHUTW.js:42528:41
 Γ¥» TransformPluginContext.error node_modules/vite/dist/node/chunks/dep-D4NMHUTW.js:42525:16
 Γ¥» normalizeUrl node_modules/vite/dist/node/chunks/dep-D4NMHUTW.js:40504:23
 Γ¥» node_modules/vite/dist/node/chunks/dep-D4NMHUTW.js:40623:37
 Γ¥» TransformPluginContext.transform node_modules/vite/dist/node/chunks/dep-D4NMHUTW.js:40550:7
 Γ¥» EnvironmentPluginContainer.transform node_modules/vite/dist/node/chunks/dep-D4NMHUTW.js:42323:18
 Γ¥» loadAndTransform node_modules/vite/dist/node/chunks/dep-D4NMHUTW.js:35739:27

ΓÄ»ΓÄ»ΓÄ»ΓÄ»ΓÄ»ΓÄ»ΓÄ»ΓÄ»ΓÄ»ΓÄ»ΓÄ»ΓÄ»ΓÄ»ΓÄ»ΓÄ»ΓÄ»ΓÄ»ΓÄ»ΓÄ»ΓÄ»[235/411]ΓÄ»

 FAIL  swarm/node_modules/@whiskeysockets/baileys/node_modules/pino/test/transport/core.transpiled.test.ts [ swarm/node_modules/@whiskeysockets/baileys/node_modules/pino/test/transport/core.transpiled.test.ts ]
Error: Failed to resolve import "tap" from "swarm/node_modules/@whiskeysockets/baileys/node_modules/pino/test/transport/core.transpiled.test.ts". Does the file exist?
  Plugin: vite:import-analysis
  File: C:/Users/ferna/Downloads/appforge-main/swarm/node_modules/@whiskeysockets/baileys/node_modules/pino/test/transport/core.transpiled.test.ts:5:21
  3  |  import fs from "node:fs";
  4  |  import { watchFileCreated } from "../helper";
  5  |  import { test } from "tap";
     |                        ^
  6  |  import pino from "../../";
  7  |  import * as url from "node:url";
 Γ¥» TransformPluginContext._formatLog node_modules/vite/dist/node/chunks/dep-D4NMHUTW.js:42528:41
 Γ¥» TransformPluginContext.error node_modules/vite/dist/node/chunks/dep-D4NMHUTW.js:42525:16
 Γ¥» normalizeUrl node_modules/vite/dist/node/chunks/dep-D4NMHUTW.js:40504:23
 Γ¥» node_modules/vite/dist/node/chunks/dep-D4NMHUTW.js:40623:37
 Γ¥» TransformPluginContext.transform node_modules/vite/dist/node/chunks/dep-D4NMHUTW.js:40550:7
 Γ¥» EnvironmentPluginContainer.transform node_modules/vite/dist/node/chunks/dep-D4NMHUTW.js:42323:18
 Γ¥» loadAndTransform node_modules/vite/dist/node/chunks/dep-D4NMHUTW.js:35739:27

ΓÄ»ΓÄ»ΓÄ»ΓÄ»ΓÄ»ΓÄ»ΓÄ»ΓÄ»ΓÄ»ΓÄ»ΓÄ»ΓÄ»ΓÄ»ΓÄ»ΓÄ»ΓÄ»ΓÄ»ΓÄ»ΓÄ»ΓÄ»[236/411]ΓÄ»

 FAIL  swarm/node_modules/@whiskeysockets/baileys/node_modules/pino/test/transport/crash.test.js [ swarm/node_modules/@whiskeysockets/baileys/node_modules/pino/test/transport/crash.test.js ]
Error: Cannot find module 'tap'
Require stack:
- C:\Users\ferna\Downloads\appforge-main\swarm\node_modules\@whiskeysockets\baileys\node_modules\pino\test\transport\crash.test.js
 Γ¥» Object.<anonymous> swarm/node_modules/@whiskeysockets/baileys/node_modules/pino/test/transport/crash.test.js:6:18

ΓÄ»ΓÄ»ΓÄ»ΓÄ»ΓÄ»ΓÄ»ΓÄ»ΓÄ»ΓÄ»ΓÄ»ΓÄ»ΓÄ»ΓÄ»ΓÄ»ΓÄ»ΓÄ»ΓÄ»ΓÄ»ΓÄ»ΓÄ»[237/411]ΓÄ»

 FAIL  swarm/node_modules/@whiskeysockets/baileys/node_modules/pino/test/transport/module-link.test.js [ swarm/node_modules/@whiskeysockets/baileys/node_modules/pino/test/transport/module-link.test.js ]
Error: Cannot find module 'tap'
Require stack:
- C:\Users\ferna\Downloads\appforge-main\swarm\node_modules\@whiskeysockets\baileys\node_modules\pino\test\transport\module-link.test.js
 Γ¥» Object.<anonymous> swarm/node_modules/@whiskeysockets/baileys/node_modules/pino/test/transport/module-link.test.js:6:18

ΓÄ»ΓÄ»ΓÄ»ΓÄ»ΓÄ»ΓÄ»ΓÄ»ΓÄ»ΓÄ»ΓÄ»ΓÄ»ΓÄ»ΓÄ»ΓÄ»ΓÄ»ΓÄ»ΓÄ»ΓÄ»ΓÄ»ΓÄ»[238/411]ΓÄ»

 FAIL  swarm/node_modules/@whiskeysockets/baileys/node_modules/pino/test/transport/pipeline.test.js [ swarm/node_modules/@whiskeysockets/baileys/node_modules/pino/test/transport/pipeline.test.js ]
Error: Cannot find module 'flush-write-stream'
Require stack:
- C:\Users\ferna\Downloads\appforge-main\swarm\node_modules\@whiskeysockets\baileys\node_modules\pino\test\helper.js
- C:\Users\ferna\Downloads\appforge-main\swarm\node_modules\@whiskeysockets\baileys\node_modules\pino\test\transport\pipeline.test.js
 Γ¥» Object.<anonymous> swarm/node_modules/@whiskeysockets/baileys/node_modules/pino/test/helper.js:5:16

ΓÄ»ΓÄ»ΓÄ»ΓÄ»ΓÄ»ΓÄ»ΓÄ»ΓÄ»ΓÄ»ΓÄ»ΓÄ»ΓÄ»ΓÄ»ΓÄ»ΓÄ»ΓÄ»ΓÄ»ΓÄ»ΓÄ»ΓÄ»[239/411]ΓÄ»

 FAIL  swarm/node_modules/@whiskeysockets/baileys/node_modules/pino/test/transport/repl.test.js [ swarm/node_modules/@whiskeysockets/baileys/node_modules/pino/test/transport/repl.test.js ]
Error: Cannot find module 'tap'
Require stack:
- C:\Users\ferna\Downloads\appforge-main\swarm\node_modules\@whiskeysockets\baileys\node_modules\pino\test\transport\repl.test.js
 Γ¥» Object.<anonymous> swarm/node_modules/@whiskeysockets/baileys/node_modules/pino/test/transport/repl.test.js:3:32

ΓÄ»ΓÄ»ΓÄ»ΓÄ»ΓÄ»ΓÄ»ΓÄ»ΓÄ»ΓÄ»ΓÄ»ΓÄ»ΓÄ»ΓÄ»ΓÄ»ΓÄ»ΓÄ»ΓÄ»ΓÄ»ΓÄ»ΓÄ»[240/411]ΓÄ»

 FAIL  swarm/node_modules/@whiskeysockets/baileys/node_modules/pino/test/transport/syncfalse.test.js [ swarm/node_modules/@whiskeysockets/baileys/node_modules/pino/test/transport/syncfalse.test.js ]
Error: Cannot find module 'tap'
Require stack:
- C:\Users\ferna\Downloads\appforge-main\swarm\node_modules\@whiskeysockets\baileys\node_modules\pino\test\transport\syncfalse.test.js
 Γ¥» Object.<anonymous> swarm/node_modules/@whiskeysockets/baileys/node_modules/pino/test/transport/syncfalse.test.js:6:18

ΓÄ»ΓÄ»ΓÄ»ΓÄ»ΓÄ»ΓÄ»ΓÄ»ΓÄ»ΓÄ»ΓÄ»ΓÄ»ΓÄ»ΓÄ»ΓÄ»ΓÄ»ΓÄ»ΓÄ»ΓÄ»ΓÄ»ΓÄ»[241/411]ΓÄ»

 FAIL  swarm/node_modules/@whiskeysockets/baileys/node_modules/pino/test/transport/syncTrue.test.js [ swarm/node_modules/@whiskeysockets/baileys/node_modules/pino/test/transport/syncTrue.test.js ]
Error: Cannot find module 'tap'
Require stack:
- C:\Users\ferna\Downloads\appforge-main\swarm\node_modules\@whiskeysockets\baileys\node_modules\pino\test\transport\syncTrue.test.js
 Γ¥» Object.<anonymous> swarm/node_modules/@whiskeysockets/baileys/node_modules/pino/test/transport/syncTrue.test.js:6:18

ΓÄ»ΓÄ»ΓÄ»ΓÄ»ΓÄ»ΓÄ»ΓÄ»ΓÄ»ΓÄ»ΓÄ»ΓÄ»ΓÄ»ΓÄ»ΓÄ»ΓÄ»ΓÄ»ΓÄ»ΓÄ»ΓÄ»ΓÄ»[242/411]ΓÄ»

 FAIL  swarm/node_modules/@whiskeysockets/baileys/node_modules/pino/test/transport/targets.test.js [ swarm/node_modules/@whiskeysockets/baileys/node_modules/pino/test/transport/targets.test.js ]
Error: Cannot find module 'tap'
Require stack:
- C:\Users\ferna\Downloads\appforge-main\swarm\node_modules\@whiskeysockets\baileys\node_modules\pino\test\transport\targets.test.js
 Γ¥» Object.<anonymous> swarm/node_modules/@whiskeysockets/baileys/node_modules/pino/test/transport/targets.test.js:3:18

ΓÄ»ΓÄ»ΓÄ»ΓÄ»ΓÄ»ΓÄ»ΓÄ»ΓÄ»ΓÄ»ΓÄ»ΓÄ»ΓÄ»ΓÄ»ΓÄ»ΓÄ»ΓÄ»ΓÄ»ΓÄ»ΓÄ»ΓÄ»[243/411]ΓÄ»

 FAIL  swarm/node_modules/@whiskeysockets/baileys/node_modules/pino/test/transport/uses-pino-config.test.js [ swarm/node_modules/@whiskeysockets/baileys/node_modules/pino/test/transport/uses-pino-config.test.js ]
Error: Cannot find module 'flush-write-stream'
Require stack:
- C:\Users\ferna\Downloads\appforge-main\swarm\node_modules\@whiskeysockets\baileys\node_modules\pino\test\transport\uses-pino-config.test.js
 Γ¥» Object.<anonymous> swarm/node_modules/@whiskeysockets/baileys/node_modules/pino/test/transport/uses-pino-config.test.js:6:21

ΓÄ»ΓÄ»ΓÄ»ΓÄ»ΓÄ»ΓÄ»ΓÄ»ΓÄ»ΓÄ»ΓÄ»ΓÄ»ΓÄ»ΓÄ»ΓÄ»ΓÄ»ΓÄ»ΓÄ»ΓÄ»ΓÄ»ΓÄ»[244/411]ΓÄ»

 FAIL  swarm/node_modules/@whiskeysockets/baileys/node_modules/thread-stream/test/pkg/pkg.test.js [ swarm/node_modules/@whiskeysockets/baileys/node_modules/thread-stream/test/pkg/pkg.test.js ]
Error: Cannot find module 'tap'
Require stack:
- C:\Users\ferna\Downloads\appforge-main\swarm\node_modules\@whiskeysockets\baileys\node_modules\thread-stream\test\pkg\pkg.test.js
 Γ¥» Object.<anonymous> swarm/node_modules/@whiskeysockets/baileys/node_modules/thread-stream/test/pkg/pkg.test.js:3:18

ΓÄ»ΓÄ»ΓÄ»ΓÄ»ΓÄ»ΓÄ»ΓÄ»ΓÄ»ΓÄ»ΓÄ»ΓÄ»ΓÄ»ΓÄ»ΓÄ»ΓÄ»ΓÄ»ΓÄ»ΓÄ»ΓÄ»ΓÄ»[245/411]ΓÄ»

 FAIL  swarm/node_modules/openclaw/node_modules/zod/src/v4/classic/tests/datetime.test.ts [ swarm/node_modules/openclaw/node_modules/zod/src/v4/classic/tests/datetime.test.ts ]
Error: Failed to resolve import "recheck" from "swarm/node_modules/openclaw/node_modules/zod/src/v4/classic/tests/datetime.test.ts". Does the file exist?
  Plugin: vite:import-analysis
  File: C:/Users/ferna/Downloads/appforge-main/swarm/node_modules/openclaw/node_modules/zod/src/v4/classic/tests/datetime.test.ts:1:26
  1  |  import { checkSync } from "recheck";
     |                             ^
  2  |  import { expect, test } from "vitest";
  3  |  import * as z from "zod/v4";
 Γ¥» TransformPluginContext._formatLog node_modules/vite/dist/node/chunks/dep-D4NMHUTW.js:42528:41
 Γ¥» TransformPluginContext.error node_modules/vite/dist/node/chunks/dep-D4NMHUTW.js:42525:16
 Γ¥» normalizeUrl node_modules/vite/dist/node/chunks/dep-D4NMHUTW.js:40504:23
 Γ¥» node_modules/vite/dist/node/chunks/dep-D4NMHUTW.js:40623:37
 Γ¥» TransformPluginContext.transform node_modules/vite/dist/node/chunks/dep-D4NMHUTW.js:40550:7
 Γ¥» EnvironmentPluginContainer.transform node_modules/vite/dist/node/chunks/dep-D4NMHUTW.js:42323:18
 Γ¥» loadAndTransform node_modules/vite/dist/node/chunks/dep-D4NMHUTW.js:35739:27

ΓÄ»ΓÄ»ΓÄ»ΓÄ»ΓÄ»ΓÄ»ΓÄ»ΓÄ»ΓÄ»ΓÄ»ΓÄ»ΓÄ»ΓÄ»ΓÄ»ΓÄ»ΓÄ»ΓÄ»ΓÄ»ΓÄ»ΓÄ»[246/411]ΓÄ»

 FAIL  swarm/node_modules/openclaw/node_modules/zod/src/v4/classic/tests/file.test.ts [ swarm/node_modules/openclaw/node_modules/zod/src/v4/classic/tests/file.test.ts ]
Error: Failed to resolve import "@web-std/file" from "swarm/node_modules/openclaw/node_modules/zod/src/v4/classic/tests/file.test.ts". Does the file exist?
  Plugin: vite:import-analysis
  File: C:/Users/ferna/Downloads/appforge-main/swarm/node_modules/openclaw/node_modules/zod/src/v4/classic/tests/file.test.ts:1:32
  1  |  import { File as WebFile } from "@web-std/file";
     |                                   ^
  2  |  import { afterEach, beforeEach, expect, expectTypeOf, test } from "vitest";
  3  |  import * as z from "zod/v4";
 Γ¥» TransformPluginContext._formatLog node_modules/vite/dist/node/chunks/dep-D4NMHUTW.js:42528:41
 Γ¥» TransformPluginContext.error node_modules/vite/dist/node/chunks/dep-D4NMHUTW.js:42525:16
 Γ¥» normalizeUrl node_modules/vite/dist/node/chunks/dep-D4NMHUTW.js:40504:23
 Γ¥» node_modules/vite/dist/node/chunks/dep-D4NMHUTW.js:40623:37
 Γ¥» TransformPluginContext.transform node_modules/vite/dist/node/chunks/dep-D4NMHUTW.js:40550:7
 Γ¥» EnvironmentPluginContainer.transform node_modules/vite/dist/node/chunks/dep-D4NMHUTW.js:42323:18
 Γ¥» loadAndTransform node_modules/vite/dist/node/chunks/dep-D4NMHUTW.js:35739:27

ΓÄ»ΓÄ»ΓÄ»ΓÄ»ΓÄ»ΓÄ»ΓÄ»ΓÄ»ΓÄ»ΓÄ»ΓÄ»ΓÄ»ΓÄ»ΓÄ»ΓÄ»ΓÄ»ΓÄ»ΓÄ»ΓÄ»ΓÄ»[247/411]ΓÄ»

 FAIL  swarm/node_modules/openclaw/node_modules/zod/src/v4/classic/tests/to-json-schema.test.ts [ swarm/node_modules/openclaw/node_modules/zod/src/v4/classic/tests/to-json-schema.test.ts ]
Error: Failed to resolve import "@seriousme/openapi-schema-validator" from "swarm/node_modules/openclaw/node_modules/zod/src/v4/classic/tests/to-json-schema.test.ts". Does the file exist?
  Plugin: vite:import-analysis
  File: C:/Users/ferna/Downloads/appforge-main/swarm/node_modules/openclaw/node_modules/zod/src/v4/classic/tests/to-json-schema.test.ts:1:26
  1  |  import { Validator } from "@seriousme/openapi-schema-validator";
     |                             ^
  2  |  import { describe, expect, test } from "vitest";
  3  |  import * as z from "zod";
 Γ¥» TransformPluginContext._formatLog node_modules/vite/dist/node/chunks/dep-D4NMHUTW.js:42528:41
 Γ¥» TransformPluginContext.error node_modules/vite/dist/node/chunks/dep-D4NMHUTW.js:42525:16
 Γ¥» normalizeUrl node_modules/vite/dist/node/chunks/dep-D4NMHUTW.js:40504:23
 Γ¥» node_modules/vite/dist/node/chunks/dep-D4NMHUTW.js:40623:37
 Γ¥» TransformPluginContext.transform node_modules/vite/dist/node/chunks/dep-D4NMHUTW.js:40550:7
 Γ¥» EnvironmentPluginContainer.transform node_modules/vite/dist/node/chunks/dep-D4NMHUTW.js:42323:18
 Γ¥» loadAndTransform node_modules/vite/dist/node/chunks/dep-D4NMHUTW.js:35739:27

ΓÄ»ΓÄ»ΓÄ»ΓÄ»ΓÄ»ΓÄ»ΓÄ»ΓÄ»ΓÄ»ΓÄ»ΓÄ»ΓÄ»ΓÄ»ΓÄ»ΓÄ»ΓÄ»ΓÄ»ΓÄ»ΓÄ»ΓÄ»[248/411]ΓÄ»


ΓÄ»ΓÄ»ΓÄ»ΓÄ»ΓÄ»ΓÄ» Failed Tests 148 ΓÄ»ΓÄ»ΓÄ»ΓÄ»ΓÄ»ΓÄ»

 FAIL  src/tests/App.test.jsx > App > renders without crashing
ReferenceError: React is not defined
 Γ¥» src/tests/App.test.jsx:7:12
      5| describe('App', () => {
      6|   it('renders without crashing', () => {
      7|     render(<App />);
       |            ^
      8|     expect(document.body).toBeTruthy();
      9|   });

ΓÄ»ΓÄ»ΓÄ»ΓÄ»ΓÄ»ΓÄ»ΓÄ»ΓÄ»ΓÄ»ΓÄ»ΓÄ»ΓÄ»ΓÄ»ΓÄ»ΓÄ»ΓÄ»ΓÄ»ΓÄ»ΓÄ»ΓÄ»[249/411]ΓÄ»

 FAIL  src/components/sidebar/AIModelRouter.test.jsx > AIModelRouter Component > renders without crashing
ReferenceError: React is not defined
 Γ¥» src/components/sidebar/AIModelRouter.test.jsx:80:7
     78|   it('renders without crashing', () => {
     79|     renderWithRouter(
     80|       <LLMProvider value={mockLLMContext}>
       |       ^
     81|         <AIModelRouter />
     82|       </LLMProvider>

ΓÄ»ΓÄ»ΓÄ»ΓÄ»ΓÄ»ΓÄ»ΓÄ»ΓÄ»ΓÄ»ΓÄ»ΓÄ»ΓÄ»ΓÄ»ΓÄ»ΓÄ»ΓÄ»ΓÄ»ΓÄ»ΓÄ»ΓÄ»[250/411]ΓÄ»

 FAIL  src/components/sidebar/AIModelRouter.test.jsx > AIModelRouter Component > displays current model name and provider
ReferenceError: React is not defined
 Γ¥» src/components/sidebar/AIModelRouter.test.jsx:91:7
     89|   it('displays current model name and provider', () => {
     90|     renderWithRouter(
     91|       <LLMProvider value={mockLLMContext}>
       |       ^
     92|         <AIModelRouter />
     93|       </LLMProvider>

ΓÄ»ΓÄ»ΓÄ»ΓÄ»ΓÄ»ΓÄ»ΓÄ»ΓÄ»ΓÄ»ΓÄ»ΓÄ»ΓÄ»ΓÄ»ΓÄ»ΓÄ»ΓÄ»ΓÄ»ΓÄ»ΓÄ»ΓÄ»[251/411]ΓÄ»

 FAIL  src/components/sidebar/AIModelRouter.test.jsx > AIModelRouter Component > opens dropdown when Switch Model button is clicked
ReferenceError: React is not defined
 Γ¥» src/components/sidebar/AIModelRouter.test.jsx:101:7
     99|   it('opens dropdown when Switch Model button is clicked', async () =>ΓÇª
    100|     renderWithRouter(
    101|       <LLMProvider value={mockLLMContext}>
       |       ^
    102|         <AIModelRouter />
    103|       </LLMProvider>

ΓÄ»ΓÄ»ΓÄ»ΓÄ»ΓÄ»ΓÄ»ΓÄ»ΓÄ»ΓÄ»ΓÄ»ΓÄ»ΓÄ»ΓÄ»ΓÄ»ΓÄ»ΓÄ»ΓÄ»ΓÄ»ΓÄ»ΓÄ»[252/411]ΓÄ»

 FAIL  src/components/sidebar/AIModelRouter.test.jsx > AIModelRouter Component > filters models based on search query
ReferenceError: React is not defined
 Γ¥» src/components/sidebar/AIModelRouter.test.jsx:118:7
    116| 
    117|     renderWithRouter(
    118|       <LLMProvider value={mockLLMContext}>
       |       ^
    119|         <AIModelRouter />
    120|       </LLMProvider>

ΓÄ»ΓÄ»ΓÄ»ΓÄ»ΓÄ»ΓÄ»ΓÄ»ΓÄ»ΓÄ»ΓÄ»ΓÄ»ΓÄ»ΓÄ»ΓÄ»ΓÄ»ΓÄ»ΓÄ»ΓÄ»ΓÄ»ΓÄ»[253/411]ΓÄ»

 FAIL  src/components/sidebar/AIModelRouter.test.jsx > AIModelRouter Component > shows keyboard shortcut badges
ReferenceError: React is not defined
 Γ¥» src/components/sidebar/AIModelRouter.test.jsx:136:7
    134|   it('shows keyboard shortcut badges', async () => {
    135|     renderWithRouter(
    136|       <LLMProvider value={mockLLMContext}>
       |       ^
    137|         <AIModelRouter />
    138|       </LLMProvider>

ΓÄ»ΓÄ»ΓÄ»ΓÄ»ΓÄ»ΓÄ»ΓÄ»ΓÄ»ΓÄ»ΓÄ»ΓÄ»ΓÄ»ΓÄ»ΓÄ»ΓÄ»ΓÄ»ΓÄ»ΓÄ»ΓÄ»ΓÄ»[254/411]ΓÄ»

 FAIL  src/components/sidebar/AIModelRouter.test.jsx > AIModelRouter Component > clears search when X button is clicked
ReferenceError: React is not defined
 Γ¥» src/components/sidebar/AIModelRouter.test.jsx:153:7
    151| 
    152|     renderWithRouter(
    153|       <LLMProvider value={mockLLMContext}>
       |       ^
    154|         <AIModelRouter />
    155|       </LLMProvider>

ΓÄ»ΓÄ»ΓÄ»ΓÄ»ΓÄ»ΓÄ»ΓÄ»ΓÄ»ΓÄ»ΓÄ»ΓÄ»ΓÄ»ΓÄ»ΓÄ»ΓÄ»ΓÄ»ΓÄ»ΓÄ»ΓÄ»ΓÄ»[255/411]ΓÄ»

 FAIL  src/components/sidebar/AIModelRouter.test.jsx > AIModelRouter Component > calls updateSettings when model is selected
ReferenceError: React is not defined
 Γ¥» src/components/sidebar/AIModelRouter.test.jsx:175:7
    173| 
    174|     renderWithRouter(
    175|       <LLMProvider value={mockLLMContext}>
       |       ^
    176|         <AIModelRouter />
    177|       </LLMProvider>

ΓÄ»ΓÄ»ΓÄ»ΓÄ»ΓÄ»ΓÄ»ΓÄ»ΓÄ»ΓÄ»ΓÄ»ΓÄ»ΓÄ»ΓÄ»ΓÄ»ΓÄ»ΓÄ»ΓÄ»ΓÄ»ΓÄ»ΓÄ»[256/411]ΓÄ»

 FAIL  src/components/sidebar/AIModelRouter.test.jsx > AIModelRouter Component > shows model count in search results
ReferenceError: React is not defined
 Γ¥» src/components/sidebar/AIModelRouter.test.jsx:197:7
    195| 
    196|     renderWithRouter(
    197|       <LLMProvider value={mockLLMContext}>
       |       ^
    198|         <AIModelRouter />
    199|       </LLMProvider>

ΓÄ»ΓÄ»ΓÄ»ΓÄ»ΓÄ»ΓÄ»ΓÄ»ΓÄ»ΓÄ»ΓÄ»ΓÄ»ΓÄ»ΓÄ»ΓÄ»ΓÄ»ΓÄ»ΓÄ»ΓÄ»ΓÄ»ΓÄ»[257/411]ΓÄ»

 FAIL  src/components/sidebar/AIModelRouter.test.jsx > AIModelRouter Component > displays advanced options toggle
ReferenceError: React is not defined
 Γ¥» src/components/sidebar/AIModelRouter.test.jsx:211:7
    209|   it('displays advanced options toggle', () => {
    210|     renderWithRouter(
    211|       <LLMProvider value={mockLLMContext}>
       |       ^
    212|         <AIModelRouter />
    213|       </LLMProvider>

ΓÄ»ΓÄ»ΓÄ»ΓÄ»ΓÄ»ΓÄ»ΓÄ»ΓÄ»ΓÄ»ΓÄ»ΓÄ»ΓÄ»ΓÄ»ΓÄ»ΓÄ»ΓÄ»ΓÄ»ΓÄ»ΓÄ»ΓÄ»[258/411]ΓÄ»

 FAIL  src/components/sidebar/AIModelRouter.test.jsx > AIModelRouter Component > toggles advanced options visibility
ReferenceError: React is not defined
 Γ¥» src/components/sidebar/AIModelRouter.test.jsx:221:7
    219|   it('toggles advanced options visibility', async () => {
    220|     renderWithRouter(
    221|       <LLMProvider value={mockLLMContext}>
       |       ^
    222|         <AIModelRouter />
    223|       </LLMProvider>

ΓÄ»ΓÄ»ΓÄ»ΓÄ»ΓÄ»ΓÄ»ΓÄ»ΓÄ»ΓÄ»ΓÄ»ΓÄ»ΓÄ»ΓÄ»ΓÄ»ΓÄ»ΓÄ»ΓÄ»ΓÄ»ΓÄ»ΓÄ»[259/411]ΓÄ»

 FAIL  src/components/sidebar/AIModelRouter.test.jsx > AIModelRouter Component > displays cost information in advanced mode
ReferenceError: React is not defined
 Γ¥» src/components/sidebar/AIModelRouter.test.jsx:236:7
    234|   it('displays cost information in advanced mode', async () => {
    235|     renderWithRouter(
    236|       <LLMProvider value={mockLLMContext}>
       |       ^
    237|         <AIModelRouter />
    238|       </LLMProvider>

ΓÄ»ΓÄ»ΓÄ»ΓÄ»ΓÄ»ΓÄ»ΓÄ»ΓÄ»ΓÄ»ΓÄ»ΓÄ»ΓÄ»ΓÄ»ΓÄ»ΓÄ»ΓÄ»ΓÄ»ΓÄ»ΓÄ»ΓÄ»[260/411]ΓÄ»

 FAIL  src/components/sidebar/AIModelRouter.test.jsx > AIModelRouter Keyboard Shortcuts > responds to Ctrl+1 keyboard shortcut
ReferenceError: React is not defined
 Γ¥» src/components/sidebar/AIModelRouter.test.jsx:261:7
    259| 
    260|     renderWithRouter(
    261|       <LLMProvider value={mockLLMContext}>
       |       ^
    262|         <AIModelRouter />
    263|       </LLMProvider>

ΓÄ»ΓÄ»ΓÄ»ΓÄ»ΓÄ»ΓÄ»ΓÄ»ΓÄ»ΓÄ»ΓÄ»ΓÄ»ΓÄ»ΓÄ»ΓÄ»ΓÄ»ΓÄ»ΓÄ»ΓÄ»ΓÄ»ΓÄ»[261/411]ΓÄ»

 FAIL  src/components/sidebar/AIModelRouter.test.jsx > AIModelRouter Keyboard Shortcuts > responds to Cmd+1 on Mac
ReferenceError: React is not defined
 Γ¥» src/components/sidebar/AIModelRouter.test.jsx:288:7
    286| 
    287|     renderWithRouter(
    288|       <LLMProvider value={mockLLMContext}>
       |       ^
    289|         <AIModelRouter />
    290|       </LLMProvider>

ΓÄ»ΓÄ»ΓÄ»ΓÄ»ΓÄ»ΓÄ»ΓÄ»ΓÄ»ΓÄ»ΓÄ»ΓÄ»ΓÄ»ΓÄ»ΓÄ»ΓÄ»ΓÄ»ΓÄ»ΓÄ»ΓÄ»ΓÄ»[262/411]ΓÄ»

 FAIL  src/components/sidebar/ConsolidatedAISidebar.test.jsx > ConsolidatedAISidebar Component > renders without crashing
ReferenceError: React is not defined
 Γ¥» src/components/sidebar/ConsolidatedAISidebar.test.jsx:79:7
     77|   it('renders without crashing', () => {
     78|     renderWithRouter(
     79|       <LLMProvider>
       |       ^
     80|         <ConsolidatedAISidebar {...defaultProps} />
     81|       </LLMProvider>

ΓÄ»ΓÄ»ΓÄ»ΓÄ»ΓÄ»ΓÄ»ΓÄ»ΓÄ»ΓÄ»ΓÄ»ΓÄ»ΓÄ»ΓÄ»ΓÄ»ΓÄ»ΓÄ»ΓÄ»ΓÄ»ΓÄ»ΓÄ»[263/411]ΓÄ»

 FAIL  src/components/sidebar/ConsolidatedAISidebar.test.jsx > ConsolidatedAISidebar Component > displays header with APPFORGE branding
ReferenceError: React is not defined
 Γ¥» src/components/sidebar/ConsolidatedAISidebar.test.jsx:89:7
     87|   it('displays header with APPFORGE branding', () => {
     88|     renderWithRouter(
     89|       <LLMProvider>
       |       ^
     90|         <ConsolidatedAISidebar {...defaultProps} />
     91|       </LLMProvider>

ΓÄ»ΓÄ»ΓÄ»ΓÄ»ΓÄ»ΓÄ»ΓÄ»ΓÄ»ΓÄ»ΓÄ»ΓÄ»ΓÄ»ΓÄ»ΓÄ»ΓÄ»ΓÄ»ΓÄ»ΓÄ»ΓÄ»ΓÄ»[264/411]ΓÄ»

 FAIL  src/components/sidebar/ConsolidatedAISidebar.test.jsx > ConsolidatedAISidebar Component > shows collapse button in expanded state
ReferenceError: React is not defined
 Γ¥» src/components/sidebar/ConsolidatedAISidebar.test.jsx:99:7
     97|   it('shows collapse button in expanded state', () => {
     98|     renderWithRouter(
     99|       <LLMProvider>
       |       ^
    100|         <ConsolidatedAISidebar {...defaultProps} />
    101|       </LLMProvider>

ΓÄ»ΓÄ»ΓÄ»ΓÄ»ΓÄ»ΓÄ»ΓÄ»ΓÄ»ΓÄ»ΓÄ»ΓÄ»ΓÄ»ΓÄ»ΓÄ»ΓÄ»ΓÄ»ΓÄ»ΓÄ»ΓÄ»ΓÄ»[265/411]ΓÄ»

 FAIL  src/components/sidebar/ConsolidatedAISidebar.test.jsx > ConsolidatedAISidebar Component > renders all accordion sections
ReferenceError: React is not defined
 Γ¥» src/components/sidebar/ConsolidatedAISidebar.test.jsx:112:7
    110|   it('renders all accordion sections', () => {
    111|     renderWithRouter(
    112|       <LLMProvider>
       |       ^
    113|         <ConsolidatedAISidebar {...defaultProps} />
    114|       </LLMProvider>

ΓÄ»ΓÄ»ΓÄ»ΓÄ»ΓÄ»ΓÄ»ΓÄ»ΓÄ»ΓÄ»ΓÄ»ΓÄ»ΓÄ»ΓÄ»ΓÄ»ΓÄ»ΓÄ»ΓÄ»ΓÄ»ΓÄ»ΓÄ»[266/411]ΓÄ»

 FAIL  src/components/sidebar/ConsolidatedAISidebar.test.jsx > ConsolidatedAISidebar Component > includes AIModelRouter component
ReferenceError: React is not defined
 Γ¥» src/components/sidebar/ConsolidatedAISidebar.test.jsx:127:7
    125|   it('includes AIModelRouter component', () => {
    126|     renderWithRouter(
    127|       <LLMProvider>
       |       ^
    128|         <ConsolidatedAISidebar {...defaultProps} />
    129|       </LLMProvider>

ΓÄ»ΓÄ»ΓÄ»ΓÄ»ΓÄ»ΓÄ»ΓÄ»ΓÄ»ΓÄ»ΓÄ»ΓÄ»ΓÄ»ΓÄ»ΓÄ»ΓÄ»ΓÄ»ΓÄ»ΓÄ»ΓÄ»ΓÄ»[267/411]ΓÄ»

 FAIL  src/components/sidebar/ConsolidatedAISidebar.test.jsx > ConsolidatedAISidebar Component > displays admin section only for admin users
ReferenceError: React is not defined
 Γ¥» src/components/sidebar/ConsolidatedAISidebar.test.jsx:137:7
    135|   it('displays admin section only for admin users', () => {
    136|     const { rerender } = renderWithRouter(
    137|       <LLMProvider>
       |       ^
    138|         <ConsolidatedAISidebar {...defaultProps} user={mockUser} />
    139|       </LLMProvider>

ΓÄ»ΓÄ»ΓÄ»ΓÄ»ΓÄ»ΓÄ»ΓÄ»ΓÄ»ΓÄ»ΓÄ»ΓÄ»ΓÄ»ΓÄ»ΓÄ»ΓÄ»ΓÄ»ΓÄ»ΓÄ»ΓÄ»ΓÄ»[268/411]ΓÄ»

 FAIL  src/components/sidebar/ConsolidatedAISidebar.test.jsx > ConsolidatedAISidebar Component > calls onToggle when collapse button is clicked
ReferenceError: React is not defined
 Γ¥» src/components/sidebar/ConsolidatedAISidebar.test.jsx:168:7
    166| 
    167|     renderWithRouter(
    168|       <LLMProvider>
       |       ^
    169|         <ConsolidatedAISidebar {...defaultProps} onToggle={onToggle} />
    170|       </LLMProvider>

ΓÄ»ΓÄ»ΓÄ»ΓÄ»ΓÄ»ΓÄ»ΓÄ»ΓÄ»ΓÄ»ΓÄ»ΓÄ»ΓÄ»ΓÄ»ΓÄ»ΓÄ»ΓÄ»ΓÄ»ΓÄ»ΓÄ»ΓÄ»[269/411]ΓÄ»

 FAIL  src/components/sidebar/ConsolidatedAISidebar.test.jsx > ConsolidatedAISidebar Component > renders collapsed state when collapsed prop is true
ReferenceError: React is not defined
 Γ¥» src/components/sidebar/ConsolidatedAISidebar.test.jsx:185:7
    183|   it('renders collapsed state when collapsed prop is true', () => {
    184|     const { container } = renderWithRouter(
    185|       <LLMProvider>
       |       ^
    186|         <ConsolidatedAISidebar {...defaultProps} collapsed={true} />
    187|       </LLMProvider>

ΓÄ»ΓÄ»ΓÄ»ΓÄ»ΓÄ»ΓÄ»ΓÄ»ΓÄ»ΓÄ»ΓÄ»ΓÄ»ΓÄ»ΓÄ»ΓÄ»ΓÄ»ΓÄ»ΓÄ»ΓÄ»ΓÄ»ΓÄ»[270/411]ΓÄ»

 FAIL  src/components/sidebar/ConsolidatedAISidebar.test.jsx > ConsolidatedAISidebar Component > shows Settings link in footer
ReferenceError: React is not defined
 Γ¥» src/components/sidebar/ConsolidatedAISidebar.test.jsx:197:7
    195|   it('shows Settings link in footer', () => {
    196|     renderWithRouter(
    197|       <LLMProvider>
       |       ^
    198|         <ConsolidatedAISidebar {...defaultProps} />
    199|       </LLMProvider>

ΓÄ»ΓÄ»ΓÄ»ΓÄ»ΓÄ»ΓÄ»ΓÄ»ΓÄ»ΓÄ»ΓÄ»ΓÄ»ΓÄ»ΓÄ»ΓÄ»ΓÄ»ΓÄ»ΓÄ»ΓÄ»ΓÄ»ΓÄ»[271/411]ΓÄ»

 FAIL  src/components/sidebar/ConsolidatedAISidebar.test.jsx > ConsolidatedAISidebar Component > contains Core navigation items
ReferenceError: React is not defined
 Γ¥» src/components/sidebar/ConsolidatedAISidebar.test.jsx:207:7
    205|   it('contains Core navigation items', () => {
    206|     renderWithRouter(
    207|       <LLMProvider>
       |       ^
    208|         <ConsolidatedAISidebar {...defaultProps} />
    209|       </LLMProvider>

ΓÄ»ΓÄ»ΓÄ»ΓÄ»ΓÄ»ΓÄ»ΓÄ»ΓÄ»ΓÄ»ΓÄ»ΓÄ»ΓÄ»ΓÄ»ΓÄ»ΓÄ»ΓÄ»ΓÄ»ΓÄ»ΓÄ»ΓÄ»[272/411]ΓÄ»

 FAIL  src/components/sidebar/ConsolidatedAISidebar.test.jsx > ConsolidatedAISidebar Component > contains Build section items
ReferenceError: React is not defined
 Γ¥» src/components/sidebar/ConsolidatedAISidebar.test.jsx:218:7
    216|   it('contains Build section items', () => {
    217|     renderWithRouter(
    218|       <LLMProvider>
       |       ^
    219|         <ConsolidatedAISidebar {...defaultProps} />
    220|       </LLMProvider>

ΓÄ»ΓÄ»ΓÄ»ΓÄ»ΓÄ»ΓÄ»ΓÄ»ΓÄ»ΓÄ»ΓÄ»ΓÄ»ΓÄ»ΓÄ»ΓÄ»ΓÄ»ΓÄ»ΓÄ»ΓÄ»ΓÄ»ΓÄ»[273/411]ΓÄ»

 FAIL  src/components/sidebar/ConsolidatedAISidebar.test.jsx > ConsolidatedAISidebar Component > contains Enterprise section items
ReferenceError: React is not defined
 Γ¥» src/components/sidebar/ConsolidatedAISidebar.test.jsx:230:7
    228|   it('contains Enterprise section items', () => {
    229|     renderWithRouter(
    230|       <LLMProvider>
       |       ^
    231|         <ConsolidatedAISidebar {...defaultProps} />
    232|       </LLMProvider>

ΓÄ»ΓÄ»ΓÄ»ΓÄ»ΓÄ»ΓÄ»ΓÄ»ΓÄ»ΓÄ»ΓÄ»ΓÄ»ΓÄ»ΓÄ»ΓÄ»ΓÄ»ΓÄ»ΓÄ»ΓÄ»ΓÄ»ΓÄ»[274/411]ΓÄ»

 FAIL  src/components/sidebar/ConsolidatedAISidebar.test.jsx > ConsolidatedAISidebar Component > is memoized to prevent unnecessary re-renders
ReferenceError: React is not defined
 Γ¥» src/components/sidebar/ConsolidatedAISidebar.test.jsx:243:7
    241|   it('is memoized to prevent unnecessary re-renders', () => {
    242|     const { rerender } = renderWithRouter(
    243|       <LLMProvider>
       |       ^
    244|         <ConsolidatedAISidebar {...defaultProps} />
    245|       </LLMProvider>

ΓÄ»ΓÄ»ΓÄ»ΓÄ»ΓÄ»ΓÄ»ΓÄ»ΓÄ»ΓÄ»ΓÄ»ΓÄ»ΓÄ»ΓÄ»ΓÄ»ΓÄ»ΓÄ»ΓÄ»ΓÄ»ΓÄ»ΓÄ»[275/411]ΓÄ»

 FAIL  src/components/sidebar/ConsolidatedAISidebar.test.jsx > ConsolidatedAISidebar Collapsed State > renders collapsed sidebar with icons only
ReferenceError: React is not defined
 Γ¥» src/components/sidebar/ConsolidatedAISidebar.test.jsx:263:7
    261|   it('renders collapsed sidebar with icons only', () => {
    262|     renderWithRouter(
    263|       <LLMProvider>
       |       ^
    264|         <ConsolidatedAISidebar {...defaultProps} />
    265|       </LLMProvider>

ΓÄ»ΓÄ»ΓÄ»ΓÄ»ΓÄ»ΓÄ»ΓÄ»ΓÄ»ΓÄ»ΓÄ»ΓÄ»ΓÄ»ΓÄ»ΓÄ»ΓÄ»ΓÄ»ΓÄ»ΓÄ»ΓÄ»ΓÄ»[276/411]ΓÄ»

 FAIL  src/components/sidebar/ConsolidatedAISidebar.test.jsx > ConsolidatedAISidebar Collapsed State > shows expand button in collapsed state
ReferenceError: React is not defined
 Γ¥» src/components/sidebar/ConsolidatedAISidebar.test.jsx:277:7
    275|   it('shows expand button in collapsed state', () => {
    276|     renderWithRouter(
    277|       <LLMProvider>
       |       ^
    278|         <ConsolidatedAISidebar {...defaultProps} />
    279|       </LLMProvider>

ΓÄ»ΓÄ»ΓÄ»ΓÄ»ΓÄ»ΓÄ»ΓÄ»ΓÄ»ΓÄ»ΓÄ»ΓÄ»ΓÄ»ΓÄ»ΓÄ»ΓÄ»ΓÄ»ΓÄ»ΓÄ»ΓÄ»ΓÄ»[277/411]ΓÄ»

 FAIL  src/components/sidebar/MobileDrawerSidebar.test.jsx > MobileDrawerSidebar Component > renders hamburger menu button for mobile
ReferenceError: React is not defined
 Γ¥» src/components/sidebar/MobileDrawerSidebar.test.jsx:67:7
     65|   it('renders hamburger menu button for mobile', () => {
     66|     renderWithRouter(
     67|       <LLMProvider>
       |       ^
     68|         <MobileDrawerSidebar {...defaultProps} />
     69|       </LLMProvider>

ΓÄ»ΓÄ»ΓÄ»ΓÄ»ΓÄ»ΓÄ»ΓÄ»ΓÄ»ΓÄ»ΓÄ»ΓÄ»ΓÄ»ΓÄ»ΓÄ»ΓÄ»ΓÄ»ΓÄ»ΓÄ»ΓÄ»ΓÄ»[278/411]ΓÄ»

 FAIL  src/components/sidebar/MobileDrawerSidebar.test.jsx > MobileDrawerSidebar Component > includes Dialog component for drawer
ReferenceError: React is not defined
 Γ¥» src/components/sidebar/MobileDrawerSidebar.test.jsx:79:7
     77|   it('includes Dialog component for drawer', () => {
     78|     renderWithRouter(
     79|       <LLMProvider>
       |       ^
     80|         <MobileDrawerSidebar {...defaultProps} />
     81|       </LLMProvider>

ΓÄ»ΓÄ»ΓÄ»ΓÄ»ΓÄ»ΓÄ»ΓÄ»ΓÄ»ΓÄ»ΓÄ»ΓÄ»ΓÄ»ΓÄ»ΓÄ»ΓÄ»ΓÄ»ΓÄ»ΓÄ»ΓÄ»ΓÄ»[279/411]ΓÄ»

 FAIL  src/components/sidebar/MobileDrawerSidebar.test.jsx > MobileDrawerSidebar Component > displays APPFORGE branding in drawer header
ReferenceError: React is not defined
 Γ¥» src/components/sidebar/MobileDrawerSidebar.test.jsx:89:7
     87|   it('displays APPFORGE branding in drawer header', async () => {
     88|     renderWithRouter(
     89|       <LLMProvider>
       |       ^
     90|         <MobileDrawerSidebar {...defaultProps} />
     91|       </LLMProvider>

ΓÄ»ΓÄ»ΓÄ»ΓÄ»ΓÄ»ΓÄ»ΓÄ»ΓÄ»ΓÄ»ΓÄ»ΓÄ»ΓÄ»ΓÄ»ΓÄ»ΓÄ»ΓÄ»ΓÄ»ΓÄ»ΓÄ»ΓÄ»[280/411]ΓÄ»

 FAIL  src/components/sidebar/MobileDrawerSidebar.test.jsx > MobileDrawerSidebar Component > includes AIModelRouter in drawer
ReferenceError: React is not defined
 Γ¥» src/components/sidebar/MobileDrawerSidebar.test.jsx:106:7
    104|   it('includes AIModelRouter in drawer', () => {
    105|     renderWithRouter(
    106|       <LLMProvider>
       |       ^
    107|         <MobileDrawerSidebar {...defaultProps} />
    108|       </LLMProvider>

ΓÄ»ΓÄ»ΓÄ»ΓÄ»ΓÄ»ΓÄ»ΓÄ»ΓÄ»ΓÄ»ΓÄ»ΓÄ»ΓÄ»ΓÄ»ΓÄ»ΓÄ»ΓÄ»ΓÄ»ΓÄ»ΓÄ»ΓÄ»[281/411]ΓÄ»

 FAIL  src/components/sidebar/MobileDrawerSidebar.test.jsx > MobileDrawerSidebar Component > renders all navigation sections in drawer
ReferenceError: React is not defined
 Γ¥» src/components/sidebar/MobileDrawerSidebar.test.jsx:116:7
    114|   it('renders all navigation sections in drawer', async () => {
    115|     renderWithRouter(
    116|       <LLMProvider>
       |       ^
    117|         <MobileDrawerSidebar {...defaultProps} />
    118|       </LLMProvider>

ΓÄ»ΓÄ»ΓÄ»ΓÄ»ΓÄ»ΓÄ»ΓÄ»ΓÄ»ΓÄ»ΓÄ»ΓÄ»ΓÄ»ΓÄ»ΓÄ»ΓÄ»ΓÄ»ΓÄ»ΓÄ»ΓÄ»ΓÄ»[282/411]ΓÄ»

 FAIL  src/components/sidebar/MobileDrawerSidebar.test.jsx > MobileDrawerSidebar Component > displays Core section with Dashboard and Projects
ReferenceError: React is not defined
 Γ¥» src/components/sidebar/MobileDrawerSidebar.test.jsx:128:7
    126|   it('displays Core section with Dashboard and Projects', async () => {
    127|     renderWithRouter(
    128|       <LLMProvider>
       |       ^
    129|         <MobileDrawerSidebar {...defaultProps} />
    130|       </LLMProvider>

ΓÄ»ΓÄ»ΓÄ»ΓÄ»ΓÄ»ΓÄ»ΓÄ»ΓÄ»ΓÄ»ΓÄ»ΓÄ»ΓÄ»ΓÄ»ΓÄ»ΓÄ»ΓÄ»ΓÄ»ΓÄ»ΓÄ»ΓÄ»[283/411]ΓÄ»

 FAIL  src/components/sidebar/MobileDrawerSidebar.test.jsx > MobileDrawerSidebar Component > displays AI & Models section
ReferenceError: React is not defined
 Γ¥» src/components/sidebar/MobileDrawerSidebar.test.jsx:140:7
    138|   it('displays AI & Models section', async () => {
    139|     renderWithRouter(
    140|       <LLMProvider>
       |       ^
    141|         <MobileDrawerSidebar {...defaultProps} />
    142|       </LLMProvider>

ΓÄ»ΓÄ»ΓÄ»ΓÄ»ΓÄ»ΓÄ»ΓÄ»ΓÄ»ΓÄ»ΓÄ»ΓÄ»ΓÄ»ΓÄ»ΓÄ»ΓÄ»ΓÄ»ΓÄ»ΓÄ»ΓÄ»ΓÄ»[284/411]ΓÄ»

 FAIL  src/components/sidebar/MobileDrawerSidebar.test.jsx > MobileDrawerSidebar Component > displays Build section
ReferenceError: React is not defined
 Γ¥» src/components/sidebar/MobileDrawerSidebar.test.jsx:150:7
    148|   it('displays Build section', async () => {
    149|     renderWithRouter(
    150|       <LLMProvider>
       |       ^
    151|         <MobileDrawerSidebar {...defaultProps} />
    152|       </LLMProvider>

ΓÄ»ΓÄ»ΓÄ»ΓÄ»ΓÄ»ΓÄ»ΓÄ»ΓÄ»ΓÄ»ΓÄ»ΓÄ»ΓÄ»ΓÄ»ΓÄ»ΓÄ»ΓÄ»ΓÄ»ΓÄ»ΓÄ»ΓÄ»[285/411]ΓÄ»

 FAIL  src/components/sidebar/MobileDrawerSidebar.test.jsx > MobileDrawerSidebar Component > displays Templates section
ReferenceError: React is not defined
 Γ¥» src/components/sidebar/MobileDrawerSidebar.test.jsx:160:7
    158|   it('displays Templates section', async () => {
    159|     renderWithRouter(
    160|       <LLMProvider>
       |       ^
    161|         <MobileDrawerSidebar {...defaultProps} />
    162|       </LLMProvider>

ΓÄ»ΓÄ»ΓÄ»ΓÄ»ΓÄ»ΓÄ»ΓÄ»ΓÄ»ΓÄ»ΓÄ»ΓÄ»ΓÄ»ΓÄ»ΓÄ»ΓÄ»ΓÄ»ΓÄ»ΓÄ»ΓÄ»ΓÄ»[286/411]ΓÄ»

 FAIL  src/components/sidebar/MobileDrawerSidebar.test.jsx > MobileDrawerSidebar Component > displays Enterprise section
ReferenceError: React is not defined
 Γ¥» src/components/sidebar/MobileDrawerSidebar.test.jsx:170:7
    168|   it('displays Enterprise section', async () => {
    169|     renderWithRouter(
    170|       <LLMProvider>
       |       ^
    171|         <MobileDrawerSidebar {...defaultProps} />
    172|       </LLMProvider>

ΓÄ»ΓÄ»ΓÄ»ΓÄ»ΓÄ»ΓÄ»ΓÄ»ΓÄ»ΓÄ»ΓÄ»ΓÄ»ΓÄ»ΓÄ»ΓÄ»ΓÄ»ΓÄ»ΓÄ»ΓÄ»ΓÄ»ΓÄ»[287/411]ΓÄ»

 FAIL  src/components/sidebar/MobileDrawerSidebar.test.jsx > MobileDrawerSidebar Component > displays Web3 section
ReferenceError: React is not defined
 Γ¥» src/components/sidebar/MobileDrawerSidebar.test.jsx:180:7
    178|   it('displays Web3 section', async () => {
    179|     renderWithRouter(
    180|       <LLMProvider>
       |       ^
    181|         <MobileDrawerSidebar {...defaultProps} />
    182|       </LLMProvider>

ΓÄ»ΓÄ»ΓÄ»ΓÄ»ΓÄ»ΓÄ»ΓÄ»ΓÄ»ΓÄ»ΓÄ»ΓÄ»ΓÄ»ΓÄ»ΓÄ»ΓÄ»ΓÄ»ΓÄ»ΓÄ»ΓÄ»ΓÄ»[288/411]ΓÄ»

 FAIL  src/components/sidebar/MobileDrawerSidebar.test.jsx > MobileDrawerSidebar Component > displays Settings link in footer
ReferenceError: React is not defined
 Γ¥» src/components/sidebar/MobileDrawerSidebar.test.jsx:190:7
    188|   it('displays Settings link in footer', async () => {
    189|     renderWithRouter(
    190|       <LLMProvider>
       |       ^
    191|         <MobileDrawerSidebar {...defaultProps} />
    192|       </LLMProvider>

ΓÄ»ΓÄ»ΓÄ»ΓÄ»ΓÄ»ΓÄ»ΓÄ»ΓÄ»ΓÄ»ΓÄ»ΓÄ»ΓÄ»ΓÄ»ΓÄ»ΓÄ»ΓÄ»ΓÄ»ΓÄ»ΓÄ»ΓÄ»[289/411]ΓÄ»

 FAIL  src/components/sidebar/MobileDrawerSidebar.test.jsx > MobileDrawerSidebar Component > shows Admin section only for admin users
ReferenceError: React is not defined
 Γ¥» src/components/sidebar/MobileDrawerSidebar.test.jsx:200:7
    198|   it('shows Admin section only for admin users', () => {
    199|     const { rerender } = renderWithRouter(
    200|       <LLMProvider>
       |       ^
    201|         <MobileDrawerSidebar {...defaultProps} user={mockUser} />
    202|       </LLMProvider>

ΓÄ»ΓÄ»ΓÄ»ΓÄ»ΓÄ»ΓÄ»ΓÄ»ΓÄ»ΓÄ»ΓÄ»ΓÄ»ΓÄ»ΓÄ»ΓÄ»ΓÄ»ΓÄ»ΓÄ»ΓÄ»ΓÄ»ΓÄ»[290/411]ΓÄ»

 FAIL  src/components/sidebar/MobileDrawerSidebar.test.jsx > MobileDrawerSidebar Component > calls onClose when navigation item is clicked
ReferenceError: React is not defined
 Γ¥» src/components/sidebar/MobileDrawerSidebar.test.jsx:237:7
    235| 
    236|     renderWithRouter(
    237|       <LLMProvider>
       |       ^
    238|         <MobileDrawerSidebar {...defaultProps} onClose={onClose} />
    239|       </LLMProvider>

ΓÄ»ΓÄ»ΓÄ»ΓÄ»ΓÄ»ΓÄ»ΓÄ»ΓÄ»ΓÄ»ΓÄ»ΓÄ»ΓÄ»ΓÄ»ΓÄ»ΓÄ»ΓÄ»ΓÄ»ΓÄ»ΓÄ»ΓÄ»[291/411]ΓÄ»

 FAIL  src/components/sidebar/MobileDrawerSidebar.test.jsx > MobileDrawerSidebar Component > is memoized to prevent unnecessary re-renders
ReferenceError: React is not defined
 Γ¥» src/components/sidebar/MobileDrawerSidebar.test.jsx:249:7
    247|   it('is memoized to prevent unnecessary re-renders', () => {
    248|     renderWithRouter(
    249|       <LLMProvider>
       |       ^
    250|         <MobileDrawerSidebar {...defaultProps} />
    251|       </LLMProvider>

ΓÄ»ΓÄ»ΓÄ»ΓÄ»ΓÄ»ΓÄ»ΓÄ»ΓÄ»ΓÄ»ΓÄ»ΓÄ»ΓÄ»ΓÄ»ΓÄ»ΓÄ»ΓÄ»ΓÄ»ΓÄ»ΓÄ»ΓÄ»[292/411]ΓÄ»

 FAIL  src/components/sidebar/MobileDrawerSidebar.test.jsx > MobileDrawerSidebar Component > has responsive styling with hidden on desktop
ReferenceError: React is not defined
 Γ¥» src/components/sidebar/MobileDrawerSidebar.test.jsx:260:7
    258|   it('has responsive styling with hidden on desktop', () => {
    259|     const { container } = renderWithRouter(
    260|       <LLMProvider>
       |       ^
    261|         <MobileDrawerSidebar {...defaultProps} />
    262|       </LLMProvider>

ΓÄ»ΓÄ»ΓÄ»ΓÄ»ΓÄ»ΓÄ»ΓÄ»ΓÄ»ΓÄ»ΓÄ»ΓÄ»ΓÄ»ΓÄ»ΓÄ»ΓÄ»ΓÄ»ΓÄ»ΓÄ»ΓÄ»ΓÄ»[293/411]ΓÄ»

 FAIL  src/components/sidebar/MobileDrawerSidebar.test.jsx > MobileDrawerSidebar Component > displays proper section structure
ReferenceError: React is not defined
 Γ¥» src/components/sidebar/MobileDrawerSidebar.test.jsx:273:7
    271|   it('displays proper section structure', () => {
    272|     renderWithRouter(
    273|       <LLMProvider>
       |       ^
    274|         <MobileDrawerSidebar {...defaultProps} />
    275|       </LLMProvider>

ΓÄ»ΓÄ»ΓÄ»ΓÄ»ΓÄ»ΓÄ»ΓÄ»ΓÄ»ΓÄ»ΓÄ»ΓÄ»ΓÄ»ΓÄ»ΓÄ»ΓÄ»ΓÄ»ΓÄ»ΓÄ»ΓÄ»ΓÄ»[294/411]ΓÄ»

 FAIL  src/components/sidebar/MobileDrawerSidebar.test.jsx > MobileDrawerSidebar Dark Mode > supports dark mode styling
ReferenceError: React is not defined
 Γ¥» src/components/sidebar/MobileDrawerSidebar.test.jsx:293:7
    291|   it('supports dark mode styling', () => {
    292|     const { container } = renderWithRouter(
    293|       <LLMProvider>
       |       ^
    294|         <MobileDrawerSidebar {...defaultProps} />
    295|       </LLMProvider>

ΓÄ»ΓÄ»ΓÄ»ΓÄ»ΓÄ»ΓÄ»ΓÄ»ΓÄ»ΓÄ»ΓÄ»ΓÄ»ΓÄ»ΓÄ»ΓÄ»ΓÄ»ΓÄ»ΓÄ»ΓÄ»ΓÄ»ΓÄ»[295/411]ΓÄ»

 FAIL  src/lib/__tests__/holographicConsensus.test.ts > HolographicConsensusAnalyzer > Basic Functionality > should initialize with default parameters
 FAIL  src/lib/__tests__/holographicConsensus.test.ts > HolographicConsensusAnalyzer > Basic Functionality > should add model responses
 FAIL  src/lib/__tests__/holographicConsensus.test.ts > HolographicConsensusAnalyzer > Basic Functionality > should compute consensus with multiple responses
 FAIL  src/lib/__tests__/holographicConsensus.test.ts > HolographicConsensusAnalyzer > Basic Functionality > should handle conflicting responses
 FAIL  src/lib/__tests__/holographicConsensus.test.ts > HolographicConsensusAnalyzer > Entropy Calculation > should calculate low entropy for similar responses
 FAIL  src/lib/__tests__/holographicConsensus.test.ts > HolographicConsensusAnalyzer > Entropy Calculation > should calculate high entropy for diverse responses
 FAIL  src/lib/__tests__/holographicConsensus.test.ts > HolographicConsensusAnalyzer > Entropy Calculation > entropy should be between 0 and 1
 FAIL  src/lib/__tests__/holographicConsensus.test.ts > HolographicConsensusAnalyzer > Coherence Measurement > should measure coherence of tensor network
 FAIL  src/lib/__tests__/holographicConsensus.test.ts > HolographicConsensusAnalyzer > Coherence Measurement > should return high coherence for aligned responses
 FAIL  src/lib/__tests__/holographicConsensus.test.ts > HolographicConsensusAnalyzer > Singleton Pattern > should provide global singleton instance
 FAIL  src/lib/__tests__/holographicConsensus.test.ts > HolographicConsensusAnalyzer > Singleton Pattern > singleton should maintain state across calls
 FAIL  src/lib/__tests__/holographicConsensus.test.ts > HolographicConsensusAnalyzer > Edge Cases > should handle empty responses
 FAIL  src/lib/__tests__/holographicConsensus.test.ts > HolographicConsensusAnalyzer > Edge Cases > should handle single response
 FAIL  src/lib/__tests__/holographicConsensus.test.ts > HolographicConsensusAnalyzer > Edge Cases > should handle very long responses
 FAIL  src/lib/__tests__/holographicConsensus.test.ts > HolographicConsensusAnalyzer > Edge Cases > should handle special characters in responses
 FAIL  src/lib/__tests__/holographicConsensus.test.ts > HolographicConsensusAnalyzer > Performance > should compute consensus within reasonable time
 FAIL  src/lib/__tests__/holographicConsensus.test.ts > HolographicConsensusAnalyzer > Performance > should handle multiple computations efficiently
TypeError: __vite_ssr_import_0__.HolographicConsensusAnalyzer is not a constructor
 Γ¥» src/lib/__tests__/holographicConsensus.test.ts:7:16
      5| 
      6|   beforeEach(() => {
      7|     analyzer = new HolographicConsensusAnalyzer();
       |                ^
      8|   });
      9| 

ΓÄ»ΓÄ»ΓÄ»ΓÄ»ΓÄ»ΓÄ»ΓÄ»ΓÄ»ΓÄ»ΓÄ»ΓÄ»ΓÄ»ΓÄ»ΓÄ»ΓÄ»ΓÄ»ΓÄ»ΓÄ»ΓÄ»ΓÄ»[296/411]ΓÄ»

 FAIL  src/lib/__tests__/quantumIntegration.test.js > Quantum Core Integration > initializeQuantumCore > should initialize quantum module successfully
 FAIL  src/lib/__tests__/quantumIntegration.test.js > Quantum Core Integration > initializeQuantumCore > should return cached module on subsequent calls
 FAIL  src/lib/__tests__/quantumIntegration.test.js > Quantum Core Integration > initializeQuantumCore > should handle initialization errors gracefully
 FAIL  src/lib/__tests__/quantumIntegration.test.js > Quantum Core Integration > optimizeDependencies > should optimize simple dependency tree
 FAIL  src/lib/__tests__/quantumIntegration.test.js > Quantum Core Integration > optimizeDependencies > should respect custom constraints
 FAIL  src/lib/__tests__/quantumIntegration.test.js > Quantum Core Integration > optimizeDependencies > should handle empty dependencies
 FAIL  src/lib/__tests__/quantumIntegration.test.js > Quantum Core Integration > optimizeDependencies > should detect conflicting dependencies
 FAIL  src/lib/__tests__/quantumIntegration.test.js > Quantum Core Integration > analyzeCodeWithQuantum > should analyze code complexity
 FAIL  src/lib/__tests__/quantumIntegration.test.js > Quantum Core Integration > analyzeCodeWithQuantum > should identify performance bottlenecks
 FAIL  src/lib/__tests__/quantumIntegration.test.js > Quantum Core Integration > analyzeCodeWithQuantum > should suggest optimizations
 FAIL  src/lib/__tests__/quantumIntegration.test.js > Quantum Core Integration > analyzeCodeWithQuantum > should handle syntactically invalid code
 FAIL  src/lib/__tests__/quantumIntegration.test.js > Quantum Core Integration > getQuantumMetrics > should return current quantum metrics
 FAIL  src/lib/__tests__/quantumIntegration.test.js > Quantum Core Integration > getQuantumMetrics > should track quantum analysis success rate
 FAIL  src/lib/__tests__/quantumIntegration.test.js > Quantum Core Integration > getQuantumMetrics > should track performance metrics
 FAIL  src/lib/__tests__/quantumIntegration.test.js > Quantum Core Integration > getQuantumMetrics > should reset metrics when requested
 FAIL  src/lib/__tests__/quantumIntegration.test.js > Quantum Core Integration > Quantum Module Integration > should handle concurrent quantum operations
 FAIL  src/lib/__tests__/quantumIntegration.test.js > Quantum Core Integration > Quantum Module Integration > should maintain quantum state consistency
ReferenceError: jest is not defined
 Γ¥» src/lib/__tests__/quantumIntegration.test.js:15:5
     13| describe('Quantum Core Integration', () => {
     14|   beforeEach(() => {
     15|     jest.clearAllMocks();
       |     ^
     16|   });
     17| 

ΓÄ»ΓÄ»ΓÄ»ΓÄ»ΓÄ»ΓÄ»ΓÄ»ΓÄ»ΓÄ»ΓÄ»ΓÄ»ΓÄ»ΓÄ»ΓÄ»ΓÄ»ΓÄ»ΓÄ»ΓÄ»ΓÄ»ΓÄ»[297/411]ΓÄ»

 FAIL  src/lib/__tests__/quantumTunneling.test.ts > QuantumTunnelingAnalyzer > Penetration Testing > should initialize scanner
AssertionError: expected undefined to deeply equal []

- Expected: 
[]

+ Received: 
undefined

 Γ¥» src/lib/__tests__/quantumTunneling.test.ts:13:33
     11|     test('should initialize scanner', () => {
     12|       expect(analyzer).toBeDefined();
     13|       expect(analyzer.barriers).toEqual([]);
       |                                 ^
     14|     });
     15| 

ΓÄ»ΓÄ»ΓÄ»ΓÄ»ΓÄ»ΓÄ»ΓÄ»ΓÄ»ΓÄ»ΓÄ»ΓÄ»ΓÄ»ΓÄ»ΓÄ»ΓÄ»ΓÄ»ΓÄ»ΓÄ»ΓÄ»ΓÄ»[298/411]ΓÄ»

 FAIL  src/lib/__tests__/quantumTunneling.test.ts > QuantumTunnelingAnalyzer > Penetration Testing > should calculate low tunneling probability for strong barrier
AssertionError: expected 0.9049503885605692 to be less than 0.1
 Γ¥» src/lib/__tests__/quantumTunneling.test.ts:23:27
     21|       );
     22| 
     23|       expect(probability).toBeLessThan(0.1);
       |                           ^
     24|     });
     25| 

ΓÄ»ΓÄ»ΓÄ»ΓÄ»ΓÄ»ΓÄ»ΓÄ»ΓÄ»ΓÄ»ΓÄ»ΓÄ»ΓÄ»ΓÄ»ΓÄ»ΓÄ»ΓÄ»ΓÄ»ΓÄ»ΓÄ»ΓÄ»[299/411]ΓÄ»

 FAIL  src/lib/__tests__/quantumTunneling.test.ts > QuantumTunnelingAnalyzer > Penetration Testing > should calculate high tunneling probability for weak barrier
AssertionError: expected 0.027817511341019376 to be greater than 0.5
 Γ¥» src/lib/__tests__/quantumTunneling.test.ts:33:27
     31|       );
     32| 
     33|       expect(probability).toBeGreaterThan(0.5);
       |                           ^
     34|     });
     35| 

ΓÄ»ΓÄ»ΓÄ»ΓÄ»ΓÄ»ΓÄ»ΓÄ»ΓÄ»ΓÄ»ΓÄ»ΓÄ»ΓÄ»ΓÄ»ΓÄ»ΓÄ»ΓÄ»ΓÄ»ΓÄ»ΓÄ»ΓÄ»[300/411]ΓÄ»

 FAIL  src/lib/__tests__/quantumTunneling.test.ts > QuantumTunnelingAnalyzer > Security Analysis > should identify critical vulnerabilities
TypeError: actual value must be number or bigint, received "undefined"
 Γ¥» src/lib/__tests__/quantumTunneling.test.ts:48:32
     46| 
     47|       expect(result).toBeDefined();
     48|       expect(result.riskLevel).toBeGreaterThan('LOW');
       |                                ^
     49|     });
     50| 

ΓÄ»ΓÄ»ΓÄ»ΓÄ»ΓÄ»ΓÄ»ΓÄ»ΓÄ»ΓÄ»ΓÄ»ΓÄ»ΓÄ»ΓÄ»ΓÄ»ΓÄ»ΓÄ»ΓÄ»ΓÄ»ΓÄ»ΓÄ»[301/411]ΓÄ»

 FAIL  src/lib/__tests__/quantumTunneling.test.ts > QuantumTunnelingAnalyzer > Security Analysis > should identify strong security
AssertionError: expected undefined to be 'LOW' // Object.is equality

- Expected: 
"LOW"

+ Received: 
undefined

 Γ¥» src/lib/__tests__/quantumTunneling.test.ts:56:32
     54| 
     55|       expect(result).toBeDefined();
     56|       expect(result.riskLevel).toBe('LOW');
       |                                ^
     57|     });
     58| 

ΓÄ»ΓÄ»ΓÄ»ΓÄ»ΓÄ»ΓÄ»ΓÄ»ΓÄ»ΓÄ»ΓÄ»ΓÄ»ΓÄ»ΓÄ»ΓÄ»ΓÄ»ΓÄ»ΓÄ»ΓÄ»ΓÄ»ΓÄ»[302/411]ΓÄ»

 FAIL  src/lib/__tests__/quantumTunneling.test.ts > QuantumTunnelingAnalyzer > Security Analysis > should find critical weakness in barrier set
TypeError: analyzer.addBarrier is not a function
 Γ¥» src/lib/__tests__/quantumTunneling.test.ts:60:16
     58| 
     59|     test('should find critical weakness in barrier set', () => {
     60|       analyzer.addBarrier(0.8);
       |                ^
     61|       analyzer.addBarrier(0.2); // Weak point
     62|       analyzer.addBarrier(0.85);

ΓÄ»ΓÄ»ΓÄ»ΓÄ»ΓÄ»ΓÄ»ΓÄ»ΓÄ»ΓÄ»ΓÄ»ΓÄ»ΓÄ»ΓÄ»ΓÄ»ΓÄ»ΓÄ»ΓÄ»ΓÄ»ΓÄ»ΓÄ»[303/411]ΓÄ»

 FAIL  src/lib/__tests__/quantumTunneling.test.ts > QuantumTunnelingAnalyzer > WKB Approximation > should calculate reflection coefficient correctly
TypeError: analyzer.calculateReflectionCoefficient is not a function
 Γ¥» src/lib/__tests__/quantumTunneling.test.ts:72:35
     70|     test('should calculate reflection coefficient correctly', () => {
     71|       // For high energies, reflection should be low
     72|       const reflection = analyzer.calculateReflectionCoefficient(0.9, ΓÇª
       |                                   ^
     73|       expect(reflection).toBeLessThan(0.3);
     74|     });

ΓÄ»ΓÄ»ΓÄ»ΓÄ»ΓÄ»ΓÄ»ΓÄ»ΓÄ»ΓÄ»ΓÄ»ΓÄ»ΓÄ»ΓÄ»ΓÄ»ΓÄ»ΓÄ»ΓÄ»ΓÄ»ΓÄ»ΓÄ»[304/411]ΓÄ»

 FAIL  src/lib/__tests__/quantumTunneling.test.ts > QuantumTunnelingAnalyzer > WKB Approximation > should calculate transmission coefficient correctly
TypeError: analyzer.calculateReflectionCoefficient is not a function
 Γ¥» src/lib/__tests__/quantumTunneling.test.ts:82:35
     80|       const width = 0.8;
     81| 
     82|       const reflection = analyzer.calculateReflectionCoefficient(energΓÇª
       |                                   ^
     83|       const transmission = analyzer.calculateTunnelingProbability(enerΓÇª
     84| 

ΓÄ»ΓÄ»ΓÄ»ΓÄ»ΓÄ»ΓÄ»ΓÄ»ΓÄ»ΓÄ»ΓÄ»ΓÄ»ΓÄ»ΓÄ»ΓÄ»ΓÄ»ΓÄ»ΓÄ»ΓÄ»ΓÄ»ΓÄ»[305/411]ΓÄ»

 FAIL  src/lib/__tests__/quantumTunneling.test.ts > QuantumTunnelingAnalyzer > Attack Vector Analysis > should identify most likely attack vector
TypeError: analyzer.findMostLikelyVector is not a function
 Γ¥» src/lib/__tests__/quantumTunneling.test.ts:97:41
     95|       ];
     96| 
     97|       const mostLikely = await analyzer.findMostLikelyVector(vectors);
       |                                         ^
     98|       expect(mostLikely.vector).toBe('xss-attack');
     99|     });

ΓÄ»ΓÄ»ΓÄ»ΓÄ»ΓÄ»ΓÄ»ΓÄ»ΓÄ»ΓÄ»ΓÄ»ΓÄ»ΓÄ»ΓÄ»ΓÄ»ΓÄ»ΓÄ»ΓÄ»ΓÄ»ΓÄ»ΓÄ»[306/411]ΓÄ»

 FAIL  src/lib/__tests__/quantumTunneling.test.ts > QuantumTunnelingAnalyzer > Attack Vector Analysis > should score attack difficulty
TypeError: analyzer.scoreAttackDifficulty is not a function
 Γ¥» src/lib/__tests__/quantumTunneling.test.ts:102:30
    100| 
    101|     test('should score attack difficulty', () => {
    102|       const score = analyzer.scoreAttackDifficulty(0.85); // High barrΓÇª
       |                              ^
    103|       expect(score).toBeLessThan(50); // Low difficulty score for hardΓÇª
    104|     });

ΓÄ»ΓÄ»ΓÄ»ΓÄ»ΓÄ»ΓÄ»ΓÄ»ΓÄ»ΓÄ»ΓÄ»ΓÄ»ΓÄ»ΓÄ»ΓÄ»ΓÄ»ΓÄ»ΓÄ»ΓÄ»ΓÄ»ΓÄ»[307/411]ΓÄ»

 FAIL  src/lib/__tests__/quantumTunneling.test.ts > QuantumTunnelingAnalyzer > Singleton Pattern > singleton should maintain barrier state
TypeError: __vite_ssr_import_0__.tunneling.clearBarriers is not a function
 Γ¥» src/lib/__tests__/quantumTunneling.test.ts:114:17
    112| 
    113|     test('singleton should maintain barrier state', () => {
    114|       tunneling.clearBarriers();
       |                 ^
    115|       tunneling.addBarrier(0.5);
    116| 

ΓÄ»ΓÄ»ΓÄ»ΓÄ»ΓÄ»ΓÄ»ΓÄ»ΓÄ»ΓÄ»ΓÄ»ΓÄ»ΓÄ»ΓÄ»ΓÄ»ΓÄ»ΓÄ»ΓÄ»ΓÄ»ΓÄ»ΓÄ»[308/411]ΓÄ»

 FAIL  src/lib/__tests__/quantumZeno.test.ts > QuantumZenoMonitor > Stability Calculation > should initialize with default parameters
AssertionError: expected undefined to be 1 // Object.is equality

- Expected: 
1

+ Received: 
undefined

 Γ¥» src/lib/__tests__/quantumZeno.test.ts:13:37
     11|     test('should initialize with default parameters', () => {
     12|       expect(monitor).toBeDefined();
     13|       expect(monitor.testFrequency).toBe(1.0);
       |                                     ^
     14|       expect(monitor.stabilityHistory).toEqual([]);
     15|     });

ΓÄ»ΓÄ»ΓÄ»ΓÄ»ΓÄ»ΓÄ»ΓÄ»ΓÄ»ΓÄ»ΓÄ»ΓÄ»ΓÄ»ΓÄ»ΓÄ»ΓÄ»ΓÄ»ΓÄ»ΓÄ»ΓÄ»ΓÄ»[309/411]ΓÄ»

 FAIL  src/lib/__tests__/quantumZeno.test.ts > QuantumZenoMonitor > Stability Calculation > should calculate high stability with frequent testing
AssertionError: expected 0.7396994347292809 to be greater than 0.8
 Γ¥» src/lib/__tests__/quantumZeno.test.ts:23:25
     21|       );
     22| 
     23|       expect(stability).toBeGreaterThan(0.8);
       |                         ^
     24|     });
     25| 

ΓÄ»ΓÄ»ΓÄ»ΓÄ»ΓÄ»ΓÄ»ΓÄ»ΓÄ»ΓÄ»ΓÄ»ΓÄ»ΓÄ»ΓÄ»ΓÄ»ΓÄ»ΓÄ»ΓÄ»ΓÄ»ΓÄ»ΓÄ»[310/411]ΓÄ»

 FAIL  src/lib/__tests__/quantumZeno.test.ts > QuantumZenoMonitor > Zeno Effect Detection > should detect Zeno effect when active
TypeError: monitor.recordObservation is not a function
 Γ¥» src/lib/__tests__/quantumZeno.test.ts:44:15
     42|   describe('Zeno Effect Detection', () => {
     43|     test('should detect Zeno effect when active', () => {
     44|       monitor.recordObservation(0.95); // High stability
       |               ^
     45|       monitor.recordObservation(0.94);
     46|       monitor.recordObservation(0.96);

ΓÄ»ΓÄ»ΓÄ»ΓÄ»ΓÄ»ΓÄ»ΓÄ»ΓÄ»ΓÄ»ΓÄ»ΓÄ»ΓÄ»ΓÄ»ΓÄ»ΓÄ»ΓÄ»ΓÄ»ΓÄ»ΓÄ»ΓÄ»[311/411]ΓÄ»

 FAIL  src/lib/__tests__/quantumZeno.test.ts > QuantumZenoMonitor > Zeno Effect Detection > should detect degradation without frequent observation
TypeError: monitor.recordObservation is not a function
 Γ¥» src/lib/__tests__/quantumZeno.test.ts:53:15
     51| 
     52|     test('should detect degradation without frequent observation', () ΓÇª
     53|       monitor.recordObservation(0.9);
       |               ^
     54|       monitor.recordObservation(0.8);
     55|       monitor.recordObservation(0.7);

ΓÄ»ΓÄ»ΓÄ»ΓÄ»ΓÄ»ΓÄ»ΓÄ»ΓÄ»ΓÄ»ΓÄ»ΓÄ»ΓÄ»ΓÄ»ΓÄ»ΓÄ»ΓÄ»ΓÄ»ΓÄ»ΓÄ»ΓÄ»[312/411]ΓÄ»

 FAIL  src/lib/__tests__/quantumZeno.test.ts > QuantumZenoMonitor > Zeno Effect Detection > should calculate degradation timeline
TypeError: monitor.recordObservation is not a function
 Γ¥» src/lib/__tests__/quantumZeno.test.ts:64:17
     62|     test('should calculate degradation timeline', () => {
     63|       for (let i = 0; i < 10; i++) {
     64|         monitor.recordObservation(0.9 - i * 0.05);
       |                 ^
     65|       }
     66| 

ΓÄ»ΓÄ»ΓÄ»ΓÄ»ΓÄ»ΓÄ»ΓÄ»ΓÄ»ΓÄ»ΓÄ»ΓÄ»ΓÄ»ΓÄ»ΓÄ»ΓÄ»ΓÄ»ΓÄ»ΓÄ»ΓÄ»ΓÄ»[313/411]ΓÄ»

 FAIL  src/lib/__tests__/quantumZeno.test.ts > QuantumZenoMonitor > Testing Strategy > should recommend optimal test frequency
TypeError: monitor.recordObservation is not a function
 Γ¥» src/lib/__tests__/quantumZeno.test.ts:74:15
     72|   describe('Testing Strategy', () => {
     73|     test('should recommend optimal test frequency', () => {
     74|       monitor.recordObservation(0.8);
       |               ^
     75|       monitor.recordObservation(0.75);
     76| 

ΓÄ»ΓÄ»ΓÄ»ΓÄ»ΓÄ»ΓÄ»ΓÄ»ΓÄ»ΓÄ»ΓÄ»ΓÄ»ΓÄ»ΓÄ»ΓÄ»ΓÄ»ΓÄ»ΓÄ»ΓÄ»ΓÄ»ΓÄ»[314/411]ΓÄ»

 FAIL  src/lib/__tests__/quantumZeno.test.ts > QuantumZenoMonitor > Testing Strategy > should identify critical observation windows
TypeError: monitor.findCriticalObservationWindows is not a function
 Γ¥» src/lib/__tests__/quantumZeno.test.ts:83:31
     81| 
     82|     test('should identify critical observation windows', () => {
     83|       const windows = monitor.findCriticalObservationWindows();
       |                               ^
     84|       expect(Array.isArray(windows)).toBe(true);
     85|     });

ΓÄ»ΓÄ»ΓÄ»ΓÄ»ΓÄ»ΓÄ»ΓÄ»ΓÄ»ΓÄ»ΓÄ»ΓÄ»ΓÄ»ΓÄ»ΓÄ»ΓÄ»ΓÄ»ΓÄ»ΓÄ»ΓÄ»ΓÄ»[315/411]ΓÄ»

 FAIL  src/lib/__tests__/quantumZeno.test.ts > QuantumZenoMonitor > Testing Strategy > should calculate optimal observation pattern
TypeError: monitor.calculateOptimalObservationPattern is not a function
 Γ¥» src/lib/__tests__/quantumZeno.test.ts:88:31
     86| 
     87|     test('should calculate optimal observation pattern', () => {
     88|       const pattern = monitor.calculateOptimalObservationPattern(1.0);
       |                               ^
     89|       expect(pattern.frequency).toBeGreaterThan(0);
     90|       expect(pattern.duration).toBeGreaterThan(0);

ΓÄ»ΓÄ»ΓÄ»ΓÄ»ΓÄ»ΓÄ»ΓÄ»ΓÄ»ΓÄ»ΓÄ»ΓÄ»ΓÄ»ΓÄ»ΓÄ»ΓÄ»ΓÄ»ΓÄ»ΓÄ»ΓÄ»ΓÄ»[316/411]ΓÄ»

 FAIL  src/lib/__tests__/quantumZeno.test.ts > QuantumZenoMonitor > Freeze Depth Measurement > should measure freeze depth correctly
TypeError: monitor.recordObservation is not a function
 Γ¥» src/lib/__tests__/quantumZeno.test.ts:96:15
     94|   describe('Freeze Depth Measurement', () => {
     95|     test('should measure freeze depth correctly', () => {
     96|       monitor.recordObservation(0.99);
       |               ^
     97|       monitor.recordObservation(0.98);
     98|       monitor.recordObservation(0.99);

ΓÄ»ΓÄ»ΓÄ»ΓÄ»ΓÄ»ΓÄ»ΓÄ»ΓÄ»ΓÄ»ΓÄ»ΓÄ»ΓÄ»ΓÄ»ΓÄ»ΓÄ»ΓÄ»ΓÄ»ΓÄ»ΓÄ»ΓÄ»[317/411]ΓÄ»

 FAIL  src/lib/__tests__/quantumZeno.test.ts > QuantumZenoMonitor > Freeze Depth Measurement > should show shallow freeze for varied observations
TypeError: monitor.recordObservation is not a function
 Γ¥» src/lib/__tests__/quantumZeno.test.ts:105:15
    103| 
    104|     test('should show shallow freeze for varied observations', () => {
    105|       monitor.recordObservation(0.8);
       |               ^
    106|       monitor.recordObservation(0.5);
    107|       monitor.recordObservation(0.7);

ΓÄ»ΓÄ»ΓÄ»ΓÄ»ΓÄ»ΓÄ»ΓÄ»ΓÄ»ΓÄ»ΓÄ»ΓÄ»ΓÄ»ΓÄ»ΓÄ»ΓÄ»ΓÄ»ΓÄ»ΓÄ»ΓÄ»ΓÄ»[318/411]ΓÄ»

 FAIL  src/lib/__tests__/quantumZeno.test.ts > QuantumZenoMonitor > State Evolution > should track state evolution over time
TypeError: monitor.recordObservation is not a function
 Γ¥» src/lib/__tests__/quantumZeno.test.ts:119:17
    117|       for (let i = 0; i < 5; i++) {
    118|         const stability = 0.9 - i * 0.1;
    119|         monitor.recordObservation(stability);
       |                 ^
    120|         states.push(stability);
    121|       }

ΓÄ»ΓÄ»ΓÄ»ΓÄ»ΓÄ»ΓÄ»ΓÄ»ΓÄ»ΓÄ»ΓÄ»ΓÄ»ΓÄ»ΓÄ»ΓÄ»ΓÄ»ΓÄ»ΓÄ»ΓÄ»ΓÄ»ΓÄ»[319/411]ΓÄ»

 FAIL  src/lib/__tests__/quantumZeno.test.ts > QuantumZenoMonitor > State Evolution > should predict future stability
TypeError: monitor.recordObservation is not a function
 Γ¥» src/lib/__tests__/quantumZeno.test.ts:127:15
    125| 
    126|     test('should predict future stability', () => {
    127|       monitor.recordObservation(0.95);
       |               ^
    128|       monitor.recordObservation(0.94);
    129|       monitor.recordObservation(0.93);

ΓÄ»ΓÄ»ΓÄ»ΓÄ»ΓÄ»ΓÄ»ΓÄ»ΓÄ»ΓÄ»ΓÄ»ΓÄ»ΓÄ»ΓÄ»ΓÄ»ΓÄ»ΓÄ»ΓÄ»ΓÄ»ΓÄ»ΓÄ»[320/411]ΓÄ»

 FAIL  src/lib/__tests__/quantumZeno.test.ts > QuantumZenoMonitor > Singleton Pattern > singleton should maintain observation history
TypeError: __vite_ssr_import_0__.zeno.recordObservation is not a function
 Γ¥» src/lib/__tests__/quantumZeno.test.ts:145:12
    143|     test('singleton should maintain observation history', () => {
    144|       zeno.clearHistory();
    145|       zeno.recordObservation(0.9);
       |            ^
    146| 
    147|       expect(zeno.stabilityHistory.length).toBe(1);

ΓÄ»ΓÄ»ΓÄ»ΓÄ»ΓÄ»ΓÄ»ΓÄ»ΓÄ»ΓÄ»ΓÄ»ΓÄ»ΓÄ»ΓÄ»ΓÄ»ΓÄ»ΓÄ»ΓÄ»ΓÄ»ΓÄ»ΓÄ»[321/411]ΓÄ»

 FAIL  src/lib/__tests__/quantumZeno.test.ts > QuantumZenoMonitor > Edge Cases > should handle very high observations
TypeError: monitor.recordObservation is not a function
 Γ¥» src/lib/__tests__/quantumZeno.test.ts:158:15
    156| 
    157|     test('should handle very high observations', () => {
    158|       monitor.recordObservation(0.9999);
       |               ^
    159|       expect(monitor.stabilityHistory.length).toBe(1);
    160|     });

ΓÄ»ΓÄ»ΓÄ»ΓÄ»ΓÄ»ΓÄ»ΓÄ»ΓÄ»ΓÄ»ΓÄ»ΓÄ»ΓÄ»ΓÄ»ΓÄ»ΓÄ»ΓÄ»ΓÄ»ΓÄ»ΓÄ»ΓÄ»[322/411]ΓÄ»

 FAIL  src/lib/__tests__/quantumZeno.test.ts > QuantumZenoMonitor > Edge Cases > should handle very low observations
TypeError: monitor.recordObservation is not a function
 Γ¥» src/lib/__tests__/quantumZeno.test.ts:163:15
    161| 
    162|     test('should handle very low observations', () => {
    163|       monitor.recordObservation(0.0001);
       |               ^
    164|       expect(monitor.stabilityHistory.length).toBe(1);
    165|     });

ΓÄ»ΓÄ»ΓÄ»ΓÄ»ΓÄ»ΓÄ»ΓÄ»ΓÄ»ΓÄ»ΓÄ»ΓÄ»ΓÄ»ΓÄ»ΓÄ»ΓÄ»ΓÄ»ΓÄ»ΓÄ»ΓÄ»ΓÄ»[323/411]ΓÄ»

 FAIL  src/lib/__tests__/quantumZeno.test.ts > QuantumZenoMonitor > Edge Cases > should handle consecutive identical observations
TypeError: monitor.recordObservation is not a function
 Γ¥» src/lib/__tests__/quantumZeno.test.ts:169:17
    167|     test('should handle consecutive identical observations', () => {
    168|       for (let i = 0; i < 100; i++) {
    169|         monitor.recordObservation(0.75);
       |                 ^
    170|       }
    171| 

ΓÄ»ΓÄ»ΓÄ»ΓÄ»ΓÄ»ΓÄ»ΓÄ»ΓÄ»ΓÄ»ΓÄ»ΓÄ»ΓÄ»ΓÄ»ΓÄ»ΓÄ»ΓÄ»ΓÄ»ΓÄ»ΓÄ»ΓÄ»[324/411]ΓÄ»

 FAIL  src/lib/__tests__/quantumZeno.test.ts > QuantumZenoMonitor > Performance > should handle large observation datasets
TypeError: monitor.recordObservation is not a function
 Γ¥» src/lib/__tests__/quantumZeno.test.ts:182:17
    180|       
    181|       for (let i = 0; i < 10000; i++) {
    182|         monitor.recordObservation(Math.random());
       |                 ^
    183|       }
    184|       

ΓÄ»ΓÄ»ΓÄ»ΓÄ»ΓÄ»ΓÄ»ΓÄ»ΓÄ»ΓÄ»ΓÄ»ΓÄ»ΓÄ»ΓÄ»ΓÄ»ΓÄ»ΓÄ»ΓÄ»ΓÄ»ΓÄ»ΓÄ»[325/411]ΓÄ»

 FAIL  backend/node_modules/jpeg-exif/test/index.test.js > .parseSync() > APP1:#0xffe1
Error: ENOENT: no such file or directory, open 'C:\Users\ferna\Downloads\appforge-main\test\IMG_0001.JPG'
 Γ¥» Object.sync [as parseSync] backend/node_modules/jpeg-exif/lib/index.js:313:29
 Γ¥» backend/node_modules/jpeg-exif/test/index.test.js:65:23

ΓÄ»ΓÄ»ΓÄ»ΓÄ»ΓÄ»ΓÄ»ΓÄ»ΓÄ»ΓÄ»ΓÄ»ΓÄ»ΓÄ»ΓÄ»ΓÄ»ΓÄ»ΓÄ»ΓÄ»ΓÄ»ΓÄ»ΓÄ»[326/411]ΓÄ»

 FAIL  backend/node_modules/jpeg-exif/test/index.test.js > .parseSync() > !APP1:#0xffe1
Error: ENOENT: no such file or directory, open 'C:\Users\ferna\Downloads\appforge-main\test\IMG_0003.JPG'
 Γ¥» Object.sync [as parseSync] backend/node_modules/jpeg-exif/lib/index.js:313:29
 Γ¥» backend/node_modules/jpeg-exif/test/index.test.js:70:23

ΓÄ»ΓÄ»ΓÄ»ΓÄ»ΓÄ»ΓÄ»ΓÄ»ΓÄ»ΓÄ»ΓÄ»ΓÄ»ΓÄ»ΓÄ»ΓÄ»ΓÄ»ΓÄ»ΓÄ»ΓÄ»ΓÄ»ΓÄ»[327/411]ΓÄ»

 FAIL  backend/node_modules/jpeg-exif/test/index.test.js > .parseSync() > [SubExif]
Error: ENOENT: no such file or directory, open 'C:\Users\ferna\Downloads\appforge-main\test\IMG_0001.JPG'
 Γ¥» Object.sync [as parseSync] backend/node_modules/jpeg-exif/lib/index.js:313:29
 Γ¥» backend/node_modules/jpeg-exif/test/index.test.js:75:23

ΓÄ»ΓÄ»ΓÄ»ΓÄ»ΓÄ»ΓÄ»ΓÄ»ΓÄ»ΓÄ»ΓÄ»ΓÄ»ΓÄ»ΓÄ»ΓÄ»ΓÄ»ΓÄ»ΓÄ»ΓÄ»ΓÄ»ΓÄ»[328/411]ΓÄ»

 FAIL  backend/node_modules/jpeg-exif/test/index.test.js > .parseSync() > [GPSInfo]
Error: ENOENT: no such file or directory, open 'C:\Users\ferna\Downloads\appforge-main\test\IMG_0001.JPG'
 Γ¥» Object.sync [as parseSync] backend/node_modules/jpeg-exif/lib/index.js:313:29
 Γ¥» backend/node_modules/jpeg-exif/test/index.test.js:80:23

ΓÄ»ΓÄ»ΓÄ»ΓÄ»ΓÄ»ΓÄ»ΓÄ»ΓÄ»ΓÄ»ΓÄ»ΓÄ»ΓÄ»ΓÄ»ΓÄ»ΓÄ»ΓÄ»ΓÄ»ΓÄ»ΓÄ»ΓÄ»[329/411]ΓÄ»

 FAIL  backend/node_modules/jpeg-exif/test/index.test.js > .parseSync() > TIFF
Error: ENOENT: no such file or directory, open 'C:\Users\ferna\Downloads\appforge-main\test\Arbitro.tiff'
 Γ¥» Object.sync [as parseSync] backend/node_modules/jpeg-exif/lib/index.js:313:29
 Γ¥» backend/node_modules/jpeg-exif/test/index.test.js:85:23

ΓÄ»ΓÄ»ΓÄ»ΓÄ»ΓÄ»ΓÄ»ΓÄ»ΓÄ»ΓÄ»ΓÄ»ΓÄ»ΓÄ»ΓÄ»ΓÄ»ΓÄ»ΓÄ»ΓÄ»ΓÄ»ΓÄ»ΓÄ»[330/411]ΓÄ»

 FAIL  backend/node_modules/jpeg-exif/test/index.test.js > .fromBuffer() > APP1:#0xffe1
Error: ENOENT: no such file or directory, open 'C:\Users\ferna\Downloads\appforge-main\test\IMG_0001.JPG'
 Γ¥» backend/node_modules/jpeg-exif/test/index.test.js:109:23

ΓÄ»ΓÄ»ΓÄ»ΓÄ»ΓÄ»ΓÄ»ΓÄ»ΓÄ»ΓÄ»ΓÄ»ΓÄ»ΓÄ»ΓÄ»ΓÄ»ΓÄ»ΓÄ»ΓÄ»ΓÄ»ΓÄ»ΓÄ»[331/411]ΓÄ»

 FAIL  backend/node_modules/jpeg-exif/test/index.test.js > .fromBuffer() > !APP1:#0xffe1
Error: ENOENT: no such file or directory, open 'C:\Users\ferna\Downloads\appforge-main\test\IMG_0003.JPG'
 Γ¥» backend/node_modules/jpeg-exif/test/index.test.js:116:23

ΓÄ»ΓÄ»ΓÄ»ΓÄ»ΓÄ»ΓÄ»ΓÄ»ΓÄ»ΓÄ»ΓÄ»ΓÄ»ΓÄ»ΓÄ»ΓÄ»ΓÄ»ΓÄ»ΓÄ»ΓÄ»ΓÄ»ΓÄ»[332/411]ΓÄ»

 FAIL  backend/node_modules/jpeg-exif/test/index.test.js > .fromBuffer() > [SubExif]
Error: ENOENT: no such file or directory, open 'C:\Users\ferna\Downloads\appforge-main\test\IMG_0001.JPG'
 Γ¥» backend/node_modules/jpeg-exif/test/index.test.js:123:23

ΓÄ»ΓÄ»ΓÄ»ΓÄ»ΓÄ»ΓÄ»ΓÄ»ΓÄ»ΓÄ»ΓÄ»ΓÄ»ΓÄ»ΓÄ»ΓÄ»ΓÄ»ΓÄ»ΓÄ»ΓÄ»ΓÄ»ΓÄ»[333/411]ΓÄ»

 FAIL  backend/node_modules/jpeg-exif/test/index.test.js > .fromBuffer() > [GPSInfo]
Error: ENOENT: no such file or directory, open 'C:\Users\ferna\Downloads\appforge-main\test\IMG_0001.JPG'
 Γ¥» backend/node_modules/jpeg-exif/test/index.test.js:130:23

ΓÄ»ΓÄ»ΓÄ»ΓÄ»ΓÄ»ΓÄ»ΓÄ»ΓÄ»ΓÄ»ΓÄ»ΓÄ»ΓÄ»ΓÄ»ΓÄ»ΓÄ»ΓÄ»ΓÄ»ΓÄ»ΓÄ»ΓÄ»[334/411]ΓÄ»

 FAIL  src/components/ui/__tests__/button.test.jsx > Button > renders with text
ReferenceError: React is not defined
 Γ¥» src/components/ui/__tests__/button.test.jsx:12:12
     10| describe('Button', () => {
     11|   it('renders with text', () => {
     12|     render(<Button>Click me</Button>);
       |            ^
     13|     expect(screen.getByRole('button', { name: /click me/i })).toBeInThΓÇª
     14|   });

ΓÄ»ΓÄ»ΓÄ»ΓÄ»ΓÄ»ΓÄ»ΓÄ»ΓÄ»ΓÄ»ΓÄ»ΓÄ»ΓÄ»ΓÄ»ΓÄ»ΓÄ»ΓÄ»ΓÄ»ΓÄ»ΓÄ»ΓÄ»[335/411]ΓÄ»

 FAIL  src/components/ui/__tests__/button.test.jsx > Button > handles click events
ReferenceError: React is not defined
 Γ¥» src/components/ui/__tests__/button.test.jsx:20:12
     18|     const user = userEvent.setup();
     19|     
     20|     render(<Button onClick={handleClick}>Click me</Button>);
       |            ^
     21|     
     22|     await user.click(screen.getByRole('button'));

ΓÄ»ΓÄ»ΓÄ»ΓÄ»ΓÄ»ΓÄ»ΓÄ»ΓÄ»ΓÄ»ΓÄ»ΓÄ»ΓÄ»ΓÄ»ΓÄ»ΓÄ»ΓÄ»ΓÄ»ΓÄ»ΓÄ»ΓÄ»[336/411]ΓÄ»

 FAIL  src/components/ui/__tests__/button.test.jsx > Button > can be disabled
ReferenceError: React is not defined
 Γ¥» src/components/ui/__tests__/button.test.jsx:27:12
     25| 
     26|   it('can be disabled', () => {
     27|     render(<Button disabled>Disabled</Button>);
       |            ^
     28|     expect(screen.getByRole('button')).toBeDisabled();
     29|   });

ΓÄ»ΓÄ»ΓÄ»ΓÄ»ΓÄ»ΓÄ»ΓÄ»ΓÄ»ΓÄ»ΓÄ»ΓÄ»ΓÄ»ΓÄ»ΓÄ»ΓÄ»ΓÄ»ΓÄ»ΓÄ»ΓÄ»ΓÄ»[337/411]ΓÄ»

 FAIL  src/components/ui/__tests__/button.test.jsx > Button > applies variant styles
ReferenceError: React is not defined
 Γ¥» src/components/ui/__tests__/button.test.jsx:32:33
     30| 
     31|   it('applies variant styles', () => {
     32|     const { rerender } = render(<Button variant="destructive">Delete</ΓÇª
       |                                 ^
     33|     const button = screen.getByRole('button');
     34|     

ΓÄ»ΓÄ»ΓÄ»ΓÄ»ΓÄ»ΓÄ»ΓÄ»ΓÄ»ΓÄ»ΓÄ»ΓÄ»ΓÄ»ΓÄ»ΓÄ»ΓÄ»ΓÄ»ΓÄ»ΓÄ»ΓÄ»ΓÄ»[338/411]ΓÄ»

 FAIL  src/components/ui/__tests__/button.test.jsx > Button > applies size classes
ReferenceError: React is not defined
 Γ¥» src/components/ui/__tests__/button.test.jsx:42:33
     40| 
     41|   it('applies size classes', () => {
     42|     const { rerender } = render(<Button size="sm">Small</Button>);
       |                                 ^
     43|     let button = screen.getByRole('button');
     44|     expect(button).toHaveClass('h-8');

ΓÄ»ΓÄ»ΓÄ»ΓÄ»ΓÄ»ΓÄ»ΓÄ»ΓÄ»ΓÄ»ΓÄ»ΓÄ»ΓÄ»ΓÄ»ΓÄ»ΓÄ»ΓÄ»ΓÄ»ΓÄ»ΓÄ»ΓÄ»[339/411]ΓÄ»

 FAIL  src/components/ui/__tests__/button.test.jsx > Button > renders as child component with asChild prop
ReferenceError: React is not defined
 Γ¥» src/components/ui/__tests__/button.test.jsx:53:7
     51|   it('renders as child component with asChild prop', () => {
     52|     render(
     53|       <Button asChild>
       |       ^
     54|         <a href="/test">Link Button</a>
     55|       </Button>

ΓÄ»ΓÄ»ΓÄ»ΓÄ»ΓÄ»ΓÄ»ΓÄ»ΓÄ»ΓÄ»ΓÄ»ΓÄ»ΓÄ»ΓÄ»ΓÄ»ΓÄ»ΓÄ»ΓÄ»ΓÄ»ΓÄ»ΓÄ»[340/411]ΓÄ»

 FAIL  src/components/ui/__tests__/card.test.jsx > Card Components > renders card with all parts
ReferenceError: React is not defined
 Γ¥» src/components/ui/__tests__/card.test.jsx:12:7
     10|   it('renders card with all parts', () => {
     11|     render(
     12|       <Card>
       |       ^
     13|         <CardHeader>
     14|           <CardTitle>Test Title</CardTitle>

ΓÄ»ΓÄ»ΓÄ»ΓÄ»ΓÄ»ΓÄ»ΓÄ»ΓÄ»ΓÄ»ΓÄ»ΓÄ»ΓÄ»ΓÄ»ΓÄ»ΓÄ»ΓÄ»ΓÄ»ΓÄ»ΓÄ»ΓÄ»[341/411]ΓÄ»

 FAIL  src/components/ui/__tests__/card.test.jsx > Card Components > applies custom className
ReferenceError: React is not defined
 Γ¥» src/components/ui/__tests__/card.test.jsx:30:7
     28|   it('applies custom className', () => {
     29|     const { container } = render(
     30|       <Card className="custom-class">Content</Card>
       |       ^
     31|     );
     32| 

ΓÄ»ΓÄ»ΓÄ»ΓÄ»ΓÄ»ΓÄ»ΓÄ»ΓÄ»ΓÄ»ΓÄ»ΓÄ»ΓÄ»ΓÄ»ΓÄ»ΓÄ»ΓÄ»ΓÄ»ΓÄ»ΓÄ»ΓÄ»[342/411]ΓÄ»

 FAIL  src/components/ui/__tests__/card.test.jsx > Card Components > has proper semantic structure
ReferenceError: React is not defined
 Γ¥» src/components/ui/__tests__/card.test.jsx:39:7
     37|   it('has proper semantic structure', () => {
     38|     const { container } = render(
     39|       <Card>
       |       ^
     40|         <CardHeader>
     41|           <CardTitle>Title</CardTitle>

ΓÄ»ΓÄ»ΓÄ»ΓÄ»ΓÄ»ΓÄ»ΓÄ»ΓÄ»ΓÄ»ΓÄ»ΓÄ»ΓÄ»ΓÄ»ΓÄ»ΓÄ»ΓÄ»ΓÄ»ΓÄ»ΓÄ»ΓÄ»[343/411]ΓÄ»

 FAIL  src/tests/unit/components/PrivateRoute.test.jsx > PrivateRoute > should render protected content when authenticated
ReferenceError: React is not defined
 Γ¥» src/tests/unit/components/PrivateRoute.test.jsx:48:7
     46|   it('should render protected content when authenticated', () => {
     47|     const privateRoute = (
     48|       <PrivateRoute>
       |       ^
     49|         <MockComponent />
     50|       </PrivateRoute>

ΓÄ»ΓÄ»ΓÄ»ΓÄ»ΓÄ»ΓÄ»ΓÄ»ΓÄ»ΓÄ»ΓÄ»ΓÄ»ΓÄ»ΓÄ»ΓÄ»ΓÄ»ΓÄ»ΓÄ»ΓÄ»ΓÄ»ΓÄ»[344/411]ΓÄ»

 FAIL  src/tests/unit/components/PrivateRoute.test.jsx > PrivateRoute > should redirect to login when not authenticated
ReferenceError: React is not defined
 Γ¥» src/tests/unit/components/PrivateRoute.test.jsx:63:7
     61|   it('should redirect to login when not authenticated', () => {
     62|     const privateRoute = (
     63|       <PrivateRoute>
       |       ^
     64|         <MockComponent />
     65|       </PrivateRoute>

ΓÄ»ΓÄ»ΓÄ»ΓÄ»ΓÄ»ΓÄ»ΓÄ»ΓÄ»ΓÄ»ΓÄ»ΓÄ»ΓÄ»ΓÄ»ΓÄ»ΓÄ»ΓÄ»ΓÄ»ΓÄ»ΓÄ»ΓÄ»[345/411]ΓÄ»

 FAIL  src/tests/unit/components/PrivateRoute.test.jsx > PrivateRoute > should show loading state while checking authentication
ReferenceError: React is not defined
 Γ¥» src/tests/unit/components/PrivateRoute.test.jsx:76:7
     74|   it('should show loading state while checking authentication', () => {
     75|     const privateRoute = (
     76|       <PrivateRoute>
       |       ^
     77|         <MockComponent />
     78|       </PrivateRoute>

ΓÄ»ΓÄ»ΓÄ»ΓÄ»ΓÄ»ΓÄ»ΓÄ»ΓÄ»ΓÄ»ΓÄ»ΓÄ»ΓÄ»ΓÄ»ΓÄ»ΓÄ»ΓÄ»ΓÄ»ΓÄ»ΓÄ»ΓÄ»[346/411]ΓÄ»

 FAIL  swarm/node_modules/openclaw/extensions/google-gemini-cli-auth/oauth.test.ts > extractGeminiCliCredentials > returns null when gemini binary is not in PATH
Error: [vitest] There was an error when mocking a module. If you are using "vi.mock" factory, make sure there are no top level variables inside, since this call is hoisted to top of the file. Read more: https://vitest.dev/api/vi.html#vi-mock
 Γ¥» swarm/node_modules/openclaw/extensions/google-gemini-cli-auth/oauth.ts:2:1
      1| import { createHash, randomBytes } from "node:crypto";
      2| import { existsSync, readFileSync, readdirSync, realpathSync } from "nΓÇª
       | ^
      3| import { createServer } from "node:http";
      4| import { delimiter, dirname, join } from "node:path";
 Γ¥» swarm/node_modules/openclaw/extensions/google-gemini-cli-auth/oauth.test.ts:48:68

Caused by: TypeError: The argument 'filename' must be a file URL object, file URL string, or absolute path string. Received 'file:///@id/__vite-browser-external:node:fs'
ΓÄ»ΓÄ»ΓÄ»ΓÄ»ΓÄ»ΓÄ»ΓÄ»ΓÄ»ΓÄ»ΓÄ»ΓÄ»ΓÄ»ΓÄ»ΓÄ»ΓÄ»ΓÄ»ΓÄ»ΓÄ»ΓÄ»ΓÄ»ΓÄ»ΓÄ»ΓÄ»ΓÄ»ΓÄ»ΓÄ»ΓÄ»ΓÄ»ΓÄ»ΓÄ»
Serialized Error: { code: 'ERR_INVALID_ARG_VALUE' }
ΓÄ»ΓÄ»ΓÄ»ΓÄ»ΓÄ»ΓÄ»ΓÄ»ΓÄ»ΓÄ»ΓÄ»ΓÄ»ΓÄ»ΓÄ»ΓÄ»ΓÄ»ΓÄ»ΓÄ»ΓÄ»ΓÄ»ΓÄ»[347/411]ΓÄ»

 FAIL  swarm/node_modules/openclaw/extensions/google-gemini-cli-auth/oauth.test.ts > extractGeminiCliCredentials > extracts credentials from oauth2.js in known path
Error: [vitest] There was an error when mocking a module. If you are using "vi.mock" factory, make sure there are no top level variables inside, since this call is hoisted to top of the file. Read more: https://vitest.dev/api/vi.html#vi-mock
 Γ¥» swarm/node_modules/openclaw/extensions/google-gemini-cli-auth/oauth.ts:2:1
      1| import { createHash, randomBytes } from "node:crypto";
      2| import { existsSync, readFileSync, readdirSync, realpathSync } from "nΓÇª
       | ^
      3| import { createServer } from "node:http";
      4| import { delimiter, dirname, join } from "node:path";
 Γ¥» swarm/node_modules/openclaw/extensions/google-gemini-cli-auth/oauth.test.ts:97:68

Caused by: TypeError: The argument 'filename' must be a file URL object, file URL string, or absolute path string. Received 'file:///@id/__vite-browser-external:node:fs'
ΓÄ»ΓÄ»ΓÄ»ΓÄ»ΓÄ»ΓÄ»ΓÄ»ΓÄ»ΓÄ»ΓÄ»ΓÄ»ΓÄ»ΓÄ»ΓÄ»ΓÄ»ΓÄ»ΓÄ»ΓÄ»ΓÄ»ΓÄ»ΓÄ»ΓÄ»ΓÄ»ΓÄ»ΓÄ»ΓÄ»ΓÄ»ΓÄ»ΓÄ»ΓÄ»
Serialized Error: { code: 'ERR_INVALID_ARG_VALUE' }
ΓÄ»ΓÄ»ΓÄ»ΓÄ»ΓÄ»ΓÄ»ΓÄ»ΓÄ»ΓÄ»ΓÄ»ΓÄ»ΓÄ»ΓÄ»ΓÄ»ΓÄ»ΓÄ»ΓÄ»ΓÄ»ΓÄ»ΓÄ»[348/411]ΓÄ»

 FAIL  swarm/node_modules/openclaw/extensions/google-gemini-cli-auth/oauth.test.ts > extractGeminiCliCredentials > returns null when oauth2.js cannot be found
Error: [vitest] There was an error when mocking a module. If you are using "vi.mock" factory, make sure there are no top level variables inside, since this call is hoisted to top of the file. Read more: https://vitest.dev/api/vi.html#vi-mock
 Γ¥» swarm/node_modules/openclaw/extensions/google-gemini-cli-auth/oauth.ts:2:1
      1| import { createHash, randomBytes } from "node:crypto";
      2| import { existsSync, readFileSync, readdirSync, realpathSync } from "nΓÇª
       | ^
      3| import { createServer } from "node:http";
      4| import { delimiter, dirname, join } from "node:path";
 Γ¥» swarm/node_modules/openclaw/extensions/google-gemini-cli-auth/oauth.test.ts:129:68

Caused by: TypeError: The argument 'filename' must be a file URL object, file URL string, or absolute path string. Received 'file:///@id/__vite-browser-external:node:fs'
ΓÄ»ΓÄ»ΓÄ»ΓÄ»ΓÄ»ΓÄ»ΓÄ»ΓÄ»ΓÄ»ΓÄ»ΓÄ»ΓÄ»ΓÄ»ΓÄ»ΓÄ»ΓÄ»ΓÄ»ΓÄ»ΓÄ»ΓÄ»ΓÄ»ΓÄ»ΓÄ»ΓÄ»ΓÄ»ΓÄ»ΓÄ»ΓÄ»ΓÄ»ΓÄ»
Serialized Error: { code: 'ERR_INVALID_ARG_VALUE' }
ΓÄ»ΓÄ»ΓÄ»ΓÄ»ΓÄ»ΓÄ»ΓÄ»ΓÄ»ΓÄ»ΓÄ»ΓÄ»ΓÄ»ΓÄ»ΓÄ»ΓÄ»ΓÄ»ΓÄ»ΓÄ»ΓÄ»ΓÄ»[349/411]ΓÄ»

 FAIL  swarm/node_modules/openclaw/extensions/google-gemini-cli-auth/oauth.test.ts > extractGeminiCliCredentials > returns null when oauth2.js lacks credentials
Error: [vitest] There was an error when mocking a module. If you are using "vi.mock" factory, make sure there are no top level variables inside, since this call is hoisted to top of the file. Read more: https://vitest.dev/api/vi.html#vi-mock
 Γ¥» swarm/node_modules/openclaw/extensions/google-gemini-cli-auth/oauth.ts:2:1
      1| import { createHash, randomBytes } from "node:crypto";
      2| import { existsSync, readFileSync, readdirSync, realpathSync } from "nΓÇª
       | ^
      3| import { createServer } from "node:http";
      4| import { delimiter, dirname, join } from "node:path";
 Γ¥» swarm/node_modules/openclaw/extensions/google-gemini-cli-auth/oauth.test.ts:178:68

Caused by: TypeError: The argument 'filename' must be a file URL object, file URL string, or absolute path string. Received 'file:///@id/__vite-browser-external:node:fs'
ΓÄ»ΓÄ»ΓÄ»ΓÄ»ΓÄ»ΓÄ»ΓÄ»ΓÄ»ΓÄ»ΓÄ»ΓÄ»ΓÄ»ΓÄ»ΓÄ»ΓÄ»ΓÄ»ΓÄ»ΓÄ»ΓÄ»ΓÄ»ΓÄ»ΓÄ»ΓÄ»ΓÄ»ΓÄ»ΓÄ»ΓÄ»ΓÄ»ΓÄ»ΓÄ»
Serialized Error: { code: 'ERR_INVALID_ARG_VALUE' }
ΓÄ»ΓÄ»ΓÄ»ΓÄ»ΓÄ»ΓÄ»ΓÄ»ΓÄ»ΓÄ»ΓÄ»ΓÄ»ΓÄ»ΓÄ»ΓÄ»ΓÄ»ΓÄ»ΓÄ»ΓÄ»ΓÄ»ΓÄ»[350/411]ΓÄ»

 FAIL  swarm/node_modules/openclaw/extensions/google-gemini-cli-auth/oauth.test.ts > extractGeminiCliCredentials > caches credentials after first extraction
Error: [vitest] There was an error when mocking a module. If you are using "vi.mock" factory, make sure there are no top level variables inside, since this call is hoisted to top of the file. Read more: https://vitest.dev/api/vi.html#vi-mock
 Γ¥» swarm/node_modules/openclaw/extensions/google-gemini-cli-auth/oauth.ts:2:1
      1| import { createHash, randomBytes } from "node:crypto";
      2| import { existsSync, readFileSync, readdirSync, realpathSync } from "nΓÇª
       | ^
      3| import { createServer } from "node:http";
      4| import { delimiter, dirname, join } from "node:path";
 Γ¥» swarm/node_modules/openclaw/extensions/google-gemini-cli-auth/oauth.test.ts:227:68

Caused by: TypeError: The argument 'filename' must be a file URL object, file URL string, or absolute path string. Received 'file:///@id/__vite-browser-external:node:fs'
ΓÄ»ΓÄ»ΓÄ»ΓÄ»ΓÄ»ΓÄ»ΓÄ»ΓÄ»ΓÄ»ΓÄ»ΓÄ»ΓÄ»ΓÄ»ΓÄ»ΓÄ»ΓÄ»ΓÄ»ΓÄ»ΓÄ»ΓÄ»ΓÄ»ΓÄ»ΓÄ»ΓÄ»ΓÄ»ΓÄ»ΓÄ»ΓÄ»ΓÄ»ΓÄ»
Serialized Error: { code: 'ERR_INVALID_ARG_VALUE' }
ΓÄ»ΓÄ»ΓÄ»ΓÄ»ΓÄ»ΓÄ»ΓÄ»ΓÄ»ΓÄ»ΓÄ»ΓÄ»ΓÄ»ΓÄ»ΓÄ»ΓÄ»ΓÄ»ΓÄ»ΓÄ»ΓÄ»ΓÄ»[351/411]ΓÄ»

 FAIL  swarm/node_modules/openclaw/extensions/memory-lancedb/index.test.ts > memory plugin e2e > memory plugin registers and initializes correctly
Error: Failed to resolve import "@lancedb/lancedb" from "swarm/node_modules/openclaw/extensions/memory-lancedb/index.ts". Does the file exist?
  Plugin: vite:import-analysis
  File: C:/Users/ferna/Downloads/appforge-main/swarm/node_modules/openclaw/extensions/memory-lancedb/index.ts:29:34
  11 |  const loadLanceDB = async () => {
  12 |    if (!lancedbImportPromise) {
  13 |      lancedbImportPromise = import("@lancedb/lancedb");
     |                                    ^
  14 |    }
  15 |    try {
 Γ¥» TransformPluginContext._formatLog node_modules/vite/dist/node/chunks/dep-D4NMHUTW.js:42528:41
 Γ¥» TransformPluginContext.error node_modules/vite/dist/node/chunks/dep-D4NMHUTW.js:42525:16
 Γ¥» normalizeUrl node_modules/vite/dist/node/chunks/dep-D4NMHUTW.js:40504:23
 Γ¥» node_modules/vite/dist/node/chunks/dep-D4NMHUTW.js:40623:37
 Γ¥» TransformPluginContext.transform node_modules/vite/dist/node/chunks/dep-D4NMHUTW.js:40550:7
 Γ¥» EnvironmentPluginContainer.transform node_modules/vite/dist/node/chunks/dep-D4NMHUTW.js:42323:18
 Γ¥» loadAndTransform node_modules/vite/dist/node/chunks/dep-D4NMHUTW.js:35739:27

ΓÄ»ΓÄ»ΓÄ»ΓÄ»ΓÄ»ΓÄ»ΓÄ»ΓÄ»ΓÄ»ΓÄ»ΓÄ»ΓÄ»ΓÄ»ΓÄ»ΓÄ»ΓÄ»ΓÄ»ΓÄ»ΓÄ»ΓÄ»[352/411]ΓÄ»

 FAIL  swarm/node_modules/openclaw/extensions/memory-lancedb/index.test.ts > memory plugin e2e > config schema parses valid config
 FAIL  swarm/node_modules/openclaw/extensions/memory-lancedb/index.test.ts > memory plugin e2e > config schema resolves env vars
 FAIL  swarm/node_modules/openclaw/extensions/memory-lancedb/index.test.ts > memory plugin e2e > config schema rejects missing apiKey
 FAIL  swarm/node_modules/openclaw/extensions/memory-lancedb/index.test.ts > memory plugin e2e > shouldCapture applies real capture rules
 FAIL  swarm/node_modules/openclaw/extensions/memory-lancedb/index.test.ts > memory plugin e2e > detectCategory classifies using production logic
Error: Failed to resolve import "@lancedb/lancedb" from "swarm/node_modules/openclaw/extensions/memory-lancedb/index.ts". Does the file exist?
  Plugin: vite:import-analysis
  File: C:/Users/ferna/Downloads/appforge-main/swarm/node_modules/openclaw/extensions/memory-lancedb/index.ts:29:34
  11 |  const loadLanceDB = async () => {
  12 |    if (!lancedbImportPromise) {
  13 |      lancedbImportPromise = import("@lancedb/lancedb");
     |                                    ^
  14 |    }
  15 |    try {
 Γ¥» TransformPluginContext._formatLog node_modules/vite/dist/node/chunks/dep-D4NMHUTW.js:42528:41
 Γ¥» TransformPluginContext.error node_modules/vite/dist/node/chunks/dep-D4NMHUTW.js:42525:16
 Γ¥» normalizeUrl node_modules/vite/dist/node/chunks/dep-D4NMHUTW.js:40504:23
 Γ¥» node_modules/vite/dist/node/chunks/dep-D4NMHUTW.js:40623:37
 Γ¥» TransformPluginContext.transform node_modules/vite/dist/node/chunks/dep-D4NMHUTW.js:40550:7
 Γ¥» EnvironmentPluginContainer.transform node_modules/vite/dist/node/chunks/dep-D4NMHUTW.js:42323:18
 Γ¥» loadAndTransform node_modules/vite/dist/node/chunks/dep-D4NMHUTW.js:35739:27
 Γ¥» fetchModule node_modules/vite/dist/node/chunks/dep-D4NMHUTW.js:46858:16

ΓÄ»ΓÄ»ΓÄ»ΓÄ»ΓÄ»ΓÄ»ΓÄ»ΓÄ»ΓÄ»ΓÄ»ΓÄ»ΓÄ»ΓÄ»ΓÄ»ΓÄ»ΓÄ»ΓÄ»ΓÄ»ΓÄ»ΓÄ»[353/411]ΓÄ»

 FAIL  swarm/node_modules/pino/test/jest/basic.spec.js > transport should work in jest
Error: unable to determine transport target for "pino-pretty"
 Γ¥» fixTarget swarm/node_modules/pino/lib/transport.js:282:13
 Γ¥» transport swarm/node_modules/pino/lib/transport.js:252:22
 Γ¥» normalizeArgs swarm/node_modules/pino/lib/tools.js:349:16
 Γ¥» pino swarm/node_modules/pino/pino.js:91:28
 Γ¥» swarm/node_modules/pino/test/jest/basic.spec.js:5:3

ΓÄ»ΓÄ»ΓÄ»ΓÄ»ΓÄ»ΓÄ»ΓÄ»ΓÄ»ΓÄ»ΓÄ»ΓÄ»ΓÄ»ΓÄ»ΓÄ»ΓÄ»ΓÄ»ΓÄ»ΓÄ»ΓÄ»ΓÄ»[354/411]ΓÄ»

 FAIL  swarm/node_modules/openclaw/extensions/lobster/src/lobster-tool.test.ts > lobster plugin tool > runs lobster and returns parsed envelope in details
Error: lobster subprocess timed out
 Γ¥» Timeout._onTimeout swarm/node_modules/openclaw/extensions/lobster/src/lobster-tool.ts:157:16
    155|         child.kill("SIGKILL");
    156|       } finally {
    157|         reject(new Error("lobster subprocess timed out"));
       |                ^
    158|       }
    159|     }, timeoutMs);

ΓÄ»ΓÄ»ΓÄ»ΓÄ»ΓÄ»ΓÄ»ΓÄ»ΓÄ»ΓÄ»ΓÄ»ΓÄ»ΓÄ»ΓÄ»ΓÄ»ΓÄ»ΓÄ»ΓÄ»ΓÄ»ΓÄ»ΓÄ»[355/411]ΓÄ»

 FAIL  swarm/node_modules/openclaw/extensions/twitch/src/onboarding.test.ts > onboarding helpers > promptToken > should return existing token when user confirms to keep it
Error: Test timed out in 5000ms.
If this is a long-running test, pass a timeout value as the last argument or configure it globally with "testTimeout".
 Γ¥» swarm/node_modules/openclaw/extensions/twitch/src/onboarding.test.ts:43:5
     41| 
     42|   describe("promptToken", () => {
     43|     it("should return existing token when user confirms to keep it", aΓÇª
       |     ^
     44|       const { promptToken } = await import("./onboarding.js");
     45| 

ΓÄ»ΓÄ»ΓÄ»ΓÄ»ΓÄ»ΓÄ»ΓÄ»ΓÄ»ΓÄ»ΓÄ»ΓÄ»ΓÄ»ΓÄ»ΓÄ»ΓÄ»ΓÄ»ΓÄ»ΓÄ»ΓÄ»ΓÄ»[356/411]ΓÄ»

 FAIL  swarm/node_modules/openclaw/extensions/twitch/src/outbound.test.ts > outbound > sendText > should send message successfully
AssertionError: expected undefined to be 'testchannel' // Object.is equality

- Expected: 
"testchannel"

+ Received: 
undefined

 Γ¥» swarm/node_modules/openclaw/extensions/twitch/src/outbound.test.ts:199:25
    197|       expect(result.channel).toBe("twitch");
    198|       expect(result.messageId).toBe("twitch-msg-123");
    199|       expect(result.to).toBe("testchannel");
       |                         ^
    200|       expect(result.timestamp).toBeGreaterThan(0);
    201|     });

ΓÄ»ΓÄ»ΓÄ»ΓÄ»ΓÄ»ΓÄ»ΓÄ»ΓÄ»ΓÄ»ΓÄ»ΓÄ»ΓÄ»ΓÄ»ΓÄ»ΓÄ»ΓÄ»ΓÄ»ΓÄ»ΓÄ»ΓÄ»[357/411]ΓÄ»

 FAIL  swarm/node_modules/@whiskeysockets/baileys/node_modules/pino/test/jest/basic.spec.js > transport should work in jest
Error: unable to determine transport target for "pino-pretty"
 Γ¥» fixTarget swarm/node_modules/@whiskeysockets/baileys/node_modules/pino/lib/transport.js:160:13
 Γ¥» transport swarm/node_modules/@whiskeysockets/baileys/node_modules/pino/lib/transport.js:130:22
 Γ¥» normalizeArgs swarm/node_modules/@whiskeysockets/baileys/node_modules/pino/lib/tools.js:358:16
 Γ¥» pino swarm/node_modules/@whiskeysockets/baileys/node_modules/pino/pino.js:91:28
 Γ¥» swarm/node_modules/@whiskeysockets/baileys/node_modules/pino/test/jest/basic.spec.js:5:3

ΓÄ»ΓÄ»ΓÄ»ΓÄ»ΓÄ»ΓÄ»ΓÄ»ΓÄ»ΓÄ»ΓÄ»ΓÄ»ΓÄ»ΓÄ»ΓÄ»ΓÄ»ΓÄ»ΓÄ»ΓÄ»ΓÄ»ΓÄ»[358/411]ΓÄ»

 FAIL  swarm/node_modules/openclaw/node_modules/zod/src/v4/classic/tests/codec-examples.test.ts > utf8ToBytes codec
ZodError: [
  {
    "code": "invalid_type",
    "expected": "Uint8Array",
    "path": [],
    "message": "Invalid input: expected Uint8Array, received Uint8Array"
  }
]
 Γ¥» swarm/node_modules/openclaw/node_modules/zod/v4/core/parse.js:12:14
 Γ¥» Proxy.<anonymous> swarm/node_modules/openclaw/node_modules/zod/v4/core/parse.js:64:24
 Γ¥» swarm/node_modules/openclaw/node_modules/zod/src/v4/classic/tests/codec-examples.test.ts:258:21
    256| 
    257|   // Test decode
    258|   const decoded = z.decode(codec, "Hello, Σ╕ûτòî!");
       |                     ^
    259|   expect(decoded).toBeInstanceOf(Uint8Array);
    260|   expect(Array.from(decoded)).toEqual([72, 101, 108, 108, 111, 44, 32,ΓÇª

ΓÄ»ΓÄ»ΓÄ»ΓÄ»ΓÄ»ΓÄ»ΓÄ»ΓÄ»ΓÄ»ΓÄ»ΓÄ»ΓÄ»ΓÄ»ΓÄ»ΓÄ»ΓÄ»ΓÄ»ΓÄ»ΓÄ»ΓÄ»[359/411]ΓÄ»

 FAIL  swarm/node_modules/openclaw/node_modules/zod/src/v4/classic/tests/codec-examples.test.ts > bytesToUtf8 codec
ZodError: [
  {
    "code": "invalid_type",
    "expected": "Uint8Array",
    "path": [],
    "message": "Invalid input: expected Uint8Array, received Uint8Array"
  }
]
 Γ¥» swarm/node_modules/openclaw/node_modules/zod/v4/core/parse.js:12:14
 Γ¥» Proxy.<anonymous> swarm/node_modules/openclaw/node_modules/zod/v4/core/parse.js:60:24
 Γ¥» swarm/node_modules/openclaw/node_modules/zod/src/v4/classic/tests/codec-examples.test.ts:291:21
    289| 
    290|   // Test encode
    291|   const encoded = z.encode(codec, "Hello, Σ╕ûτòî!");
       |                     ^
    292|   expect(encoded).toBeInstanceOf(Uint8Array);
    293|   expect(Array.from(encoded)).toEqual([72, 101, 108, 108, 111, 44, 32,ΓÇª

ΓÄ»ΓÄ»ΓÄ»ΓÄ»ΓÄ»ΓÄ»ΓÄ»ΓÄ»ΓÄ»ΓÄ»ΓÄ»ΓÄ»ΓÄ»ΓÄ»ΓÄ»ΓÄ»ΓÄ»ΓÄ»ΓÄ»ΓÄ»[360/411]ΓÄ»

ΓÄ»ΓÄ»ΓÄ»ΓÄ»ΓÄ»ΓÄ» Unhandled Errors ΓÄ»ΓÄ»ΓÄ»ΓÄ»ΓÄ»ΓÄ»

Vitest caught 10 unhandled errors during the test run.
This might cause false positive tests. Resolve unhandled errors to make sure your tests are not affected.

ΓÄ»ΓÄ»ΓÄ»ΓÄ» Unhandled Rejection ΓÄ»ΓÄ»ΓÄ»ΓÄ»ΓÄ»
AssertionError: expected Error: Γ¥ôFile not found. to be a function
 Γ¥» backend/node_modules/jpeg-exif/test/index.test.js:9:27
 Γ¥» backend/node_modules/jpeg-exif/lib/index.js:369:5
 Γ¥» processTicksAndRejections node:internal/process/task_queues:103:5

This error originated in "backend/node_modules/jpeg-exif/test/index.test.js" test file. It doesn't mean the error was thrown inside the file itself, but while it was running.

ΓÄ»ΓÄ»ΓÄ»ΓÄ» Unhandled Rejection ΓÄ»ΓÄ»ΓÄ»ΓÄ»ΓÄ»
AssertionError: expected Error: ENOENT: no such file or directory,ΓÇª { ΓÇª(4) } to be a function
 Γ¥» backend/node_modules/jpeg-exif/test/index.test.js:15:27
 Γ¥» backend/node_modules/jpeg-exif/lib/index.js:369:5

This error originated in "backend/node_modules/jpeg-exif/test/index.test.js" test file. It doesn't mean the error was thrown inside the file itself, but while it was running.

ΓÄ»ΓÄ»ΓÄ»ΓÄ» Unhandled Rejection ΓÄ»ΓÄ»ΓÄ»ΓÄ»ΓÄ»
AssertionError: expected undefined to be an object
 Γ¥» backend/node_modules/jpeg-exif/test/index.test.js:21:26
 Γ¥» backend/node_modules/jpeg-exif/lib/index.js:369:5

This error originated in "backend/node_modules/jpeg-exif/test/index.test.js" test file. It doesn't mean the error was thrown inside the file itself, but while it was running.

ΓÄ»ΓÄ»ΓÄ»ΓÄ» Unhandled Rejection ΓÄ»ΓÄ»ΓÄ»ΓÄ»ΓÄ»
Error: done() callback is deprecated, use promise instead
 Γ¥» context node_modules/@vitest/runner/dist/index.js:1272:9
 Γ¥» backend/node_modules/jpeg-exif/test/index.test.js:29:7
 Γ¥» backend/node_modules/jpeg-exif/lib/index.js:369:5

This error originated in "backend/node_modules/jpeg-exif/test/index.test.js" test file. It doesn't mean the error was thrown inside the file itself, but while it was running.

ΓÄ»ΓÄ»ΓÄ»ΓÄ» Unhandled Rejection ΓÄ»ΓÄ»ΓÄ»ΓÄ»ΓÄ»
Error: done() callback is deprecated, use promise instead
 Γ¥» context node_modules/@vitest/runner/dist/index.js:1272:9
 Γ¥» backend/node_modules/jpeg-exif/test/index.test.js:36:7
 Γ¥» backend/node_modules/jpeg-exif/lib/index.js:369:5

This error originated in "backend/node_modules/jpeg-exif/test/index.test.js" test file. It doesn't mean the error was thrown inside the file itself, but while it was running.

ΓÄ»ΓÄ»ΓÄ»ΓÄ» Unhandled Rejection ΓÄ»ΓÄ»ΓÄ»ΓÄ»ΓÄ»
TypeError: Cannot read properties of undefined (reading 'SubExif')
 Γ¥» backend/node_modules/jpeg-exif/test/index.test.js:42:19
 Γ¥» backend/node_modules/jpeg-exif/lib/index.js:369:5

This error originated in "backend/node_modules/jpeg-exif/test/index.test.js" test file. It doesn't mean the error was thrown inside the file itself, but while it was running.

ΓÄ»ΓÄ»ΓÄ»ΓÄ» Unhandled Rejection ΓÄ»ΓÄ»ΓÄ»ΓÄ»ΓÄ»
TypeError: Cannot read properties of undefined (reading 'GPSInfo')
 Γ¥» backend/node_modules/jpeg-exif/test/index.test.js:49:19
 Γ¥» backend/node_modules/jpeg-exif/lib/index.js:369:5

This error originated in "backend/node_modules/jpeg-exif/test/index.test.js" test file. It doesn't mean the error was thrown inside the file itself, but while it was running.

ΓÄ»ΓÄ»ΓÄ»ΓÄ»ΓÄ» Uncaught Exception ΓÄ»ΓÄ»ΓÄ»ΓÄ»ΓÄ»
Error: done() callback is deprecated, use promise instead
 Γ¥» context node_modules/@vitest/runner/dist/index.js:1272:9
 Γ¥» Immediate.<anonymous> swarm/node_modules/process-warning/test/jest.test.js:21:7
 Γ¥» processImmediate node:internal/timers:504:21

This error originated in "swarm/node_modules/process-warning/test/jest.test.js" test file. It doesn't mean the error was thrown inside the file itself, but while it was running.

ΓÄ»ΓÄ»ΓÄ»ΓÄ»ΓÄ» Uncaught Exception ΓÄ»ΓÄ»ΓÄ»ΓÄ»ΓÄ»
TypeError: A dynamic import callback was not specified.
 Γ¥» importModuleDynamicallyCallback node:internal/modules/esm/utils:279:9
 Γ¥» eval swarm/node_modules/pino/test/esm/index.test.js:7:3
      5| // by using `eval` we can avoid this issue.
      6| // eslint-disable-next-line
      7|   new Function('module', 'return import(module)')('./esm.mjs').catch((ΓÇª
       |   ^
      8|   process.nextTick(() => {
      9|     throw err
 Γ¥» swarm/node_modules/pino/test/esm/index.test.js:7:50
 Γ¥» VitestModuleEvaluator._runInlinedModule node_modules/vitest/dist/module-evaluator.js:196:120
 Γ¥» node_modules/vitest/dist/module-evaluator.js:107:62
 Γ¥» Traces.$ node_modules/vitest/dist/chunks/traces.CCmnQaNT.js:142:27
 Γ¥» VitestModuleEvaluator.runInlinedModule node_modules/vitest/dist/module-evaluator.js:107:21
 Γ¥» VitestModuleRunner.directRequest node_modules/vite/dist/node/module-runner.js:1284:82
 Γ¥» VitestModuleRunner.cachedRequest node_modules/vite/dist/node/module-runner.js:1179:28
 Γ¥» VitestModuleRunner._cachedRequest node_modules/vitest/dist/chunks/startModuleRunner.DEj0jb3e.js:655:16

ΓÄ»ΓÄ»ΓÄ»ΓÄ»ΓÄ»ΓÄ»ΓÄ»ΓÄ»ΓÄ»ΓÄ»ΓÄ»ΓÄ»ΓÄ»ΓÄ»ΓÄ»ΓÄ»ΓÄ»ΓÄ»ΓÄ»ΓÄ»ΓÄ»ΓÄ»ΓÄ»ΓÄ»ΓÄ»ΓÄ»ΓÄ»ΓÄ»ΓÄ»ΓÄ»
Serialized Error: { code: 'ERR_VM_DYNAMIC_IMPORT_CALLBACK_MISSING' }
This error originated in "swarm/node_modules/pino/test/esm/index.test.js" test file. It doesn't mean the error was thrown inside the file itself, but while it was running.

ΓÄ»ΓÄ»ΓÄ»ΓÄ»ΓÄ» Uncaught Exception ΓÄ»ΓÄ»ΓÄ»ΓÄ»ΓÄ»
TypeError: A dynamic import callback was not specified.
 Γ¥» importModuleDynamicallyCallback node:internal/modules/esm/utils:279:9
 Γ¥» eval swarm/node_modules/pino/test/esm/index.test.js:17:3
     15| // by using `eval` we can avoid this issue.
     16| // eslint-disable-next-line
     17|   new Function('module', 'return import(module)')('./named-exports.mjsΓÇª
       |   ^
     18|   process.nextTick(() => {
     19|     throw err
 Γ¥» swarm/node_modules/pino/test/esm/index.test.js:17:50
 Γ¥» VitestModuleEvaluator._runInlinedModule node_modules/vitest/dist/module-evaluator.js:196:120
 Γ¥» node_modules/vitest/dist/module-evaluator.js:107:62
 Γ¥» Traces.$ node_modules/vitest/dist/chunks/traces.CCmnQaNT.js:142:27
 Γ¥» VitestModuleEvaluator.runInlinedModule node_modules/vitest/dist/module-evaluator.js:107:21
 Γ¥» VitestModuleRunner.directRequest node_modules/vite/dist/node/module-runner.js:1284:82
 Γ¥» VitestModuleRunner.cachedRequest node_modules/vite/dist/node/module-runner.js:1179:28
 Γ¥» VitestModuleRunner._cachedRequest node_modules/vitest/dist/chunks/startModuleRunner.DEj0jb3e.js:655:16

ΓÄ»ΓÄ»ΓÄ»ΓÄ»ΓÄ»ΓÄ»ΓÄ»ΓÄ»ΓÄ»ΓÄ»ΓÄ»ΓÄ»ΓÄ»ΓÄ»ΓÄ»ΓÄ»ΓÄ»ΓÄ»ΓÄ»ΓÄ»ΓÄ»ΓÄ»ΓÄ»ΓÄ»ΓÄ»ΓÄ»ΓÄ»ΓÄ»ΓÄ»ΓÄ»
Serialized Error: { code: 'ERR_VM_DYNAMIC_IMPORT_CALLBACK_MISSING' }
This error originated in "swarm/node_modules/pino/test/esm/index.test.js" test file. It doesn't mean the error was thrown inside the file itself, but while it was running.
ΓÄ»ΓÄ»ΓÄ»ΓÄ»ΓÄ»ΓÄ»ΓÄ»ΓÄ»ΓÄ»ΓÄ»ΓÄ»ΓÄ»ΓÄ»ΓÄ»ΓÄ»ΓÄ»ΓÄ»ΓÄ»ΓÄ»ΓÄ»ΓÄ»ΓÄ»ΓÄ»ΓÄ»ΓÄ»ΓÄ»ΓÄ»ΓÄ»ΓÄ»ΓÄ»


[2m Test Files [22m [1m[31m282 failed[39m[22m[2m | [22m[1m[32m548 passed[39m[22m[2m | [22m[33m3 skipped[39m[90m (833)[39m
[2m      Tests [22m [1m[31m148 failed[39m[22m[2m | [22m[1m[32m6303 passed[39m[22m[2m | [22m[33m25 skipped[39m[2m | [22m[90m2 todo[39m[90m (6478)[39m
[2m     Errors [22m [1m[31m10 errors[39m[22m
[2m   Start at [22m 22:05:16
[2m   Duration [22m 1345.55s[2m (transform 187.69s, setup 774.50s, import 913.96s, tests 108.72s, environment 4897.28s)[22m

