
> base44-app@0.0.0 test
> vitest run


[1m[46m RUN [49m[22m [36mv4.0.18 [39m[90mC:/Users/ferna/Downloads/appforge-main[39m

stderr | src/tests/unit/hooks/useOfflineDetection.test.jsx > useOfflineDetection > should detect offline state when navigator.onLine changes
Warning: An update to TestComponent inside a test was not wrapped in act(...).

When testing, code that causes React state updates should be wrapped into act(...):

act(() => {
  /* fire events that update state */
});
/* assert on the output */

This ensures that you're testing the behavior the user would see in the browser. Learn more at https://reactjs.org/link/wrap-tests-with-act
    at TestComponent (C:\Users\ferna\Downloads\appforge-main\node_modules\@testing-library\react\dist\pure.js:328:5)
Warning: An update to TestComponent inside a test was not wrapped in act(...).

When testing, code that causes React state updates should be wrapped into act(...):

act(() => {
  /* fire events that update state */
});
/* assert on the output */

This ensures that you're testing the behavior the user would see in the browser. Learn more at https://reactjs.org/link/wrap-tests-with-act
    at TestComponent (C:\Users\ferna\Downloads\appforge-main\node_modules\@testing-library\react\dist\pure.js:328:5)

stderr | src/tests/unit/hooks/useOfflineDetection.test.jsx > useOfflineDetection > should detect online state after being offline
Warning: An update to TestComponent inside a test was not wrapped in act(...).

When testing, code that causes React state updates should be wrapped into act(...):

act(() => {
  /* fire events that update state */
});
/* assert on the output */

This ensures that you're testing the behavior the user would see in the browser. Learn more at https://reactjs.org/link/wrap-tests-with-act
    at TestComponent (C:\Users\ferna\Downloads\appforge-main\node_modules\@testing-library\react\dist\pure.js:328:5)
Warning: An update to TestComponent inside a test was not wrapped in act(...).

When testing, code that causes React state updates should be wrapped into act(...):

act(() => {
  /* fire events that update state */
});
/* assert on the output */

This ensures that you're testing the behavior the user would see in the browser. Learn more at https://reactjs.org/link/wrap-tests-with-act
    at TestComponent (C:\Users\ferna\Downloads\appforge-main\node_modules\@testing-library\react\dist\pure.js:328:5)

stderr | src/tests/unit/hooks/useOfflineDetection.test.jsx > useOfflineDetection > should detect online state after being offline
Warning: An update to TestComponent inside a test was not wrapped in act(...).

When testing, code that causes React state updates should be wrapped into act(...):

act(() => {
  /* fire events that update state */
});
/* assert on the output */

This ensures that you're testing the behavior the user would see in the browser. Learn more at https://reactjs.org/link/wrap-tests-with-act
    at TestComponent (C:\Users\ferna\Downloads\appforge-main\node_modules\@testing-library\react\dist\pure.js:328:5)
Warning: An update to TestComponent inside a test was not wrapped in act(...).

When testing, code that causes React state updates should be wrapped into act(...):

act(() => {
  /* fire events that update state */
});
/* assert on the output */

This ensures that you're testing the behavior the user would see in the browser. Learn more at https://reactjs.org/link/wrap-tests-with-act
    at TestComponent (C:\Users\ferna\Downloads\appforge-main\node_modules\@testing-library\react\dist\pure.js:328:5)

 [32mΓ£ô[39m src/tests/unit/hooks/useOfflineDetection.test.jsx [2m([22m[2m5 tests[22m[2m)[22m[32m 259[2mms[22m[39m
 [32mΓ£ô[39m src/components/ui/__tests__/button.test.jsx [2m([22m[2m6 tests[22m[2m)[22m[33m 355[2mms[22m[39m
 [32mΓ£ô[39m src/hooks/useEnvironmentVariables.test.js [2m([22m[2m21 tests[22m[2m)[22m[32m 239[2mms[22m[39m
stderr | src/hooks/useAICompletion.test.js > useAICompletion > should debounce API calls
Warning: An update to TestComponent inside a test was not wrapped in act(...).

When testing, code that causes React state updates should be wrapped into act(...):

act(() => {
  /* fire events that update state */
});
/* assert on the output */

This ensures that you're testing the behavior the user would see in the browser. Learn more at https://reactjs.org/link/wrap-tests-with-act
    at TestComponent (C:\Users\ferna\Downloads\appforge-main\node_modules\@testing-library\react\dist\pure.js:328:5)
Warning: An update to TestComponent inside a test was not wrapped in act(...).

When testing, code that causes React state updates should be wrapped into act(...):

act(() => {
  /* fire events that update state */
});
/* assert on the output */

This ensures that you're testing the behavior the user would see in the browser. Learn more at https://reactjs.org/link/wrap-tests-with-act
    at TestComponent (C:\Users\ferna\Downloads\appforge-main\node_modules\@testing-library\react\dist\pure.js:328:5)
Warning: An update to TestComponent inside a test was not wrapped in act(...).

When testing, code that causes React state updates should be wrapped into act(...):

act(() => {
  /* fire events that update state */
});
/* assert on the output */

This ensures that you're testing the behavior the user would see in the browser. Learn more at https://reactjs.org/link/wrap-tests-with-act
    at TestComponent (C:\Users\ferna\Downloads\appforge-main\node_modules\@testing-library\react\dist\pure.js:328:5)

stderr | src/hooks/useAICompletion.test.js > useAICompletion > should abort previous requests
Warning: An update to TestComponent inside a test was not wrapped in act(...).

When testing, code that causes React state updates should be wrapped into act(...):

act(() => {
  /* fire events that update state */
});
/* assert on the output */

This ensures that you're testing the behavior the user would see in the browser. Learn more at https://reactjs.org/link/wrap-tests-with-act
    at TestComponent (C:\Users\ferna\Downloads\appforge-main\node_modules\@testing-library\react\dist\pure.js:328:5)
Warning: An update to TestComponent inside a test was not wrapped in act(...).

When testing, code that causes React state updates should be wrapped into act(...):

act(() => {
  /* fire events that update state */
});
/* assert on the output */

This ensures that you're testing the behavior the user would see in the browser. Learn more at https://reactjs.org/link/wrap-tests-with-act
    at TestComponent (C:\Users\ferna\Downloads\appforge-main\node_modules\@testing-library\react\dist\pure.js:328:5)
Warning: An update to TestComponent inside a test was not wrapped in act(...).

When testing, code that causes React state updates should be wrapped into act(...):

act(() => {
  /* fire events that update state */
});
/* assert on the output */

This ensures that you're testing the behavior the user would see in the browser. Learn more at https://reactjs.org/link/wrap-tests-with-act
    at TestComponent (C:\Users\ferna\Downloads\appforge-main\node_modules\@testing-library\react\dist\pure.js:328:5)
Warning: An update to TestComponent inside a test was not wrapped in act(...).

When testing, code that causes React state updates should be wrapped into act(...):

act(() => {
  /* fire events that update state */
});
/* assert on the output */

This ensures that you're testing the behavior the user would see in the browser. Learn more at https://reactjs.org/link/wrap-tests-with-act
    at TestComponent (C:\Users\ferna\Downloads\appforge-main\node_modules\@testing-library\react\dist\pure.js:328:5)
Warning: An update to TestComponent inside a test was not wrapped in act(...).

When testing, code that causes React state updates should be wrapped into act(...):

act(() => {
  /* fire events that update state */
});
/* assert on the output */

This ensures that you're testing the behavior the user would see in the browser. Learn more at https://reactjs.org/link/wrap-tests-with-act
    at TestComponent (C:\Users\ferna\Downloads\appforge-main\node_modules\@testing-library\react\dist\pure.js:328:5)
Warning: An update to TestComponent inside a test was not wrapped in act(...).

When testing, code that causes React state updates should be wrapped into act(...):

act(() => {
  /* fire events that update state */
});
/* assert on the output */

This ensures that you're testing the behavior the user would see in the browser. Learn more at https://reactjs.org/link/wrap-tests-with-act
    at TestComponent (C:\Users\ferna\Downloads\appforge-main\node_modules\@testing-library\react\dist\pure.js:328:5)

 [32mΓ£ô[39m src/hooks/useAICompletion.test.js [2m([22m[2m9 tests[22m[2m)[22m[33m 2235[2mms[22m[39m
     [33m[2mΓ£ô[22m[39m should fetch completions when enabled [33m 408[2mms[22m[39m
     [33m[2mΓ£ô[22m[39m should filter suggestions by confidence threshold [33m 382[2mms[22m[39m
     [33m[2mΓ£ô[22m[39m should accept suggestion and track analytics [33m 369[2mms[22m[39m
     [33m[2mΓ£ô[22m[39m should reject suggestion and track analytics [33m 333[2mms[22m[39m
     [33m[2mΓ£ô[22m[39m should navigate between suggestions [33m 335[2mms[22m[39m
     [33m[2mΓ£ô[22m[39m should wrap navigation with wrap enabled [33m 348[2mms[22m[39m
 [32mΓ£ô[39m src/tests/unit/integration/apiIntegration.test.js [2m([22m[2m11 tests[22m[2m)[22m[32m 182[2mms[22m[39m
stderr | src/components/sidebar/AIModelRouter.test.jsx > AIModelRouter Component > renders without crashing
ΓÜá∩╕Å React Router Future Flag Warning: React Router will begin wrapping state updates in `React.startTransition` in v7. You can use the `v7_startTransition` future flag to opt-in early. For more information, see https://reactrouter.com/v6/upgrading/future#v7_starttransition.

 [32mΓ£ô[39m src/hooks/useDeployments.test.js [2m([22m[2m19 tests[22m[2m)[22m[32m 206[2mms[22m[39m
stderr | src/components/sidebar/MobileDrawerSidebar.test.jsx > MobileDrawerSidebar Component > renders hamburger menu button for mobile
ΓÜá∩╕Å React Router Future Flag Warning: React Router will begin wrapping state updates in `React.startTransition` in v7. You can use the `v7_startTransition` future flag to opt-in early. For more information, see https://reactrouter.com/v6/upgrading/future#v7_starttransition.

 [32mΓ£ô[39m src/hooks/useTeamInvites.test.js [2m([22m[2m22 tests[22m[2m)[22m[32m 234[2mms[22m[39m
stderr | src/components/sidebar/ConsolidatedAISidebar.test.jsx > ConsolidatedAISidebar Component > renders without crashing
ΓÜá∩╕Å React Router Future Flag Warning: React Router will begin wrapping state updates in `React.startTransition` in v7. You can use the `v7_startTransition` future flag to opt-in early. For more information, see https://reactrouter.com/v6/upgrading/future#v7_starttransition.

 [32mΓ£ô[39m src/components/sidebar/AIModelRouter.test.jsx [2m([22m[2m13 tests[22m[2m)[22m[33m 1140[2mms[22m[39m
     [33m[2mΓ£ô[22m[39m filters models based on search query [33m 312[2mms[22m[39m
 [32mΓ£ô[39m src/utils/__tests__/security.test.js [2m([22m[2m30 tests[22m[2m)[22m[32m 180[2mms[22m[39m
 [32mΓ£ô[39m src/components/sidebar/MobileDrawerSidebar.test.jsx [2m([22m[2m18 tests[22m[2m)[22m[33m 2310[2mms[22m[39m
     [33m[2mΓ£ô[22m[39m renders hamburger menu button for mobile [33m 368[2mms[22m[39m
     [33m[2mΓ£ô[22m[39m renders all navigation sections in drawer [33m 445[2mms[22m[39m
     [33m[2mΓ£ô[22m[39m displays Core section with Dashboard and Projects [33m 377[2mms[22m[39m
 [32mΓ£ô[39m src/utils/accessibility.test.js [2m([22m[2m24 tests[22m[2m)[22m[32m 113[2mms[22m[39m
 [32mΓ£ô[39m src/hooks/useFavorites.test.js [2m([22m[2m16 tests[22m[2m)[22m[32m 105[2mms[22m[39m
stderr | src/utils/__tests__/errorTracking.test.js > Error Tracker > captures errors with context
≡ƒö┤ Error captured: {
  message: 'Test error',
  stack: 'Error: Test error\n' +
    '    at C:/Users/ferna/Downloads/appforge-main/src/utils/__tests__/errorTracking.test.js:15:19\n' +
    '    at file:///C:/Users/ferna/Downloads/appforge-main/node_modules/@vitest/runner/dist/index.js:145:11\n' +
    '    at file:///C:/Users/ferna/Downloads/appforge-main/node_modules/@vitest/runner/dist/index.js:915:26\n' +
    '    at file:///C:/Users/ferna/Downloads/appforge-main/node_modules/@vitest/runner/dist/index.js:1243:20\n' +
    '    at new Promise (<anonymous>)\n' +
    '    at runWithTimeout (file:///C:/Users/ferna/Downloads/appforge-main/node_modules/@vitest/runner/dist/index.js:1209:10)\n' +
    '    at file:///C:/Users/ferna/Downloads/appforge-main/node_modules/@vitest/runner/dist/index.js:1653:37\n' +
    '    at Traces.$ (file:///C:/Users/ferna/Downloads/appforge-main/node_modules/vitest/dist/chunks/traces.CCmnQaNT.js:142:27)\n' +
    '    at trace (file:///C:/Users/ferna/Downloads/appforge-main/node_modules/vitest/dist/chunks/test.B8ej_ZHS.js:239:21)\n' +
    '    at runTest (file:///C:/Users/ferna/Downloads/appforge-main/node_modules/@vitest/runner/dist/index.js:1653:12)',
  timestamp: '2026-02-04T02:08:44.688Z',
  context: { component: 'TestComponent' },
  userAgent: 'Mozilla/5.0 (win32) AppleWebKit/537.36 (KHTML, like Gecko) jsdom/25.0.1',
  url: 'http://localhost:3000/',
  env: 'development'
}

stderr | src/utils/__tests__/errorTracking.test.js > Error Tracker > stores recent errors
≡ƒö┤ Error captured: {
  message: 'Error 1',
  stack: 'Error: Error 1\n' +
    '    at C:/Users/ferna/Downloads/appforge-main/src/utils/__tests__/errorTracking.test.js:26:31\n' +
    '    at file:///C:/Users/ferna/Downloads/appforge-main/node_modules/@vitest/runner/dist/index.js:145:11\n' +
    '    at file:///C:/Users/ferna/Downloads/appforge-main/node_modules/@vitest/runner/dist/index.js:915:26\n' +
    '    at file:///C:/Users/ferna/Downloads/appforge-main/node_modules/@vitest/runner/dist/index.js:1243:20\n' +
    '    at new Promise (<anonymous>)\n' +
    '    at runWithTimeout (file:///C:/Users/ferna/Downloads/appforge-main/node_modules/@vitest/runner/dist/index.js:1209:10)\n' +
    '    at file:///C:/Users/ferna/Downloads/appforge-main/node_modules/@vitest/runner/dist/index.js:1653:37\n' +
    '    at Traces.$ (file:///C:/Users/ferna/Downloads/appforge-main/node_modules/vitest/dist/chunks/traces.CCmnQaNT.js:142:27)\n' +
    '    at trace (file:///C:/Users/ferna/Downloads/appforge-main/node_modules/vitest/dist/chunks/test.B8ej_ZHS.js:239:21)\n' +
    '    at runTest (file:///C:/Users/ferna/Downloads/appforge-main/node_modules/@vitest/runner/dist/index.js:1653:12)',
  timestamp: '2026-02-04T02:08:44.696Z',
  context: {},
  userAgent: 'Mozilla/5.0 (win32) AppleWebKit/537.36 (KHTML, like Gecko) jsdom/25.0.1',
  url: 'http://localhost:3000/',
  env: 'development'
}
≡ƒö┤ Error captured: {
  message: 'Error 2',
  stack: 'Error: Error 2\n' +
    '    at C:/Users/ferna/Downloads/appforge-main/src/utils/__tests__/errorTracking.test.js:27:31\n' +
    '    at file:///C:/Users/ferna/Downloads/appforge-main/node_modules/@vitest/runner/dist/index.js:145:11\n' +
    '    at file:///C:/Users/ferna/Downloads/appforge-main/node_modules/@vitest/runner/dist/index.js:915:26\n' +
    '    at file:///C:/Users/ferna/Downloads/appforge-main/node_modules/@vitest/runner/dist/index.js:1243:20\n' +
    '    at new Promise (<anonymous>)\n' +
    '    at runWithTimeout (file:///C:/Users/ferna/Downloads/appforge-main/node_modules/@vitest/runner/dist/index.js:1209:10)\n' +
    '    at file:///C:/Users/ferna/Downloads/appforge-main/node_modules/@vitest/runner/dist/index.js:1653:37\n' +
    '    at Traces.$ (file:///C:/Users/ferna/Downloads/appforge-main/node_modules/vitest/dist/chunks/traces.CCmnQaNT.js:142:27)\n' +
    '    at trace (file:///C:/Users/ferna/Downloads/appforge-main/node_modules/vitest/dist/chunks/test.B8ej_ZHS.js:239:21)\n' +
    '    at runTest (file:///C:/Users/ferna/Downloads/appforge-main/node_modules/@vitest/runner/dist/index.js:1653:12)',
  timestamp: '2026-02-04T02:08:44.697Z',
  context: {},
  userAgent: 'Mozilla/5.0 (win32) AppleWebKit/537.36 (KHTML, like Gecko) jsdom/25.0.1',
  url: 'http://localhost:3000/',
  env: 'development'
}
≡ƒö┤ Error captured: {
  message: 'Error 3',
  stack: 'Error: Error 3\n' +
    '    at C:/Users/ferna/Downloads/appforge-main/src/utils/__tests__/errorTracking.test.js:28:31\n' +
    '    at file:///C:/Users/ferna/Downloads/appforge-main/node_modules/@vitest/runner/dist/index.js:145:11\n' +
    '    at file:///C:/Users/ferna/Downloads/appforge-main/node_modules/@vitest/runner/dist/index.js:915:26\n' +
    '    at file:///C:/Users/ferna/Downloads/appforge-main/node_modules/@vitest/runner/dist/index.js:1243:20\n' +
    '    at new Promise (<anonymous>)\n' +
    '    at runWithTimeout (file:///C:/Users/ferna/Downloads/appforge-main/node_modules/@vitest/runner/dist/index.js:1209:10)\n' +
    '    at file:///C:/Users/ferna/Downloads/appforge-main/node_modules/@vitest/runner/dist/index.js:1653:37\n' +
    '    at Traces.$ (file:///C:/Users/ferna/Downloads/appforge-main/node_modules/vitest/dist/chunks/traces.CCmnQaNT.js:142:27)\n' +
    '    at trace (file:///C:/Users/ferna/Downloads/appforge-main/node_modules/vitest/dist/chunks/test.B8ej_ZHS.js:239:21)\n' +
    '    at runTest (file:///C:/Users/ferna/Downloads/appforge-main/node_modules/@vitest/runner/dist/index.js:1653:12)',
  timestamp: '2026-02-04T02:08:44.698Z',
  context: {},
  userAgent: 'Mozilla/5.0 (win32) AppleWebKit/537.36 (KHTML, like Gecko) jsdom/25.0.1',
  url: 'http://localhost:3000/',
  env: 'development'
}

stderr | src/utils/__tests__/errorTracking.test.js > Error Tracker > limits stored errors to max count
≡ƒö┤ Error captured: {
  message: 'Error 0',
  stack: 'Error: Error 0\n' +
    '    at C:/Users/ferna/Downloads/appforge-main/src/utils/__tests__/errorTracking.test.js:40:33\n' +
    '    at file:///C:/Users/ferna/Downloads/appforge-main/node_modules/@vitest/runner/dist/index.js:145:11\n' +
    '    at file:///C:/Users/ferna/Downloads/appforge-main/node_modules/@vitest/runner/dist/index.js:915:26\n' +
    '    at file:///C:/Users/ferna/Downloads/appforge-main/node_modules/@vitest/runner/dist/index.js:1243:20\n' +
    '    at new Promise (<anonymous>)\n' +
    '    at runWithTimeout (file:///C:/Users/ferna/Downloads/appforge-main/node_modules/@vitest/runner/dist/index.js:1209:10)\n' +
    '    at file:///C:/Users/ferna/Downloads/appforge-main/node_modules/@vitest/runner/dist/index.js:1653:37\n' +
    '    at Traces.$ (file:///C:/Users/ferna/Downloads/appforge-main/node_modules/vitest/dist/chunks/traces.CCmnQaNT.js:142:27)\n' +
    '    at trace (file:///C:/Users/ferna/Downloads/appforge-main/node_modules/vitest/dist/chunks/test.B8ej_ZHS.js:239:21)\n' +
    '    at runTest (file:///C:/Users/ferna/Downloads/appforge-main/node_modules/@vitest/runner/dist/index.js:1653:12)',
  timestamp: '2026-02-04T02:08:44.702Z',
  context: {},
  userAgent: 'Mozilla/5.0 (win32) AppleWebKit/537.36 (KHTML, like Gecko) jsdom/25.0.1',
  url: 'http://localhost:3000/',
  env: 'development'
}
≡ƒö┤ Error captured: {
  message: 'Error 1',
  stack: 'Error: Error 1\n' +
    '    at C:/Users/ferna/Downloads/appforge-main/src/utils/__tests__/errorTracking.test.js:40:33\n' +
    '    at file:///C:/Users/ferna/Downloads/appforge-main/node_modules/@vitest/runner/dist/index.js:145:11\n' +
    '    at file:///C:/Users/ferna/Downloads/appforge-main/node_modules/@vitest/runner/dist/index.js:915:26\n' +
    '    at file:///C:/Users/ferna/Downloads/appforge-main/node_modules/@vitest/runner/dist/index.js:1243:20\n' +
    '    at new Promise (<anonymous>)\n' +
    '    at runWithTimeout (file:///C:/Users/ferna/Downloads/appforge-main/node_modules/@vitest/runner/dist/index.js:1209:10)\n' +
    '    at file:///C:/Users/ferna/Downloads/appforge-main/node_modules/@vitest/runner/dist/index.js:1653:37\n' +
    '    at Traces.$ (file:///C:/Users/ferna/Downloads/appforge-main/node_modules/vitest/dist/chunks/traces.CCmnQaNT.js:142:27)\n' +
    '    at trace (file:///C:/Users/ferna/Downloads/appforge-main/node_modules/vitest/dist/chunks/test.B8ej_ZHS.js:239:21)\n' +
    '    at runTest (file:///C:/Users/ferna/Downloads/appforge-main/node_modules/@vitest/runner/dist/index.js:1653:12)',
  timestamp: '2026-02-04T02:08:44.703Z',
  context: {},
  userAgent: 'Mozilla/5.0 (win32) AppleWebKit/537.36 (KHTML, like Gecko) jsdom/25.0.1',
  url: 'http://localhost:3000/',
  env: 'development'
}
≡ƒö┤ Error captured: {
  message: 'Error 2',
  stack: 'Error: Error 2\n' +
    '    at C:/Users/ferna/Downloads/appforge-main/src/utils/__tests__/errorTracking.test.js:40:33\n' +
    '    at file:///C:/Users/ferna/Downloads/appforge-main/node_modules/@vitest/runner/dist/index.js:145:11\n' +
    '    at file:///C:/Users/ferna/Downloads/appforge-main/node_modules/@vitest/runner/dist/index.js:915:26\n' +
    '    at file:///C:/Users/ferna/Downloads/appforge-main/node_modules/@vitest/runner/dist/index.js:1243:20\n' +
    '    at new Promise (<anonymous>)\n' +
    '    at runWithTimeout (file:///C:/Users/ferna/Downloads/appforge-main/node_modules/@vitest/runner/dist/index.js:1209:10)\n' +
    '    at file:///C:/Users/ferna/Downloads/appforge-main/node_modules/@vitest/runner/dist/index.js:1653:37\n' +
    '    at Traces.$ (file:///C:/Users/ferna/Downloads/appforge-main/node_modules/vitest/dist/chunks/traces.CCmnQaNT.js:142:27)\n' +
    '    at trace (file:///C:/Users/ferna/Downloads/appforge-main/node_modules/vitest/dist/chunks/test.B8ej_ZHS.js:239:21)\n' +
    '    at runTest (file:///C:/Users/ferna/Downloads/appforge-main/node_modules/@vitest/runner/dist/index.js:1653:12)',
  timestamp: '2026-02-04T02:08:44.704Z',
  context: {},
  userAgent: 'Mozilla/5.0 (win32) AppleWebKit/537.36 (KHTML, like Gecko) jsdom/25.0.1',
  url: 'http://localhost:3000/',
  env: 'development'
}
≡ƒö┤ Error captured: {
  message: 'Error 3',
  stack: 'Error: Error 3\n' +
    '    at C:/Users/ferna/Downloads/appforge-main/src/utils/__tests__/errorTracking.test.js:40:33\n' +
    '    at file:///C:/Users/ferna/Downloads/appforge-main/node_modules/@vitest/runner/dist/index.js:145:11\n' +
    '    at file:///C:/Users/ferna/Downloads/appforge-main/node_modules/@vitest/runner/dist/index.js:915:26\n' +
    '    at file:///C:/Users/ferna/Downloads/appforge-main/node_modules/@vitest/runner/dist/index.js:1243:20\n' +
    '    at new Promise (<anonymous>)\n' +
    '    at runWithTimeout (file:///C:/Users/ferna/Downloads/appforge-main/node_modules/@vitest/runner/dist/index.js:1209:10)\n' +
    '    at file:///C:/Users/ferna/Downloads/appforge-main/node_modules/@vitest/runner/dist/index.js:1653:37\n' +
    '    at Traces.$ (file:///C:/Users/ferna/Downloads/appforge-main/node_modules/vitest/dist/chunks/traces.CCmnQaNT.js:142:27)\n' +
    '    at trace (file:///C:/Users/ferna/Downloads/appforge-main/node_modules/vitest/dist/chunks/test.B8ej_ZHS.js:239:21)\n' +
    '    at runTest (file:///C:/Users/ferna/Downloads/appforge-main/node_modules/@vitest/runner/dist/index.js:1653:12)',
  timestamp: '2026-02-04T02:08:44.705Z',
  context: {},
  userAgent: 'Mozilla/5.0 (win32) AppleWebKit/537.36 (KHTML, like Gecko) jsdom/25.0.1',
  url: 'http://localhost:3000/',
  env: 'development'
}
≡ƒö┤ Error captured: {
  message: 'Error 4',
  stack: 'Error: Error 4\n' +
    '    at C:/Users/ferna/Downloads/appforge-main/src/utils/__tests__/errorTracking.test.js:40:33\n' +
    '    at file:///C:/Users/ferna/Downloads/appforge-main/node_modules/@vitest/runner/dist/index.js:145:11\n' +
    '    at file:///C:/Users/ferna/Downloads/appforge-main/node_modules/@vitest/runner/dist/index.js:915:26\n' +
    '    at file:///C:/Users/ferna/Downloads/appforge-main/node_modules/@vitest/runner/dist/index.js:1243:20\n' +
    '    at new Promise (<anonymous>)\n' +
    '    at runWithTimeout (file:///C:/Users/ferna/Downloads/appforge-main/node_modules/@vitest/runner/dist/index.js:1209:10)\n' +
    '    at file:///C:/Users/ferna/Downloads/appforge-main/node_modules/@vitest/runner/dist/index.js:1653:37\n' +
    '    at Traces.$ (file:///C:/Users/ferna/Downloads/appforge-main/node_modules/vitest/dist/chunks/traces.CCmnQaNT.js:142:27)\n' +
    '    at trace (file:///C:/Users/ferna/Downloads/appforge-main/node_modules/vitest/dist/chunks/test.B8ej_ZHS.js:239:21)\n' +
    '    at runTest (file:///C:/Users/ferna/Downloads/appforge-main/node_modules/@vitest/runner/dist/index.js:1653:12)',
  timestamp: '2026-02-04T02:08:44.705Z',
  context: {},
  userAgent: 'Mozilla/5.0 (win32) AppleWebKit/537.36 (KHTML, like Gecko) jsdom/25.0.1',
  url: 'http://localhost:3000/',
  env: 'development'
}
≡ƒö┤ Error captured: {
  message: 'Error 5',
  stack: 'Error: Error 5\n' +
    '    at C:/Users/ferna/Downloads/appforge-main/src/utils/__tests__/errorTracking.test.js:40:33\n' +
    '    at file:///C:/Users/ferna/Downloads/appforge-main/node_modules/@vitest/runner/dist/index.js:145:11\n' +
    '    at file:///C:/Users/ferna/Downloads/appforge-main/node_modules/@vitest/runner/dist/index.js:915:26\n' +
    '    at file:///C:/Users/ferna/Downloads/appforge-main/node_modules/@vitest/runner/dist/index.js:1243:20\n' +
    '    at new Promise (<anonymous>)\n' +
    '    at runWithTimeout (file:///C:/Users/ferna/Downloads/appforge-main/node_modules/@vitest/runner/dist/index.js:1209:10)\n' +
    '    at file:///C:/Users/ferna/Downloads/appforge-main/node_modules/@vitest/runner/dist/index.js:1653:37\n' +
    '    at Traces.$ (file:///C:/Users/ferna/Downloads/appforge-main/node_modules/vitest/dist/chunks/traces.CCmnQaNT.js:142:27)\n' +
    '    at trace (file:///C:/Users/ferna/Downloads/appforge-main/node_modules/vitest/dist/chunks/test.B8ej_ZHS.js:239:21)\n' +
    '    at runTest (file:///C:/Users/ferna/Downloads/appforge-main/node_modules/@vitest/runner/dist/index.js:1653:12)',
  timestamp: '2026-02-04T02:08:44.706Z',
  context: {},
  userAgent: 'Mozilla/5.0 (win32) AppleWebKit/537.36 (KHTML, like Gecko) jsdom/25.0.1',
  url: 'http://localhost:3000/',
  env: 'development'
}
≡ƒö┤ Error captured: {
  message: 'Error 6',
  stack: 'Error: Error 6\n' +
    '    at C:/Users/ferna/Downloads/appforge-main/src/utils/__tests__/errorTracking.test.js:40:33\n' +
    '    at file:///C:/Users/ferna/Downloads/appforge-main/node_modules/@vitest/runner/dist/index.js:145:11\n' +
    '    at file:///C:/Users/ferna/Downloads/appforge-main/node_modules/@vitest/runner/dist/index.js:915:26\n' +
    '    at file:///C:/Users/ferna/Downloads/appforge-main/node_modules/@vitest/runner/dist/index.js:1243:20\n' +
    '    at new Promise (<anonymous>)\n' +
    '    at runWithTimeout (file:///C:/Users/ferna/Downloads/appforge-main/node_modules/@vitest/runner/dist/index.js:1209:10)\n' +
    '    at file:///C:/Users/ferna/Downloads/appforge-main/node_modules/@vitest/runner/dist/index.js:1653:37\n' +
    '    at Traces.$ (file:///C:/Users/ferna/Downloads/appforge-main/node_modules/vitest/dist/chunks/traces.CCmnQaNT.js:142:27)\n' +
    '    at trace (file:///C:/Users/ferna/Downloads/appforge-main/node_modules/vitest/dist/chunks/test.B8ej_ZHS.js:239:21)\n' +
    '    at runTest (file:///C:/Users/ferna/Downloads/appforge-main/node_modules/@vitest/runner/dist/index.js:1653:12)',
  timestamp: '2026-02-04T02:08:44.707Z',
  context: {},
  userAgent: 'Mozilla/5.0 (win32) AppleWebKit/537.36 (KHTML, like Gecko) jsdom/25.0.1',
  url: 'http://localhost:3000/',
  env: 'development'
}
≡ƒö┤ Error captured: {
  message: 'Error 7',
  stack: 'Error: Error 7\n' +
    '    at C:/Users/ferna/Downloads/appforge-main/src/utils/__tests__/errorTracking.test.js:40:33\n' +
    '    at file:///C:/Users/ferna/Downloads/appforge-main/node_modules/@vitest/runner/dist/index.js:145:11\n' +
    '    at file:///C:/Users/ferna/Downloads/appforge-main/node_modules/@vitest/runner/dist/index.js:915:26\n' +
    '    at file:///C:/Users/ferna/Downloads/appforge-main/node_modules/@vitest/runner/dist/index.js:1243:20\n' +
    '    at new Promise (<anonymous>)\n' +
    '    at runWithTimeout (file:///C:/Users/ferna/Downloads/appforge-main/node_modules/@vitest/runner/dist/index.js:1209:10)\n' +
    '    at file:///C:/Users/ferna/Downloads/appforge-main/node_modules/@vitest/runner/dist/index.js:1653:37\n' +
    '    at Traces.$ (file:///C:/Users/ferna/Downloads/appforge-main/node_modules/vitest/dist/chunks/traces.CCmnQaNT.js:142:27)\n' +
    '    at trace (file:///C:/Users/ferna/Downloads/appforge-main/node_modules/vitest/dist/chunks/test.B8ej_ZHS.js:239:21)\n' +
    '    at runTest (file:///C:/Users/ferna/Downloads/appforge-main/node_modules/@vitest/runner/dist/index.js:1653:12)',
  timestamp: '2026-02-04T02:08:44.707Z',
  context: {},
  userAgent: 'Mozilla/5.0 (win32) AppleWebKit/537.36 (KHTML, like Gecko) jsdom/25.0.1',
  url: 'http://localhost:3000/',
  env: 'development'
}
≡ƒö┤ Error captured: {
  message: 'Error 8',
  stack: 'Error: Error 8\n' +
    '    at C:/Users/ferna/Downloads/appforge-main/src/utils/__tests__/errorTracking.test.js:40:33\n' +
    '    at file:///C:/Users/ferna/Downloads/appforge-main/node_modules/@vitest/runner/dist/index.js:145:11\n' +
    '    at file:///C:/Users/ferna/Downloads/appforge-main/node_modules/@vitest/runner/dist/index.js:915:26\n' +
    '    at file:///C:/Users/ferna/Downloads/appforge-main/node_modules/@vitest/runner/dist/index.js:1243:20\n' +
    '    at new Promise (<anonymous>)\n' +
    '    at runWithTimeout (file:///C:/Users/ferna/Downloads/appforge-main/node_modules/@vitest/runner/dist/index.js:1209:10)\n' +
    '    at file:///C:/Users/ferna/Downloads/appforge-main/node_modules/@vitest/runner/dist/index.js:1653:37\n' +
    '    at Traces.$ (file:///C:/Users/ferna/Downloads/appforge-main/node_modules/vitest/dist/chunks/traces.CCmnQaNT.js:142:27)\n' +
    '    at trace (file:///C:/Users/ferna/Downloads/appforge-main/node_modules/vitest/dist/chunks/test.B8ej_ZHS.js:239:21)\n' +
    '    at runTest (file:///C:/Users/ferna/Downloads/appforge-main/node_modules/@vitest/runner/dist/index.js:1653:12)',
  timestamp: '2026-02-04T02:08:44.708Z',
  context: {},
  userAgent: 'Mozilla/5.0 (win32) AppleWebKit/537.36 (KHTML, like Gecko) jsdom/25.0.1',
  url: 'http://localhost:3000/',
  env: 'development'
}
≡ƒö┤ Error captured: {
  message: 'Error 9',
  stack: 'Error: Error 9\n' +
    '    at C:/Users/ferna/Downloads/appforge-main/src/utils/__tests__/errorTracking.test.js:40:33\n' +
    '    at file:///C:/Users/ferna/Downloads/appforge-main/node_modules/@vitest/runner/dist/index.js:145:11\n' +
    '    at file:///C:/Users/ferna/Downloads/appforge-main/node_modules/@vitest/runner/dist/index.js:915:26\n' +
    '    at file:///C:/Users/ferna/Downloads/appforge-main/node_modules/@vitest/runner/dist/index.js:1243:20\n' +
    '    at new Promise (<anonymous>)\n' +
    '    at runWithTimeout (file:///C:/Users/ferna/Downloads/appforge-main/node_modules/@vitest/runner/dist/index.js:1209:10)\n' +
    '    at file:///C:/Users/ferna/Downloads/appforge-main/node_modules/@vitest/runner/dist/index.js:1653:37\n' +
    '    at Traces.$ (file:///C:/Users/ferna/Downloads/appforge-main/node_modules/vitest/dist/chunks/traces.CCmnQaNT.js:142:27)\n' +
    '    at trace (file:///C:/Users/ferna/Downloads/appforge-main/node_modules/vitest/dist/chunks/test.B8ej_ZHS.js:239:21)\n' +
    '    at runTest (file:///C:/Users/ferna/Downloads/appforge-main/node_modules/@vitest/runner/dist/index.js:1653:12)',
  timestamp: '2026-02-04T02:08:44.709Z',
  context: {},
  userAgent: 'Mozilla/5.0 (win32) AppleWebKit/537.36 (KHTML, like Gecko) jsdom/25.0.1',
  url: 'http://localhost:3000/',
  env: 'development'
}
≡ƒö┤ Error captured: {
  message: 'Error 10',
  stack: 'Error: Error 10\n' +
    '    at C:/Users/ferna/Downloads/appforge-main/src/utils/__tests__/errorTracking.test.js:40:33\n' +
    '    at file:///C:/Users/ferna/Downloads/appforge-main/node_modules/@vitest/runner/dist/index.js:145:11\n' +
    '    at file:///C:/Users/ferna/Downloads/appforge-main/node_modules/@vitest/runner/dist/index.js:915:26\n' +
    '    at file:///C:/Users/ferna/Downloads/appforge-main/node_modules/@vitest/runner/dist/index.js:1243:20\n' +
    '    at new Promise (<anonymous>)\n' +
    '    at runWithTimeout (file:///C:/Users/ferna/Downloads/appforge-main/node_modules/@vitest/runner/dist/index.js:1209:10)\n' +
    '    at file:///C:/Users/ferna/Downloads/appforge-main/node_modules/@vitest/runner/dist/index.js:1653:37\n' +
    '    at Traces.$ (file:///C:/Users/ferna/Downloads/appforge-main/node_modules/vitest/dist/chunks/traces.CCmnQaNT.js:142:27)\n' +
    '    at trace (file:///C:/Users/ferna/Downloads/appforge-main/node_modules/vitest/dist/chunks/test.B8ej_ZHS.js:239:21)\n' +
    '    at runTest (file:///C:/Users/ferna/Downloads/appforge-main/node_modules/@vitest/runner/dist/index.js:1653:12)',
  timestamp: '2026-02-04T02:08:44.709Z',
  context: {},
  userAgent: 'Mozilla/5.0 (win32) AppleWebKit/537.36 (KHTML, like Gecko) jsdom/25.0.1',
  url: 'http://localhost:3000/',
  env: 'development'
}
≡ƒö┤ Error captured: {
  message: 'Error 11',
  stack: 'Error: Error 11\n' +
    '    at C:/Users/ferna/Downloads/appforge-main/src/utils/__tests__/errorTracking.test.js:40:33\n' +
    '    at file:///C:/Users/ferna/Downloads/appforge-main/node_modules/@vitest/runner/dist/index.js:145:11\n' +
    '    at file:///C:/Users/ferna/Downloads/appforge-main/node_modules/@vitest/runner/dist/index.js:915:26\n' +
    '    at file:///C:/Users/ferna/Downloads/appforge-main/node_modules/@vitest/runner/dist/index.js:1243:20\n' +
    '    at new Promise (<anonymous>)\n' +
    '    at runWithTimeout (file:///C:/Users/ferna/Downloads/appforge-main/node_modules/@vitest/runner/dist/index.js:1209:10)\n' +
    '    at file:///C:/Users/ferna/Downloads/appforge-main/node_modules/@vitest/runner/dist/index.js:1653:37\n' +
    '    at Traces.$ (file:///C:/Users/ferna/Downloads/appforge-main/node_modules/vitest/dist/chunks/traces.CCmnQaNT.js:142:27)\n' +
    '    at trace (file:///C:/Users/ferna/Downloads/appforge-main/node_modules/vitest/dist/chunks/test.B8ej_ZHS.js:239:21)\n' +
    '    at runTest (file:///C:/Users/ferna/Downloads/appforge-main/node_modules/@vitest/runner/dist/index.js:1653:12)',
  timestamp: '2026-02-04T02:08:44.710Z',
  context: {},
  userAgent: 'Mozilla/5.0 (win32) AppleWebKit/537.36 (KHTML, like Gecko) jsdom/25.0.1',
  url: 'http://localhost:3000/',
  env: 'development'
}
≡ƒö┤ Error captured: {
  message: 'Error 12',
  stack: 'Error: Error 12\n' +
    '    at C:/Users/ferna/Downloads/appforge-main/src/utils/__tests__/errorTracking.test.js:40:33\n' +
    '    at file:///C:/Users/ferna/Downloads/appforge-main/node_modules/@vitest/runner/dist/index.js:145:11\n' +
    '    at file:///C:/Users/ferna/Downloads/appforge-main/node_modules/@vitest/runner/dist/index.js:915:26\n' +
    '    at file:///C:/Users/ferna/Downloads/appforge-main/node_modules/@vitest/runner/dist/index.js:1243:20\n' +
    '    at new Promise (<anonymous>)\n' +
    '    at runWithTimeout (file:///C:/Users/ferna/Downloads/appforge-main/node_modules/@vitest/runner/dist/index.js:1209:10)\n' +
    '    at file:///C:/Users/ferna/Downloads/appforge-main/node_modules/@vitest/runner/dist/index.js:1653:37\n' +
    '    at Traces.$ (file:///C:/Users/ferna/Downloads/appforge-main/node_modules/vitest/dist/chunks/traces.CCmnQaNT.js:142:27)\n' +
    '    at trace (file:///C:/Users/ferna/Downloads/appforge-main/node_modules/vitest/dist/chunks/test.B8ej_ZHS.js:239:21)\n' +
    '    at runTest (file:///C:/Users/ferna/Downloads/appforge-main/node_modules/@vitest/runner/dist/index.js:1653:12)',
  timestamp: '2026-02-04T02:08:44.710Z',
  context: {},
  userAgent: 'Mozilla/5.0 (win32) AppleWebKit/537.36 (KHTML, like Gecko) jsdom/25.0.1',
  url: 'http://localhost:3000/',
  env: 'development'
}
≡ƒö┤ Error captured: {
  message: 'Error 13',
  stack: 'Error: Error 13\n' +
    '    at C:/Users/ferna/Downloads/appforge-main/src/utils/__tests__/errorTracking.test.js:40:33\n' +
    '    at file:///C:/Users/ferna/Downloads/appforge-main/node_modules/@vitest/runner/dist/index.js:145:11\n' +
    '    at file:///C:/Users/ferna/Downloads/appforge-main/node_modules/@vitest/runner/dist/index.js:915:26\n' +
    '    at file:///C:/Users/ferna/Downloads/appforge-main/node_modules/@vitest/runner/dist/index.js:1243:20\n' +
    '    at new Promise (<anonymous>)\n' +
    '    at runWithTimeout (file:///C:/Users/ferna/Downloads/appforge-main/node_modules/@vitest/runner/dist/index.js:1209:10)\n' +
    '    at file:///C:/Users/ferna/Downloads/appforge-main/node_modules/@vitest/runner/dist/index.js:1653:37\n' +
    '    at Traces.$ (file:///C:/Users/ferna/Downloads/appforge-main/node_modules/vitest/dist/chunks/traces.CCmnQaNT.js:142:27)\n' +
    '    at trace (file:///C:/Users/ferna/Downloads/appforge-main/node_modules/vitest/dist/chunks/test.B8ej_ZHS.js:239:21)\n' +
    '    at runTest (file:///C:/Users/ferna/Downloads/appforge-main/node_modules/@vitest/runner/dist/index.js:1653:12)',
  timestamp: '2026-02-04T02:08:44.711Z',
  context: {},
  userAgent: 'Mozilla/5.0 (win32) AppleWebKit/537.36 (KHTML, like Gecko) jsdom/25.0.1',
  url: 'http://localhost:3000/',
  env: 'development'
}
≡ƒö┤ Error captured: {
  message: 'Error 14',
  stack: 'Error: Error 14\n' +
    '    at C:/Users/ferna/Downloads/appforge-main/src/utils/__tests__/errorTracking.test.js:40:33\n' +
    '    at file:///C:/Users/ferna/Downloads/appforge-main/node_modules/@vitest/runner/dist/index.js:145:11\n' +
    '    at file:///C:/Users/ferna/Downloads/appforge-main/node_modules/@vitest/runner/dist/index.js:915:26\n' +
    '    at file:///C:/Users/ferna/Downloads/appforge-main/node_modules/@vitest/runner/dist/index.js:1243:20\n' +
    '    at new Promise (<anonymous>)\n' +
    '    at runWithTimeout (file:///C:/Users/ferna/Downloads/appforge-main/node_modules/@vitest/runner/dist/index.js:1209:10)\n' +
    '    at file:///C:/Users/ferna/Downloads/appforge-main/node_modules/@vitest/runner/dist/index.js:1653:37\n' +
    '    at Traces.$ (file:///C:/Users/ferna/Downloads/appforge-main/node_modules/vitest/dist/chunks/traces.CCmnQaNT.js:142:27)\n' +
    '    at trace (file:///C:/Users/ferna/Downloads/appforge-main/node_modules/vitest/dist/chunks/test.B8ej_ZHS.js:239:21)\n' +
    '    at runTest (file:///C:/Users/ferna/Downloads/appforge-main/node_modules/@vitest/runner/dist/index.js:1653:12)',
  timestamp: '2026-02-04T02:08:44.711Z',
  context: {},
  userAgent: 'Mozilla/5.0 (win32) AppleWebKit/537.36 (KHTML, like Gecko) jsdom/25.0.1',
  url: 'http://localhost:3000/',
  env: 'development'
}
≡ƒö┤ Error captured: {
  message: 'Error 15',
  stack: 'Error: Error 15\n' +
    '    at C:/Users/ferna/Downloads/appforge-main/src/utils/__tests__/errorTracking.test.js:40:33\n' +
    '    at file:///C:/Users/ferna/Downloads/appforge-main/node_modules/@vitest/runner/dist/index.js:145:11\n' +
    '    at file:///C:/Users/ferna/Downloads/appforge-main/node_modules/@vitest/runner/dist/index.js:915:26\n' +
    '    at file:///C:/Users/ferna/Downloads/appforge-main/node_modules/@vitest/runner/dist/index.js:1243:20\n' +
    '    at new Promise (<anonymous>)\n' +
    '    at runWithTimeout (file:///C:/Users/ferna/Downloads/appforge-main/node_modules/@vitest/runner/dist/index.js:1209:10)\n' +
    '    at file:///C:/Users/ferna/Downloads/appforge-main/node_modules/@vitest/runner/dist/index.js:1653:37\n' +
    '    at Traces.$ (file:///C:/Users/ferna/Downloads/appforge-main/node_modules/vitest/dist/chunks/traces.CCmnQaNT.js:142:27)\n' +
    '    at trace (file:///C:/Users/ferna/Downloads/appforge-main/node_modules/vitest/dist/chunks/test.B8ej_ZHS.js:239:21)\n' +
    '    at runTest (file:///C:/Users/ferna/Downloads/appforge-main/node_modules/@vitest/runner/dist/index.js:1653:12)',
  timestamp: '2026-02-04T02:08:44.712Z',
  context: {},
  userAgent: 'Mozilla/5.0 (win32) AppleWebKit/537.36 (KHTML, like Gecko) jsdom/25.0.1',
  url: 'http://localhost:3000/',
  env: 'development'
}
≡ƒö┤ Error captured: {
  message: 'Error 16',
  stack: 'Error: Error 16\n' +
    '    at C:/Users/ferna/Downloads/appforge-main/src/utils/__tests__/errorTracking.test.js:40:33\n' +
    '    at file:///C:/Users/ferna/Downloads/appforge-main/node_modules/@vitest/runner/dist/index.js:145:11\n' +
    '    at file:///C:/Users/ferna/Downloads/appforge-main/node_modules/@vitest/runner/dist/index.js:915:26\n' +
    '    at file:///C:/Users/ferna/Downloads/appforge-main/node_modules/@vitest/runner/dist/index.js:1243:20\n' +
    '    at new Promise (<anonymous>)\n' +
    '    at runWithTimeout (file:///C:/Users/ferna/Downloads/appforge-main/node_modules/@vitest/runner/dist/index.js:1209:10)\n' +
    '    at file:///C:/Users/ferna/Downloads/appforge-main/node_modules/@vitest/runner/dist/index.js:1653:37\n' +
    '    at Traces.$ (file:///C:/Users/ferna/Downloads/appforge-main/node_modules/vitest/dist/chunks/traces.CCmnQaNT.js:142:27)\n' +
    '    at trace (file:///C:/Users/ferna/Downloads/appforge-main/node_modules/vitest/dist/chunks/test.B8ej_ZHS.js:239:21)\n' +
    '    at runTest (file:///C:/Users/ferna/Downloads/appforge-main/node_modules/@vitest/runner/dist/index.js:1653:12)',
  timestamp: '2026-02-04T02:08:44.713Z',
  context: {},
  userAgent: 'Mozilla/5.0 (win32) AppleWebKit/537.36 (KHTML, like Gecko) jsdom/25.0.1',
  url: 'http://localhost:3000/',
  env: 'development'
}
≡ƒö┤ Error captured: {
  message: 'Error 17',
  stack: 'Error: Error 17\n' +
    '    at C:/Users/ferna/Downloads/appforge-main/src/utils/__tests__/errorTracking.test.js:40:33\n' +
    '    at file:///C:/Users/ferna/Downloads/appforge-main/node_modules/@vitest/runner/dist/index.js:145:11\n' +
    '    at file:///C:/Users/ferna/Downloads/appforge-main/node_modules/@vitest/runner/dist/index.js:915:26\n' +
    '    at file:///C:/Users/ferna/Downloads/appforge-main/node_modules/@vitest/runner/dist/index.js:1243:20\n' +
    '    at new Promise (<anonymous>)\n' +
    '    at runWithTimeout (file:///C:/Users/ferna/Downloads/appforge-main/node_modules/@vitest/runner/dist/index.js:1209:10)\n' +
    '    at file:///C:/Users/ferna/Downloads/appforge-main/node_modules/@vitest/runner/dist/index.js:1653:37\n' +
    '    at Traces.$ (file:///C:/Users/ferna/Downloads/appforge-main/node_modules/vitest/dist/chunks/traces.CCmnQaNT.js:142:27)\n' +
    '    at trace (file:///C:/Users/ferna/Downloads/appforge-main/node_modules/vitest/dist/chunks/test.B8ej_ZHS.js:239:21)\n' +
    '    at runTest (file:///C:/Users/ferna/Downloads/appforge-main/node_modules/@vitest/runner/dist/index.js:1653:12)',
  timestamp: '2026-02-04T02:08:44.713Z',
  context: {},
  userAgent: 'Mozilla/5.0 (win32) AppleWebKit/537.36 (KHTML, like Gecko) jsdom/25.0.1',
  url: 'http://localhost:3000/',
  env: 'development'
}
≡ƒö┤ Error captured: {
  message: 'Error 18',
  stack: 'Error: Error 18\n' +
    '    at C:/Users/ferna/Downloads/appforge-main/src/utils/__tests__/errorTracking.test.js:40:33\n' +
    '    at file:///C:/Users/ferna/Downloads/appforge-main/node_modules/@vitest/runner/dist/index.js:145:11\n' +
    '    at file:///C:/Users/ferna/Downloads/appforge-main/node_modules/@vitest/runner/dist/index.js:915:26\n' +
    '    at file:///C:/Users/ferna/Downloads/appforge-main/node_modules/@vitest/runner/dist/index.js:1243:20\n' +
    '    at new Promise (<anonymous>)\n' +
    '    at runWithTimeout (file:///C:/Users/ferna/Downloads/appforge-main/node_modules/@vitest/runner/dist/index.js:1209:10)\n' +
    '    at file:///C:/Users/ferna/Downloads/appforge-main/node_modules/@vitest/runner/dist/index.js:1653:37\n' +
    '    at Traces.$ (file:///C:/Users/ferna/Downloads/appforge-main/node_modules/vitest/dist/chunks/traces.CCmnQaNT.js:142:27)\n' +
    '    at trace (file:///C:/Users/ferna/Downloads/appforge-main/node_modules/vitest/dist/chunks/test.B8ej_ZHS.js:239:21)\n' +
    '    at runTest (file:///C:/Users/ferna/Downloads/appforge-main/node_modules/@vitest/runner/dist/index.js:1653:12)',
  timestamp: '2026-02-04T02:08:44.714Z',
  context: {},
  userAgent: 'Mozilla/5.0 (win32) AppleWebKit/537.36 (KHTML, like Gecko) jsdom/25.0.1',
  url: 'http://localhost:3000/',
  env: 'development'
}
≡ƒö┤ Error captured: {
  message: 'Error 19',
  stack: 'Error: Error 19\n' +
    '    at C:/Users/ferna/Downloads/appforge-main/src/utils/__tests__/errorTracking.test.js:40:33\n' +
    '    at file:///C:/Users/ferna/Downloads/appforge-main/node_modules/@vitest/runner/dist/index.js:145:11\n' +
    '    at file:///C:/Users/ferna/Downloads/appforge-main/node_modules/@vitest/runner/dist/index.js:915:26\n' +
    '    at file:///C:/Users/ferna/Downloads/appforge-main/node_modules/@vitest/runner/dist/index.js:1243:20\n' +
    '    at new Promise (<anonymous>)\n' +
    '    at runWithTimeout (file:///C:/Users/ferna/Downloads/appforge-main/node_modules/@vitest/runner/dist/index.js:1209:10)\n' +
    '    at file:///C:/Users/ferna/Downloads/appforge-main/node_modules/@vitest/runner/dist/index.js:1653:37\n' +
    '    at Traces.$ (file:///C:/Users/ferna/Downloads/appforge-main/node_modules/vitest/dist/chunks/traces.CCmnQaNT.js:142:27)\n' +
    '    at trace (file:///C:/Users/ferna/Downloads/appforge-main/node_modules/vitest/dist/chunks/test.B8ej_ZHS.js:239:21)\n' +
    '    at runTest (file:///C:/Users/ferna/Downloads/appforge-main/node_modules/@vitest/runner/dist/index.js:1653:12)',
  timestamp: '2026-02-04T02:08:44.714Z',
  context: {},
  userAgent: 'Mozilla/5.0 (win32) AppleWebKit/537.36 (KHTML, like Gecko) jsdom/25.0.1',
  url: 'http://localhost:3000/',
  env: 'development'
}
≡ƒö┤ Error captured: {
  message: 'Error 20',
  stack: 'Error: Error 20\n' +
    '    at C:/Users/ferna/Downloads/appforge-main/src/utils/__tests__/errorTracking.test.js:40:33\n' +
    '    at file:///C:/Users/ferna/Downloads/appforge-main/node_modules/@vitest/runner/dist/index.js:145:11\n' +
    '    at file:///C:/Users/ferna/Downloads/appforge-main/node_modules/@vitest/runner/dist/index.js:915:26\n' +
    '    at file:///C:/Users/ferna/Downloads/appforge-main/node_modules/@vitest/runner/dist/index.js:1243:20\n' +
    '    at new Promise (<anonymous>)\n' +
    '    at runWithTimeout (file:///C:/Users/ferna/Downloads/appforge-main/node_modules/@vitest/runner/dist/index.js:1209:10)\n' +
    '    at file:///C:/Users/ferna/Downloads/appforge-main/node_modules/@vitest/runner/dist/index.js:1653:37\n' +
    '    at Traces.$ (file:///C:/Users/ferna/Downloads/appforge-main/node_modules/vitest/dist/chunks/traces.CCmnQaNT.js:142:27)\n' +
    '    at trace (file:///C:/Users/ferna/Downloads/appforge-main/node_modules/vitest/dist/chunks/test.B8ej_ZHS.js:239:21)\n' +
    '    at runTest (file:///C:/Users/ferna/Downloads/appforge-main/node_modules/@vitest/runner/dist/index.js:1653:12)',
  timestamp: '2026-02-04T02:08:44.715Z',
  context: {},
  userAgent: 'Mozilla/5.0 (win32) AppleWebKit/537.36 (KHTML, like Gecko) jsdom/25.0.1',
  url: 'http://localhost:3000/',
  env: 'development'
}
≡ƒö┤ Error captured: {
  message: 'Error 21',
  stack: 'Error: Error 21\n' +
    '    at C:/Users/ferna/Downloads/appforge-main/src/utils/__tests__/errorTracking.test.js:40:33\n' +
    '    at file:///C:/Users/ferna/Downloads/appforge-main/node_modules/@vitest/runner/dist/index.js:145:11\n' +
    '    at file:///C:/Users/ferna/Downloads/appforge-main/node_modules/@vitest/runner/dist/index.js:915:26\n' +
    '    at file:///C:/Users/ferna/Downloads/appforge-main/node_modules/@vitest/runner/dist/index.js:1243:20\n' +
    '    at new Promise (<anonymous>)\n' +
    '    at runWithTimeout (file:///C:/Users/ferna/Downloads/appforge-main/node_modules/@vitest/runner/dist/index.js:1209:10)\n' +
    '    at file:///C:/Users/ferna/Downloads/appforge-main/node_modules/@vitest/runner/dist/index.js:1653:37\n' +
    '    at Traces.$ (file:///C:/Users/ferna/Downloads/appforge-main/node_modules/vitest/dist/chunks/traces.CCmnQaNT.js:142:27)\n' +
    '    at trace (file:///C:/Users/ferna/Downloads/appforge-main/node_modules/vitest/dist/chunks/test.B8ej_ZHS.js:239:21)\n' +
    '    at runTest (file:///C:/Users/ferna/Downloads/appforge-main/node_modules/@vitest/runner/dist/index.js:1653:12)',
  timestamp: '2026-02-04T02:08:44.715Z',
  context: {},
  userAgent: 'Mozilla/5.0 (win32) AppleWebKit/537.36 (KHTML, like Gecko) jsdom/25.0.1',
  url: 'http://localhost:3000/',
  env: 'development'
}
≡ƒö┤ Error captured: {
  message: 'Error 22',
  stack: 'Error: Error 22\n' +
    '    at C:/Users/ferna/Downloads/appforge-main/src/utils/__tests__/errorTracking.test.js:40:33\n' +
    '    at file:///C:/Users/ferna/Downloads/appforge-main/node_modules/@vitest/runner/dist/index.js:145:11\n' +
    '    at file:///C:/Users/ferna/Downloads/appforge-main/node_modules/@vitest/runner/dist/index.js:915:26\n' +
    '    at file:///C:/Users/ferna/Downloads/appforge-main/node_modules/@vitest/runner/dist/index.js:1243:20\n' +
    '    at new Promise (<anonymous>)\n' +
    '    at runWithTimeout (file:///C:/Users/ferna/Downloads/appforge-main/node_modules/@vitest/runner/dist/index.js:1209:10)\n' +
    '    at file:///C:/Users/ferna/Downloads/appforge-main/node_modules/@vitest/runner/dist/index.js:1653:37\n' +
    '    at Traces.$ (file:///C:/Users/ferna/Downloads/appforge-main/node_modules/vitest/dist/chunks/traces.CCmnQaNT.js:142:27)\n' +
    '    at trace (file:///C:/Users/ferna/Downloads/appforge-main/node_modules/vitest/dist/chunks/test.B8ej_ZHS.js:239:21)\n' +
    '    at runTest (file:///C:/Users/ferna/Downloads/appforge-main/node_modules/@vitest/runner/dist/index.js:1653:12)',
  timestamp: '2026-02-04T02:08:44.716Z',
  context: {},
  userAgent: 'Mozilla/5.0 (win32) AppleWebKit/537.36 (KHTML, like Gecko) jsdom/25.0.1',
  url: 'http://localhost:3000/',
  env: 'development'
}
≡ƒö┤ Error captured: {
  message: 'Error 23',
  stack: 'Error: Error 23\n' +
    '    at C:/Users/ferna/Downloads/appforge-main/src/utils/__tests__/errorTracking.test.js:40:33\n' +
    '    at file:///C:/Users/ferna/Downloads/appforge-main/node_modules/@vitest/runner/dist/index.js:145:11\n' +
    '    at file:///C:/Users/ferna/Downloads/appforge-main/node_modules/@vitest/runner/dist/index.js:915:26\n' +
    '    at file:///C:/Users/ferna/Downloads/appforge-main/node_modules/@vitest/runner/dist/index.js:1243:20\n' +
    '    at new Promise (<anonymous>)\n' +
    '    at runWithTimeout (file:///C:/Users/ferna/Downloads/appforge-main/node_modules/@vitest/runner/dist/index.js:1209:10)\n' +
    '    at file:///C:/Users/ferna/Downloads/appforge-main/node_modules/@vitest/runner/dist/index.js:1653:37\n' +
    '    at Traces.$ (file:///C:/Users/ferna/Downloads/appforge-main/node_modules/vitest/dist/chunks/traces.CCmnQaNT.js:142:27)\n' +
    '    at trace (file:///C:/Users/ferna/Downloads/appforge-main/node_modules/vitest/dist/chunks/test.B8ej_ZHS.js:239:21)\n' +
    '    at runTest (file:///C:/Users/ferna/Downloads/appforge-main/node_modules/@vitest/runner/dist/index.js:1653:12)',
  timestamp: '2026-02-04T02:08:44.716Z',
  context: {},
  userAgent: 'Mozilla/5.0 (win32) AppleWebKit/537.36 (KHTML, like Gecko) jsdom/25.0.1',
  url: 'http://localhost:3000/',
  env: 'development'
}
≡ƒö┤ Error captured: {
  message: 'Error 24',
  stack: 'Error: Error 24\n' +
    '    at C:/Users/ferna/Downloads/appforge-main/src/utils/__tests__/errorTracking.test.js:40:33\n' +
    '    at file:///C:/Users/ferna/Downloads/appforge-main/node_modules/@vitest/runner/dist/index.js:145:11\n' +
    '    at file:///C:/Users/ferna/Downloads/appforge-main/node_modules/@vitest/runner/dist/index.js:915:26\n' +
    '    at file:///C:/Users/ferna/Downloads/appforge-main/node_modules/@vitest/runner/dist/index.js:1243:20\n' +
    '    at new Promise (<anonymous>)\n' +
    '    at runWithTimeout (file:///C:/Users/ferna/Downloads/appforge-main/node_modules/@vitest/runner/dist/index.js:1209:10)\n' +
    '    at file:///C:/Users/ferna/Downloads/appforge-main/node_modules/@vitest/runner/dist/index.js:1653:37\n' +
    '    at Traces.$ (file:///C:/Users/ferna/Downloads/appforge-main/node_modules/vitest/dist/chunks/traces.CCmnQaNT.js:142:27)\n' +
    '    at trace (file:///C:/Users/ferna/Downloads/appforge-main/node_modules/vitest/dist/chunks/test.B8ej_ZHS.js:239:21)\n' +
    '    at runTest (file:///C:/Users/ferna/Downloads/appforge-main/node_modules/@vitest/runner/dist/index.js:1653:12)',
  timestamp: '2026-02-04T02:08:44.717Z',
  context: {},
  userAgent: 'Mozilla/5.0 (win32) AppleWebKit/537.36 (KHTML, like Gecko) jsdom/25.0.1',
  url: 'http://localhost:3000/',
  env: 'development'
}
≡ƒö┤ Error captured: {
  message: 'Error 25',
  stack: 'Error: Error 25\n' +
    '    at C:/Users/ferna/Downloads/appforge-main/src/utils/__tests__/errorTracking.test.js:40:33\n' +
    '    at file:///C:/Users/ferna/Downloads/appforge-main/node_modules/@vitest/runner/dist/index.js:145:11\n' +
    '    at file:///C:/Users/ferna/Downloads/appforge-main/node_modules/@vitest/runner/dist/index.js:915:26\n' +
    '    at file:///C:/Users/ferna/Downloads/appforge-main/node_modules/@vitest/runner/dist/index.js:1243:20\n' +
    '    at new Promise (<anonymous>)\n' +
    '    at runWithTimeout (file:///C:/Users/ferna/Downloads/appforge-main/node_modules/@vitest/runner/dist/index.js:1209:10)\n' +
    '    at file:///C:/Users/ferna/Downloads/appforge-main/node_modules/@vitest/runner/dist/index.js:1653:37\n' +
    '    at Traces.$ (file:///C:/Users/ferna/Downloads/appforge-main/node_modules/vitest/dist/chunks/traces.CCmnQaNT.js:142:27)\n' +
    '    at trace (file:///C:/Users/ferna/Downloads/appforge-main/node_modules/vitest/dist/chunks/test.B8ej_ZHS.js:239:21)\n' +
    '    at runTest (file:///C:/Users/ferna/Downloads/appforge-main/node_modules/@vitest/runner/dist/index.js:1653:12)',
  timestamp: '2026-02-04T02:08:44.717Z',
  context: {},
  userAgent: 'Mozilla/5.0 (win32) AppleWebKit/537.36 (KHTML, like Gecko) jsdom/25.0.1',
  url: 'http://localhost:3000/',
  env: 'development'
}
≡ƒö┤ Error captured: {
  message: 'Error 26',
  stack: 'Error: Error 26\n' +
    '    at C:/Users/ferna/Downloads/appforge-main/src/utils/__tests__/errorTracking.test.js:40:33\n' +
    '    at file:///C:/Users/ferna/Downloads/appforge-main/node_modules/@vitest/runner/dist/index.js:145:11\n' +
    '    at file:///C:/Users/ferna/Downloads/appforge-main/node_modules/@vitest/runner/dist/index.js:915:26\n' +
    '    at file:///C:/Users/ferna/Downloads/appforge-main/node_modules/@vitest/runner/dist/index.js:1243:20\n' +
    '    at new Promise (<anonymous>)\n' +
    '    at runWithTimeout (file:///C:/Users/ferna/Downloads/appforge-main/node_modules/@vitest/runner/dist/index.js:1209:10)\n' +
    '    at file:///C:/Users/ferna/Downloads/appforge-main/node_modules/@vitest/runner/dist/index.js:1653:37\n' +
    '    at Traces.$ (file:///C:/Users/ferna/Downloads/appforge-main/node_modules/vitest/dist/chunks/traces.CCmnQaNT.js:142:27)\n' +
    '    at trace (file:///C:/Users/ferna/Downloads/appforge-main/node_modules/vitest/dist/chunks/test.B8ej_ZHS.js:239:21)\n' +
    '    at runTest (file:///C:/Users/ferna/Downloads/appforge-main/node_modules/@vitest/runner/dist/index.js:1653:12)',
  timestamp: '2026-02-04T02:08:44.718Z',
  context: {},
  userAgent: 'Mozilla/5.0 (win32) AppleWebKit/537.36 (KHTML, like Gecko) jsdom/25.0.1',
  url: 'http://localhost:3000/',
  env: 'development'
}
≡ƒö┤ Error captured: {
  message: 'Error 27',
  stack: 'Error: Error 27\n' +
    '    at C:/Users/ferna/Downloads/appforge-main/src/utils/__tests__/errorTracking.test.js:40:33\n' +
    '    at file:///C:/Users/ferna/Downloads/appforge-main/node_modules/@vitest/runner/dist/index.js:145:11\n' +
    '    at file:///C:/Users/ferna/Downloads/appforge-main/node_modules/@vitest/runner/dist/index.js:915:26\n' +
    '    at file:///C:/Users/ferna/Downloads/appforge-main/node_modules/@vitest/runner/dist/index.js:1243:20\n' +
    '    at new Promise (<anonymous>)\n' +
    '    at runWithTimeout (file:///C:/Users/ferna/Downloads/appforge-main/node_modules/@vitest/runner/dist/index.js:1209:10)\n' +
    '    at file:///C:/Users/ferna/Downloads/appforge-main/node_modules/@vitest/runner/dist/index.js:1653:37\n' +
    '    at Traces.$ (file:///C:/Users/ferna/Downloads/appforge-main/node_modules/vitest/dist/chunks/traces.CCmnQaNT.js:142:27)\n' +
    '    at trace (file:///C:/Users/ferna/Downloads/appforge-main/node_modules/vitest/dist/chunks/test.B8ej_ZHS.js:239:21)\n' +
    '    at runTest (file:///C:/Users/ferna/Downloads/appforge-main/node_modules/@vitest/runner/dist/index.js:1653:12)',
  timestamp: '2026-02-04T02:08:44.719Z',
  context: {},
  userAgent: 'Mozilla/5.0 (win32) AppleWebKit/537.36 (KHTML, like Gecko) jsdom/25.0.1',
  url: 'http://localhost:3000/',
  env: 'development'
}
≡ƒö┤ Error captured: {
  message: 'Error 28',
  stack: 'Error: Error 28\n' +
    '    at C:/Users/ferna/Downloads/appforge-main/src/utils/__tests__/errorTracking.test.js:40:33\n' +
    '    at file:///C:/Users/ferna/Downloads/appforge-main/node_modules/@vitest/runner/dist/index.js:145:11\n' +
    '    at file:///C:/Users/ferna/Downloads/appforge-main/node_modules/@vitest/runner/dist/index.js:915:26\n' +
    '    at file:///C:/Users/ferna/Downloads/appforge-main/node_modules/@vitest/runner/dist/index.js:1243:20\n' +
    '    at new Promise (<anonymous>)\n' +
    '    at runWithTimeout (file:///C:/Users/ferna/Downloads/appforge-main/node_modules/@vitest/runner/dist/index.js:1209:10)\n' +
    '    at file:///C:/Users/ferna/Downloads/appforge-main/node_modules/@vitest/runner/dist/index.js:1653:37\n' +
    '    at Traces.$ (file:///C:/Users/ferna/Downloads/appforge-main/node_modules/vitest/dist/chunks/traces.CCmnQaNT.js:142:27)\n' +
    '    at trace (file:///C:/Users/ferna/Downloads/appforge-main/node_modules/vitest/dist/chunks/test.B8ej_ZHS.js:239:21)\n' +
    '    at runTest (file:///C:/Users/ferna/Downloads/appforge-main/node_modules/@vitest/runner/dist/index.js:1653:12)',
  timestamp: '2026-02-04T02:08:44.719Z',
  context: {},
  userAgent: 'Mozilla/5.0 (win32) AppleWebKit/537.36 (KHTML, like Gecko) jsdom/25.0.1',
  url: 'http://localhost:3000/',
  env: 'development'
}
≡ƒö┤ Error captured: {
  message: 'Error 29',
  stack: 'Error: Error 29\n' +
    '    at C:/Users/ferna/Downloads/appforge-main/src/utils/__tests__/errorTracking.test.js:40:33\n' +
    '    at file:///C:/Users/ferna/Downloads/appforge-main/node_modules/@vitest/runner/dist/index.js:145:11\n' +
    '    at file:///C:/Users/ferna/Downloads/appforge-main/node_modules/@vitest/runner/dist/index.js:915:26\n' +
    '    at file:///C:/Users/ferna/Downloads/appforge-main/node_modules/@vitest/runner/dist/index.js:1243:20\n' +
    '    at new Promise (<anonymous>)\n' +
    '    at runWithTimeout (file:///C:/Users/ferna/Downloads/appforge-main/node_modules/@vitest/runner/dist/index.js:1209:10)\n' +
    '    at file:///C:/Users/ferna/Downloads/appforge-main/node_modules/@vitest/runner/dist/index.js:1653:37\n' +
    '    at Traces.$ (file:///C:/Users/ferna/Downloads/appforge-main/node_modules/vitest/dist/chunks/traces.CCmnQaNT.js:142:27)\n' +
    '    at trace (file:///C:/Users/ferna/Downloads/appforge-main/node_modules/vitest/dist/chunks/test.B8ej_ZHS.js:239:21)\n' +
    '    at runTest (file:///C:/Users/ferna/Downloads/appforge-main/node_modules/@vitest/runner/dist/index.js:1653:12)',
  timestamp: '2026-02-04T02:08:44.720Z',
  context: {},
  userAgent: 'Mozilla/5.0 (win32) AppleWebKit/537.36 (KHTML, like Gecko) jsdom/25.0.1',
  url: 'http://localhost:3000/',
  env: 'development'
}
≡ƒö┤ Error captured: {
  message: 'Error 30',
  stack: 'Error: Error 30\n' +
    '    at C:/Users/ferna/Downloads/appforge-main/src/utils/__tests__/errorTracking.test.js:40:33\n' +
    '    at file:///C:/Users/ferna/Downloads/appforge-main/node_modules/@vitest/runner/dist/index.js:145:11\n' +
    '    at file:///C:/Users/ferna/Downloads/appforge-main/node_modules/@vitest/runner/dist/index.js:915:26\n' +
    '    at file:///C:/Users/ferna/Downloads/appforge-main/node_modules/@vitest/runner/dist/index.js:1243:20\n' +
    '    at new Promise (<anonymous>)\n' +
    '    at runWithTimeout (file:///C:/Users/ferna/Downloads/appforge-main/node_modules/@vitest/runner/dist/index.js:1209:10)\n' +
    '    at file:///C:/Users/ferna/Downloads/appforge-main/node_modules/@vitest/runner/dist/index.js:1653:37\n' +
    '    at Traces.$ (file:///C:/Users/ferna/Downloads/appforge-main/node_modules/vitest/dist/chunks/traces.CCmnQaNT.js:142:27)\n' +
    '    at trace (file:///C:/Users/ferna/Downloads/appforge-main/node_modules/vitest/dist/chunks/test.B8ej_ZHS.js:239:21)\n' +
    '    at runTest (file:///C:/Users/ferna/Downloads/appforge-main/node_modules/@vitest/runner/dist/index.js:1653:12)',
  timestamp: '2026-02-04T02:08:44.721Z',
  context: {},
  userAgent: 'Mozilla/5.0 (win32) AppleWebKit/537.36 (KHTML, like Gecko) jsdom/25.0.1',
  url: 'http://localhost:3000/',
  env: 'development'
}
≡ƒö┤ Error captured: {
  message: 'Error 31',
  stack: 'Error: Error 31\n' +
    '    at C:/Users/ferna/Downloads/appforge-main/src/utils/__tests__/errorTracking.test.js:40:33\n' +
    '    at file:///C:/Users/ferna/Downloads/appforge-main/node_modules/@vitest/runner/dist/index.js:145:11\n' +
    '    at file:///C:/Users/ferna/Downloads/appforge-main/node_modules/@vitest/runner/dist/index.js:915:26\n' +
    '    at file:///C:/Users/ferna/Downloads/appforge-main/node_modules/@vitest/runner/dist/index.js:1243:20\n' +
    '    at new Promise (<anonymous>)\n' +
    '    at runWithTimeout (file:///C:/Users/ferna/Downloads/appforge-main/node_modules/@vitest/runner/dist/index.js:1209:10)\n' +
    '    at file:///C:/Users/ferna/Downloads/appforge-main/node_modules/@vitest/runner/dist/index.js:1653:37\n' +
    '    at Traces.$ (file:///C:/Users/ferna/Downloads/appforge-main/node_modules/vitest/dist/chunks/traces.CCmnQaNT.js:142:27)\n' +
    '    at trace (file:///C:/Users/ferna/Downloads/appforge-main/node_modules/vitest/dist/chunks/test.B8ej_ZHS.js:239:21)\n' +
    '    at runTest (file:///C:/Users/ferna/Downloads/appforge-main/node_modules/@vitest/runner/dist/index.js:1653:12)',
  timestamp: '2026-02-04T02:08:44.721Z',
  context: {},
  userAgent: 'Mozilla/5.0 (win32) AppleWebKit/537.36 (KHTML, like Gecko) jsdom/25.0.1',
  url: 'http://localhost:3000/',
  env: 'development'
}
≡ƒö┤ Error captured: {
  message: 'Error 32',
  stack: 'Error: Error 32\n' +
    '    at C:/Users/ferna/Downloads/appforge-main/src/utils/__tests__/errorTracking.test.js:40:33\n' +
    '    at file:///C:/Users/ferna/Downloads/appforge-main/node_modules/@vitest/runner/dist/index.js:145:11\n' +
    '    at file:///C:/Users/ferna/Downloads/appforge-main/node_modules/@vitest/runner/dist/index.js:915:26\n' +
    '    at file:///C:/Users/ferna/Downloads/appforge-main/node_modules/@vitest/runner/dist/index.js:1243:20\n' +
    '    at new Promise (<anonymous>)\n' +
    '    at runWithTimeout (file:///C:/Users/ferna/Downloads/appforge-main/node_modules/@vitest/runner/dist/index.js:1209:10)\n' +
    '    at file:///C:/Users/ferna/Downloads/appforge-main/node_modules/@vitest/runner/dist/index.js:1653:37\n' +
    '    at Traces.$ (file:///C:/Users/ferna/Downloads/appforge-main/node_modules/vitest/dist/chunks/traces.CCmnQaNT.js:142:27)\n' +
    '    at trace (file:///C:/Users/ferna/Downloads/appforge-main/node_modules/vitest/dist/chunks/test.B8ej_ZHS.js:239:21)\n' +
    '    at runTest (file:///C:/Users/ferna/Downloads/appforge-main/node_modules/@vitest/runner/dist/index.js:1653:12)',
  timestamp: '2026-02-04T02:08:44.722Z',
  context: {},
  userAgent: 'Mozilla/5.0 (win32) AppleWebKit/537.36 (KHTML, like Gecko) jsdom/25.0.1',
  url: 'http://localhost:3000/',
  env: 'development'
}
≡ƒö┤ Error captured: {
  message: 'Error 33',
  stack: 'Error: Error 33\n' +
    '    at C:/Users/ferna/Downloads/appforge-main/src/utils/__tests__/errorTracking.test.js:40:33\n' +
    '    at file:///C:/Users/ferna/Downloads/appforge-main/node_modules/@vitest/runner/dist/index.js:145:11\n' +
    '    at file:///C:/Users/ferna/Downloads/appforge-main/node_modules/@vitest/runner/dist/index.js:915:26\n' +
    '    at file:///C:/Users/ferna/Downloads/appforge-main/node_modules/@vitest/runner/dist/index.js:1243:20\n' +
    '    at new Promise (<anonymous>)\n' +
    '    at runWithTimeout (file:///C:/Users/ferna/Downloads/appforge-main/node_modules/@vitest/runner/dist/index.js:1209:10)\n' +
    '    at file:///C:/Users/ferna/Downloads/appforge-main/node_modules/@vitest/runner/dist/index.js:1653:37\n' +
    '    at Traces.$ (file:///C:/Users/ferna/Downloads/appforge-main/node_modules/vitest/dist/chunks/traces.CCmnQaNT.js:142:27)\n' +
    '    at trace (file:///C:/Users/ferna/Downloads/appforge-main/node_modules/vitest/dist/chunks/test.B8ej_ZHS.js:239:21)\n' +
    '    at runTest (file:///C:/Users/ferna/Downloads/appforge-main/node_modules/@vitest/runner/dist/index.js:1653:12)',
  timestamp: '2026-02-04T02:08:44.722Z',
  context: {},
  userAgent: 'Mozilla/5.0 (win32) AppleWebKit/537.36 (KHTML, like Gecko) jsdom/25.0.1',
  url: 'http://localhost:3000/',
  env: 'development'
}
≡ƒö┤ Error captured: {
  message: 'Error 34',
  stack: 'Error: Error 34\n' +
    '    at C:/Users/ferna/Downloads/appforge-main/src/utils/__tests__/errorTracking.test.js:40:33\n' +
    '    at file:///C:/Users/ferna/Downloads/appforge-main/node_modules/@vitest/runner/dist/index.js:145:11\n' +
    '    at file:///C:/Users/ferna/Downloads/appforge-main/node_modules/@vitest/runner/dist/index.js:915:26\n' +
    '    at file:///C:/Users/ferna/Downloads/appforge-main/node_modules/@vitest/runner/dist/index.js:1243:20\n' +
    '    at new Promise (<anonymous>)\n' +
    '    at runWithTimeout (file:///C:/Users/ferna/Downloads/appforge-main/node_modules/@vitest/runner/dist/index.js:1209:10)\n' +
    '    at file:///C:/Users/ferna/Downloads/appforge-main/node_modules/@vitest/runner/dist/index.js:1653:37\n' +
    '    at Traces.$ (file:///C:/Users/ferna/Downloads/appforge-main/node_modules/vitest/dist/chunks/traces.CCmnQaNT.js:142:27)\n' +
    '    at trace (file:///C:/Users/ferna/Downloads/appforge-main/node_modules/vitest/dist/chunks/test.B8ej_ZHS.js:239:21)\n' +
    '    at runTest (file:///C:/Users/ferna/Downloads/appforge-main/node_modules/@vitest/runner/dist/index.js:1653:12)',
  timestamp: '2026-02-04T02:08:44.723Z',
  context: {},
  userAgent: 'Mozilla/5.0 (win32) AppleWebKit/537.36 (KHTML, like Gecko) jsdom/25.0.1',
  url: 'http://localhost:3000/',
  env: 'development'
}
≡ƒö┤ Error captured: {
  message: 'Error 35',
  stack: 'Error: Error 35\n' +
    '    at C:/Users/ferna/Downloads/appforge-main/src/utils/__tests__/errorTracking.test.js:40:33\n' +
    '    at file:///C:/Users/ferna/Downloads/appforge-main/node_modules/@vitest/runner/dist/index.js:145:11\n' +
    '    at file:///C:/Users/ferna/Downloads/appforge-main/node_modules/@vitest/runner/dist/index.js:915:26\n' +
    '    at file:///C:/Users/ferna/Downloads/appforge-main/node_modules/@vitest/runner/dist/index.js:1243:20\n' +
    '    at new Promise (<anonymous>)\n' +
    '    at runWithTimeout (file:///C:/Users/ferna/Downloads/appforge-main/node_modules/@vitest/runner/dist/index.js:1209:10)\n' +
    '    at file:///C:/Users/ferna/Downloads/appforge-main/node_modules/@vitest/runner/dist/index.js:1653:37\n' +
    '    at Traces.$ (file:///C:/Users/ferna/Downloads/appforge-main/node_modules/vitest/dist/chunks/traces.CCmnQaNT.js:142:27)\n' +
    '    at trace (file:///C:/Users/ferna/Downloads/appforge-main/node_modules/vitest/dist/chunks/test.B8ej_ZHS.js:239:21)\n' +
    '    at runTest (file:///C:/Users/ferna/Downloads/appforge-main/node_modules/@vitest/runner/dist/index.js:1653:12)',
  timestamp: '2026-02-04T02:08:44.724Z',
  context: {},
  userAgent: 'Mozilla/5.0 (win32) AppleWebKit/537.36 (KHTML, like Gecko) jsdom/25.0.1',
  url: 'http://localhost:3000/',
  env: 'development'
}
≡ƒö┤ Error captured: {
  message: 'Error 36',
  stack: 'Error: Error 36\n' +
    '    at C:/Users/ferna/Downloads/appforge-main/src/utils/__tests__/errorTracking.test.js:40:33\n' +
    '    at file:///C:/Users/ferna/Downloads/appforge-main/node_modules/@vitest/runner/dist/index.js:145:11\n' +
    '    at file:///C:/Users/ferna/Downloads/appforge-main/node_modules/@vitest/runner/dist/index.js:915:26\n' +
    '    at file:///C:/Users/ferna/Downloads/appforge-main/node_modules/@vitest/runner/dist/index.js:1243:20\n' +
    '    at new Promise (<anonymous>)\n' +
    '    at runWithTimeout (file:///C:/Users/ferna/Downloads/appforge-main/node_modules/@vitest/runner/dist/index.js:1209:10)\n' +
    '    at file:///C:/Users/ferna/Downloads/appforge-main/node_modules/@vitest/runner/dist/index.js:1653:37\n' +
    '    at Traces.$ (file:///C:/Users/ferna/Downloads/appforge-main/node_modules/vitest/dist/chunks/traces.CCmnQaNT.js:142:27)\n' +
    '    at trace (file:///C:/Users/ferna/Downloads/appforge-main/node_modules/vitest/dist/chunks/test.B8ej_ZHS.js:239:21)\n' +
    '    at runTest (file:///C:/Users/ferna/Downloads/appforge-main/node_modules/@vitest/runner/dist/index.js:1653:12)',
  timestamp: '2026-02-04T02:08:44.724Z',
  context: {},
  userAgent: 'Mozilla/5.0 (win32) AppleWebKit/537.36 (KHTML, like Gecko) jsdom/25.0.1',
  url: 'http://localhost:3000/',
  env: 'development'
}
≡ƒö┤ Error captured: {
  message: 'Error 37',
  stack: 'Error: Error 37\n' +
    '    at C:/Users/ferna/Downloads/appforge-main/src/utils/__tests__/errorTracking.test.js:40:33\n' +
    '    at file:///C:/Users/ferna/Downloads/appforge-main/node_modules/@vitest/runner/dist/index.js:145:11\n' +
    '    at file:///C:/Users/ferna/Downloads/appforge-main/node_modules/@vitest/runner/dist/index.js:915:26\n' +
    '    at file:///C:/Users/ferna/Downloads/appforge-main/node_modules/@vitest/runner/dist/index.js:1243:20\n' +
    '    at new Promise (<anonymous>)\n' +
    '    at runWithTimeout (file:///C:/Users/ferna/Downloads/appforge-main/node_modules/@vitest/runner/dist/index.js:1209:10)\n' +
    '    at file:///C:/Users/ferna/Downloads/appforge-main/node_modules/@vitest/runner/dist/index.js:1653:37\n' +
    '    at Traces.$ (file:///C:/Users/ferna/Downloads/appforge-main/node_modules/vitest/dist/chunks/traces.CCmnQaNT.js:142:27)\n' +
    '    at trace (file:///C:/Users/ferna/Downloads/appforge-main/node_modules/vitest/dist/chunks/test.B8ej_ZHS.js:239:21)\n' +
    '    at runTest (file:///C:/Users/ferna/Downloads/appforge-main/node_modules/@vitest/runner/dist/index.js:1653:12)',
  timestamp: '2026-02-04T02:08:44.725Z',
  context: {},
  userAgent: 'Mozilla/5.0 (win32) AppleWebKit/537.36 (KHTML, like Gecko) jsdom/25.0.1',
  url: 'http://localhost:3000/',
  env: 'development'
}
≡ƒö┤ Error captured: {
  message: 'Error 38',
  stack: 'Error: Error 38\n' +
    '    at C:/Users/ferna/Downloads/appforge-main/src/utils/__tests__/errorTracking.test.js:40:33\n' +
    '    at file:///C:/Users/ferna/Downloads/appforge-main/node_modules/@vitest/runner/dist/index.js:145:11\n' +
    '    at file:///C:/Users/ferna/Downloads/appforge-main/node_modules/@vitest/runner/dist/index.js:915:26\n' +
    '    at file:///C:/Users/ferna/Downloads/appforge-main/node_modules/@vitest/runner/dist/index.js:1243:20\n' +
    '    at new Promise (<anonymous>)\n' +
    '    at runWithTimeout (file:///C:/Users/ferna/Downloads/appforge-main/node_modules/@vitest/runner/dist/index.js:1209:10)\n' +
    '    at file:///C:/Users/ferna/Downloads/appforge-main/node_modules/@vitest/runner/dist/index.js:1653:37\n' +
    '    at Traces.$ (file:///C:/Users/ferna/Downloads/appforge-main/node_modules/vitest/dist/chunks/traces.CCmnQaNT.js:142:27)\n' +
    '    at trace (file:///C:/Users/ferna/Downloads/appforge-main/node_modules/vitest/dist/chunks/test.B8ej_ZHS.js:239:21)\n' +
    '    at runTest (file:///C:/Users/ferna/Downloads/appforge-main/node_modules/@vitest/runner/dist/index.js:1653:12)',
  timestamp: '2026-02-04T02:08:44.726Z',
  context: {},
  userAgent: 'Mozilla/5.0 (win32) AppleWebKit/537.36 (KHTML, like Gecko) jsdom/25.0.1',
  url: 'http://localhost:3000/',
  env: 'development'
}
≡ƒö┤ Error captured: {
  message: 'Error 39',
  stack: 'Error: Error 39\n' +
    '    at C:/Users/ferna/Downloads/appforge-main/src/utils/__tests__/errorTracking.test.js:40:33\n' +
    '    at file:///C:/Users/ferna/Downloads/appforge-main/node_modules/@vitest/runner/dist/index.js:145:11\n' +
    '    at file:///C:/Users/ferna/Downloads/appforge-main/node_modules/@vitest/runner/dist/index.js:915:26\n' +
    '    at file:///C:/Users/ferna/Downloads/appforge-main/node_modules/@vitest/runner/dist/index.js:1243:20\n' +
    '    at new Promise (<anonymous>)\n' +
    '    at runWithTimeout (file:///C:/Users/ferna/Downloads/appforge-main/node_modules/@vitest/runner/dist/index.js:1209:10)\n' +
    '    at file:///C:/Users/ferna/Downloads/appforge-main/node_modules/@vitest/runner/dist/index.js:1653:37\n' +
    '    at Traces.$ (file:///C:/Users/ferna/Downloads/appforge-main/node_modules/vitest/dist/chunks/traces.CCmnQaNT.js:142:27)\n' +
    '    at trace (file:///C:/Users/ferna/Downloads/appforge-main/node_modules/vitest/dist/chunks/test.B8ej_ZHS.js:239:21)\n' +
    '    at runTest (file:///C:/Users/ferna/Downloads/appforge-main/node_modules/@vitest/runner/dist/index.js:1653:12)',
  timestamp: '2026-02-04T02:08:44.726Z',
  context: {},
  userAgent: 'Mozilla/5.0 (win32) AppleWebKit/537.36 (KHTML, like Gecko) jsdom/25.0.1',
  url: 'http://localhost:3000/',
  env: 'development'
}
≡ƒö┤ Error captured: {
  message: 'Error 40',
  stack: 'Error: Error 40\n' +
    '    at C:/Users/ferna/Downloads/appforge-main/src/utils/__tests__/errorTracking.test.js:40:33\n' +
    '    at file:///C:/Users/ferna/Downloads/appforge-main/node_modules/@vitest/runner/dist/index.js:145:11\n' +
    '    at file:///C:/Users/ferna/Downloads/appforge-main/node_modules/@vitest/runner/dist/index.js:915:26\n' +
    '    at file:///C:/Users/ferna/Downloads/appforge-main/node_modules/@vitest/runner/dist/index.js:1243:20\n' +
    '    at new Promise (<anonymous>)\n' +
    '    at runWithTimeout (file:///C:/Users/ferna/Downloads/appforge-main/node_modules/@vitest/runner/dist/index.js:1209:10)\n' +
    '    at file:///C:/Users/ferna/Downloads/appforge-main/node_modules/@vitest/runner/dist/index.js:1653:37\n' +
    '    at Traces.$ (file:///C:/Users/ferna/Downloads/appforge-main/node_modules/vitest/dist/chunks/traces.CCmnQaNT.js:142:27)\n' +
    '    at trace (file:///C:/Users/ferna/Downloads/appforge-main/node_modules/vitest/dist/chunks/test.B8ej_ZHS.js:239:21)\n' +
    '    at runTest (file:///C:/Users/ferna/Downloads/appforge-main/node_modules/@vitest/runner/dist/index.js:1653:12)',
  timestamp: '2026-02-04T02:08:44.727Z',
  context: {},
  userAgent: 'Mozilla/5.0 (win32) AppleWebKit/537.36 (KHTML, like Gecko) jsdom/25.0.1',
  url: 'http://localhost:3000/',
  env: 'development'
}
≡ƒö┤ Error captured: {
  message: 'Error 41',
  stack: 'Error: Error 41\n' +
    '    at C:/Users/ferna/Downloads/appforge-main/src/utils/__tests__/errorTracking.test.js:40:33\n' +
    '    at file:///C:/Users/ferna/Downloads/appforge-main/node_modules/@vitest/runner/dist/index.js:145:11\n' +
    '    at file:///C:/Users/ferna/Downloads/appforge-main/node_modules/@vitest/runner/dist/index.js:915:26\n' +
    '    at file:///C:/Users/ferna/Downloads/appforge-main/node_modules/@vitest/runner/dist/index.js:1243:20\n' +
    '    at new Promise (<anonymous>)\n' +
    '    at runWithTimeout (file:///C:/Users/ferna/Downloads/appforge-main/node_modules/@vitest/runner/dist/index.js:1209:10)\n' +
    '    at file:///C:/Users/ferna/Downloads/appforge-main/node_modules/@vitest/runner/dist/index.js:1653:37\n' +
    '    at Traces.$ (file:///C:/Users/ferna/Downloads/appforge-main/node_modules/vitest/dist/chunks/traces.CCmnQaNT.js:142:27)\n' +
    '    at trace (file:///C:/Users/ferna/Downloads/appforge-main/node_modules/vitest/dist/chunks/test.B8ej_ZHS.js:239:21)\n' +
    '    at runTest (file:///C:/Users/ferna/Downloads/appforge-main/node_modules/@vitest/runner/dist/index.js:1653:12)',
  timestamp: '2026-02-04T02:08:44.728Z',
  context: {},
  userAgent: 'Mozilla/5.0 (win32) AppleWebKit/537.36 (KHTML, like Gecko) jsdom/25.0.1',
  url: 'http://localhost:3000/',
  env: 'development'
}
≡ƒö┤ Error captured: {
  message: 'Error 42',
  stack: 'Error: Error 42\n' +
    '    at C:/Users/ferna/Downloads/appforge-main/src/utils/__tests__/errorTracking.test.js:40:33\n' +
    '    at file:///C:/Users/ferna/Downloads/appforge-main/node_modules/@vitest/runner/dist/index.js:145:11\n' +
    '    at file:///C:/Users/ferna/Downloads/appforge-main/node_modules/@vitest/runner/dist/index.js:915:26\n' +
    '    at file:///C:/Users/ferna/Downloads/appforge-main/node_modules/@vitest/runner/dist/index.js:1243:20\n' +
    '    at new Promise (<anonymous>)\n' +
    '    at runWithTimeout (file:///C:/Users/ferna/Downloads/appforge-main/node_modules/@vitest/runner/dist/index.js:1209:10)\n' +
    '    at file:///C:/Users/ferna/Downloads/appforge-main/node_modules/@vitest/runner/dist/index.js:1653:37\n' +
    '    at Traces.$ (file:///C:/Users/ferna/Downloads/appforge-main/node_modules/vitest/dist/chunks/traces.CCmnQaNT.js:142:27)\n' +
    '    at trace (file:///C:/Users/ferna/Downloads/appforge-main/node_modules/vitest/dist/chunks/test.B8ej_ZHS.js:239:21)\n' +
    '    at runTest (file:///C:/Users/ferna/Downloads/appforge-main/node_modules/@vitest/runner/dist/index.js:1653:12)',
  timestamp: '2026-02-04T02:08:44.728Z',
  context: {},
  userAgent: 'Mozilla/5.0 (win32) AppleWebKit/537.36 (KHTML, like Gecko) jsdom/25.0.1',
  url: 'http://localhost:3000/',
  env: 'development'
}
≡ƒö┤ Error captured: {
  message: 'Error 43',
  stack: 'Error: Error 43\n' +
    '    at C:/Users/ferna/Downloads/appforge-main/src/utils/__tests__/errorTracking.test.js:40:33\n' +
    '    at file:///C:/Users/ferna/Downloads/appforge-main/node_modules/@vitest/runner/dist/index.js:145:11\n' +
    '    at file:///C:/Users/ferna/Downloads/appforge-main/node_modules/@vitest/runner/dist/index.js:915:26\n' +
    '    at file:///C:/Users/ferna/Downloads/appforge-main/node_modules/@vitest/runner/dist/index.js:1243:20\n' +
    '    at new Promise (<anonymous>)\n' +
    '    at runWithTimeout (file:///C:/Users/ferna/Downloads/appforge-main/node_modules/@vitest/runner/dist/index.js:1209:10)\n' +
    '    at file:///C:/Users/ferna/Downloads/appforge-main/node_modules/@vitest/runner/dist/index.js:1653:37\n' +
    '    at Traces.$ (file:///C:/Users/ferna/Downloads/appforge-main/node_modules/vitest/dist/chunks/traces.CCmnQaNT.js:142:27)\n' +
    '    at trace (file:///C:/Users/ferna/Downloads/appforge-main/node_modules/vitest/dist/chunks/test.B8ej_ZHS.js:239:21)\n' +
    '    at runTest (file:///C:/Users/ferna/Downloads/appforge-main/node_modules/@vitest/runner/dist/index.js:1653:12)',
  timestamp: '2026-02-04T02:08:44.729Z',
  context: {},
  userAgent: 'Mozilla/5.0 (win32) AppleWebKit/537.36 (KHTML, like Gecko) jsdom/25.0.1',
  url: 'http://localhost:3000/',
  env: 'development'
}
≡ƒö┤ Error captured: {
  message: 'Error 44',
  stack: 'Error: Error 44\n' +
    '    at C:/Users/ferna/Downloads/appforge-main/src/utils/__tests__/errorTracking.test.js:40:33\n' +
    '    at file:///C:/Users/ferna/Downloads/appforge-main/node_modules/@vitest/runner/dist/index.js:145:11\n' +
    '    at file:///C:/Users/ferna/Downloads/appforge-main/node_modules/@vitest/runner/dist/index.js:915:26\n' +
    '    at file:///C:/Users/ferna/Downloads/appforge-main/node_modules/@vitest/runner/dist/index.js:1243:20\n' +
    '    at new Promise (<anonymous>)\n' +
    '    at runWithTimeout (file:///C:/Users/ferna/Downloads/appforge-main/node_modules/@vitest/runner/dist/index.js:1209:10)\n' +
    '    at file:///C:/Users/ferna/Downloads/appforge-main/node_modules/@vitest/runner/dist/index.js:1653:37\n' +
    '    at Traces.$ (file:///C:/Users/ferna/Downloads/appforge-main/node_modules/vitest/dist/chunks/traces.CCmnQaNT.js:142:27)\n' +
    '    at trace (file:///C:/Users/ferna/Downloads/appforge-main/node_modules/vitest/dist/chunks/test.B8ej_ZHS.js:239:21)\n' +
    '    at runTest (file:///C:/Users/ferna/Downloads/appforge-main/node_modules/@vitest/runner/dist/index.js:1653:12)',
  timestamp: '2026-02-04T02:08:44.729Z',
  context: {},
  userAgent: 'Mozilla/5.0 (win32) AppleWebKit/537.36 (KHTML, like Gecko) jsdom/25.0.1',
  url: 'http://localhost:3000/',
  env: 'development'
}
≡ƒö┤ Error captured: {
  message: 'Error 45',
  stack: 'Error: Error 45\n' +
    '    at C:/Users/ferna/Downloads/appforge-main/src/utils/__tests__/errorTracking.test.js:40:33\n' +
    '    at file:///C:/Users/ferna/Downloads/appforge-main/node_modules/@vitest/runner/dist/index.js:145:11\n' +
    '    at file:///C:/Users/ferna/Downloads/appforge-main/node_modules/@vitest/runner/dist/index.js:915:26\n' +
    '    at file:///C:/Users/ferna/Downloads/appforge-main/node_modules/@vitest/runner/dist/index.js:1243:20\n' +
    '    at new Promise (<anonymous>)\n' +
    '    at runWithTimeout (file:///C:/Users/ferna/Downloads/appforge-main/node_modules/@vitest/runner/dist/index.js:1209:10)\n' +
    '    at file:///C:/Users/ferna/Downloads/appforge-main/node_modules/@vitest/runner/dist/index.js:1653:37\n' +
    '    at Traces.$ (file:///C:/Users/ferna/Downloads/appforge-main/node_modules/vitest/dist/chunks/traces.CCmnQaNT.js:142:27)\n' +
    '    at trace (file:///C:/Users/ferna/Downloads/appforge-main/node_modules/vitest/dist/chunks/test.B8ej_ZHS.js:239:21)\n' +
    '    at runTest (file:///C:/Users/ferna/Downloads/appforge-main/node_modules/@vitest/runner/dist/index.js:1653:12)',
  timestamp: '2026-02-04T02:08:44.730Z',
  context: {},
  userAgent: 'Mozilla/5.0 (win32) AppleWebKit/537.36 (KHTML, like Gecko) jsdom/25.0.1',
  url: 'http://localhost:3000/',
  env: 'development'
}
≡ƒö┤ Error captured: {
  message: 'Error 46',
  stack: 'Error: Error 46\n' +
    '    at C:/Users/ferna/Downloads/appforge-main/src/utils/__tests__/errorTracking.test.js:40:33\n' +
    '    at file:///C:/Users/ferna/Downloads/appforge-main/node_modules/@vitest/runner/dist/index.js:145:11\n' +
    '    at file:///C:/Users/ferna/Downloads/appforge-main/node_modules/@vitest/runner/dist/index.js:915:26\n' +
    '    at file:///C:/Users/ferna/Downloads/appforge-main/node_modules/@vitest/runner/dist/index.js:1243:20\n' +
    '    at new Promise (<anonymous>)\n' +
    '    at runWithTimeout (file:///C:/Users/ferna/Downloads/appforge-main/node_modules/@vitest/runner/dist/index.js:1209:10)\n' +
    '    at file:///C:/Users/ferna/Downloads/appforge-main/node_modules/@vitest/runner/dist/index.js:1653:37\n' +
    '    at Traces.$ (file:///C:/Users/ferna/Downloads/appforge-main/node_modules/vitest/dist/chunks/traces.CCmnQaNT.js:142:27)\n' +
    '    at trace (file:///C:/Users/ferna/Downloads/appforge-main/node_modules/vitest/dist/chunks/test.B8ej_ZHS.js:239:21)\n' +
    '    at runTest (file:///C:/Users/ferna/Downloads/appforge-main/node_modules/@vitest/runner/dist/index.js:1653:12)',
  timestamp: '2026-02-04T02:08:44.730Z',
  context: {},
  userAgent: 'Mozilla/5.0 (win32) AppleWebKit/537.36 (KHTML, like Gecko) jsdom/25.0.1',
  url: 'http://localhost:3000/',
  env: 'development'
}
≡ƒö┤ Error captured: {
  message: 'Error 47',
  stack: 'Error: Error 47\n' +
    '    at C:/Users/ferna/Downloads/appforge-main/src/utils/__tests__/errorTracking.test.js:40:33\n' +
    '    at file:///C:/Users/ferna/Downloads/appforge-main/node_modules/@vitest/runner/dist/index.js:145:11\n' +
    '    at file:///C:/Users/ferna/Downloads/appforge-main/node_modules/@vitest/runner/dist/index.js:915:26\n' +
    '    at file:///C:/Users/ferna/Downloads/appforge-main/node_modules/@vitest/runner/dist/index.js:1243:20\n' +
    '    at new Promise (<anonymous>)\n' +
    '    at runWithTimeout (file:///C:/Users/ferna/Downloads/appforge-main/node_modules/@vitest/runner/dist/index.js:1209:10)\n' +
    '    at file:///C:/Users/ferna/Downloads/appforge-main/node_modules/@vitest/runner/dist/index.js:1653:37\n' +
    '    at Traces.$ (file:///C:/Users/ferna/Downloads/appforge-main/node_modules/vitest/dist/chunks/traces.CCmnQaNT.js:142:27)\n' +
    '    at trace (file:///C:/Users/ferna/Downloads/appforge-main/node_modules/vitest/dist/chunks/test.B8ej_ZHS.js:239:21)\n' +
    '    at runTest (file:///C:/Users/ferna/Downloads/appforge-main/node_modules/@vitest/runner/dist/index.js:1653:12)',
  timestamp: '2026-02-04T02:08:44.731Z',
  context: {},
  userAgent: 'Mozilla/5.0 (win32) AppleWebKit/537.36 (KHTML, like Gecko) jsdom/25.0.1',
  url: 'http://localhost:3000/',
  env: 'development'
}
≡ƒö┤ Error captured: {
  message: 'Error 48',
  stack: 'Error: Error 48\n' +
    '    at C:/Users/ferna/Downloads/appforge-main/src/utils/__tests__/errorTracking.test.js:40:33\n' +
    '    at file:///C:/Users/ferna/Downloads/appforge-main/node_modules/@vitest/runner/dist/index.js:145:11\n' +
    '    at file:///C:/Users/ferna/Downloads/appforge-main/node_modules/@vitest/runner/dist/index.js:915:26\n' +
    '    at file:///C:/Users/ferna/Downloads/appforge-main/node_modules/@vitest/runner/dist/index.js:1243:20\n' +
    '    at new Promise (<anonymous>)\n' +
    '    at runWithTimeout (file:///C:/Users/ferna/Downloads/appforge-main/node_modules/@vitest/runner/dist/index.js:1209:10)\n' +
    '    at file:///C:/Users/ferna/Downloads/appforge-main/node_modules/@vitest/runner/dist/index.js:1653:37\n' +
    '    at Traces.$ (file:///C:/Users/ferna/Downloads/appforge-main/node_modules/vitest/dist/chunks/traces.CCmnQaNT.js:142:27)\n' +
    '    at trace (file:///C:/Users/ferna/Downloads/appforge-main/node_modules/vitest/dist/chunks/test.B8ej_ZHS.js:239:21)\n' +
    '    at runTest (file:///C:/Users/ferna/Downloads/appforge-main/node_modules/@vitest/runner/dist/index.js:1653:12)',
  timestamp: '2026-02-04T02:08:44.731Z',
  context: {},
  userAgent: 'Mozilla/5.0 (win32) AppleWebKit/537.36 (KHTML, like Gecko) jsdom/25.0.1',
  url: 'http://localhost:3000/',
  env: 'development'
}
≡ƒö┤ Error captured: {
  message: 'Error 49',
  stack: 'Error: Error 49\n' +
    '    at C:/Users/ferna/Downloads/appforge-main/src/utils/__tests__/errorTracking.test.js:40:33\n' +
    '    at file:///C:/Users/ferna/Downloads/appforge-main/node_modules/@vitest/runner/dist/index.js:145:11\n' +
    '    at file:///C:/Users/ferna/Downloads/appforge-main/node_modules/@vitest/runner/dist/index.js:915:26\n' +
    '    at file:///C:/Users/ferna/Downloads/appforge-main/node_modules/@vitest/runner/dist/index.js:1243:20\n' +
    '    at new Promise (<anonymous>)\n' +
    '    at runWithTimeout (file:///C:/Users/ferna/Downloads/appforge-main/node_modules/@vitest/runner/dist/index.js:1209:10)\n' +
    '    at file:///C:/Users/ferna/Downloads/appforge-main/node_modules/@vitest/runner/dist/index.js:1653:37\n' +
    '    at Traces.$ (file:///C:/Users/ferna/Downloads/appforge-main/node_modules/vitest/dist/chunks/traces.CCmnQaNT.js:142:27)\n' +
    '    at trace (file:///C:/Users/ferna/Downloads/appforge-main/node_modules/vitest/dist/chunks/test.B8ej_ZHS.js:239:21)\n' +
    '    at runTest (file:///C:/Users/ferna/Downloads/appforge-main/node_modules/@vitest/runner/dist/index.js:1653:12)',
  timestamp: '2026-02-04T02:08:44.732Z',
  context: {},
  userAgent: 'Mozilla/5.0 (win32) AppleWebKit/537.36 (KHTML, like Gecko) jsdom/25.0.1',
  url: 'http://localhost:3000/',
  env: 'development'
}
≡ƒö┤ Error captured: {
  message: 'Error 50',
  stack: 'Error: Error 50\n' +
    '    at C:/Users/ferna/Downloads/appforge-main/src/utils/__tests__/errorTracking.test.js:40:33\n' +
    '    at file:///C:/Users/ferna/Downloads/appforge-main/node_modules/@vitest/runner/dist/index.js:145:11\n' +
    '    at file:///C:/Users/ferna/Downloads/appforge-main/node_modules/@vitest/runner/dist/index.js:915:26\n' +
    '    at file:///C:/Users/ferna/Downloads/appforge-main/node_modules/@vitest/runner/dist/index.js:1243:20\n' +
    '    at new Promise (<anonymous>)\n' +
    '    at runWithTimeout (file:///C:/Users/ferna/Downloads/appforge-main/node_modules/@vitest/runner/dist/index.js:1209:10)\n' +
    '    at file:///C:/Users/ferna/Downloads/appforge-main/node_modules/@vitest/runner/dist/index.js:1653:37\n' +
    '    at Traces.$ (file:///C:/Users/ferna/Downloads/appforge-main/node_modules/vitest/dist/chunks/traces.CCmnQaNT.js:142:27)\n' +
    '    at trace (file:///C:/Users/ferna/Downloads/appforge-main/node_modules/vitest/dist/chunks/test.B8ej_ZHS.js:239:21)\n' +
    '    at runTest (file:///C:/Users/ferna/Downloads/appforge-main/node_modules/@vitest/runner/dist/index.js:1653:12)',
  timestamp: '2026-02-04T02:08:44.732Z',
  context: {},
  userAgent: 'Mozilla/5.0 (win32) AppleWebKit/537.36 (KHTML, like Gecko) jsdom/25.0.1',
  url: 'http://localhost:3000/',
  env: 'development'
}
≡ƒö┤ Error captured: {
  message: 'Error 51',
  stack: 'Error: Error 51\n' +
    '    at C:/Users/ferna/Downloads/appforge-main/src/utils/__tests__/errorTracking.test.js:40:33\n' +
    '    at file:///C:/Users/ferna/Downloads/appforge-main/node_modules/@vitest/runner/dist/index.js:145:11\n' +
    '    at file:///C:/Users/ferna/Downloads/appforge-main/node_modules/@vitest/runner/dist/index.js:915:26\n' +
    '    at file:///C:/Users/ferna/Downloads/appforge-main/node_modules/@vitest/runner/dist/index.js:1243:20\n' +
    '    at new Promise (<anonymous>)\n' +
    '    at runWithTimeout (file:///C:/Users/ferna/Downloads/appforge-main/node_modules/@vitest/runner/dist/index.js:1209:10)\n' +
    '    at file:///C:/Users/ferna/Downloads/appforge-main/node_modules/@vitest/runner/dist/index.js:1653:37\n' +
    '    at Traces.$ (file:///C:/Users/ferna/Downloads/appforge-main/node_modules/vitest/dist/chunks/traces.CCmnQaNT.js:142:27)\n' +
    '    at trace (file:///C:/Users/ferna/Downloads/appforge-main/node_modules/vitest/dist/chunks/test.B8ej_ZHS.js:239:21)\n' +
    '    at runTest (file:///C:/Users/ferna/Downloads/appforge-main/node_modules/@vitest/runner/dist/index.js:1653:12)',
  timestamp: '2026-02-04T02:08:44.733Z',
  context: {},
  userAgent: 'Mozilla/5.0 (win32) AppleWebKit/537.36 (KHTML, like Gecko) jsdom/25.0.1',
  url: 'http://localhost:3000/',
  env: 'development'
}
≡ƒö┤ Error captured: {
  message: 'Error 52',
  stack: 'Error: Error 52\n' +
    '    at C:/Users/ferna/Downloads/appforge-main/src/utils/__tests__/errorTracking.test.js:40:33\n' +
    '    at file:///C:/Users/ferna/Downloads/appforge-main/node_modules/@vitest/runner/dist/index.js:145:11\n' +
    '    at file:///C:/Users/ferna/Downloads/appforge-main/node_modules/@vitest/runner/dist/index.js:915:26\n' +
    '    at file:///C:/Users/ferna/Downloads/appforge-main/node_modules/@vitest/runner/dist/index.js:1243:20\n' +
    '    at new Promise (<anonymous>)\n' +
    '    at runWithTimeout (file:///C:/Users/ferna/Downloads/appforge-main/node_modules/@vitest/runner/dist/index.js:1209:10)\n' +
    '    at file:///C:/Users/ferna/Downloads/appforge-main/node_modules/@vitest/runner/dist/index.js:1653:37\n' +
    '    at Traces.$ (file:///C:/Users/ferna/Downloads/appforge-main/node_modules/vitest/dist/chunks/traces.CCmnQaNT.js:142:27)\n' +
    '    at trace (file:///C:/Users/ferna/Downloads/appforge-main/node_modules/vitest/dist/chunks/test.B8ej_ZHS.js:239:21)\n' +
    '    at runTest (file:///C:/Users/ferna/Downloads/appforge-main/node_modules/@vitest/runner/dist/index.js:1653:12)',
  timestamp: '2026-02-04T02:08:44.734Z',
  context: {},
  userAgent: 'Mozilla/5.0 (win32) AppleWebKit/537.36 (KHTML, like Gecko) jsdom/25.0.1',
  url: 'http://localhost:3000/',
  env: 'development'
}
≡ƒö┤ Error captured: {
  message: 'Error 53',
  stack: 'Error: Error 53\n' +
    '    at C:/Users/ferna/Downloads/appforge-main/src/utils/__tests__/errorTracking.test.js:40:33\n' +
    '    at file:///C:/Users/ferna/Downloads/appforge-main/node_modules/@vitest/runner/dist/index.js:145:11\n' +
    '    at file:///C:/Users/ferna/Downloads/appforge-main/node_modules/@vitest/runner/dist/index.js:915:26\n' +
    '    at file:///C:/Users/ferna/Downloads/appforge-main/node_modules/@vitest/runner/dist/index.js:1243:20\n' +
    '    at new Promise (<anonymous>)\n' +
    '    at runWithTimeout (file:///C:/Users/ferna/Downloads/appforge-main/node_modules/@vitest/runner/dist/index.js:1209:10)\n' +
    '    at file:///C:/Users/ferna/Downloads/appforge-main/node_modules/@vitest/runner/dist/index.js:1653:37\n' +
    '    at Traces.$ (file:///C:/Users/ferna/Downloads/appforge-main/node_modules/vitest/dist/chunks/traces.CCmnQaNT.js:142:27)\n' +
    '    at trace (file:///C:/Users/ferna/Downloads/appforge-main/node_modules/vitest/dist/chunks/test.B8ej_ZHS.js:239:21)\n' +
    '    at runTest (file:///C:/Users/ferna/Downloads/appforge-main/node_modules/@vitest/runner/dist/index.js:1653:12)',
  timestamp: '2026-02-04T02:08:44.734Z',
  context: {},
  userAgent: 'Mozilla/5.0 (win32) AppleWebKit/537.36 (KHTML, like Gecko) jsdom/25.0.1',
  url: 'http://localhost:3000/',
  env: 'development'
}
≡ƒö┤ Error captured: {
  message: 'Error 54',
  stack: 'Error: Error 54\n' +
    '    at C:/Users/ferna/Downloads/appforge-main/src/utils/__tests__/errorTracking.test.js:40:33\n' +
    '    at file:///C:/Users/ferna/Downloads/appforge-main/node_modules/@vitest/runner/dist/index.js:145:11\n' +
    '    at file:///C:/Users/ferna/Downloads/appforge-main/node_modules/@vitest/runner/dist/index.js:915:26\n' +
    '    at file:///C:/Users/ferna/Downloads/appforge-main/node_modules/@vitest/runner/dist/index.js:1243:20\n' +
    '    at new Promise (<anonymous>)\n' +
    '    at runWithTimeout (file:///C:/Users/ferna/Downloads/appforge-main/node_modules/@vitest/runner/dist/index.js:1209:10)\n' +
    '    at file:///C:/Users/ferna/Downloads/appforge-main/node_modules/@vitest/runner/dist/index.js:1653:37\n' +
    '    at Traces.$ (file:///C:/Users/ferna/Downloads/appforge-main/node_modules/vitest/dist/chunks/traces.CCmnQaNT.js:142:27)\n' +
    '    at trace (file:///C:/Users/ferna/Downloads/appforge-main/node_modules/vitest/dist/chunks/test.B8ej_ZHS.js:239:21)\n' +
    '    at runTest (file:///C:/Users/ferna/Downloads/appforge-main/node_modules/@vitest/runner/dist/index.js:1653:12)',
  timestamp: '2026-02-04T02:08:44.735Z',
  context: {},
  userAgent: 'Mozilla/5.0 (win32) AppleWebKit/537.36 (KHTML, like Gecko) jsdom/25.0.1',
  url: 'http://localhost:3000/',
  env: 'development'
}
≡ƒö┤ Error captured: {
  message: 'Error 55',
  stack: 'Error: Error 55\n' +
    '    at C:/Users/ferna/Downloads/appforge-main/src/utils/__tests__/errorTracking.test.js:40:33\n' +
    '    at file:///C:/Users/ferna/Downloads/appforge-main/node_modules/@vitest/runner/dist/index.js:145:11\n' +
    '    at file:///C:/Users/ferna/Downloads/appforge-main/node_modules/@vitest/runner/dist/index.js:915:26\n' +
    '    at file:///C:/Users/ferna/Downloads/appforge-main/node_modules/@vitest/runner/dist/index.js:1243:20\n' +
    '    at new Promise (<anonymous>)\n' +
    '    at runWithTimeout (file:///C:/Users/ferna/Downloads/appforge-main/node_modules/@vitest/runner/dist/index.js:1209:10)\n' +
    '    at file:///C:/Users/ferna/Downloads/appforge-main/node_modules/@vitest/runner/dist/index.js:1653:37\n' +
    '    at Traces.$ (file:///C:/Users/ferna/Downloads/appforge-main/node_modules/vitest/dist/chunks/traces.CCmnQaNT.js:142:27)\n' +
    '    at trace (file:///C:/Users/ferna/Downloads/appforge-main/node_modules/vitest/dist/chunks/test.B8ej_ZHS.js:239:21)\n' +
    '    at runTest (file:///C:/Users/ferna/Downloads/appforge-main/node_modules/@vitest/runner/dist/index.js:1653:12)',
  timestamp: '2026-02-04T02:08:44.736Z',
  context: {},
  userAgent: 'Mozilla/5.0 (win32) AppleWebKit/537.36 (KHTML, like Gecko) jsdom/25.0.1',
  url: 'http://localhost:3000/',
  env: 'development'
}
≡ƒö┤ Error captured: {
  message: 'Error 56',
  stack: 'Error: Error 56\n' +
    '    at C:/Users/ferna/Downloads/appforge-main/src/utils/__tests__/errorTracking.test.js:40:33\n' +
    '    at file:///C:/Users/ferna/Downloads/appforge-main/node_modules/@vitest/runner/dist/index.js:145:11\n' +
    '    at file:///C:/Users/ferna/Downloads/appforge-main/node_modules/@vitest/runner/dist/index.js:915:26\n' +
    '    at file:///C:/Users/ferna/Downloads/appforge-main/node_modules/@vitest/runner/dist/index.js:1243:20\n' +
    '    at new Promise (<anonymous>)\n' +
    '    at runWithTimeout (file:///C:/Users/ferna/Downloads/appforge-main/node_modules/@vitest/runner/dist/index.js:1209:10)\n' +
    '    at file:///C:/Users/ferna/Downloads/appforge-main/node_modules/@vitest/runner/dist/index.js:1653:37\n' +
    '    at Traces.$ (file:///C:/Users/ferna/Downloads/appforge-main/node_modules/vitest/dist/chunks/traces.CCmnQaNT.js:142:27)\n' +
    '    at trace (file:///C:/Users/ferna/Downloads/appforge-main/node_modules/vitest/dist/chunks/test.B8ej_ZHS.js:239:21)\n' +
    '    at runTest (file:///C:/Users/ferna/Downloads/appforge-main/node_modules/@vitest/runner/dist/index.js:1653:12)',
  timestamp: '2026-02-04T02:08:44.736Z',
  context: {},
  userAgent: 'Mozilla/5.0 (win32) AppleWebKit/537.36 (KHTML, like Gecko) jsdom/25.0.1',
  url: 'http://localhost:3000/',
  env: 'development'
}
≡ƒö┤ Error captured: {
  message: 'Error 57',
  stack: 'Error: Error 57\n' +
    '    at C:/Users/ferna/Downloads/appforge-main/src/utils/__tests__/errorTracking.test.js:40:33\n' +
    '    at file:///C:/Users/ferna/Downloads/appforge-main/node_modules/@vitest/runner/dist/index.js:145:11\n' +
    '    at file:///C:/Users/ferna/Downloads/appforge-main/node_modules/@vitest/runner/dist/index.js:915:26\n' +
    '    at file:///C:/Users/ferna/Downloads/appforge-main/node_modules/@vitest/runner/dist/index.js:1243:20\n' +
    '    at new Promise (<anonymous>)\n' +
    '    at runWithTimeout (file:///C:/Users/ferna/Downloads/appforge-main/node_modules/@vitest/runner/dist/index.js:1209:10)\n' +
    '    at file:///C:/Users/ferna/Downloads/appforge-main/node_modules/@vitest/runner/dist/index.js:1653:37\n' +
    '    at Traces.$ (file:///C:/Users/ferna/Downloads/appforge-main/node_modules/vitest/dist/chunks/traces.CCmnQaNT.js:142:27)\n' +
    '    at trace (file:///C:/Users/ferna/Downloads/appforge-main/node_modules/vitest/dist/chunks/test.B8ej_ZHS.js:239:21)\n' +
    '    at runTest (file:///C:/Users/ferna/Downloads/appforge-main/node_modules/@vitest/runner/dist/index.js:1653:12)',
  timestamp: '2026-02-04T02:08:44.736Z',
  context: {},
  userAgent: 'Mozilla/5.0 (win32) AppleWebKit/537.36 (KHTML, like Gecko) jsdom/25.0.1',
  url: 'http://localhost:3000/',
  env: 'development'
}
≡ƒö┤ Error captured: {
  message: 'Error 58',
  stack: 'Error: Error 58\n' +
    '    at C:/Users/ferna/Downloads/appforge-main/src/utils/__tests__/errorTracking.test.js:40:33\n' +
    '    at file:///C:/Users/ferna/Downloads/appforge-main/node_modules/@vitest/runner/dist/index.js:145:11\n' +
    '    at file:///C:/Users/ferna/Downloads/appforge-main/node_modules/@vitest/runner/dist/index.js:915:26\n' +
    '    at file:///C:/Users/ferna/Downloads/appforge-main/node_modules/@vitest/runner/dist/index.js:1243:20\n' +
    '    at new Promise (<anonymous>)\n' +
    '    at runWithTimeout (file:///C:/Users/ferna/Downloads/appforge-main/node_modules/@vitest/runner/dist/index.js:1209:10)\n' +
    '    at file:///C:/Users/ferna/Downloads/appforge-main/node_modules/@vitest/runner/dist/index.js:1653:37\n' +
    '    at Traces.$ (file:///C:/Users/ferna/Downloads/appforge-main/node_modules/vitest/dist/chunks/traces.CCmnQaNT.js:142:27)\n' +
    '    at trace (file:///C:/Users/ferna/Downloads/appforge-main/node_modules/vitest/dist/chunks/test.B8ej_ZHS.js:239:21)\n' +
    '    at runTest (file:///C:/Users/ferna/Downloads/appforge-main/node_modules/@vitest/runner/dist/index.js:1653:12)',
  timestamp: '2026-02-04T02:08:44.736Z',
  context: {},
  userAgent: 'Mozilla/5.0 (win32) AppleWebKit/537.36 (KHTML, like Gecko) jsdom/25.0.1',
  url: 'http://localhost:3000/',
  env: 'development'
}
≡ƒö┤ Error captured: {
  message: 'Error 59',
  stack: 'Error: Error 59\n' +
    '    at C:/Users/ferna/Downloads/appforge-main/src/utils/__tests__/errorTracking.test.js:40:33\n' +
    '    at file:///C:/Users/ferna/Downloads/appforge-main/node_modules/@vitest/runner/dist/index.js:145:11\n' +
    '    at file:///C:/Users/ferna/Downloads/appforge-main/node_modules/@vitest/runner/dist/index.js:915:26\n' +
    '    at file:///C:/Users/ferna/Downloads/appforge-main/node_modules/@vitest/runner/dist/index.js:1243:20\n' +
    '    at new Promise (<anonymous>)\n' +
    '    at runWithTimeout (file:///C:/Users/ferna/Downloads/appforge-main/node_modules/@vitest/runner/dist/index.js:1209:10)\n' +
    '    at file:///C:/Users/ferna/Downloads/appforge-main/node_modules/@vitest/runner/dist/index.js:1653:37\n' +
    '    at Traces.$ (file:///C:/Users/ferna/Downloads/appforge-main/node_modules/vitest/dist/chunks/traces.CCmnQaNT.js:142:27)\n' +
    '    at trace (file:///C:/Users/ferna/Downloads/appforge-main/node_modules/vitest/dist/chunks/test.B8ej_ZHS.js:239:21)\n' +
    '    at runTest (file:///C:/Users/ferna/Downloads/appforge-main/node_modules/@vitest/runner/dist/index.js:1653:12)',
  timestamp: '2026-02-04T02:08:44.737Z',
  context: {},
  userAgent: 'Mozilla/5.0 (win32) AppleWebKit/537.36 (KHTML, like Gecko) jsdom/25.0.1',
  url: 'http://localhost:3000/',
  env: 'development'
}
≡ƒö┤ Error captured: {
  message: 'Error 60',
  stack: 'Error: Error 60\n' +
    '    at C:/Users/ferna/Downloads/appforge-main/src/utils/__tests__/errorTracking.test.js:40:33\n' +
    '    at file:///C:/Users/ferna/Downloads/appforge-main/node_modules/@vitest/runner/dist/index.js:145:11\n' +
    '    at file:///C:/Users/ferna/Downloads/appforge-main/node_modules/@vitest/runner/dist/index.js:915:26\n' +
    '    at file:///C:/Users/ferna/Downloads/appforge-main/node_modules/@vitest/runner/dist/index.js:1243:20\n' +
    '    at new Promise (<anonymous>)\n' +
    '    at runWithTimeout (file:///C:/Users/ferna/Downloads/appforge-main/node_modules/@vitest/runner/dist/index.js:1209:10)\n' +
    '    at file:///C:/Users/ferna/Downloads/appforge-main/node_modules/@vitest/runner/dist/index.js:1653:37\n' +
    '    at Traces.$ (file:///C:/Users/ferna/Downloads/appforge-main/node_modules/vitest/dist/chunks/traces.CCmnQaNT.js:142:27)\n' +
    '    at trace (file:///C:/Users/ferna/Downloads/appforge-main/node_modules/vitest/dist/chunks/test.B8ej_ZHS.js:239:21)\n' +
    '    at runTest (file:///C:/Users/ferna/Downloads/appforge-main/node_modules/@vitest/runner/dist/index.js:1653:12)',
  timestamp: '2026-02-04T02:08:44.737Z',
  context: {},
  userAgent: 'Mozilla/5.0 (win32) AppleWebKit/537.36 (KHTML, like Gecko) jsdom/25.0.1',
  url: 'http://localhost:3000/',
  env: 'development'
}
≡ƒö┤ Error captured: {
  message: 'Error 61',
  stack: 'Error: Error 61\n' +
    '    at C:/Users/ferna/Downloads/appforge-main/src/utils/__tests__/errorTracking.test.js:40:33\n' +
    '    at file:///C:/Users/ferna/Downloads/appforge-main/node_modules/@vitest/runner/dist/index.js:145:11\n' +
    '    at file:///C:/Users/ferna/Downloads/appforge-main/node_modules/@vitest/runner/dist/index.js:915:26\n' +
    '    at file:///C:/Users/ferna/Downloads/appforge-main/node_modules/@vitest/runner/dist/index.js:1243:20\n' +
    '    at new Promise (<anonymous>)\n' +
    '    at runWithTimeout (file:///C:/Users/ferna/Downloads/appforge-main/node_modules/@vitest/runner/dist/index.js:1209:10)\n' +
    '    at file:///C:/Users/ferna/Downloads/appforge-main/node_modules/@vitest/runner/dist/index.js:1653:37\n' +
    '    at Traces.$ (file:///C:/Users/ferna/Downloads/appforge-main/node_modules/vitest/dist/chunks/traces.CCmnQaNT.js:142:27)\n' +
    '    at trace (file:///C:/Users/ferna/Downloads/appforge-main/node_modules/vitest/dist/chunks/test.B8ej_ZHS.js:239:21)\n' +
    '    at runTest (file:///C:/Users/ferna/Downloads/appforge-main/node_modules/@vitest/runner/dist/index.js:1653:12)',
  timestamp: '2026-02-04T02:08:44.738Z',
  context: {},
  userAgent: 'Mozilla/5.0 (win32) AppleWebKit/537.36 (KHTML, like Gecko) jsdom/25.0.1',
  url: 'http://localhost:3000/',
  env: 'development'
}
≡ƒö┤ Error captured: {
  message: 'Error 62',
  stack: 'Error: Error 62\n' +
    '    at C:/Users/ferna/Downloads/appforge-main/src/utils/__tests__/errorTracking.test.js:40:33\n' +
    '    at file:///C:/Users/ferna/Downloads/appforge-main/node_modules/@vitest/runner/dist/index.js:145:11\n' +
    '    at file:///C:/Users/ferna/Downloads/appforge-main/node_modules/@vitest/runner/dist/index.js:915:26\n' +
    '    at file:///C:/Users/ferna/Downloads/appforge-main/node_modules/@vitest/runner/dist/index.js:1243:20\n' +
    '    at new Promise (<anonymous>)\n' +
    '    at runWithTimeout (file:///C:/Users/ferna/Downloads/appforge-main/node_modules/@vitest/runner/dist/index.js:1209:10)\n' +
    '    at file:///C:/Users/ferna/Downloads/appforge-main/node_modules/@vitest/runner/dist/index.js:1653:37\n' +
    '    at Traces.$ (file:///C:/Users/ferna/Downloads/appforge-main/node_modules/vitest/dist/chunks/traces.CCmnQaNT.js:142:27)\n' +
    '    at trace (file:///C:/Users/ferna/Downloads/appforge-main/node_modules/vitest/dist/chunks/test.B8ej_ZHS.js:239:21)\n' +
    '    at runTest (file:///C:/Users/ferna/Downloads/appforge-main/node_modules/@vitest/runner/dist/index.js:1653:12)',
  timestamp: '2026-02-04T02:08:44.738Z',
  context: {},
  userAgent: 'Mozilla/5.0 (win32) AppleWebKit/537.36 (KHTML, like Gecko) jsdom/25.0.1',
  url: 'http://localhost:3000/',
  env: 'development'
}
≡ƒö┤ Error captured: {
  message: 'Error 63',
  stack: 'Error: Error 63\n' +
    '    at C:/Users/ferna/Downloads/appforge-main/src/utils/__tests__/errorTracking.test.js:40:33\n' +
    '    at file:///C:/Users/ferna/Downloads/appforge-main/node_modules/@vitest/runner/dist/index.js:145:11\n' +
    '    at file:///C:/Users/ferna/Downloads/appforge-main/node_modules/@vitest/runner/dist/index.js:915:26\n' +
    '    at file:///C:/Users/ferna/Downloads/appforge-main/node_modules/@vitest/runner/dist/index.js:1243:20\n' +
    '    at new Promise (<anonymous>)\n' +
    '    at runWithTimeout (file:///C:/Users/ferna/Downloads/appforge-main/node_modules/@vitest/runner/dist/index.js:1209:10)\n' +
    '    at file:///C:/Users/ferna/Downloads/appforge-main/node_modules/@vitest/runner/dist/index.js:1653:37\n' +
    '    at Traces.$ (file:///C:/Users/ferna/Downloads/appforge-main/node_modules/vitest/dist/chunks/traces.CCmnQaNT.js:142:27)\n' +
    '    at trace (file:///C:/Users/ferna/Downloads/appforge-main/node_modules/vitest/dist/chunks/test.B8ej_ZHS.js:239:21)\n' +
    '    at runTest (file:///C:/Users/ferna/Downloads/appforge-main/node_modules/@vitest/runner/dist/index.js:1653:12)',
  timestamp: '2026-02-04T02:08:44.739Z',
  context: {},
  userAgent: 'Mozilla/5.0 (win32) AppleWebKit/537.36 (KHTML, like Gecko) jsdom/25.0.1',
  url: 'http://localhost:3000/',
  env: 'development'
}
≡ƒö┤ Error captured: {
  message: 'Error 64',
  stack: 'Error: Error 64\n' +
    '    at C:/Users/ferna/Downloads/appforge-main/src/utils/__tests__/errorTracking.test.js:40:33\n' +
    '    at file:///C:/Users/ferna/Downloads/appforge-main/node_modules/@vitest/runner/dist/index.js:145:11\n' +
    '    at file:///C:/Users/ferna/Downloads/appforge-main/node_modules/@vitest/runner/dist/index.js:915:26\n' +
    '    at file:///C:/Users/ferna/Downloads/appforge-main/node_modules/@vitest/runner/dist/index.js:1243:20\n' +
    '    at new Promise (<anonymous>)\n' +
    '    at runWithTimeout (file:///C:/Users/ferna/Downloads/appforge-main/node_modules/@vitest/runner/dist/index.js:1209:10)\n' +
    '    at file:///C:/Users/ferna/Downloads/appforge-main/node_modules/@vitest/runner/dist/index.js:1653:37\n' +
    '    at Traces.$ (file:///C:/Users/ferna/Downloads/appforge-main/node_modules/vitest/dist/chunks/traces.CCmnQaNT.js:142:27)\n' +
    '    at trace (file:///C:/Users/ferna/Downloads/appforge-main/node_modules/vitest/dist/chunks/test.B8ej_ZHS.js:239:21)\n' +
    '    at runTest (file:///C:/Users/ferna/Downloads/appforge-main/node_modules/@vitest/runner/dist/index.js:1653:12)',
  timestamp: '2026-02-04T02:08:44.739Z',
  context: {},
  userAgent: 'Mozilla/5.0 (win32) AppleWebKit/537.36 (KHTML, like Gecko) jsdom/25.0.1',
  url: 'http://localhost:3000/',
  env: 'development'
}
≡ƒö┤ Error captured: {
  message: 'Error 65',
  stack: 'Error: Error 65\n' +
    '    at C:/Users/ferna/Downloads/appforge-main/src/utils/__tests__/errorTracking.test.js:40:33\n' +
    '    at file:///C:/Users/ferna/Downloads/appforge-main/node_modules/@vitest/runner/dist/index.js:145:11\n' +
    '    at file:///C:/Users/ferna/Downloads/appforge-main/node_modules/@vitest/runner/dist/index.js:915:26\n' +
    '    at file:///C:/Users/ferna/Downloads/appforge-main/node_modules/@vitest/runner/dist/index.js:1243:20\n' +
    '    at new Promise (<anonymous>)\n' +
    '    at runWithTimeout (file:///C:/Users/ferna/Downloads/appforge-main/node_modules/@vitest/runner/dist/index.js:1209:10)\n' +
    '    at file:///C:/Users/ferna/Downloads/appforge-main/node_modules/@vitest/runner/dist/index.js:1653:37\n' +
    '    at Traces.$ (file:///C:/Users/ferna/Downloads/appforge-main/node_modules/vitest/dist/chunks/traces.CCmnQaNT.js:142:27)\n' +
    '    at trace (file:///C:/Users/ferna/Downloads/appforge-main/node_modules/vitest/dist/chunks/test.B8ej_ZHS.js:239:21)\n' +
    '    at runTest (file:///C:/Users/ferna/Downloads/appforge-main/node_modules/@vitest/runner/dist/index.js:1653:12)',
  timestamp: '2026-02-04T02:08:44.740Z',
  context: {},
  userAgent: 'Mozilla/5.0 (win32) AppleWebKit/537.36 (KHTML, like Gecko) jsdom/25.0.1',
  url: 'http://localhost:3000/',
  env: 'development'
}
≡ƒö┤ Error captured: {
  message: 'Error 66',
  stack: 'Error: Error 66\n' +
    '    at C:/Users/ferna/Downloads/appforge-main/src/utils/__tests__/errorTracking.test.js:40:33\n' +
    '    at file:///C:/Users/ferna/Downloads/appforge-main/node_modules/@vitest/runner/dist/index.js:145:11\n' +
    '    at file:///C:/Users/ferna/Downloads/appforge-main/node_modules/@vitest/runner/dist/index.js:915:26\n' +
    '    at file:///C:/Users/ferna/Downloads/appforge-main/node_modules/@vitest/runner/dist/index.js:1243:20\n' +
    '    at new Promise (<anonymous>)\n' +
    '    at runWithTimeout (file:///C:/Users/ferna/Downloads/appforge-main/node_modules/@vitest/runner/dist/index.js:1209:10)\n' +
    '    at file:///C:/Users/ferna/Downloads/appforge-main/node_modules/@vitest/runner/dist/index.js:1653:37\n' +
    '    at Traces.$ (file:///C:/Users/ferna/Downloads/appforge-main/node_modules/vitest/dist/chunks/traces.CCmnQaNT.js:142:27)\n' +
    '    at trace (file:///C:/Users/ferna/Downloads/appforge-main/node_modules/vitest/dist/chunks/test.B8ej_ZHS.js:239:21)\n' +
    '    at runTest (file:///C:/Users/ferna/Downloads/appforge-main/node_modules/@vitest/runner/dist/index.js:1653:12)',
  timestamp: '2026-02-04T02:08:44.740Z',
  context: {},
  userAgent: 'Mozilla/5.0 (win32) AppleWebKit/537.36 (KHTML, like Gecko) jsdom/25.0.1',
  url: 'http://localhost:3000/',
  env: 'development'
}
≡ƒö┤ Error captured: {
  message: 'Error 67',
  stack: 'Error: Error 67\n' +
    '    at C:/Users/ferna/Downloads/appforge-main/src/utils/__tests__/errorTracking.test.js:40:33\n' +
    '    at file:///C:/Users/ferna/Downloads/appforge-main/node_modules/@vitest/runner/dist/index.js:145:11\n' +
    '    at file:///C:/Users/ferna/Downloads/appforge-main/node_modules/@vitest/runner/dist/index.js:915:26\n' +
    '    at file:///C:/Users/ferna/Downloads/appforge-main/node_modules/@vitest/runner/dist/index.js:1243:20\n' +
    '    at new Promise (<anonymous>)\n' +
    '    at runWithTimeout (file:///C:/Users/ferna/Downloads/appforge-main/node_modules/@vitest/runner/dist/index.js:1209:10)\n' +
    '    at file:///C:/Users/ferna/Downloads/appforge-main/node_modules/@vitest/runner/dist/index.js:1653:37\n' +
    '    at Traces.$ (file:///C:/Users/ferna/Downloads/appforge-main/node_modules/vitest/dist/chunks/traces.CCmnQaNT.js:142:27)\n' +
    '    at trace (file:///C:/Users/ferna/Downloads/appforge-main/node_modules/vitest/dist/chunks/test.B8ej_ZHS.js:239:21)\n' +
    '    at runTest (file:///C:/Users/ferna/Downloads/appforge-main/node_modules/@vitest/runner/dist/index.js:1653:12)',
  timestamp: '2026-02-04T02:08:44.741Z',
  context: {},
  userAgent: 'Mozilla/5.0 (win32) AppleWebKit/537.36 (KHTML, like Gecko) jsdom/25.0.1',
  url: 'http://localhost:3000/',
  env: 'development'
}
≡ƒö┤ Error captured: {
  message: 'Error 68',
  stack: 'Error: Error 68\n' +
    '    at C:/Users/ferna/Downloads/appforge-main/src/utils/__tests__/errorTracking.test.js:40:33\n' +
    '    at file:///C:/Users/ferna/Downloads/appforge-main/node_modules/@vitest/runner/dist/index.js:145:11\n' +
    '    at file:///C:/Users/ferna/Downloads/appforge-main/node_modules/@vitest/runner/dist/index.js:915:26\n' +
    '    at file:///C:/Users/ferna/Downloads/appforge-main/node_modules/@vitest/runner/dist/index.js:1243:20\n' +
    '    at new Promise (<anonymous>)\n' +
    '    at runWithTimeout (file:///C:/Users/ferna/Downloads/appforge-main/node_modules/@vitest/runner/dist/index.js:1209:10)\n' +
    '    at file:///C:/Users/ferna/Downloads/appforge-main/node_modules/@vitest/runner/dist/index.js:1653:37\n' +
    '    at Traces.$ (file:///C:/Users/ferna/Downloads/appforge-main/node_modules/vitest/dist/chunks/traces.CCmnQaNT.js:142:27)\n' +
    '    at trace (file:///C:/Users/ferna/Downloads/appforge-main/node_modules/vitest/dist/chunks/test.B8ej_ZHS.js:239:21)\n' +
    '    at runTest (file:///C:/Users/ferna/Downloads/appforge-main/node_modules/@vitest/runner/dist/index.js:1653:12)',
  timestamp: '2026-02-04T02:08:44.742Z',
  context: {},
  userAgent: 'Mozilla/5.0 (win32) AppleWebKit/537.36 (KHTML, like Gecko) jsdom/25.0.1',
  url: 'http://localhost:3000/',
  env: 'development'
}
≡ƒö┤ Error captured: {
  message: 'Error 69',
  stack: 'Error: Error 69\n' +
    '    at C:/Users/ferna/Downloads/appforge-main/src/utils/__tests__/errorTracking.test.js:40:33\n' +
    '    at file:///C:/Users/ferna/Downloads/appforge-main/node_modules/@vitest/runner/dist/index.js:145:11\n' +
    '    at file:///C:/Users/ferna/Downloads/appforge-main/node_modules/@vitest/runner/dist/index.js:915:26\n' +
    '    at file:///C:/Users/ferna/Downloads/appforge-main/node_modules/@vitest/runner/dist/index.js:1243:20\n' +
    '    at new Promise (<anonymous>)\n' +
    '    at runWithTimeout (file:///C:/Users/ferna/Downloads/appforge-main/node_modules/@vitest/runner/dist/index.js:1209:10)\n' +
    '    at file:///C:/Users/ferna/Downloads/appforge-main/node_modules/@vitest/runner/dist/index.js:1653:37\n' +
    '    at Traces.$ (file:///C:/Users/ferna/Downloads/appforge-main/node_modules/vitest/dist/chunks/traces.CCmnQaNT.js:142:27)\n' +
    '    at trace (file:///C:/Users/ferna/Downloads/appforge-main/node_modules/vitest/dist/chunks/test.B8ej_ZHS.js:239:21)\n' +
    '    at runTest (file:///C:/Users/ferna/Downloads/appforge-main/node_modules/@vitest/runner/dist/index.js:1653:12)',
  timestamp: '2026-02-04T02:08:44.742Z',
  context: {},
  userAgent: 'Mozilla/5.0 (win32) AppleWebKit/537.36 (KHTML, like Gecko) jsdom/25.0.1',
  url: 'http://localhost:3000/',
  env: 'development'
}
≡ƒö┤ Error captured: {
  message: 'Error 70',
  stack: 'Error: Error 70\n' +
    '    at C:/Users/ferna/Downloads/appforge-main/src/utils/__tests__/errorTracking.test.js:40:33\n' +
    '    at file:///C:/Users/ferna/Downloads/appforge-main/node_modules/@vitest/runner/dist/index.js:145:11\n' +
    '    at file:///C:/Users/ferna/Downloads/appforge-main/node_modules/@vitest/runner/dist/index.js:915:26\n' +
    '    at file:///C:/Users/ferna/Downloads/appforge-main/node_modules/@vitest/runner/dist/index.js:1243:20\n' +
    '    at new Promise (<anonymous>)\n' +
    '    at runWithTimeout (file:///C:/Users/ferna/Downloads/appforge-main/node_modules/@vitest/runner/dist/index.js:1209:10)\n' +
    '    at file:///C:/Users/ferna/Downloads/appforge-main/node_modules/@vitest/runner/dist/index.js:1653:37\n' +
    '    at Traces.$ (file:///C:/Users/ferna/Downloads/appforge-main/node_modules/vitest/dist/chunks/traces.CCmnQaNT.js:142:27)\n' +
    '    at trace (file:///C:/Users/ferna/Downloads/appforge-main/node_modules/vitest/dist/chunks/test.B8ej_ZHS.js:239:21)\n' +
    '    at runTest (file:///C:/Users/ferna/Downloads/appforge-main/node_modules/@vitest/runner/dist/index.js:1653:12)',
  timestamp: '2026-02-04T02:08:44.743Z',
  context: {},
  userAgent: 'Mozilla/5.0 (win32) AppleWebKit/537.36 (KHTML, like Gecko) jsdom/25.0.1',
  url: 'http://localhost:3000/',
  env: 'development'
}
≡ƒö┤ Error captured: {
  message: 'Error 71',
  stack: 'Error: Error 71\n' +
    '    at C:/Users/ferna/Downloads/appforge-main/src/utils/__tests__/errorTracking.test.js:40:33\n' +
    '    at file:///C:/Users/ferna/Downloads/appforge-main/node_modules/@vitest/runner/dist/index.js:145:11\n' +
    '    at file:///C:/Users/ferna/Downloads/appforge-main/node_modules/@vitest/runner/dist/index.js:915:26\n' +
    '    at file:///C:/Users/ferna/Downloads/appforge-main/node_modules/@vitest/runner/dist/index.js:1243:20\n' +
    '    at new Promise (<anonymous>)\n' +
    '    at runWithTimeout (file:///C:/Users/ferna/Downloads/appforge-main/node_modules/@vitest/runner/dist/index.js:1209:10)\n' +
    '    at file:///C:/Users/ferna/Downloads/appforge-main/node_modules/@vitest/runner/dist/index.js:1653:37\n' +
    '    at Traces.$ (file:///C:/Users/ferna/Downloads/appforge-main/node_modules/vitest/dist/chunks/traces.CCmnQaNT.js:142:27)\n' +
    '    at trace (file:///C:/Users/ferna/Downloads/appforge-main/node_modules/vitest/dist/chunks/test.B8ej_ZHS.js:239:21)\n' +
    '    at runTest (file:///C:/Users/ferna/Downloads/appforge-main/node_modules/@vitest/runner/dist/index.js:1653:12)',
  timestamp: '2026-02-04T02:08:44.743Z',
  context: {},
  userAgent: 'Mozilla/5.0 (win32) AppleWebKit/537.36 (KHTML, like Gecko) jsdom/25.0.1',
  url: 'http://localhost:3000/',
  env: 'development'
}
≡ƒö┤ Error captured: {
  message: 'Error 72',
  stack: 'Error: Error 72\n' +
    '    at C:/Users/ferna/Downloads/appforge-main/src/utils/__tests__/errorTracking.test.js:40:33\n' +
    '    at file:///C:/Users/ferna/Downloads/appforge-main/node_modules/@vitest/runner/dist/index.js:145:11\n' +
    '    at file:///C:/Users/ferna/Downloads/appforge-main/node_modules/@vitest/runner/dist/index.js:915:26\n' +
    '    at file:///C:/Users/ferna/Downloads/appforge-main/node_modules/@vitest/runner/dist/index.js:1243:20\n' +
    '    at new Promise (<anonymous>)\n' +
    '    at runWithTimeout (file:///C:/Users/ferna/Downloads/appforge-main/node_modules/@vitest/runner/dist/index.js:1209:10)\n' +
    '    at file:///C:/Users/ferna/Downloads/appforge-main/node_modules/@vitest/runner/dist/index.js:1653:37\n' +
    '    at Traces.$ (file:///C:/Users/ferna/Downloads/appforge-main/node_modules/vitest/dist/chunks/traces.CCmnQaNT.js:142:27)\n' +
    '    at trace (file:///C:/Users/ferna/Downloads/appforge-main/node_modules/vitest/dist/chunks/test.B8ej_ZHS.js:239:21)\n' +
    '    at runTest (file:///C:/Users/ferna/Downloads/appforge-main/node_modules/@vitest/runner/dist/index.js:1653:12)',
  timestamp: '2026-02-04T02:08:44.744Z',
  context: {},
  userAgent: 'Mozilla/5.0 (win32) AppleWebKit/537.36 (KHTML, like Gecko) jsdom/25.0.1',
  url: 'http://localhost:3000/',
  env: 'development'
}
≡ƒö┤ Error captured: {
  message: 'Error 73',
  stack: 'Error: Error 73\n' +
    '    at C:/Users/ferna/Downloads/appforge-main/src/utils/__tests__/errorTracking.test.js:40:33\n' +
    '    at file:///C:/Users/ferna/Downloads/appforge-main/node_modules/@vitest/runner/dist/index.js:145:11\n' +
    '    at file:///C:/Users/ferna/Downloads/appforge-main/node_modules/@vitest/runner/dist/index.js:915:26\n' +
    '    at file:///C:/Users/ferna/Downloads/appforge-main/node_modules/@vitest/runner/dist/index.js:1243:20\n' +
    '    at new Promise (<anonymous>)\n' +
    '    at runWithTimeout (file:///C:/Users/ferna/Downloads/appforge-main/node_modules/@vitest/runner/dist/index.js:1209:10)\n' +
    '    at file:///C:/Users/ferna/Downloads/appforge-main/node_modules/@vitest/runner/dist/index.js:1653:37\n' +
    '    at Traces.$ (file:///C:/Users/ferna/Downloads/appforge-main/node_modules/vitest/dist/chunks/traces.CCmnQaNT.js:142:27)\n' +
    '    at trace (file:///C:/Users/ferna/Downloads/appforge-main/node_modules/vitest/dist/chunks/test.B8ej_ZHS.js:239:21)\n' +
    '    at runTest (file:///C:/Users/ferna/Downloads/appforge-main/node_modules/@vitest/runner/dist/index.js:1653:12)',
  timestamp: '2026-02-04T02:08:44.744Z',
  context: {},
  userAgent: 'Mozilla/5.0 (win32) AppleWebKit/537.36 (KHTML, like Gecko) jsdom/25.0.1',
  url: 'http://localhost:3000/',
  env: 'development'
}
≡ƒö┤ Error captured: {
  message: 'Error 74',
  stack: 'Error: Error 74\n' +
    '    at C:/Users/ferna/Downloads/appforge-main/src/utils/__tests__/errorTracking.test.js:40:33\n' +
    '    at file:///C:/Users/ferna/Downloads/appforge-main/node_modules/@vitest/runner/dist/index.js:145:11\n' +
    '    at file:///C:/Users/ferna/Downloads/appforge-main/node_modules/@vitest/runner/dist/index.js:915:26\n' +
    '    at file:///C:/Users/ferna/Downloads/appforge-main/node_modules/@vitest/runner/dist/index.js:1243:20\n' +
    '    at new Promise (<anonymous>)\n' +
    '    at runWithTimeout (file:///C:/Users/ferna/Downloads/appforge-main/node_modules/@vitest/runner/dist/index.js:1209:10)\n' +
    '    at file:///C:/Users/ferna/Downloads/appforge-main/node_modules/@vitest/runner/dist/index.js:1653:37\n' +
    '    at Traces.$ (file:///C:/Users/ferna/Downloads/appforge-main/node_modules/vitest/dist/chunks/traces.CCmnQaNT.js:142:27)\n' +
    '    at trace (file:///C:/Users/ferna/Downloads/appforge-main/node_modules/vitest/dist/chunks/test.B8ej_ZHS.js:239:21)\n' +
    '    at runTest (file:///C:/Users/ferna/Downloads/appforge-main/node_modules/@vitest/runner/dist/index.js:1653:12)',
  timestamp: '2026-02-04T02:08:44.745Z',
  context: {},
  userAgent: 'Mozilla/5.0 (win32) AppleWebKit/537.36 (KHTML, like Gecko) jsdom/25.0.1',
  url: 'http://localhost:3000/',
  env: 'development'
}
≡ƒö┤ Error captured: {
  message: 'Error 75',
  stack: 'Error: Error 75\n' +
    '    at C:/Users/ferna/Downloads/appforge-main/src/utils/__tests__/errorTracking.test.js:40:33\n' +
    '    at file:///C:/Users/ferna/Downloads/appforge-main/node_modules/@vitest/runner/dist/index.js:145:11\n' +
    '    at file:///C:/Users/ferna/Downloads/appforge-main/node_modules/@vitest/runner/dist/index.js:915:26\n' +
    '    at file:///C:/Users/ferna/Downloads/appforge-main/node_modules/@vitest/runner/dist/index.js:1243:20\n' +
    '    at new Promise (<anonymous>)\n' +
    '    at runWithTimeout (file:///C:/Users/ferna/Downloads/appforge-main/node_modules/@vitest/runner/dist/index.js:1209:10)\n' +
    '    at file:///C:/Users/ferna/Downloads/appforge-main/node_modules/@vitest/runner/dist/index.js:1653:37\n' +
    '    at Traces.$ (file:///C:/Users/ferna/Downloads/appforge-main/node_modules/vitest/dist/chunks/traces.CCmnQaNT.js:142:27)\n' +
    '    at trace (file:///C:/Users/ferna/Downloads/appforge-main/node_modules/vitest/dist/chunks/test.B8ej_ZHS.js:239:21)\n' +
    '    at runTest (file:///C:/Users/ferna/Downloads/appforge-main/node_modules/@vitest/runner/dist/index.js:1653:12)',
  timestamp: '2026-02-04T02:08:44.748Z',
  context: {},
  userAgent: 'Mozilla/5.0 (win32) AppleWebKit/537.36 (KHTML, like Gecko) jsdom/25.0.1',
  url: 'http://localhost:3000/',
  env: 'development'
}
≡ƒö┤ Error captured: {
  message: 'Error 76',
  stack: 'Error: Error 76\n' +
    '    at C:/Users/ferna/Downloads/appforge-main/src/utils/__tests__/errorTracking.test.js:40:33\n' +
    '    at file:///C:/Users/ferna/Downloads/appforge-main/node_modules/@vitest/runner/dist/index.js:145:11\n' +
    '    at file:///C:/Users/ferna/Downloads/appforge-main/node_modules/@vitest/runner/dist/index.js:915:26\n' +
    '    at file:///C:/Users/ferna/Downloads/appforge-main/node_modules/@vitest/runner/dist/index.js:1243:20\n' +
    '    at new Promise (<anonymous>)\n' +
    '    at runWithTimeout (file:///C:/Users/ferna/Downloads/appforge-main/node_modules/@vitest/runner/dist/index.js:1209:10)\n' +
    '    at file:///C:/Users/ferna/Downloads/appforge-main/node_modules/@vitest/runner/dist/index.js:1653:37\n' +
    '    at Traces.$ (file:///C:/Users/ferna/Downloads/appforge-main/node_modules/vitest/dist/chunks/traces.CCmnQaNT.js:142:27)\n' +
    '    at trace (file:///C:/Users/ferna/Downloads/appforge-main/node_modules/vitest/dist/chunks/test.B8ej_ZHS.js:239:21)\n' +
    '    at runTest (file:///C:/Users/ferna/Downloads/appforge-main/node_modules/@vitest/runner/dist/index.js:1653:12)',
  timestamp: '2026-02-04T02:08:44.749Z',
  context: {},
  userAgent: 'Mozilla/5.0 (win32) AppleWebKit/537.36 (KHTML, like Gecko) jsdom/25.0.1',
  url: 'http://localhost:3000/',
  env: 'development'
}
≡ƒö┤ Error captured: {
  message: 'Error 77',
  stack: 'Error: Error 77\n' +
    '    at C:/Users/ferna/Downloads/appforge-main/src/utils/__tests__/errorTracking.test.js:40:33\n' +
    '    at file:///C:/Users/ferna/Downloads/appforge-main/node_modules/@vitest/runner/dist/index.js:145:11\n' +
    '    at file:///C:/Users/ferna/Downloads/appforge-main/node_modules/@vitest/runner/dist/index.js:915:26\n' +
    '    at file:///C:/Users/ferna/Downloads/appforge-main/node_modules/@vitest/runner/dist/index.js:1243:20\n' +
    '    at new Promise (<anonymous>)\n' +
    '    at runWithTimeout (file:///C:/Users/ferna/Downloads/appforge-main/node_modules/@vitest/runner/dist/index.js:1209:10)\n' +
    '    at file:///C:/Users/ferna/Downloads/appforge-main/node_modules/@vitest/runner/dist/index.js:1653:37\n' +
    '    at Traces.$ (file:///C:/Users/ferna/Downloads/appforge-main/node_modules/vitest/dist/chunks/traces.CCmnQaNT.js:142:27)\n' +
    '    at trace (file:///C:/Users/ferna/Downloads/appforge-main/node_modules/vitest/dist/chunks/test.B8ej_ZHS.js:239:21)\n' +
    '    at runTest (file:///C:/Users/ferna/Downloads/appforge-main/node_modules/@vitest/runner/dist/index.js:1653:12)',
  timestamp: '2026-02-04T02:08:44.749Z',
  context: {},
  userAgent: 'Mozilla/5.0 (win32) AppleWebKit/537.36 (KHTML, like Gecko) jsdom/25.0.1',
  url: 'http://localhost:3000/',
  env: 'development'
}
≡ƒö┤ Error captured: {
  message: 'Error 78',
  stack: 'Error: Error 78\n' +
    '    at C:/Users/ferna/Downloads/appforge-main/src/utils/__tests__/errorTracking.test.js:40:33\n' +
    '    at file:///C:/Users/ferna/Downloads/appforge-main/node_modules/@vitest/runner/dist/index.js:145:11\n' +
    '    at file:///C:/Users/ferna/Downloads/appforge-main/node_modules/@vitest/runner/dist/index.js:915:26\n' +
    '    at file:///C:/Users/ferna/Downloads/appforge-main/node_modules/@vitest/runner/dist/index.js:1243:20\n' +
    '    at new Promise (<anonymous>)\n' +
    '    at runWithTimeout (file:///C:/Users/ferna/Downloads/appforge-main/node_modules/@vitest/runner/dist/index.js:1209:10)\n' +
    '    at file:///C:/Users/ferna/Downloads/appforge-main/node_modules/@vitest/runner/dist/index.js:1653:37\n' +
    '    at Traces.$ (file:///C:/Users/ferna/Downloads/appforge-main/node_modules/vitest/dist/chunks/traces.CCmnQaNT.js:142:27)\n' +
    '    at trace (file:///C:/Users/ferna/Downloads/appforge-main/node_modules/vitest/dist/chunks/test.B8ej_ZHS.js:239:21)\n' +
    '    at runTest (file:///C:/Users/ferna/Downloads/appforge-main/node_modules/@vitest/runner/dist/index.js:1653:12)',
  timestamp: '2026-02-04T02:08:44.750Z',
  context: {},
  userAgent: 'Mozilla/5.0 (win32) AppleWebKit/537.36 (KHTML, like Gecko) jsdom/25.0.1',
  url: 'http://localhost:3000/',
  env: 'development'
}
≡ƒö┤ Error captured: {
  message: 'Error 79',
  stack: 'Error: Error 79\n' +
    '    at C:/Users/ferna/Downloads/appforge-main/src/utils/__tests__/errorTracking.test.js:40:33\n' +
    '    at file:///C:/Users/ferna/Downloads/appforge-main/node_modules/@vitest/runner/dist/index.js:145:11\n' +
    '    at file:///C:/Users/ferna/Downloads/appforge-main/node_modules/@vitest/runner/dist/index.js:915:26\n' +
    '    at file:///C:/Users/ferna/Downloads/appforge-main/node_modules/@vitest/runner/dist/index.js:1243:20\n' +
    '    at new Promise (<anonymous>)\n' +
    '    at runWithTimeout (file:///C:/Users/ferna/Downloads/appforge-main/node_modules/@vitest/runner/dist/index.js:1209:10)\n' +
    '    at file:///C:/Users/ferna/Downloads/appforge-main/node_modules/@vitest/runner/dist/index.js:1653:37\n' +
    '    at Traces.$ (file:///C:/Users/ferna/Downloads/appforge-main/node_modules/vitest/dist/chunks/traces.CCmnQaNT.js:142:27)\n' +
    '    at trace (file:///C:/Users/ferna/Downloads/appforge-main/node_modules/vitest/dist/chunks/test.B8ej_ZHS.js:239:21)\n' +
    '    at runTest (file:///C:/Users/ferna/Downloads/appforge-main/node_modules/@vitest/runner/dist/index.js:1653:12)',
  timestamp: '2026-02-04T02:08:44.750Z',
  context: {},
  userAgent: 'Mozilla/5.0 (win32) AppleWebKit/537.36 (KHTML, like Gecko) jsdom/25.0.1',
  url: 'http://localhost:3000/',
  env: 'development'
}
≡ƒö┤ Error captured: {
  message: 'Error 80',
  stack: 'Error: Error 80\n' +
    '    at C:/Users/ferna/Downloads/appforge-main/src/utils/__tests__/errorTracking.test.js:40:33\n' +
    '    at file:///C:/Users/ferna/Downloads/appforge-main/node_modules/@vitest/runner/dist/index.js:145:11\n' +
    '    at file:///C:/Users/ferna/Downloads/appforge-main/node_modules/@vitest/runner/dist/index.js:915:26\n' +
    '    at file:///C:/Users/ferna/Downloads/appforge-main/node_modules/@vitest/runner/dist/index.js:1243:20\n' +
    '    at new Promise (<anonymous>)\n' +
    '    at runWithTimeout (file:///C:/Users/ferna/Downloads/appforge-main/node_modules/@vitest/runner/dist/index.js:1209:10)\n' +
    '    at file:///C:/Users/ferna/Downloads/appforge-main/node_modules/@vitest/runner/dist/index.js:1653:37\n' +
    '    at Traces.$ (file:///C:/Users/ferna/Downloads/appforge-main/node_modules/vitest/dist/chunks/traces.CCmnQaNT.js:142:27)\n' +
    '    at trace (file:///C:/Users/ferna/Downloads/appforge-main/node_modules/vitest/dist/chunks/test.B8ej_ZHS.js:239:21)\n' +
    '    at runTest (file:///C:/Users/ferna/Downloads/appforge-main/node_modules/@vitest/runner/dist/index.js:1653:12)',
  timestamp: '2026-02-04T02:08:44.751Z',
  context: {},
  userAgent: 'Mozilla/5.0 (win32) AppleWebKit/537.36 (KHTML, like Gecko) jsdom/25.0.1',
  url: 'http://localhost:3000/',
  env: 'development'
}
≡ƒö┤ Error captured: {
  message: 'Error 81',
  stack: 'Error: Error 81\n' +
    '    at C:/Users/ferna/Downloads/appforge-main/src/utils/__tests__/errorTracking.test.js:40:33\n' +
    '    at file:///C:/Users/ferna/Downloads/appforge-main/node_modules/@vitest/runner/dist/index.js:145:11\n' +
    '    at file:///C:/Users/ferna/Downloads/appforge-main/node_modules/@vitest/runner/dist/index.js:915:26\n' +
    '    at file:///C:/Users/ferna/Downloads/appforge-main/node_modules/@vitest/runner/dist/index.js:1243:20\n' +
    '    at new Promise (<anonymous>)\n' +
    '    at runWithTimeout (file:///C:/Users/ferna/Downloads/appforge-main/node_modules/@vitest/runner/dist/index.js:1209:10)\n' +
    '    at file:///C:/Users/ferna/Downloads/appforge-main/node_modules/@vitest/runner/dist/index.js:1653:37\n' +
    '    at Traces.$ (file:///C:/Users/ferna/Downloads/appforge-main/node_modules/vitest/dist/chunks/traces.CCmnQaNT.js:142:27)\n' +
    '    at trace (file:///C:/Users/ferna/Downloads/appforge-main/node_modules/vitest/dist/chunks/test.B8ej_ZHS.js:239:21)\n' +
    '    at runTest (file:///C:/Users/ferna/Downloads/appforge-main/node_modules/@vitest/runner/dist/index.js:1653:12)',
  timestamp: '2026-02-04T02:08:44.762Z',
  context: {},
  userAgent: 'Mozilla/5.0 (win32) AppleWebKit/537.36 (KHTML, like Gecko) jsdom/25.0.1',
  url: 'http://localhost:3000/',
  env: 'development'
}
≡ƒö┤ Error captured: {
  message: 'Error 82',
  stack: 'Error: Error 82\n' +
    '    at C:/Users/ferna/Downloads/appforge-main/src/utils/__tests__/errorTracking.test.js:40:33\n' +
    '    at file:///C:/Users/ferna/Downloads/appforge-main/node_modules/@vitest/runner/dist/index.js:145:11\n' +
    '    at file:///C:/Users/ferna/Downloads/appforge-main/node_modules/@vitest/runner/dist/index.js:915:26\n' +
    '    at file:///C:/Users/ferna/Downloads/appforge-main/node_modules/@vitest/runner/dist/index.js:1243:20\n' +
    '    at new Promise (<anonymous>)\n' +
    '    at runWithTimeout (file:///C:/Users/ferna/Downloads/appforge-main/node_modules/@vitest/runner/dist/index.js:1209:10)\n' +
    '    at file:///C:/Users/ferna/Downloads/appforge-main/node_modules/@vitest/runner/dist/index.js:1653:37\n' +
    '    at Traces.$ (file:///C:/Users/ferna/Downloads/appforge-main/node_modules/vitest/dist/chunks/traces.CCmnQaNT.js:142:27)\n' +
    '    at trace (file:///C:/Users/ferna/Downloads/appforge-main/node_modules/vitest/dist/chunks/test.B8ej_ZHS.js:239:21)\n' +
    '    at runTest (file:///C:/Users/ferna/Downloads/appforge-main/node_modules/@vitest/runner/dist/index.js:1653:12)',
  timestamp: '2026-02-04T02:08:44.763Z',
  context: {},
  userAgent: 'Mozilla/5.0 (win32) AppleWebKit/537.36 (KHTML, like Gecko) jsdom/25.0.1',
  url: 'http://localhost:3000/',
  env: 'development'
}
≡ƒö┤ Error captured: {
  message: 'Error 83',
  stack: 'Error: Error 83\n' +
    '    at C:/Users/ferna/Downloads/appforge-main/src/utils/__tests__/errorTracking.test.js:40:33\n' +
    '    at file:///C:/Users/ferna/Downloads/appforge-main/node_modules/@vitest/runner/dist/index.js:145:11\n' +
    '    at file:///C:/Users/ferna/Downloads/appforge-main/node_modules/@vitest/runner/dist/index.js:915:26\n' +
    '    at file:///C:/Users/ferna/Downloads/appforge-main/node_modules/@vitest/runner/dist/index.js:1243:20\n' +
    '    at new Promise (<anonymous>)\n' +
    '    at runWithTimeout (file:///C:/Users/ferna/Downloads/appforge-main/node_modules/@vitest/runner/dist/index.js:1209:10)\n' +
    '    at file:///C:/Users/ferna/Downloads/appforge-main/node_modules/@vitest/runner/dist/index.js:1653:37\n' +
    '    at Traces.$ (file:///C:/Users/ferna/Downloads/appforge-main/node_modules/vitest/dist/chunks/traces.CCmnQaNT.js:142:27)\n' +
    '    at trace (file:///C:/Users/ferna/Downloads/appforge-main/node_modules/vitest/dist/chunks/test.B8ej_ZHS.js:239:21)\n' +
    '    at runTest (file:///C:/Users/ferna/Downloads/appforge-main/node_modules/@vitest/runner/dist/index.js:1653:12)',
  timestamp: '2026-02-04T02:08:44.763Z',
  context: {},
  userAgent: 'Mozilla/5.0 (win32) AppleWebKit/537.36 (KHTML, like Gecko) jsdom/25.0.1',
  url: 'http://localhost:3000/',
  env: 'development'
}
≡ƒö┤ Error captured: {
  message: 'Error 84',
  stack: 'Error: Error 84\n' +
    '    at C:/Users/ferna/Downloads/appforge-main/src/utils/__tests__/errorTracking.test.js:40:33\n' +
    '    at file:///C:/Users/ferna/Downloads/appforge-main/node_modules/@vitest/runner/dist/index.js:145:11\n' +
    '    at file:///C:/Users/ferna/Downloads/appforge-main/node_modules/@vitest/runner/dist/index.js:915:26\n' +
    '    at file:///C:/Users/ferna/Downloads/appforge-main/node_modules/@vitest/runner/dist/index.js:1243:20\n' +
    '    at new Promise (<anonymous>)\n' +
    '    at runWithTimeout (file:///C:/Users/ferna/Downloads/appforge-main/node_modules/@vitest/runner/dist/index.js:1209:10)\n' +
    '    at file:///C:/Users/ferna/Downloads/appforge-main/node_modules/@vitest/runner/dist/index.js:1653:37\n' +
    '    at Traces.$ (file:///C:/Users/ferna/Downloads/appforge-main/node_modules/vitest/dist/chunks/traces.CCmnQaNT.js:142:27)\n' +
    '    at trace (file:///C:/Users/ferna/Downloads/appforge-main/node_modules/vitest/dist/chunks/test.B8ej_ZHS.js:239:21)\n' +
    '    at runTest (file:///C:/Users/ferna/Downloads/appforge-main/node_modules/@vitest/runner/dist/index.js:1653:12)',
  timestamp: '2026-02-04T02:08:44.764Z',
  context: {},
  userAgent: 'Mozilla/5.0 (win32) AppleWebKit/537.36 (KHTML, like Gecko) jsdom/25.0.1',
  url: 'http://localhost:3000/',
  env: 'development'
}
≡ƒö┤ Error captured: {
  message: 'Error 85',
  stack: 'Error: Error 85\n' +
    '    at C:/Users/ferna/Downloads/appforge-main/src/utils/__tests__/errorTracking.test.js:40:33\n' +
    '    at file:///C:/Users/ferna/Downloads/appforge-main/node_modules/@vitest/runner/dist/index.js:145:11\n' +
    '    at file:///C:/Users/ferna/Downloads/appforge-main/node_modules/@vitest/runner/dist/index.js:915:26\n' +
    '    at file:///C:/Users/ferna/Downloads/appforge-main/node_modules/@vitest/runner/dist/index.js:1243:20\n' +
    '    at new Promise (<anonymous>)\n' +
    '    at runWithTimeout (file:///C:/Users/ferna/Downloads/appforge-main/node_modules/@vitest/runner/dist/index.js:1209:10)\n' +
    '    at file:///C:/Users/ferna/Downloads/appforge-main/node_modules/@vitest/runner/dist/index.js:1653:37\n' +
    '    at Traces.$ (file:///C:/Users/ferna/Downloads/appforge-main/node_modules/vitest/dist/chunks/traces.CCmnQaNT.js:142:27)\n' +
    '    at trace (file:///C:/Users/ferna/Downloads/appforge-main/node_modules/vitest/dist/chunks/test.B8ej_ZHS.js:239:21)\n' +
    '    at runTest (file:///C:/Users/ferna/Downloads/appforge-main/node_modules/@vitest/runner/dist/index.js:1653:12)',
  timestamp: '2026-02-04T02:08:44.764Z',
  context: {},
  userAgent: 'Mozilla/5.0 (win32) AppleWebKit/537.36 (KHTML, like Gecko) jsdom/25.0.1',
  url: 'http://localhost:3000/',
  env: 'development'
}
≡ƒö┤ Error captured: {
  message: 'Error 86',
  stack: 'Error: Error 86\n' +
    '    at C:/Users/ferna/Downloads/appforge-main/src/utils/__tests__/errorTracking.test.js:40:33\n' +
    '    at file:///C:/Users/ferna/Downloads/appforge-main/node_modules/@vitest/runner/dist/index.js:145:11\n' +
    '    at file:///C:/Users/ferna/Downloads/appforge-main/node_modules/@vitest/runner/dist/index.js:915:26\n' +
    '    at file:///C:/Users/ferna/Downloads/appforge-main/node_modules/@vitest/runner/dist/index.js:1243:20\n' +
    '    at new Promise (<anonymous>)\n' +
    '    at runWithTimeout (file:///C:/Users/ferna/Downloads/appforge-main/node_modules/@vitest/runner/dist/index.js:1209:10)\n' +
    '    at file:///C:/Users/ferna/Downloads/appforge-main/node_modules/@vitest/runner/dist/index.js:1653:37\n' +
    '    at Traces.$ (file:///C:/Users/ferna/Downloads/appforge-main/node_modules/vitest/dist/chunks/traces.CCmnQaNT.js:142:27)\n' +
    '    at trace (file:///C:/Users/ferna/Downloads/appforge-main/node_modules/vitest/dist/chunks/test.B8ej_ZHS.js:239:21)\n' +
    '    at runTest (file:///C:/Users/ferna/Downloads/appforge-main/node_modules/@vitest/runner/dist/index.js:1653:12)',
  timestamp: '2026-02-04T02:08:44.764Z',
  context: {},
  userAgent: 'Mozilla/5.0 (win32) AppleWebKit/537.36 (KHTML, like Gecko) jsdom/25.0.1',
  url: 'http://localhost:3000/',
  env: 'development'
}
≡ƒö┤ Error captured: {
  message: 'Error 87',
  stack: 'Error: Error 87\n' +
    '    at C:/Users/ferna/Downloads/appforge-main/src/utils/__tests__/errorTracking.test.js:40:33\n' +
    '    at file:///C:/Users/ferna/Downloads/appforge-main/node_modules/@vitest/runner/dist/index.js:145:11\n' +
    '    at file:///C:/Users/ferna/Downloads/appforge-main/node_modules/@vitest/runner/dist/index.js:915:26\n' +
    '    at file:///C:/Users/ferna/Downloads/appforge-main/node_modules/@vitest/runner/dist/index.js:1243:20\n' +
    '    at new Promise (<anonymous>)\n' +
    '    at runWithTimeout (file:///C:/Users/ferna/Downloads/appforge-main/node_modules/@vitest/runner/dist/index.js:1209:10)\n' +
    '    at file:///C:/Users/ferna/Downloads/appforge-main/node_modules/@vitest/runner/dist/index.js:1653:37\n' +
    '    at Traces.$ (file:///C:/Users/ferna/Downloads/appforge-main/node_modules/vitest/dist/chunks/traces.CCmnQaNT.js:142:27)\n' +
    '    at trace (file:///C:/Users/ferna/Downloads/appforge-main/node_modules/vitest/dist/chunks/test.B8ej_ZHS.js:239:21)\n' +
    '    at runTest (file:///C:/Users/ferna/Downloads/appforge-main/node_modules/@vitest/runner/dist/index.js:1653:12)',
  timestamp: '2026-02-04T02:08:44.766Z',
  context: {},
  userAgent: 'Mozilla/5.0 (win32) AppleWebKit/537.36 (KHTML, like Gecko) jsdom/25.0.1',
  url: 'http://localhost:3000/',
  env: 'development'
}
≡ƒö┤ Error captured: {
  message: 'Error 88',
  stack: 'Error: Error 88\n' +
    '    at C:/Users/ferna/Downloads/appforge-main/src/utils/__tests__/errorTracking.test.js:40:33\n' +
    '    at file:///C:/Users/ferna/Downloads/appforge-main/node_modules/@vitest/runner/dist/index.js:145:11\n' +
    '    at file:///C:/Users/ferna/Downloads/appforge-main/node_modules/@vitest/runner/dist/index.js:915:26\n' +
    '    at file:///C:/Users/ferna/Downloads/appforge-main/node_modules/@vitest/runner/dist/index.js:1243:20\n' +
    '    at new Promise (<anonymous>)\n' +
    '    at runWithTimeout (file:///C:/Users/ferna/Downloads/appforge-main/node_modules/@vitest/runner/dist/index.js:1209:10)\n' +
    '    at file:///C:/Users/ferna/Downloads/appforge-main/node_modules/@vitest/runner/dist/index.js:1653:37\n' +
    '    at Traces.$ (file:///C:/Users/ferna/Downloads/appforge-main/node_modules/vitest/dist/chunks/traces.CCmnQaNT.js:142:27)\n' +
    '    at trace (file:///C:/Users/ferna/Downloads/appforge-main/node_modules/vitest/dist/chunks/test.B8ej_ZHS.js:239:21)\n' +
    '    at runTest (file:///C:/Users/ferna/Downloads/appforge-main/node_modules/@vitest/runner/dist/index.js:1653:12)',
  timestamp: '2026-02-04T02:08:44.766Z',
  context: {},
  userAgent: 'Mozilla/5.0 (win32) AppleWebKit/537.36 (KHTML, like Gecko) jsdom/25.0.1',
  url: 'http://localhost:3000/',
  env: 'development'
}
≡ƒö┤ Error captured: {
  message: 'Error 89',
  stack: 'Error: Error 89\n' +
    '    at C:/Users/ferna/Downloads/appforge-main/src/utils/__tests__/errorTracking.test.js:40:33\n' +
    '    at file:///C:/Users/ferna/Downloads/appforge-main/node_modules/@vitest/runner/dist/index.js:145:11\n' +
    '    at file:///C:/Users/ferna/Downloads/appforge-main/node_modules/@vitest/runner/dist/index.js:915:26\n' +
    '    at file:///C:/Users/ferna/Downloads/appforge-main/node_modules/@vitest/runner/dist/index.js:1243:20\n' +
    '    at new Promise (<anonymous>)\n' +
    '    at runWithTimeout (file:///C:/Users/ferna/Downloads/appforge-main/node_modules/@vitest/runner/dist/index.js:1209:10)\n' +
    '    at file:///C:/Users/ferna/Downloads/appforge-main/node_modules/@vitest/runner/dist/index.js:1653:37\n' +
    '    at Traces.$ (file:///C:/Users/ferna/Downloads/appforge-main/node_modules/vitest/dist/chunks/traces.CCmnQaNT.js:142:27)\n' +
    '    at trace (file:///C:/Users/ferna/Downloads/appforge-main/node_modules/vitest/dist/chunks/test.B8ej_ZHS.js:239:21)\n' +
    '    at runTest (file:///C:/Users/ferna/Downloads/appforge-main/node_modules/@vitest/runner/dist/index.js:1653:12)',
  timestamp: '2026-02-04T02:08:44.767Z',
  context: {},
  userAgent: 'Mozilla/5.0 (win32) AppleWebKit/537.36 (KHTML, like Gecko) jsdom/25.0.1',
  url: 'http://localhost:3000/',
  env: 'development'
}
≡ƒö┤ Error captured: {
  message: 'Error 90',
  stack: 'Error: Error 90\n' +
    '    at C:/Users/ferna/Downloads/appforge-main/src/utils/__tests__/errorTracking.test.js:40:33\n' +
    '    at file:///C:/Users/ferna/Downloads/appforge-main/node_modules/@vitest/runner/dist/index.js:145:11\n' +
    '    at file:///C:/Users/ferna/Downloads/appforge-main/node_modules/@vitest/runner/dist/index.js:915:26\n' +
    '    at file:///C:/Users/ferna/Downloads/appforge-main/node_modules/@vitest/runner/dist/index.js:1243:20\n' +
    '    at new Promise (<anonymous>)\n' +
    '    at runWithTimeout (file:///C:/Users/ferna/Downloads/appforge-main/node_modules/@vitest/runner/dist/index.js:1209:10)\n' +
    '    at file:///C:/Users/ferna/Downloads/appforge-main/node_modules/@vitest/runner/dist/index.js:1653:37\n' +
    '    at Traces.$ (file:///C:/Users/ferna/Downloads/appforge-main/node_modules/vitest/dist/chunks/traces.CCmnQaNT.js:142:27)\n' +
    '    at trace (file:///C:/Users/ferna/Downloads/appforge-main/node_modules/vitest/dist/chunks/test.B8ej_ZHS.js:239:21)\n' +
    '    at runTest (file:///C:/Users/ferna/Downloads/appforge-main/node_modules/@vitest/runner/dist/index.js:1653:12)',
  timestamp: '2026-02-04T02:08:44.767Z',
  context: {},
  userAgent: 'Mozilla/5.0 (win32) AppleWebKit/537.36 (KHTML, like Gecko) jsdom/25.0.1',
  url: 'http://localhost:3000/',
  env: 'development'
}
≡ƒö┤ Error captured: {
  message: 'Error 91',
  stack: 'Error: Error 91\n' +
    '    at C:/Users/ferna/Downloads/appforge-main/src/utils/__tests__/errorTracking.test.js:40:33\n' +
    '    at file:///C:/Users/ferna/Downloads/appforge-main/node_modules/@vitest/runner/dist/index.js:145:11\n' +
    '    at file:///C:/Users/ferna/Downloads/appforge-main/node_modules/@vitest/runner/dist/index.js:915:26\n' +
    '    at file:///C:/Users/ferna/Downloads/appforge-main/node_modules/@vitest/runner/dist/index.js:1243:20\n' +
    '    at new Promise (<anonymous>)\n' +
    '    at runWithTimeout (file:///C:/Users/ferna/Downloads/appforge-main/node_modules/@vitest/runner/dist/index.js:1209:10)\n' +
    '    at file:///C:/Users/ferna/Downloads/appforge-main/node_modules/@vitest/runner/dist/index.js:1653:37\n' +
    '    at Traces.$ (file:///C:/Users/ferna/Downloads/appforge-main/node_modules/vitest/dist/chunks/traces.CCmnQaNT.js:142:27)\n' +
    '    at trace (file:///C:/Users/ferna/Downloads/appforge-main/node_modules/vitest/dist/chunks/test.B8ej_ZHS.js:239:21)\n' +
    '    at runTest (file:///C:/Users/ferna/Downloads/appforge-main/node_modules/@vitest/runner/dist/index.js:1653:12)',
  timestamp: '2026-02-04T02:08:44.768Z',
  context: {},
  userAgent: 'Mozilla/5.0 (win32) AppleWebKit/537.36 (KHTML, like Gecko) jsdom/25.0.1',
  url: 'http://localhost:3000/',
  env: 'development'
}
≡ƒö┤ Error captured: {
  message: 'Error 92',
  stack: 'Error: Error 92\n' +
    '    at C:/Users/ferna/Downloads/appforge-main/src/utils/__tests__/errorTracking.test.js:40:33\n' +
    '    at file:///C:/Users/ferna/Downloads/appforge-main/node_modules/@vitest/runner/dist/index.js:145:11\n' +
    '    at file:///C:/Users/ferna/Downloads/appforge-main/node_modules/@vitest/runner/dist/index.js:915:26\n' +
    '    at file:///C:/Users/ferna/Downloads/appforge-main/node_modules/@vitest/runner/dist/index.js:1243:20\n' +
    '    at new Promise (<anonymous>)\n' +
    '    at runWithTimeout (file:///C:/Users/ferna/Downloads/appforge-main/node_modules/@vitest/runner/dist/index.js:1209:10)\n' +
    '    at file:///C:/Users/ferna/Downloads/appforge-main/node_modules/@vitest/runner/dist/index.js:1653:37\n' +
    '    at Traces.$ (file:///C:/Users/ferna/Downloads/appforge-main/node_modules/vitest/dist/chunks/traces.CCmnQaNT.js:142:27)\n' +
    '    at trace (file:///C:/Users/ferna/Downloads/appforge-main/node_modules/vitest/dist/chunks/test.B8ej_ZHS.js:239:21)\n' +
    '    at runTest (file:///C:/Users/ferna/Downloads/appforge-main/node_modules/@vitest/runner/dist/index.js:1653:12)',
  timestamp: '2026-02-04T02:08:44.768Z',
  context: {},
  userAgent: 'Mozilla/5.0 (win32) AppleWebKit/537.36 (KHTML, like Gecko) jsdom/25.0.1',
  url: 'http://localhost:3000/',
  env: 'development'
}
≡ƒö┤ Error captured: {
  message: 'Error 93',
  stack: 'Error: Error 93\n' +
    '    at C:/Users/ferna/Downloads/appforge-main/src/utils/__tests__/errorTracking.test.js:40:33\n' +
    '    at file:///C:/Users/ferna/Downloads/appforge-main/node_modules/@vitest/runner/dist/index.js:145:11\n' +
    '    at file:///C:/Users/ferna/Downloads/appforge-main/node_modules/@vitest/runner/dist/index.js:915:26\n' +
    '    at file:///C:/Users/ferna/Downloads/appforge-main/node_modules/@vitest/runner/dist/index.js:1243:20\n' +
    '    at new Promise (<anonymous>)\n' +
    '    at runWithTimeout (file:///C:/Users/ferna/Downloads/appforge-main/node_modules/@vitest/runner/dist/index.js:1209:10)\n' +
    '    at file:///C:/Users/ferna/Downloads/appforge-main/node_modules/@vitest/runner/dist/index.js:1653:37\n' +
    '    at Traces.$ (file:///C:/Users/ferna/Downloads/appforge-main/node_modules/vitest/dist/chunks/traces.CCmnQaNT.js:142:27)\n' +
    '    at trace (file:///C:/Users/ferna/Downloads/appforge-main/node_modules/vitest/dist/chunks/test.B8ej_ZHS.js:239:21)\n' +
    '    at runTest (file:///C:/Users/ferna/Downloads/appforge-main/node_modules/@vitest/runner/dist/index.js:1653:12)',
  timestamp: '2026-02-04T02:08:44.768Z',
  context: {},
  userAgent: 'Mozilla/5.0 (win32) AppleWebKit/537.36 (KHTML, like Gecko) jsdom/25.0.1',
  url: 'http://localhost:3000/',
  env: 'development'
}
≡ƒö┤ Error captured: {
  message: 'Error 94',
  stack: 'Error: Error 94\n' +
    '    at C:/Users/ferna/Downloads/appforge-main/src/utils/__tests__/errorTracking.test.js:40:33\n' +
    '    at file:///C:/Users/ferna/Downloads/appforge-main/node_modules/@vitest/runner/dist/index.js:145:11\n' +
    '    at file:///C:/Users/ferna/Downloads/appforge-main/node_modules/@vitest/runner/dist/index.js:915:26\n' +
    '    at file:///C:/Users/ferna/Downloads/appforge-main/node_modules/@vitest/runner/dist/index.js:1243:20\n' +
    '    at new Promise (<anonymous>)\n' +
    '    at runWithTimeout (file:///C:/Users/ferna/Downloads/appforge-main/node_modules/@vitest/runner/dist/index.js:1209:10)\n' +
    '    at file:///C:/Users/ferna/Downloads/appforge-main/node_modules/@vitest/runner/dist/index.js:1653:37\n' +
    '    at Traces.$ (file:///C:/Users/ferna/Downloads/appforge-main/node_modules/vitest/dist/chunks/traces.CCmnQaNT.js:142:27)\n' +
    '    at trace (file:///C:/Users/ferna/Downloads/appforge-main/node_modules/vitest/dist/chunks/test.B8ej_ZHS.js:239:21)\n' +
    '    at runTest (file:///C:/Users/ferna/Downloads/appforge-main/node_modules/@vitest/runner/dist/index.js:1653:12)',
  timestamp: '2026-02-04T02:08:44.769Z',
  context: {},
  userAgent: 'Mozilla/5.0 (win32) AppleWebKit/537.36 (KHTML, like Gecko) jsdom/25.0.1',
  url: 'http://localhost:3000/',
  env: 'development'
}
≡ƒö┤ Error captured: {
  message: 'Error 95',
  stack: 'Error: Error 95\n' +
    '    at C:/Users/ferna/Downloads/appforge-main/src/utils/__tests__/errorTracking.test.js:40:33\n' +
    '    at file:///C:/Users/ferna/Downloads/appforge-main/node_modules/@vitest/runner/dist/index.js:145:11\n' +
    '    at file:///C:/Users/ferna/Downloads/appforge-main/node_modules/@vitest/runner/dist/index.js:915:26\n' +
    '    at file:///C:/Users/ferna/Downloads/appforge-main/node_modules/@vitest/runner/dist/index.js:1243:20\n' +
    '    at new Promise (<anonymous>)\n' +
    '    at runWithTimeout (file:///C:/Users/ferna/Downloads/appforge-main/node_modules/@vitest/runner/dist/index.js:1209:10)\n' +
    '    at file:///C:/Users/ferna/Downloads/appforge-main/node_modules/@vitest/runner/dist/index.js:1653:37\n' +
    '    at Traces.$ (file:///C:/Users/ferna/Downloads/appforge-main/node_modules/vitest/dist/chunks/traces.CCmnQaNT.js:142:27)\n' +
    '    at trace (file:///C:/Users/ferna/Downloads/appforge-main/node_modules/vitest/dist/chunks/test.B8ej_ZHS.js:239:21)\n' +
    '    at runTest (file:///C:/Users/ferna/Downloads/appforge-main/node_modules/@vitest/runner/dist/index.js:1653:12)',
  timestamp: '2026-02-04T02:08:44.769Z',
  context: {},
  userAgent: 'Mozilla/5.0 (win32) AppleWebKit/537.36 (KHTML, like Gecko) jsdom/25.0.1',
  url: 'http://localhost:3000/',
  env: 'development'
}
≡ƒö┤ Error captured: {
  message: 'Error 96',
  stack: 'Error: Error 96\n' +
    '    at C:/Users/ferna/Downloads/appforge-main/src/utils/__tests__/errorTracking.test.js:40:33\n' +
    '    at file:///C:/Users/ferna/Downloads/appforge-main/node_modules/@vitest/runner/dist/index.js:145:11\n' +
    '    at file:///C:/Users/ferna/Downloads/appforge-main/node_modules/@vitest/runner/dist/index.js:915:26\n' +
    '    at file:///C:/Users/ferna/Downloads/appforge-main/node_modules/@vitest/runner/dist/index.js:1243:20\n' +
    '    at new Promise (<anonymous>)\n' +
    '    at runWithTimeout (file:///C:/Users/ferna/Downloads/appforge-main/node_modules/@vitest/runner/dist/index.js:1209:10)\n' +
    '    at file:///C:/Users/ferna/Downloads/appforge-main/node_modules/@vitest/runner/dist/index.js:1653:37\n' +
    '    at Traces.$ (file:///C:/Users/ferna/Downloads/appforge-main/node_modules/vitest/dist/chunks/traces.CCmnQaNT.js:142:27)\n' +
    '    at trace (file:///C:/Users/ferna/Downloads/appforge-main/node_modules/vitest/dist/chunks/test.B8ej_ZHS.js:239:21)\n' +
    '    at runTest (file:///C:/Users/ferna/Downloads/appforge-main/node_modules/@vitest/runner/dist/index.js:1653:12)',
  timestamp: '2026-02-04T02:08:44.769Z',
  context: {},
  userAgent: 'Mozilla/5.0 (win32) AppleWebKit/537.36 (KHTML, like Gecko) jsdom/25.0.1',
  url: 'http://localhost:3000/',
  env: 'development'
}
≡ƒö┤ Error captured: {
  message: 'Error 97',
  stack: 'Error: Error 97\n' +
    '    at C:/Users/ferna/Downloads/appforge-main/src/utils/__tests__/errorTracking.test.js:40:33\n' +
    '    at file:///C:/Users/ferna/Downloads/appforge-main/node_modules/@vitest/runner/dist/index.js:145:11\n' +
    '    at file:///C:/Users/ferna/Downloads/appforge-main/node_modules/@vitest/runner/dist/index.js:915:26\n' +
    '    at file:///C:/Users/ferna/Downloads/appforge-main/node_modules/@vitest/runner/dist/index.js:1243:20\n' +
    '    at new Promise (<anonymous>)\n' +
    '    at runWithTimeout (file:///C:/Users/ferna/Downloads/appforge-main/node_modules/@vitest/runner/dist/index.js:1209:10)\n' +
    '    at file:///C:/Users/ferna/Downloads/appforge-main/node_modules/@vitest/runner/dist/index.js:1653:37\n' +
    '    at Traces.$ (file:///C:/Users/ferna/Downloads/appforge-main/node_modules/vitest/dist/chunks/traces.CCmnQaNT.js:142:27)\n' +
    '    at trace (file:///C:/Users/ferna/Downloads/appforge-main/node_modules/vitest/dist/chunks/test.B8ej_ZHS.js:239:21)\n' +
    '    at runTest (file:///C:/Users/ferna/Downloads/appforge-main/node_modules/@vitest/runner/dist/index.js:1653:12)',
  timestamp: '2026-02-04T02:08:44.770Z',
  context: {},
  userAgent: 'Mozilla/5.0 (win32) AppleWebKit/537.36 (KHTML, like Gecko) jsdom/25.0.1',
  url: 'http://localhost:3000/',
  env: 'development'
}
≡ƒö┤ Error captured: {
  message: 'Error 98',
  stack: 'Error: Error 98\n' +
    '    at C:/Users/ferna/Downloads/appforge-main/src/utils/__tests__/errorTracking.test.js:40:33\n' +
    '    at file:///C:/Users/ferna/Downloads/appforge-main/node_modules/@vitest/runner/dist/index.js:145:11\n' +
    '    at file:///C:/Users/ferna/Downloads/appforge-main/node_modules/@vitest/runner/dist/index.js:915:26\n' +
    '    at file:///C:/Users/ferna/Downloads/appforge-main/node_modules/@vitest/runner/dist/index.js:1243:20\n' +
    '    at new Promise (<anonymous>)\n' +
    '    at runWithTimeout (file:///C:/Users/ferna/Downloads/appforge-main/node_modules/@vitest/runner/dist/index.js:1209:10)\n' +
    '    at file:///C:/Users/ferna/Downloads/appforge-main/node_modules/@vitest/runner/dist/index.js:1653:37\n' +
    '    at Traces.$ (file:///C:/Users/ferna/Downloads/appforge-main/node_modules/vitest/dist/chunks/traces.CCmnQaNT.js:142:27)\n' +
    '    at trace (file:///C:/Users/ferna/Downloads/appforge-main/node_modules/vitest/dist/chunks/test.B8ej_ZHS.js:239:21)\n' +
    '    at runTest (file:///C:/Users/ferna/Downloads/appforge-main/node_modules/@vitest/runner/dist/index.js:1653:12)',
  timestamp: '2026-02-04T02:08:44.770Z',
  context: {},
  userAgent: 'Mozilla/5.0 (win32) AppleWebKit/537.36 (KHTML, like Gecko) jsdom/25.0.1',
  url: 'http://localhost:3000/',
  env: 'development'
}
≡ƒö┤ Error captured: {
  message: 'Error 99',
  stack: 'Error: Error 99\n' +
    '    at C:/Users/ferna/Downloads/appforge-main/src/utils/__tests__/errorTracking.test.js:40:33\n' +
    '    at file:///C:/Users/ferna/Downloads/appforge-main/node_modules/@vitest/runner/dist/index.js:145:11\n' +
    '    at file:///C:/Users/ferna/Downloads/appforge-main/node_modules/@vitest/runner/dist/index.js:915:26\n' +
    '    at file:///C:/Users/ferna/Downloads/appforge-main/node_modules/@vitest/runner/dist/index.js:1243:20\n' +
    '    at new Promise (<anonymous>)\n' +
    '    at runWithTimeout (file:///C:/Users/ferna/Downloads/appforge-main/node_modules/@vitest/runner/dist/index.js:1209:10)\n' +
    '    at file:///C:/Users/ferna/Downloads/appforge-main/node_modules/@vitest/runner/dist/index.js:1653:37\n' +
    '    at Traces.$ (file:///C:/Users/ferna/Downloads/appforge-main/node_modules/vitest/dist/chunks/traces.CCmnQaNT.js:142:27)\n' +
    '    at trace (file:///C:/Users/ferna/Downloads/appforge-main/node_modules/vitest/dist/chunks/test.B8ej_ZHS.js:239:21)\n' +
    '    at runTest (file:///C:/Users/ferna/Downloads/appforge-main/node_modules/@vitest/runner/dist/index.js:1653:12)',
  timestamp: '2026-02-04T02:08:44.770Z',
  context: {},
  userAgent: 'Mozilla/5.0 (win32) AppleWebKit/537.36 (KHTML, like Gecko) jsdom/25.0.1',
  url: 'http://localhost:3000/',
  env: 'development'
}
≡ƒö┤ Error captured: {
  message: 'Error 100',
  stack: 'Error: Error 100\n' +
    '    at C:/Users/ferna/Downloads/appforge-main/src/utils/__tests__/errorTracking.test.js:40:33\n' +
    '    at file:///C:/Users/ferna/Downloads/appforge-main/node_modules/@vitest/runner/dist/index.js:145:11\n' +
    '    at file:///C:/Users/ferna/Downloads/appforge-main/node_modules/@vitest/runner/dist/index.js:915:26\n' +
    '    at file:///C:/Users/ferna/Downloads/appforge-main/node_modules/@vitest/runner/dist/index.js:1243:20\n' +
    '    at new Promise (<anonymous>)\n' +
    '    at runWithTimeout (file:///C:/Users/ferna/Downloads/appforge-main/node_modules/@vitest/runner/dist/index.js:1209:10)\n' +
    '    at file:///C:/Users/ferna/Downloads/appforge-main/node_modules/@vitest/runner/dist/index.js:1653:37\n' +
    '    at Traces.$ (file:///C:/Users/ferna/Downloads/appforge-main/node_modules/vitest/dist/chunks/traces.CCmnQaNT.js:142:27)\n' +
    '    at trace (file:///C:/Users/ferna/Downloads/appforge-main/node_modules/vitest/dist/chunks/test.B8ej_ZHS.js:239:21)\n' +
    '    at runTest (file:///C:/Users/ferna/Downloads/appforge-main/node_modules/@vitest/runner/dist/index.js:1653:12)',
  timestamp: '2026-02-04T02:08:44.770Z',
  context: {},
  userAgent: 'Mozilla/5.0 (win32) AppleWebKit/537.36 (KHTML, like Gecko) jsdom/25.0.1',
  url: 'http://localhost:3000/',
  env: 'development'
}
≡ƒö┤ Error captured: {
  message: 'Error 101',
  stack: 'Error: Error 101\n' +
    '    at C:/Users/ferna/Downloads/appforge-main/src/utils/__tests__/errorTracking.test.js:40:33\n' +
    '    at file:///C:/Users/ferna/Downloads/appforge-main/node_modules/@vitest/runner/dist/index.js:145:11\n' +
    '    at file:///C:/Users/ferna/Downloads/appforge-main/node_modules/@vitest/runner/dist/index.js:915:26\n' +
    '    at file:///C:/Users/ferna/Downloads/appforge-main/node_modules/@vitest/runner/dist/index.js:1243:20\n' +
    '    at new Promise (<anonymous>)\n' +
    '    at runWithTimeout (file:///C:/Users/ferna/Downloads/appforge-main/node_modules/@vitest/runner/dist/index.js:1209:10)\n' +
    '    at file:///C:/Users/ferna/Downloads/appforge-main/node_modules/@vitest/runner/dist/index.js:1653:37\n' +
    '    at Traces.$ (file:///C:/Users/ferna/Downloads/appforge-main/node_modules/vitest/dist/chunks/traces.CCmnQaNT.js:142:27)\n' +
    '    at trace (file:///C:/Users/ferna/Downloads/appforge-main/node_modules/vitest/dist/chunks/test.B8ej_ZHS.js:239:21)\n' +
    '    at runTest (file:///C:/Users/ferna/Downloads/appforge-main/node_modules/@vitest/runner/dist/index.js:1653:12)',
  timestamp: '2026-02-04T02:08:44.770Z',
  context: {},
  userAgent: 'Mozilla/5.0 (win32) AppleWebKit/537.36 (KHTML, like Gecko) jsdom/25.0.1',
  url: 'http://localhost:3000/',
  env: 'development'
}
≡ƒö┤ Error captured: {
  message: 'Error 102',
  stack: 'Error: Error 102\n' +
    '    at C:/Users/ferna/Downloads/appforge-main/src/utils/__tests__/errorTracking.test.js:40:33\n' +
    '    at file:///C:/Users/ferna/Downloads/appforge-main/node_modules/@vitest/runner/dist/index.js:145:11\n' +
    '    at file:///C:/Users/ferna/Downloads/appforge-main/node_modules/@vitest/runner/dist/index.js:915:26\n' +
    '    at file:///C:/Users/ferna/Downloads/appforge-main/node_modules/@vitest/runner/dist/index.js:1243:20\n' +
    '    at new Promise (<anonymous>)\n' +
    '    at runWithTimeout (file:///C:/Users/ferna/Downloads/appforge-main/node_modules/@vitest/runner/dist/index.js:1209:10)\n' +
    '    at file:///C:/Users/ferna/Downloads/appforge-main/node_modules/@vitest/runner/dist/index.js:1653:37\n' +
    '    at Traces.$ (file:///C:/Users/ferna/Downloads/appforge-main/node_modules/vitest/dist/chunks/traces.CCmnQaNT.js:142:27)\n' +
    '    at trace (file:///C:/Users/ferna/Downloads/appforge-main/node_modules/vitest/dist/chunks/test.B8ej_ZHS.js:239:21)\n' +
    '    at runTest (file:///C:/Users/ferna/Downloads/appforge-main/node_modules/@vitest/runner/dist/index.js:1653:12)',
  timestamp: '2026-02-04T02:08:44.771Z',
  context: {},
  userAgent: 'Mozilla/5.0 (win32) AppleWebKit/537.36 (KHTML, like Gecko) jsdom/25.0.1',
  url: 'http://localhost:3000/',
  env: 'development'
}
≡ƒö┤ Error captured: {
  message: 'Error 103',
  stack: 'Error: Error 103\n' +
    '    at C:/Users/ferna/Downloads/appforge-main/src/utils/__tests__/errorTracking.test.js:40:33\n' +
    '    at file:///C:/Users/ferna/Downloads/appforge-main/node_modules/@vitest/runner/dist/index.js:145:11\n' +
    '    at file:///C:/Users/ferna/Downloads/appforge-main/node_modules/@vitest/runner/dist/index.js:915:26\n' +
    '    at file:///C:/Users/ferna/Downloads/appforge-main/node_modules/@vitest/runner/dist/index.js:1243:20\n' +
    '    at new Promise (<anonymous>)\n' +
    '    at runWithTimeout (file:///C:/Users/ferna/Downloads/appforge-main/node_modules/@vitest/runner/dist/index.js:1209:10)\n' +
    '    at file:///C:/Users/ferna/Downloads/appforge-main/node_modules/@vitest/runner/dist/index.js:1653:37\n' +
    '    at Traces.$ (file:///C:/Users/ferna/Downloads/appforge-main/node_modules/vitest/dist/chunks/traces.CCmnQaNT.js:142:27)\n' +
    '    at trace (file:///C:/Users/ferna/Downloads/appforge-main/node_modules/vitest/dist/chunks/test.B8ej_ZHS.js:239:21)\n' +
    '    at runTest (file:///C:/Users/ferna/Downloads/appforge-main/node_modules/@vitest/runner/dist/index.js:1653:12)',
  timestamp: '2026-02-04T02:08:44.771Z',
  context: {},
  userAgent: 'Mozilla/5.0 (win32) AppleWebKit/537.36 (KHTML, like Gecko) jsdom/25.0.1',
  url: 'http://localhost:3000/',
  env: 'development'
}
≡ƒö┤ Error captured: {
  message: 'Error 104',
  stack: 'Error: Error 104\n' +
    '    at C:/Users/ferna/Downloads/appforge-main/src/utils/__tests__/errorTracking.test.js:40:33\n' +
    '    at file:///C:/Users/ferna/Downloads/appforge-main/node_modules/@vitest/runner/dist/index.js:145:11\n' +
    '    at file:///C:/Users/ferna/Downloads/appforge-main/node_modules/@vitest/runner/dist/index.js:915:26\n' +
    '    at file:///C:/Users/ferna/Downloads/appforge-main/node_modules/@vitest/runner/dist/index.js:1243:20\n' +
    '    at new Promise (<anonymous>)\n' +
    '    at runWithTimeout (file:///C:/Users/ferna/Downloads/appforge-main/node_modules/@vitest/runner/dist/index.js:1209:10)\n' +
    '    at file:///C:/Users/ferna/Downloads/appforge-main/node_modules/@vitest/runner/dist/index.js:1653:37\n' +
    '    at Traces.$ (file:///C:/Users/ferna/Downloads/appforge-main/node_modules/vitest/dist/chunks/traces.CCmnQaNT.js:142:27)\n' +
    '    at trace (file:///C:/Users/ferna/Downloads/appforge-main/node_modules/vitest/dist/chunks/test.B8ej_ZHS.js:239:21)\n' +
    '    at runTest (file:///C:/Users/ferna/Downloads/appforge-main/node_modules/@vitest/runner/dist/index.js:1653:12)',
  timestamp: '2026-02-04T02:08:44.772Z',
  context: {},
  userAgent: 'Mozilla/5.0 (win32) AppleWebKit/537.36 (KHTML, like Gecko) jsdom/25.0.1',
  url: 'http://localhost:3000/',
  env: 'development'
}
≡ƒö┤ Error captured: {
  message: 'Error 105',
  stack: 'Error: Error 105\n' +
    '    at C:/Users/ferna/Downloads/appforge-main/src/utils/__tests__/errorTracking.test.js:40:33\n' +
    '    at file:///C:/Users/ferna/Downloads/appforge-main/node_modules/@vitest/runner/dist/index.js:145:11\n' +
    '    at file:///C:/Users/ferna/Downloads/appforge-main/node_modules/@vitest/runner/dist/index.js:915:26\n' +
    '    at file:///C:/Users/ferna/Downloads/appforge-main/node_modules/@vitest/runner/dist/index.js:1243:20\n' +
    '    at new Promise (<anonymous>)\n' +
    '    at runWithTimeout (file:///C:/Users/ferna/Downloads/appforge-main/node_modules/@vitest/runner/dist/index.js:1209:10)\n' +
    '    at file:///C:/Users/ferna/Downloads/appforge-main/node_modules/@vitest/runner/dist/index.js:1653:37\n' +
    '    at Traces.$ (file:///C:/Users/ferna/Downloads/appforge-main/node_modules/vitest/dist/chunks/traces.CCmnQaNT.js:142:27)\n' +
    '    at trace (file:///C:/Users/ferna/Downloads/appforge-main/node_modules/vitest/dist/chunks/test.B8ej_ZHS.js:239:21)\n' +
    '    at runTest (file:///C:/Users/ferna/Downloads/appforge-main/node_modules/@vitest/runner/dist/index.js:1653:12)',
  timestamp: '2026-02-04T02:08:44.772Z',
  context: {},
  userAgent: 'Mozilla/5.0 (win32) AppleWebKit/537.36 (KHTML, like Gecko) jsdom/25.0.1',
  url: 'http://localhost:3000/',
  env: 'development'
}
≡ƒö┤ Error captured: {
  message: 'Error 106',
  stack: 'Error: Error 106\n' +
    '    at C:/Users/ferna/Downloads/appforge-main/src/utils/__tests__/errorTracking.test.js:40:33\n' +
    '    at file:///C:/Users/ferna/Downloads/appforge-main/node_modules/@vitest/runner/dist/index.js:145:11\n' +
    '    at file:///C:/Users/ferna/Downloads/appforge-main/node_modules/@vitest/runner/dist/index.js:915:26\n' +
    '    at file:///C:/Users/ferna/Downloads/appforge-main/node_modules/@vitest/runner/dist/index.js:1243:20\n' +
    '    at new Promise (<anonymous>)\n' +
    '    at runWithTimeout (file:///C:/Users/ferna/Downloads/appforge-main/node_modules/@vitest/runner/dist/index.js:1209:10)\n' +
    '    at file:///C:/Users/ferna/Downloads/appforge-main/node_modules/@vitest/runner/dist/index.js:1653:37\n' +
    '    at Traces.$ (file:///C:/Users/ferna/Downloads/appforge-main/node_modules/vitest/dist/chunks/traces.CCmnQaNT.js:142:27)\n' +
    '    at trace (file:///C:/Users/ferna/Downloads/appforge-main/node_modules/vitest/dist/chunks/test.B8ej_ZHS.js:239:21)\n' +
    '    at runTest (file:///C:/Users/ferna/Downloads/appforge-main/node_modules/@vitest/runner/dist/index.js:1653:12)',
  timestamp: '2026-02-04T02:08:44.772Z',
  context: {},
  userAgent: 'Mozilla/5.0 (win32) AppleWebKit/537.36 (KHTML, like Gecko) jsdom/25.0.1',
  url: 'http://localhost:3000/',
  env: 'development'
}
≡ƒö┤ Error captured: {
  message: 'Error 107',
  stack: 'Error: Error 107\n' +
    '    at C:/Users/ferna/Downloads/appforge-main/src/utils/__tests__/errorTracking.test.js:40:33\n' +
    '    at file:///C:/Users/ferna/Downloads/appforge-main/node_modules/@vitest/runner/dist/index.js:145:11\n' +
    '    at file:///C:/Users/ferna/Downloads/appforge-main/node_modules/@vitest/runner/dist/index.js:915:26\n' +
    '    at file:///C:/Users/ferna/Downloads/appforge-main/node_modules/@vitest/runner/dist/index.js:1243:20\n' +
    '    at new Promise (<anonymous>)\n' +
    '    at runWithTimeout (file:///C:/Users/ferna/Downloads/appforge-main/node_modules/@vitest/runner/dist/index.js:1209:10)\n' +
    '    at file:///C:/Users/ferna/Downloads/appforge-main/node_modules/@vitest/runner/dist/index.js:1653:37\n' +
    '    at Traces.$ (file:///C:/Users/ferna/Downloads/appforge-main/node_modules/vitest/dist/chunks/traces.CCmnQaNT.js:142:27)\n' +
    '    at trace (file:///C:/Users/ferna/Downloads/appforge-main/node_modules/vitest/dist/chunks/test.B8ej_ZHS.js:239:21)\n' +
    '    at runTest (file:///C:/Users/ferna/Downloads/appforge-main/node_modules/@vitest/runner/dist/index.js:1653:12)',
  timestamp: '2026-02-04T02:08:44.773Z',
  context: {},
  userAgent: 'Mozilla/5.0 (win32) AppleWebKit/537.36 (KHTML, like Gecko) jsdom/25.0.1',
  url: 'http://localhost:3000/',
  env: 'development'
}
≡ƒö┤ Error captured: {
  message: 'Error 108',
  stack: 'Error: Error 108\n' +
    '    at C:/Users/ferna/Downloads/appforge-main/src/utils/__tests__/errorTracking.test.js:40:33\n' +
    '    at file:///C:/Users/ferna/Downloads/appforge-main/node_modules/@vitest/runner/dist/index.js:145:11\n' +
    '    at file:///C:/Users/ferna/Downloads/appforge-main/node_modules/@vitest/runner/dist/index.js:915:26\n' +
    '    at file:///C:/Users/ferna/Downloads/appforge-main/node_modules/@vitest/runner/dist/index.js:1243:20\n' +
    '    at new Promise (<anonymous>)\n' +
    '    at runWithTimeout (file:///C:/Users/ferna/Downloads/appforge-main/node_modules/@vitest/runner/dist/index.js:1209:10)\n' +
    '    at file:///C:/Users/ferna/Downloads/appforge-main/node_modules/@vitest/runner/dist/index.js:1653:37\n' +
    '    at Traces.$ (file:///C:/Users/ferna/Downloads/appforge-main/node_modules/vitest/dist/chunks/traces.CCmnQaNT.js:142:27)\n' +
    '    at trace (file:///C:/Users/ferna/Downloads/appforge-main/node_modules/vitest/dist/chunks/test.B8ej_ZHS.js:239:21)\n' +
    '    at runTest (file:///C:/Users/ferna/Downloads/appforge-main/node_modules/@vitest/runner/dist/index.js:1653:12)',
  timestamp: '2026-02-04T02:08:44.773Z',
  context: {},
  userAgent: 'Mozilla/5.0 (win32) AppleWebKit/537.36 (KHTML, like Gecko) jsdom/25.0.1',
  url: 'http://localhost:3000/',
  env: 'development'
}
≡ƒö┤ Error captured: {
  message: 'Error 109',
  stack: 'Error: Error 109\n' +
    '    at C:/Users/ferna/Downloads/appforge-main/src/utils/__tests__/errorTracking.test.js:40:33\n' +
    '    at file:///C:/Users/ferna/Downloads/appforge-main/node_modules/@vitest/runner/dist/index.js:145:11\n' +
    '    at file:///C:/Users/ferna/Downloads/appforge-main/node_modules/@vitest/runner/dist/index.js:915:26\n' +
    '    at file:///C:/Users/ferna/Downloads/appforge-main/node_modules/@vitest/runner/dist/index.js:1243:20\n' +
    '    at new Promise (<anonymous>)\n' +
    '    at runWithTimeout (file:///C:/Users/ferna/Downloads/appforge-main/node_modules/@vitest/runner/dist/index.js:1209:10)\n' +
    '    at file:///C:/Users/ferna/Downloads/appforge-main/node_modules/@vitest/runner/dist/index.js:1653:37\n' +
    '    at Traces.$ (file:///C:/Users/ferna/Downloads/appforge-main/node_modules/vitest/dist/chunks/traces.CCmnQaNT.js:142:27)\n' +
    '    at trace (file:///C:/Users/ferna/Downloads/appforge-main/node_modules/vitest/dist/chunks/test.B8ej_ZHS.js:239:21)\n' +
    '    at runTest (file:///C:/Users/ferna/Downloads/appforge-main/node_modules/@vitest/runner/dist/index.js:1653:12)',
  timestamp: '2026-02-04T02:08:44.773Z',
  context: {},
  userAgent: 'Mozilla/5.0 (win32) AppleWebKit/537.36 (KHTML, like Gecko) jsdom/25.0.1',
  url: 'http://localhost:3000/',
  env: 'development'
}
≡ƒö┤ Error captured: {
  message: 'Error 110',
  stack: 'Error: Error 110\n' +
    '    at C:/Users/ferna/Downloads/appforge-main/src/utils/__tests__/errorTracking.test.js:40:33\n' +
    '    at file:///C:/Users/ferna/Downloads/appforge-main/node_modules/@vitest/runner/dist/index.js:145:11\n' +
    '    at file:///C:/Users/ferna/Downloads/appforge-main/node_modules/@vitest/runner/dist/index.js:915:26\n' +
    '    at file:///C:/Users/ferna/Downloads/appforge-main/node_modules/@vitest/runner/dist/index.js:1243:20\n' +
    '    at new Promise (<anonymous>)\n' +
    '    at runWithTimeout (file:///C:/Users/ferna/Downloads/appforge-main/node_modules/@vitest/runner/dist/index.js:1209:10)\n' +
    '    at file:///C:/Users/ferna/Downloads/appforge-main/node_modules/@vitest/runner/dist/index.js:1653:37\n' +
    '    at Traces.$ (file:///C:/Users/ferna/Downloads/appforge-main/node_modules/vitest/dist/chunks/traces.CCmnQaNT.js:142:27)\n' +
    '    at trace (file:///C:/Users/ferna/Downloads/appforge-main/node_modules/vitest/dist/chunks/test.B8ej_ZHS.js:239:21)\n' +
    '    at runTest (file:///C:/Users/ferna/Downloads/appforge-main/node_modules/@vitest/runner/dist/index.js:1653:12)',
  timestamp: '2026-02-04T02:08:44.774Z',
  context: {},
  userAgent: 'Mozilla/5.0 (win32) AppleWebKit/537.36 (KHTML, like Gecko) jsdom/25.0.1',
  url: 'http://localhost:3000/',
  env: 'development'
}
≡ƒö┤ Error captured: {
  message: 'Error 111',
  stack: 'Error: Error 111\n' +
    '    at C:/Users/ferna/Downloads/appforge-main/src/utils/__tests__/errorTracking.test.js:40:33\n' +
    '    at file:///C:/Users/ferna/Downloads/appforge-main/node_modules/@vitest/runner/dist/index.js:145:11\n' +
    '    at file:///C:/Users/ferna/Downloads/appforge-main/node_modules/@vitest/runner/dist/index.js:915:26\n' +
    '    at file:///C:/Users/ferna/Downloads/appforge-main/node_modules/@vitest/runner/dist/index.js:1243:20\n' +
    '    at new Promise (<anonymous>)\n' +
    '    at runWithTimeout (file:///C:/Users/ferna/Downloads/appforge-main/node_modules/@vitest/runner/dist/index.js:1209:10)\n' +
    '    at file:///C:/Users/ferna/Downloads/appforge-main/node_modules/@vitest/runner/dist/index.js:1653:37\n' +
    '    at Traces.$ (file:///C:/Users/ferna/Downloads/appforge-main/node_modules/vitest/dist/chunks/traces.CCmnQaNT.js:142:27)\n' +
    '    at trace (file:///C:/Users/ferna/Downloads/appforge-main/node_modules/vitest/dist/chunks/test.B8ej_ZHS.js:239:21)\n' +
    '    at runTest (file:///C:/Users/ferna/Downloads/appforge-main/node_modules/@vitest/runner/dist/index.js:1653:12)',
  timestamp: '2026-02-04T02:08:44.775Z',
  context: {},
  userAgent: 'Mozilla/5.0 (win32) AppleWebKit/537.36 (KHTML, like Gecko) jsdom/25.0.1',
  url: 'http://localhost:3000/',
  env: 'development'
}
≡ƒö┤ Error captured: {
  message: 'Error 112',
  stack: 'Error: Error 112\n' +
    '    at C:/Users/ferna/Downloads/appforge-main/src/utils/__tests__/errorTracking.test.js:40:33\n' +
    '    at file:///C:/Users/ferna/Downloads/appforge-main/node_modules/@vitest/runner/dist/index.js:145:11\n' +
    '    at file:///C:/Users/ferna/Downloads/appforge-main/node_modules/@vitest/runner/dist/index.js:915:26\n' +
    '    at file:///C:/Users/ferna/Downloads/appforge-main/node_modules/@vitest/runner/dist/index.js:1243:20\n' +
    '    at new Promise (<anonymous>)\n' +
    '    at runWithTimeout (file:///C:/Users/ferna/Downloads/appforge-main/node_modules/@vitest/runner/dist/index.js:1209:10)\n' +
    '    at file:///C:/Users/ferna/Downloads/appforge-main/node_modules/@vitest/runner/dist/index.js:1653:37\n' +
    '    at Traces.$ (file:///C:/Users/ferna/Downloads/appforge-main/node_modules/vitest/dist/chunks/traces.CCmnQaNT.js:142:27)\n' +
    '    at trace (file:///C:/Users/ferna/Downloads/appforge-main/node_modules/vitest/dist/chunks/test.B8ej_ZHS.js:239:21)\n' +
    '    at runTest (file:///C:/Users/ferna/Downloads/appforge-main/node_modules/@vitest/runner/dist/index.js:1653:12)',
  timestamp: '2026-02-04T02:08:44.779Z',
  context: {},
  userAgent: 'Mozilla/5.0 (win32) AppleWebKit/537.36 (KHTML, like Gecko) jsdom/25.0.1',
  url: 'http://localhost:3000/',
  env: 'development'
}
≡ƒö┤ Error captured: {
  message: 'Error 113',
  stack: 'Error: Error 113\n' +
    '    at C:/Users/ferna/Downloads/appforge-main/src/utils/__tests__/errorTracking.test.js:40:33\n' +
    '    at file:///C:/Users/ferna/Downloads/appforge-main/node_modules/@vitest/runner/dist/index.js:145:11\n' +
    '    at file:///C:/Users/ferna/Downloads/appforge-main/node_modules/@vitest/runner/dist/index.js:915:26\n' +
    '    at file:///C:/Users/ferna/Downloads/appforge-main/node_modules/@vitest/runner/dist/index.js:1243:20\n' +
    '    at new Promise (<anonymous>)\n' +
    '    at runWithTimeout (file:///C:/Users/ferna/Downloads/appforge-main/node_modules/@vitest/runner/dist/index.js:1209:10)\n' +
    '    at file:///C:/Users/ferna/Downloads/appforge-main/node_modules/@vitest/runner/dist/index.js:1653:37\n' +
    '    at Traces.$ (file:///C:/Users/ferna/Downloads/appforge-main/node_modules/vitest/dist/chunks/traces.CCmnQaNT.js:142:27)\n' +
    '    at trace (file:///C:/Users/ferna/Downloads/appforge-main/node_modules/vitest/dist/chunks/test.B8ej_ZHS.js:239:21)\n' +
    '    at runTest (file:///C:/Users/ferna/Downloads/appforge-main/node_modules/@vitest/runner/dist/index.js:1653:12)',
  timestamp: '2026-02-04T02:08:44.779Z',
  context: {},
  userAgent: 'Mozilla/5.0 (win32) AppleWebKit/537.36 (KHTML, like Gecko) jsdom/25.0.1',
  url: 'http://localhost:3000/',
  env: 'development'
}
≡ƒö┤ Error captured: {
  message: 'Error 114',
  stack: 'Error: Error 114\n' +
    '    at C:/Users/ferna/Downloads/appforge-main/src/utils/__tests__/errorTracking.test.js:40:33\n' +
    '    at file:///C:/Users/ferna/Downloads/appforge-main/node_modules/@vitest/runner/dist/index.js:145:11\n' +
    '    at file:///C:/Users/ferna/Downloads/appforge-main/node_modules/@vitest/runner/dist/index.js:915:26\n' +
    '    at file:///C:/Users/ferna/Downloads/appforge-main/node_modules/@vitest/runner/dist/index.js:1243:20\n' +
    '    at new Promise (<anonymous>)\n' +
    '    at runWithTimeout (file:///C:/Users/ferna/Downloads/appforge-main/node_modules/@vitest/runner/dist/index.js:1209:10)\n' +
    '    at file:///C:/Users/ferna/Downloads/appforge-main/node_modules/@vitest/runner/dist/index.js:1653:37\n' +
    '    at Traces.$ (file:///C:/Users/ferna/Downloads/appforge-main/node_modules/vitest/dist/chunks/traces.CCmnQaNT.js:142:27)\n' +
    '    at trace (file:///C:/Users/ferna/Downloads/appforge-main/node_modules/vitest/dist/chunks/test.B8ej_ZHS.js:239:21)\n' +
    '    at runTest (file:///C:/Users/ferna/Downloads/appforge-main/node_modules/@vitest/runner/dist/index.js:1653:12)',
  timestamp: '2026-02-04T02:08:44.780Z',
  context: {},
  userAgent: 'Mozilla/5.0 (win32) AppleWebKit/537.36 (KHTML, like Gecko) jsdom/25.0.1',
  url: 'http://localhost:3000/',
  env: 'development'
}
≡ƒö┤ Error captured: {
  message: 'Error 115',
  stack: 'Error: Error 115\n' +
    '    at C:/Users/ferna/Downloads/appforge-main/src/utils/__tests__/errorTracking.test.js:40:33\n' +
    '    at file:///C:/Users/ferna/Downloads/appforge-main/node_modules/@vitest/runner/dist/index.js:145:11\n' +
    '    at file:///C:/Users/ferna/Downloads/appforge-main/node_modules/@vitest/runner/dist/index.js:915:26\n' +
    '    at file:///C:/Users/ferna/Downloads/appforge-main/node_modules/@vitest/runner/dist/index.js:1243:20\n' +
    '    at new Promise (<anonymous>)\n' +
    '    at runWithTimeout (file:///C:/Users/ferna/Downloads/appforge-main/node_modules/@vitest/runner/dist/index.js:1209:10)\n' +
    '    at file:///C:/Users/ferna/Downloads/appforge-main/node_modules/@vitest/runner/dist/index.js:1653:37\n' +
    '    at Traces.$ (file:///C:/Users/ferna/Downloads/appforge-main/node_modules/vitest/dist/chunks/traces.CCmnQaNT.js:142:27)\n' +
    '    at trace (file:///C:/Users/ferna/Downloads/appforge-main/node_modules/vitest/dist/chunks/test.B8ej_ZHS.js:239:21)\n' +
    '    at runTest (file:///C:/Users/ferna/Downloads/appforge-main/node_modules/@vitest/runner/dist/index.js:1653:12)',
  timestamp: '2026-02-04T02:08:44.780Z',
  context: {},
  userAgent: 'Mozilla/5.0 (win32) AppleWebKit/537.36 (KHTML, like Gecko) jsdom/25.0.1',
  url: 'http://localhost:3000/',
  env: 'development'
}
≡ƒö┤ Error captured: {
  message: 'Error 116',
  stack: 'Error: Error 116\n' +
    '    at C:/Users/ferna/Downloads/appforge-main/src/utils/__tests__/errorTracking.test.js:40:33\n' +
    '    at file:///C:/Users/ferna/Downloads/appforge-main/node_modules/@vitest/runner/dist/index.js:145:11\n' +
    '    at file:///C:/Users/ferna/Downloads/appforge-main/node_modules/@vitest/runner/dist/index.js:915:26\n' +
    '    at file:///C:/Users/ferna/Downloads/appforge-main/node_modules/@vitest/runner/dist/index.js:1243:20\n' +
    '    at new Promise (<anonymous>)\n' +
    '    at runWithTimeout (file:///C:/Users/ferna/Downloads/appforge-main/node_modules/@vitest/runner/dist/index.js:1209:10)\n' +
    '    at file:///C:/Users/ferna/Downloads/appforge-main/node_modules/@vitest/runner/dist/index.js:1653:37\n' +
    '    at Traces.$ (file:///C:/Users/ferna/Downloads/appforge-main/node_modules/vitest/dist/chunks/traces.CCmnQaNT.js:142:27)\n' +
    '    at trace (file:///C:/Users/ferna/Downloads/appforge-main/node_modules/vitest/dist/chunks/test.B8ej_ZHS.js:239:21)\n' +
    '    at runTest (file:///C:/Users/ferna/Downloads/appforge-main/node_modules/@vitest/runner/dist/index.js:1653:12)',
  timestamp: '2026-02-04T02:08:44.781Z',
  context: {},
  userAgent: 'Mozilla/5.0 (win32) AppleWebKit/537.36 (KHTML, like Gecko) jsdom/25.0.1',
  url: 'http://localhost:3000/',
  env: 'development'
}
≡ƒö┤ Error captured: {
  message: 'Error 117',
  stack: 'Error: Error 117\n' +
    '    at C:/Users/ferna/Downloads/appforge-main/src/utils/__tests__/errorTracking.test.js:40:33\n' +
    '    at file:///C:/Users/ferna/Downloads/appforge-main/node_modules/@vitest/runner/dist/index.js:145:11\n' +
    '    at file:///C:/Users/ferna/Downloads/appforge-main/node_modules/@vitest/runner/dist/index.js:915:26\n' +
    '    at file:///C:/Users/ferna/Downloads/appforge-main/node_modules/@vitest/runner/dist/index.js:1243:20\n' +
    '    at new Promise (<anonymous>)\n' +
    '    at runWithTimeout (file:///C:/Users/ferna/Downloads/appforge-main/node_modules/@vitest/runner/dist/index.js:1209:10)\n' +
    '    at file:///C:/Users/ferna/Downloads/appforge-main/node_modules/@vitest/runner/dist/index.js:1653:37\n' +
    '    at Traces.$ (file:///C:/Users/ferna/Downloads/appforge-main/node_modules/vitest/dist/chunks/traces.CCmnQaNT.js:142:27)\n' +
    '    at trace (file:///C:/Users/ferna/Downloads/appforge-main/node_modules/vitest/dist/chunks/test.B8ej_ZHS.js:239:21)\n' +
    '    at runTest (file:///C:/Users/ferna/Downloads/appforge-main/node_modules/@vitest/runner/dist/index.js:1653:12)',
  timestamp: '2026-02-04T02:08:44.781Z',
  context: {},
  userAgent: 'Mozilla/5.0 (win32) AppleWebKit/537.36 (KHTML, like Gecko) jsdom/25.0.1',
  url: 'http://localhost:3000/',
  env: 'development'
}
≡ƒö┤ Error captured: {
  message: 'Error 118',
  stack: 'Error: Error 118\n' +
    '    at C:/Users/ferna/Downloads/appforge-main/src/utils/__tests__/errorTracking.test.js:40:33\n' +
    '    at file:///C:/Users/ferna/Downloads/appforge-main/node_modules/@vitest/runner/dist/index.js:145:11\n' +
    '    at file:///C:/Users/ferna/Downloads/appforge-main/node_modules/@vitest/runner/dist/index.js:915:26\n' +
    '    at file:///C:/Users/ferna/Downloads/appforge-main/node_modules/@vitest/runner/dist/index.js:1243:20\n' +
    '    at new Promise (<anonymous>)\n' +
    '    at runWithTimeout (file:///C:/Users/ferna/Downloads/appforge-main/node_modules/@vitest/runner/dist/index.js:1209:10)\n' +
    '    at file:///C:/Users/ferna/Downloads/appforge-main/node_modules/@vitest/runner/dist/index.js:1653:37\n' +
    '    at Traces.$ (file:///C:/Users/ferna/Downloads/appforge-main/node_modules/vitest/dist/chunks/traces.CCmnQaNT.js:142:27)\n' +
    '    at trace (file:///C:/Users/ferna/Downloads/appforge-main/node_modules/vitest/dist/chunks/test.B8ej_ZHS.js:239:21)\n' +
    '    at runTest (file:///C:/Users/ferna/Downloads/appforge-main/node_modules/@vitest/runner/dist/index.js:1653:12)',
  timestamp: '2026-02-04T02:08:44.781Z',
  context: {},
  userAgent: 'Mozilla/5.0 (win32) AppleWebKit/537.36 (KHTML, like Gecko) jsdom/25.0.1',
  url: 'http://localhost:3000/',
  env: 'development'
}
≡ƒö┤ Error captured: {
  message: 'Error 119',
  stack: 'Error: Error 119\n' +
    '    at C:/Users/ferna/Downloads/appforge-main/src/utils/__tests__/errorTracking.test.js:40:33\n' +
    '    at file:///C:/Users/ferna/Downloads/appforge-main/node_modules/@vitest/runner/dist/index.js:145:11\n' +
    '    at file:///C:/Users/ferna/Downloads/appforge-main/node_modules/@vitest/runner/dist/index.js:915:26\n' +
    '    at file:///C:/Users/ferna/Downloads/appforge-main/node_modules/@vitest/runner/dist/index.js:1243:20\n' +
    '    at new Promise (<anonymous>)\n' +
    '    at runWithTimeout (file:///C:/Users/ferna/Downloads/appforge-main/node_modules/@vitest/runner/dist/index.js:1209:10)\n' +
    '    at file:///C:/Users/ferna/Downloads/appforge-main/node_modules/@vitest/runner/dist/index.js:1653:37\n' +
    '    at Traces.$ (file:///C:/Users/ferna/Downloads/appforge-main/node_modules/vitest/dist/chunks/traces.CCmnQaNT.js:142:27)\n' +
    '    at trace (file:///C:/Users/ferna/Downloads/appforge-main/node_modules/vitest/dist/chunks/test.B8ej_ZHS.js:239:21)\n' +
    '    at runTest (file:///C:/Users/ferna/Downloads/appforge-main/node_modules/@vitest/runner/dist/index.js:1653:12)',
  timestamp: '2026-02-04T02:08:44.784Z',
  context: {},
  userAgent: 'Mozilla/5.0 (win32) AppleWebKit/537.36 (KHTML, like Gecko) jsdom/25.0.1',
  url: 'http://localhost:3000/',
  env: 'development'
}
≡ƒö┤ Error captured: {
  message: 'Error 120',
  stack: 'Error: Error 120\n' +
    '    at C:/Users/ferna/Downloads/appforge-main/src/utils/__tests__/errorTracking.test.js:40:33\n' +
    '    at file:///C:/Users/ferna/Downloads/appforge-main/node_modules/@vitest/runner/dist/index.js:145:11\n' +
    '    at file:///C:/Users/ferna/Downloads/appforge-main/node_modules/@vitest/runner/dist/index.js:915:26\n' +
    '    at file:///C:/Users/ferna/Downloads/appforge-main/node_modules/@vitest/runner/dist/index.js:1243:20\n' +
    '    at new Promise (<anonymous>)\n' +
    '    at runWithTimeout (file:///C:/Users/ferna/Downloads/appforge-main/node_modules/@vitest/runner/dist/index.js:1209:10)\n' +
    '    at file:///C:/Users/ferna/Downloads/appforge-main/node_modules/@vitest/runner/dist/index.js:1653:37\n' +
    '    at Traces.$ (file:///C:/Users/ferna/Downloads/appforge-main/node_modules/vitest/dist/chunks/traces.CCmnQaNT.js:142:27)\n' +
    '    at trace (file:///C:/Users/ferna/Downloads/appforge-main/node_modules/vitest/dist/chunks/test.B8ej_ZHS.js:239:21)\n' +
    '    at runTest (file:///C:/Users/ferna/Downloads/appforge-main/node_modules/@vitest/runner/dist/index.js:1653:12)',
  timestamp: '2026-02-04T02:08:44.784Z',
  context: {},
  userAgent: 'Mozilla/5.0 (win32) AppleWebKit/537.36 (KHTML, like Gecko) jsdom/25.0.1',
  url: 'http://localhost:3000/',
  env: 'development'
}
≡ƒö┤ Error captured: {
  message: 'Error 121',
  stack: 'Error: Error 121\n' +
    '    at C:/Users/ferna/Downloads/appforge-main/src/utils/__tests__/errorTracking.test.js:40:33\n' +
    '    at file:///C:/Users/ferna/Downloads/appforge-main/node_modules/@vitest/runner/dist/index.js:145:11\n' +
    '    at file:///C:/Users/ferna/Downloads/appforge-main/node_modules/@vitest/runner/dist/index.js:915:26\n' +
    '    at file:///C:/Users/ferna/Downloads/appforge-main/node_modules/@vitest/runner/dist/index.js:1243:20\n' +
    '    at new Promise (<anonymous>)\n' +
    '    at runWithTimeout (file:///C:/Users/ferna/Downloads/appforge-main/node_modules/@vitest/runner/dist/index.js:1209:10)\n' +
    '    at file:///C:/Users/ferna/Downloads/appforge-main/node_modules/@vitest/runner/dist/index.js:1653:37\n' +
    '    at Traces.$ (file:///C:/Users/ferna/Downloads/appforge-main/node_modules/vitest/dist/chunks/traces.CCmnQaNT.js:142:27)\n' +
    '    at trace (file:///C:/Users/ferna/Downloads/appforge-main/node_modules/vitest/dist/chunks/test.B8ej_ZHS.js:239:21)\n' +
    '    at runTest (file:///C:/Users/ferna/Downloads/appforge-main/node_modules/@vitest/runner/dist/index.js:1653:12)',
  timestamp: '2026-02-04T02:08:44.785Z',
  context: {},
  userAgent: 'Mozilla/5.0 (win32) AppleWebKit/537.36 (KHTML, like Gecko) jsdom/25.0.1',
  url: 'http://localhost:3000/',
  env: 'development'
}
≡ƒö┤ Error captured: {
  message: 'Error 122',
  stack: 'Error: Error 122\n' +
    '    at C:/Users/ferna/Downloads/appforge-main/src/utils/__tests__/errorTracking.test.js:40:33\n' +
    '    at file:///C:/Users/ferna/Downloads/appforge-main/node_modules/@vitest/runner/dist/index.js:145:11\n' +
    '    at file:///C:/Users/ferna/Downloads/appforge-main/node_modules/@vitest/runner/dist/index.js:915:26\n' +
    '    at file:///C:/Users/ferna/Downloads/appforge-main/node_modules/@vitest/runner/dist/index.js:1243:20\n' +
    '    at new Promise (<anonymous>)\n' +
    '    at runWithTimeout (file:///C:/Users/ferna/Downloads/appforge-main/node_modules/@vitest/runner/dist/index.js:1209:10)\n' +
    '    at file:///C:/Users/ferna/Downloads/appforge-main/node_modules/@vitest/runner/dist/index.js:1653:37\n' +
    '    at Traces.$ (file:///C:/Users/ferna/Downloads/appforge-main/node_modules/vitest/dist/chunks/traces.CCmnQaNT.js:142:27)\n' +
    '    at trace (file:///C:/Users/ferna/Downloads/appforge-main/node_modules/vitest/dist/chunks/test.B8ej_ZHS.js:239:21)\n' +
    '    at runTest (file:///C:/Users/ferna/Downloads/appforge-main/node_modules/@vitest/runner/dist/index.js:1653:12)',
  timestamp: '2026-02-04T02:08:44.785Z',
  context: {},
  userAgent: 'Mozilla/5.0 (win32) AppleWebKit/537.36 (KHTML, like Gecko) jsdom/25.0.1',
  url: 'http://localhost:3000/',
  env: 'development'
}
≡ƒö┤ Error captured: {
  message: 'Error 123',
  stack: 'Error: Error 123\n' +
    '    at C:/Users/ferna/Downloads/appforge-main/src/utils/__tests__/errorTracking.test.js:40:33\n' +
    '    at file:///C:/Users/ferna/Downloads/appforge-main/node_modules/@vitest/runner/dist/index.js:145:11\n' +
    '    at file:///C:/Users/ferna/Downloads/appforge-main/node_modules/@vitest/runner/dist/index.js:915:26\n' +
    '    at file:///C:/Users/ferna/Downloads/appforge-main/node_modules/@vitest/runner/dist/index.js:1243:20\n' +
    '    at new Promise (<anonymous>)\n' +
    '    at runWithTimeout (file:///C:/Users/ferna/Downloads/appforge-main/node_modules/@vitest/runner/dist/index.js:1209:10)\n' +
    '    at file:///C:/Users/ferna/Downloads/appforge-main/node_modules/@vitest/runner/dist/index.js:1653:37\n' +
    '    at Traces.$ (file:///C:/Users/ferna/Downloads/appforge-main/node_modules/vitest/dist/chunks/traces.CCmnQaNT.js:142:27)\n' +
    '    at trace (file:///C:/Users/ferna/Downloads/appforge-main/node_modules/vitest/dist/chunks/test.B8ej_ZHS.js:239:21)\n' +
    '    at runTest (file:///C:/Users/ferna/Downloads/appforge-main/node_modules/@vitest/runner/dist/index.js:1653:12)',
  timestamp: '2026-02-04T02:08:44.786Z',
  context: {},
  userAgent: 'Mozilla/5.0 (win32) AppleWebKit/537.36 (KHTML, like Gecko) jsdom/25.0.1',
  url: 'http://localhost:3000/',
  env: 'development'
}
≡ƒö┤ Error captured: {
  message: 'Error 124',
  stack: 'Error: Error 124\n' +
    '    at C:/Users/ferna/Downloads/appforge-main/src/utils/__tests__/errorTracking.test.js:40:33\n' +
    '    at file:///C:/Users/ferna/Downloads/appforge-main/node_modules/@vitest/runner/dist/index.js:145:11\n' +
    '    at file:///C:/Users/ferna/Downloads/appforge-main/node_modules/@vitest/runner/dist/index.js:915:26\n' +
    '    at file:///C:/Users/ferna/Downloads/appforge-main/node_modules/@vitest/runner/dist/index.js:1243:20\n' +
    '    at new Promise (<anonymous>)\n' +
    '    at runWithTimeout (file:///C:/Users/ferna/Downloads/appforge-main/node_modules/@vitest/runner/dist/index.js:1209:10)\n' +
    '    at file:///C:/Users/ferna/Downloads/appforge-main/node_modules/@vitest/runner/dist/index.js:1653:37\n' +
    '    at Traces.$ (file:///C:/Users/ferna/Downloads/appforge-main/node_modules/vitest/dist/chunks/traces.CCmnQaNT.js:142:27)\n' +
    '    at trace (file:///C:/Users/ferna/Downloads/appforge-main/node_modules/vitest/dist/chunks/test.B8ej_ZHS.js:239:21)\n' +
    '    at runTest (file:///C:/Users/ferna/Downloads/appforge-main/node_modules/@vitest/runner/dist/index.js:1653:12)',
  timestamp: '2026-02-04T02:08:44.786Z',
  context: {},
  userAgent: 'Mozilla/5.0 (win32) AppleWebKit/537.36 (KHTML, like Gecko) jsdom/25.0.1',
  url: 'http://localhost:3000/',
  env: 'development'
}
≡ƒö┤ Error captured: {
  message: 'Error 125',
  stack: 'Error: Error 125\n' +
    '    at C:/Users/ferna/Downloads/appforge-main/src/utils/__tests__/errorTracking.test.js:40:33\n' +
    '    at file:///C:/Users/ferna/Downloads/appforge-main/node_modules/@vitest/runner/dist/index.js:145:11\n' +
    '    at file:///C:/Users/ferna/Downloads/appforge-main/node_modules/@vitest/runner/dist/index.js:915:26\n' +
    '    at file:///C:/Users/ferna/Downloads/appforge-main/node_modules/@vitest/runner/dist/index.js:1243:20\n' +
    '    at new Promise (<anonymous>)\n' +
    '    at runWithTimeout (file:///C:/Users/ferna/Downloads/appforge-main/node_modules/@vitest/runner/dist/index.js:1209:10)\n' +
    '    at file:///C:/Users/ferna/Downloads/appforge-main/node_modules/@vitest/runner/dist/index.js:1653:37\n' +
    '    at Traces.$ (file:///C:/Users/ferna/Downloads/appforge-main/node_modules/vitest/dist/chunks/traces.CCmnQaNT.js:142:27)\n' +
    '    at trace (file:///C:/Users/ferna/Downloads/appforge-main/node_modules/vitest/dist/chunks/test.B8ej_ZHS.js:239:21)\n' +
    '    at runTest (file:///C:/Users/ferna/Downloads/appforge-main/node_modules/@vitest/runner/dist/index.js:1653:12)',
  timestamp: '2026-02-04T02:08:44.786Z',
  context: {},
  userAgent: 'Mozilla/5.0 (win32) AppleWebKit/537.36 (KHTML, like Gecko) jsdom/25.0.1',
  url: 'http://localhost:3000/',
  env: 'development'
}
≡ƒö┤ Error captured: {
  message: 'Error 126',
  stack: 'Error: Error 126\n' +
    '    at C:/Users/ferna/Downloads/appforge-main/src/utils/__tests__/errorTracking.test.js:40:33\n' +
    '    at file:///C:/Users/ferna/Downloads/appforge-main/node_modules/@vitest/runner/dist/index.js:145:11\n' +
    '    at file:///C:/Users/ferna/Downloads/appforge-main/node_modules/@vitest/runner/dist/index.js:915:26\n' +
    '    at file:///C:/Users/ferna/Downloads/appforge-main/node_modules/@vitest/runner/dist/index.js:1243:20\n' +
    '    at new Promise (<anonymous>)\n' +
    '    at runWithTimeout (file:///C:/Users/ferna/Downloads/appforge-main/node_modules/@vitest/runner/dist/index.js:1209:10)\n' +
    '    at file:///C:/Users/ferna/Downloads/appforge-main/node_modules/@vitest/runner/dist/index.js:1653:37\n' +
    '    at Traces.$ (file:///C:/Users/ferna/Downloads/appforge-main/node_modules/vitest/dist/chunks/traces.CCmnQaNT.js:142:27)\n' +
    '    at trace (file:///C:/Users/ferna/Downloads/appforge-main/node_modules/vitest/dist/chunks/test.B8ej_ZHS.js:239:21)\n' +
    '    at runTest (file:///C:/Users/ferna/Downloads/appforge-main/node_modules/@vitest/runner/dist/index.js:1653:12)',
  timestamp: '2026-02-04T02:08:44.787Z',
  context: {},
  userAgent: 'Mozilla/5.0 (win32) AppleWebKit/537.36 (KHTML, like Gecko) jsdom/25.0.1',
  url: 'http://localhost:3000/',
  env: 'development'
}
≡ƒö┤ Error captured: {
  message: 'Error 127',
  stack: 'Error: Error 127\n' +
    '    at C:/Users/ferna/Downloads/appforge-main/src/utils/__tests__/errorTracking.test.js:40:33\n' +
    '    at file:///C:/Users/ferna/Downloads/appforge-main/node_modules/@vitest/runner/dist/index.js:145:11\n' +
    '    at file:///C:/Users/ferna/Downloads/appforge-main/node_modules/@vitest/runner/dist/index.js:915:26\n' +
    '    at file:///C:/Users/ferna/Downloads/appforge-main/node_modules/@vitest/runner/dist/index.js:1243:20\n' +
    '    at new Promise (<anonymous>)\n' +
    '    at runWithTimeout (file:///C:/Users/ferna/Downloads/appforge-main/node_modules/@vitest/runner/dist/index.js:1209:10)\n' +
    '    at file:///C:/Users/ferna/Downloads/appforge-main/node_modules/@vitest/runner/dist/index.js:1653:37\n' +
    '    at Traces.$ (file:///C:/Users/ferna/Downloads/appforge-main/node_modules/vitest/dist/chunks/traces.CCmnQaNT.js:142:27)\n' +
    '    at trace (file:///C:/Users/ferna/Downloads/appforge-main/node_modules/vitest/dist/chunks/test.B8ej_ZHS.js:239:21)\n' +
    '    at runTest (file:///C:/Users/ferna/Downloads/appforge-main/node_modules/@vitest/runner/dist/index.js:1653:12)',
  timestamp: '2026-02-04T02:08:44.787Z',
  context: {},
  userAgent: 'Mozilla/5.0 (win32) AppleWebKit/537.36 (KHTML, like Gecko) jsdom/25.0.1',
  url: 'http://localhost:3000/',
  env: 'development'
}
≡ƒö┤ Error captured: {
  message: 'Error 128',
  stack: 'Error: Error 128\n' +
    '    at C:/Users/ferna/Downloads/appforge-main/src/utils/__tests__/errorTracking.test.js:40:33\n' +
    '    at file:///C:/Users/ferna/Downloads/appforge-main/node_modules/@vitest/runner/dist/index.js:145:11\n' +
    '    at file:///C:/Users/ferna/Downloads/appforge-main/node_modules/@vitest/runner/dist/index.js:915:26\n' +
    '    at file:///C:/Users/ferna/Downloads/appforge-main/node_modules/@vitest/runner/dist/index.js:1243:20\n' +
    '    at new Promise (<anonymous>)\n' +
    '    at runWithTimeout (file:///C:/Users/ferna/Downloads/appforge-main/node_modules/@vitest/runner/dist/index.js:1209:10)\n' +
    '    at file:///C:/Users/ferna/Downloads/appforge-main/node_modules/@vitest/runner/dist/index.js:1653:37\n' +
    '    at Traces.$ (file:///C:/Users/ferna/Downloads/appforge-main/node_modules/vitest/dist/chunks/traces.CCmnQaNT.js:142:27)\n' +
    '    at trace (file:///C:/Users/ferna/Downloads/appforge-main/node_modules/vitest/dist/chunks/test.B8ej_ZHS.js:239:21)\n' +
    '    at runTest (file:///C:/Users/ferna/Downloads/appforge-main/node_modules/@vitest/runner/dist/index.js:1653:12)',
  timestamp: '2026-02-04T02:08:44.788Z',
  context: {},
  userAgent: 'Mozilla/5.0 (win32) AppleWebKit/537.36 (KHTML, like Gecko) jsdom/25.0.1',
  url: 'http://localhost:3000/',
  env: 'development'
}
≡ƒö┤ Error captured: {
  message: 'Error 129',
  stack: 'Error: Error 129\n' +
    '    at C:/Users/ferna/Downloads/appforge-main/src/utils/__tests__/errorTracking.test.js:40:33\n' +
    '    at file:///C:/Users/ferna/Downloads/appforge-main/node_modules/@vitest/runner/dist/index.js:145:11\n' +
    '    at file:///C:/Users/ferna/Downloads/appforge-main/node_modules/@vitest/runner/dist/index.js:915:26\n' +
    '    at file:///C:/Users/ferna/Downloads/appforge-main/node_modules/@vitest/runner/dist/index.js:1243:20\n' +
    '    at new Promise (<anonymous>)\n' +
    '    at runWithTimeout (file:///C:/Users/ferna/Downloads/appforge-main/node_modules/@vitest/runner/dist/index.js:1209:10)\n' +
    '    at file:///C:/Users/ferna/Downloads/appforge-main/node_modules/@vitest/runner/dist/index.js:1653:37\n' +
    '    at Traces.$ (file:///C:/Users/ferna/Downloads/appforge-main/node_modules/vitest/dist/chunks/traces.CCmnQaNT.js:142:27)\n' +
    '    at trace (file:///C:/Users/ferna/Downloads/appforge-main/node_modules/vitest/dist/chunks/test.B8ej_ZHS.js:239:21)\n' +
    '    at runTest (file:///C:/Users/ferna/Downloads/appforge-main/node_modules/@vitest/runner/dist/index.js:1653:12)',
  timestamp: '2026-02-04T02:08:44.788Z',
  context: {},
  userAgent: 'Mozilla/5.0 (win32) AppleWebKit/537.36 (KHTML, like Gecko) jsdom/25.0.1',
  url: 'http://localhost:3000/',
  env: 'development'
}
≡ƒö┤ Error captured: {
  message: 'Error 130',
  stack: 'Error: Error 130\n' +
    '    at C:/Users/ferna/Downloads/appforge-main/src/utils/__tests__/errorTracking.test.js:40:33\n' +
    '    at file:///C:/Users/ferna/Downloads/appforge-main/node_modules/@vitest/runner/dist/index.js:145:11\n' +
    '    at file:///C:/Users/ferna/Downloads/appforge-main/node_modules/@vitest/runner/dist/index.js:915:26\n' +
    '    at file:///C:/Users/ferna/Downloads/appforge-main/node_modules/@vitest/runner/dist/index.js:1243:20\n' +
    '    at new Promise (<anonymous>)\n' +
    '    at runWithTimeout (file:///C:/Users/ferna/Downloads/appforge-main/node_modules/@vitest/runner/dist/index.js:1209:10)\n' +
    '    at file:///C:/Users/ferna/Downloads/appforge-main/node_modules/@vitest/runner/dist/index.js:1653:37\n' +
    '    at Traces.$ (file:///C:/Users/ferna/Downloads/appforge-main/node_modules/vitest/dist/chunks/traces.CCmnQaNT.js:142:27)\n' +
    '    at trace (file:///C:/Users/ferna/Downloads/appforge-main/node_modules/vitest/dist/chunks/test.B8ej_ZHS.js:239:21)\n' +
    '    at runTest (file:///C:/Users/ferna/Downloads/appforge-main/node_modules/@vitest/runner/dist/index.js:1653:12)',
  timestamp: '2026-02-04T02:08:44.789Z',
  context: {},
  userAgent: 'Mozilla/5.0 (win32) AppleWebKit/537.36 (KHTML, like Gecko) jsdom/25.0.1',
  url: 'http://localhost:3000/',
  env: 'development'
}
≡ƒö┤ Error captured: {
  message: 'Error 131',
  stack: 'Error: Error 131\n' +
    '    at C:/Users/ferna/Downloads/appforge-main/src/utils/__tests__/errorTracking.test.js:40:33\n' +
    '    at file:///C:/Users/ferna/Downloads/appforge-main/node_modules/@vitest/runner/dist/index.js:145:11\n' +
    '    at file:///C:/Users/ferna/Downloads/appforge-main/node_modules/@vitest/runner/dist/index.js:915:26\n' +
    '    at file:///C:/Users/ferna/Downloads/appforge-main/node_modules/@vitest/runner/dist/index.js:1243:20\n' +
    '    at new Promise (<anonymous>)\n' +
    '    at runWithTimeout (file:///C:/Users/ferna/Downloads/appforge-main/node_modules/@vitest/runner/dist/index.js:1209:10)\n' +
    '    at file:///C:/Users/ferna/Downloads/appforge-main/node_modules/@vitest/runner/dist/index.js:1653:37\n' +
    '    at Traces.$ (file:///C:/Users/ferna/Downloads/appforge-main/node_modules/vitest/dist/chunks/traces.CCmnQaNT.js:142:27)\n' +
    '    at trace (file:///C:/Users/ferna/Downloads/appforge-main/node_modules/vitest/dist/chunks/test.B8ej_ZHS.js:239:21)\n' +
    '    at runTest (file:///C:/Users/ferna/Downloads/appforge-main/node_modules/@vitest/runner/dist/index.js:1653:12)',
  timestamp: '2026-02-04T02:08:44.789Z',
  context: {},
  userAgent: 'Mozilla/5.0 (win32) AppleWebKit/537.36 (KHTML, like Gecko) jsdom/25.0.1',
  url: 'http://localhost:3000/',
  env: 'development'
}
≡ƒö┤ Error captured: {
  message: 'Error 132',
  stack: 'Error: Error 132\n' +
    '    at C:/Users/ferna/Downloads/appforge-main/src/utils/__tests__/errorTracking.test.js:40:33\n' +
    '    at file:///C:/Users/ferna/Downloads/appforge-main/node_modules/@vitest/runner/dist/index.js:145:11\n' +
    '    at file:///C:/Users/ferna/Downloads/appforge-main/node_modules/@vitest/runner/dist/index.js:915:26\n' +
    '    at file:///C:/Users/ferna/Downloads/appforge-main/node_modules/@vitest/runner/dist/index.js:1243:20\n' +
    '    at new Promise (<anonymous>)\n' +
    '    at runWithTimeout (file:///C:/Users/ferna/Downloads/appforge-main/node_modules/@vitest/runner/dist/index.js:1209:10)\n' +
    '    at file:///C:/Users/ferna/Downloads/appforge-main/node_modules/@vitest/runner/dist/index.js:1653:37\n' +
    '    at Traces.$ (file:///C:/Users/ferna/Downloads/appforge-main/node_modules/vitest/dist/chunks/traces.CCmnQaNT.js:142:27)\n' +
    '    at trace (file:///C:/Users/ferna/Downloads/appforge-main/node_modules/vitest/dist/chunks/test.B8ej_ZHS.js:239:21)\n' +
    '    at runTest (file:///C:/Users/ferna/Downloads/appforge-main/node_modules/@vitest/runner/dist/index.js:1653:12)',
  timestamp: '2026-02-04T02:08:44.790Z',
  context: {},
  userAgent: 'Mozilla/5.0 (win32) AppleWebKit/537.36 (KHTML, like Gecko) jsdom/25.0.1',
  url: 'http://localhost:3000/',
  env: 'development'
}
≡ƒö┤ Error captured: {
  message: 'Error 133',
  stack: 'Error: Error 133\n' +
    '    at C:/Users/ferna/Downloads/appforge-main/src/utils/__tests__/errorTracking.test.js:40:33\n' +
    '    at file:///C:/Users/ferna/Downloads/appforge-main/node_modules/@vitest/runner/dist/index.js:145:11\n' +
    '    at file:///C:/Users/ferna/Downloads/appforge-main/node_modules/@vitest/runner/dist/index.js:915:26\n' +
    '    at file:///C:/Users/ferna/Downloads/appforge-main/node_modules/@vitest/runner/dist/index.js:1243:20\n' +
    '    at new Promise (<anonymous>)\n' +
    '    at runWithTimeout (file:///C:/Users/ferna/Downloads/appforge-main/node_modules/@vitest/runner/dist/index.js:1209:10)\n' +
    '    at file:///C:/Users/ferna/Downloads/appforge-main/node_modules/@vitest/runner/dist/index.js:1653:37\n' +
    '    at Traces.$ (file:///C:/Users/ferna/Downloads/appforge-main/node_modules/vitest/dist/chunks/traces.CCmnQaNT.js:142:27)\n' +
    '    at trace (file:///C:/Users/ferna/Downloads/appforge-main/node_modules/vitest/dist/chunks/test.B8ej_ZHS.js:239:21)\n' +
    '    at runTest (file:///C:/Users/ferna/Downloads/appforge-main/node_modules/@vitest/runner/dist/index.js:1653:12)',
  timestamp: '2026-02-04T02:08:44.791Z',
  context: {},
  userAgent: 'Mozilla/5.0 (win32) AppleWebKit/537.36 (KHTML, like Gecko) jsdom/25.0.1',
  url: 'http://localhost:3000/',
  env: 'development'
}
≡ƒö┤ Error captured: {
  message: 'Error 134',
  stack: 'Error: Error 134\n' +
    '    at C:/Users/ferna/Downloads/appforge-main/src/utils/__tests__/errorTracking.test.js:40:33\n' +
    '    at file:///C:/Users/ferna/Downloads/appforge-main/node_modules/@vitest/runner/dist/index.js:145:11\n' +
    '    at file:///C:/Users/ferna/Downloads/appforge-main/node_modules/@vitest/runner/dist/index.js:915:26\n' +
    '    at file:///C:/Users/ferna/Downloads/appforge-main/node_modules/@vitest/runner/dist/index.js:1243:20\n' +
    '    at new Promise (<anonymous>)\n' +
    '    at runWithTimeout (file:///C:/Users/ferna/Downloads/appforge-main/node_modules/@vitest/runner/dist/index.js:1209:10)\n' +
    '    at file:///C:/Users/ferna/Downloads/appforge-main/node_modules/@vitest/runner/dist/index.js:1653:37\n' +
    '    at Traces.$ (file:///C:/Users/ferna/Downloads/appforge-main/node_modules/vitest/dist/chunks/traces.CCmnQaNT.js:142:27)\n' +
    '    at trace (file:///C:/Users/ferna/Downloads/appforge-main/node_modules/vitest/dist/chunks/test.B8ej_ZHS.js:239:21)\n' +
    '    at runTest (file:///C:/Users/ferna/Downloads/appforge-main/node_modules/@vitest/runner/dist/index.js:1653:12)',
  timestamp: '2026-02-04T02:08:44.792Z',
  context: {},
  userAgent: 'Mozilla/5.0 (win32) AppleWebKit/537.36 (KHTML, like Gecko) jsdom/25.0.1',
  url: 'http://localhost:3000/',
  env: 'development'
}
≡ƒö┤ Error captured: {
  message: 'Error 135',
  stack: 'Error: Error 135\n' +
    '    at C:/Users/ferna/Downloads/appforge-main/src/utils/__tests__/errorTracking.test.js:40:33\n' +
    '    at file:///C:/Users/ferna/Downloads/appforge-main/node_modules/@vitest/runner/dist/index.js:145:11\n' +
    '    at file:///C:/Users/ferna/Downloads/appforge-main/node_modules/@vitest/runner/dist/index.js:915:26\n' +
    '    at file:///C:/Users/ferna/Downloads/appforge-main/node_modules/@vitest/runner/dist/index.js:1243:20\n' +
    '    at new Promise (<anonymous>)\n' +
    '    at runWithTimeout (file:///C:/Users/ferna/Downloads/appforge-main/node_modules/@vitest/runner/dist/index.js:1209:10)\n' +
    '    at file:///C:/Users/ferna/Downloads/appforge-main/node_modules/@vitest/runner/dist/index.js:1653:37\n' +
    '    at Traces.$ (file:///C:/Users/ferna/Downloads/appforge-main/node_modules/vitest/dist/chunks/traces.CCmnQaNT.js:142:27)\n' +
    '    at trace (file:///C:/Users/ferna/Downloads/appforge-main/node_modules/vitest/dist/chunks/test.B8ej_ZHS.js:239:21)\n' +
    '    at runTest (file:///C:/Users/ferna/Downloads/appforge-main/node_modules/@vitest/runner/dist/index.js:1653:12)',
  timestamp: '2026-02-04T02:08:44.792Z',
  context: {},
  userAgent: 'Mozilla/5.0 (win32) AppleWebKit/537.36 (KHTML, like Gecko) jsdom/25.0.1',
  url: 'http://localhost:3000/',
  env: 'development'
}
≡ƒö┤ Error captured: {
  message: 'Error 136',
  stack: 'Error: Error 136\n' +
    '    at C:/Users/ferna/Downloads/appforge-main/src/utils/__tests__/errorTracking.test.js:40:33\n' +
    '    at file:///C:/Users/ferna/Downloads/appforge-main/node_modules/@vitest/runner/dist/index.js:145:11\n' +
    '    at file:///C:/Users/ferna/Downloads/appforge-main/node_modules/@vitest/runner/dist/index.js:915:26\n' +
    '    at file:///C:/Users/ferna/Downloads/appforge-main/node_modules/@vitest/runner/dist/index.js:1243:20\n' +
    '    at new Promise (<anonymous>)\n' +
    '    at runWithTimeout (file:///C:/Users/ferna/Downloads/appforge-main/node_modules/@vitest/runner/dist/index.js:1209:10)\n' +
    '    at file:///C:/Users/ferna/Downloads/appforge-main/node_modules/@vitest/runner/dist/index.js:1653:37\n' +
    '    at Traces.$ (file:///C:/Users/ferna/Downloads/appforge-main/node_modules/vitest/dist/chunks/traces.CCmnQaNT.js:142:27)\n' +
    '    at trace (file:///C:/Users/ferna/Downloads/appforge-main/node_modules/vitest/dist/chunks/test.B8ej_ZHS.js:239:21)\n' +
    '    at runTest (file:///C:/Users/ferna/Downloads/appforge-main/node_modules/@vitest/runner/dist/index.js:1653:12)',
  timestamp: '2026-02-04T02:08:44.793Z',
  context: {},
  userAgent: 'Mozilla/5.0 (win32) AppleWebKit/537.36 (KHTML, like Gecko) jsdom/25.0.1',
  url: 'http://localhost:3000/',
  env: 'development'
}
≡ƒö┤ Error captured: {
  message: 'Error 137',
  stack: 'Error: Error 137\n' +
    '    at C:/Users/ferna/Downloads/appforge-main/src/utils/__tests__/errorTracking.test.js:40:33\n' +
    '    at file:///C:/Users/ferna/Downloads/appforge-main/node_modules/@vitest/runner/dist/index.js:145:11\n' +
    '    at file:///C:/Users/ferna/Downloads/appforge-main/node_modules/@vitest/runner/dist/index.js:915:26\n' +
    '    at file:///C:/Users/ferna/Downloads/appforge-main/node_modules/@vitest/runner/dist/index.js:1243:20\n' +
    '    at new Promise (<anonymous>)\n' +
    '    at runWithTimeout (file:///C:/Users/ferna/Downloads/appforge-main/node_modules/@vitest/runner/dist/index.js:1209:10)\n' +
    '    at file:///C:/Users/ferna/Downloads/appforge-main/node_modules/@vitest/runner/dist/index.js:1653:37\n' +
    '    at Traces.$ (file:///C:/Users/ferna/Downloads/appforge-main/node_modules/vitest/dist/chunks/traces.CCmnQaNT.js:142:27)\n' +
    '    at trace (file:///C:/Users/ferna/Downloads/appforge-main/node_modules/vitest/dist/chunks/test.B8ej_ZHS.js:239:21)\n' +
    '    at runTest (file:///C:/Users/ferna/Downloads/appforge-main/node_modules/@vitest/runner/dist/index.js:1653:12)',
  timestamp: '2026-02-04T02:08:44.793Z',
  context: {},
  userAgent: 'Mozilla/5.0 (win32) AppleWebKit/537.36 (KHTML, like Gecko) jsdom/25.0.1',
  url: 'http://localhost:3000/',
  env: 'development'
}
≡ƒö┤ Error captured: {
  message: 'Error 138',
  stack: 'Error: Error 138\n' +
    '    at C:/Users/ferna/Downloads/appforge-main/src/utils/__tests__/errorTracking.test.js:40:33\n' +
    '    at file:///C:/Users/ferna/Downloads/appforge-main/node_modules/@vitest/runner/dist/index.js:145:11\n' +
    '    at file:///C:/Users/ferna/Downloads/appforge-main/node_modules/@vitest/runner/dist/index.js:915:26\n' +
    '    at file:///C:/Users/ferna/Downloads/appforge-main/node_modules/@vitest/runner/dist/index.js:1243:20\n' +
    '    at new Promise (<anonymous>)\n' +
    '    at runWithTimeout (file:///C:/Users/ferna/Downloads/appforge-main/node_modules/@vitest/runner/dist/index.js:1209:10)\n' +
    '    at file:///C:/Users/ferna/Downloads/appforge-main/node_modules/@vitest/runner/dist/index.js:1653:37\n' +
    '    at Traces.$ (file:///C:/Users/ferna/Downloads/appforge-main/node_modules/vitest/dist/chunks/traces.CCmnQaNT.js:142:27)\n' +
    '    at trace (file:///C:/Users/ferna/Downloads/appforge-main/node_modules/vitest/dist/chunks/test.B8ej_ZHS.js:239:21)\n' +
    '    at runTest (file:///C:/Users/ferna/Downloads/appforge-main/node_modules/@vitest/runner/dist/index.js:1653:12)',
  timestamp: '2026-02-04T02:08:44.793Z',
  context: {},
  userAgent: 'Mozilla/5.0 (win32) AppleWebKit/537.36 (KHTML, like Gecko) jsdom/25.0.1',
  url: 'http://localhost:3000/',
  env: 'development'
}
≡ƒö┤ Error captured: {
  message: 'Error 139',
  stack: 'Error: Error 139\n' +
    '    at C:/Users/ferna/Downloads/appforge-main/src/utils/__tests__/errorTracking.test.js:40:33\n' +
    '    at file:///C:/Users/ferna/Downloads/appforge-main/node_modules/@vitest/runner/dist/index.js:145:11\n' +
    '    at file:///C:/Users/ferna/Downloads/appforge-main/node_modules/@vitest/runner/dist/index.js:915:26\n' +
    '    at file:///C:/Users/ferna/Downloads/appforge-main/node_modules/@vitest/runner/dist/index.js:1243:20\n' +
    '    at new Promise (<anonymous>)\n' +
    '    at runWithTimeout (file:///C:/Users/ferna/Downloads/appforge-main/node_modules/@vitest/runner/dist/index.js:1209:10)\n' +
    '    at file:///C:/Users/ferna/Downloads/appforge-main/node_modules/@vitest/runner/dist/index.js:1653:37\n' +
    '    at Traces.$ (file:///C:/Users/ferna/Downloads/appforge-main/node_modules/vitest/dist/chunks/traces.CCmnQaNT.js:142:27)\n' +
    '    at trace (file:///C:/Users/ferna/Downloads/appforge-main/node_modules/vitest/dist/chunks/test.B8ej_ZHS.js:239:21)\n' +
    '    at runTest (file:///C:/Users/ferna/Downloads/appforge-main/node_modules/@vitest/runner/dist/index.js:1653:12)',
  timestamp: '2026-02-04T02:08:44.794Z',
  context: {},
  userAgent: 'Mozilla/5.0 (win32) AppleWebKit/537.36 (KHTML, like Gecko) jsdom/25.0.1',
  url: 'http://localhost:3000/',
  env: 'development'
}
≡ƒö┤ Error captured: {
  message: 'Error 140',
  stack: 'Error: Error 140\n' +
    '    at C:/Users/ferna/Downloads/appforge-main/src/utils/__tests__/errorTracking.test.js:40:33\n' +
    '    at file:///C:/Users/ferna/Downloads/appforge-main/node_modules/@vitest/runner/dist/index.js:145:11\n' +
    '    at file:///C:/Users/ferna/Downloads/appforge-main/node_modules/@vitest/runner/dist/index.js:915:26\n' +
    '    at file:///C:/Users/ferna/Downloads/appforge-main/node_modules/@vitest/runner/dist/index.js:1243:20\n' +
    '    at new Promise (<anonymous>)\n' +
    '    at runWithTimeout (file:///C:/Users/ferna/Downloads/appforge-main/node_modules/@vitest/runner/dist/index.js:1209:10)\n' +
    '    at file:///C:/Users/ferna/Downloads/appforge-main/node_modules/@vitest/runner/dist/index.js:1653:37\n' +
    '    at Traces.$ (file:///C:/Users/ferna/Downloads/appforge-main/node_modules/vitest/dist/chunks/traces.CCmnQaNT.js:142:27)\n' +
    '    at trace (file:///C:/Users/ferna/Downloads/appforge-main/node_modules/vitest/dist/chunks/test.B8ej_ZHS.js:239:21)\n' +
    '    at runTest (file:///C:/Users/ferna/Downloads/appforge-main/node_modules/@vitest/runner/dist/index.js:1653:12)',
  timestamp: '2026-02-04T02:08:44.794Z',
  context: {},
  userAgent: 'Mozilla/5.0 (win32) AppleWebKit/537.36 (KHTML, like Gecko) jsdom/25.0.1',
  url: 'http://localhost:3000/',
  env: 'development'
}
≡ƒö┤ Error captured: {
  message: 'Error 141',
  stack: 'Error: Error 141\n' +
    '    at C:/Users/ferna/Downloads/appforge-main/src/utils/__tests__/errorTracking.test.js:40:33\n' +
    '    at file:///C:/Users/ferna/Downloads/appforge-main/node_modules/@vitest/runner/dist/index.js:145:11\n' +
    '    at file:///C:/Users/ferna/Downloads/appforge-main/node_modules/@vitest/runner/dist/index.js:915:26\n' +
    '    at file:///C:/Users/ferna/Downloads/appforge-main/node_modules/@vitest/runner/dist/index.js:1243:20\n' +
    '    at new Promise (<anonymous>)\n' +
    '    at runWithTimeout (file:///C:/Users/ferna/Downloads/appforge-main/node_modules/@vitest/runner/dist/index.js:1209:10)\n' +
    '    at file:///C:/Users/ferna/Downloads/appforge-main/node_modules/@vitest/runner/dist/index.js:1653:37\n' +
    '    at Traces.$ (file:///C:/Users/ferna/Downloads/appforge-main/node_modules/vitest/dist/chunks/traces.CCmnQaNT.js:142:27)\n' +
    '    at trace (file:///C:/Users/ferna/Downloads/appforge-main/node_modules/vitest/dist/chunks/test.B8ej_ZHS.js:239:21)\n' +
    '    at runTest (file:///C:/Users/ferna/Downloads/appforge-main/node_modules/@vitest/runner/dist/index.js:1653:12)',
  timestamp: '2026-02-04T02:08:44.795Z',
  context: {},
  userAgent: 'Mozilla/5.0 (win32) AppleWebKit/537.36 (KHTML, like Gecko) jsdom/25.0.1',
  url: 'http://localhost:3000/',
  env: 'development'
}
≡ƒö┤ Error captured: {
  message: 'Error 142',
  stack: 'Error: Error 142\n' +
    '    at C:/Users/ferna/Downloads/appforge-main/src/utils/__tests__/errorTracking.test.js:40:33\n' +
    '    at file:///C:/Users/ferna/Downloads/appforge-main/node_modules/@vitest/runner/dist/index.js:145:11\n' +
    '    at file:///C:/Users/ferna/Downloads/appforge-main/node_modules/@vitest/runner/dist/index.js:915:26\n' +
    '    at file:///C:/Users/ferna/Downloads/appforge-main/node_modules/@vitest/runner/dist/index.js:1243:20\n' +
    '    at new Promise (<anonymous>)\n' +
    '    at runWithTimeout (file:///C:/Users/ferna/Downloads/appforge-main/node_modules/@vitest/runner/dist/index.js:1209:10)\n' +
    '    at file:///C:/Users/ferna/Downloads/appforge-main/node_modules/@vitest/runner/dist/index.js:1653:37\n' +
    '    at Traces.$ (file:///C:/Users/ferna/Downloads/appforge-main/node_modules/vitest/dist/chunks/traces.CCmnQaNT.js:142:27)\n' +
    '    at trace (file:///C:/Users/ferna/Downloads/appforge-main/node_modules/vitest/dist/chunks/test.B8ej_ZHS.js:239:21)\n' +
    '    at runTest (file:///C:/Users/ferna/Downloads/appforge-main/node_modules/@vitest/runner/dist/index.js:1653:12)',
  timestamp: '2026-02-04T02:08:44.795Z',
  context: {},
  userAgent: 'Mozilla/5.0 (win32) AppleWebKit/537.36 (KHTML, like Gecko) jsdom/25.0.1',
  url: 'http://localhost:3000/',
  env: 'development'
}
≡ƒö┤ Error captured: {
  message: 'Error 143',
  stack: 'Error: Error 143\n' +
    '    at C:/Users/ferna/Downloads/appforge-main/src/utils/__tests__/errorTracking.test.js:40:33\n' +
    '    at file:///C:/Users/ferna/Downloads/appforge-main/node_modules/@vitest/runner/dist/index.js:145:11\n' +
    '    at file:///C:/Users/ferna/Downloads/appforge-main/node_modules/@vitest/runner/dist/index.js:915:26\n' +
    '    at file:///C:/Users/ferna/Downloads/appforge-main/node_modules/@vitest/runner/dist/index.js:1243:20\n' +
    '    at new Promise (<anonymous>)\n' +
    '    at runWithTimeout (file:///C:/Users/ferna/Downloads/appforge-main/node_modules/@vitest/runner/dist/index.js:1209:10)\n' +
    '    at file:///C:/Users/ferna/Downloads/appforge-main/node_modules/@vitest/runner/dist/index.js:1653:37\n' +
    '    at Traces.$ (file:///C:/Users/ferna/Downloads/appforge-main/node_modules/vitest/dist/chunks/traces.CCmnQaNT.js:142:27)\n' +
    '    at trace (file:///C:/Users/ferna/Downloads/appforge-main/node_modules/vitest/dist/chunks/test.B8ej_ZHS.js:239:21)\n' +
    '    at runTest (file:///C:/Users/ferna/Downloads/appforge-main/node_modules/@vitest/runner/dist/index.js:1653:12)',
  timestamp: '2026-02-04T02:08:44.796Z',
  context: {},
  userAgent: 'Mozilla/5.0 (win32) AppleWebKit/537.36 (KHTML, like Gecko) jsdom/25.0.1',
  url: 'http://localhost:3000/',
  env: 'development'
}
≡ƒö┤ Error captured: {
  message: 'Error 144',
  stack: 'Error: Error 144\n' +
    '    at C:/Users/ferna/Downloads/appforge-main/src/utils/__tests__/errorTracking.test.js:40:33\n' +
    '    at file:///C:/Users/ferna/Downloads/appforge-main/node_modules/@vitest/runner/dist/index.js:145:11\n' +
    '    at file:///C:/Users/ferna/Downloads/appforge-main/node_modules/@vitest/runner/dist/index.js:915:26\n' +
    '    at file:///C:/Users/ferna/Downloads/appforge-main/node_modules/@vitest/runner/dist/index.js:1243:20\n' +
    '    at new Promise (<anonymous>)\n' +
    '    at runWithTimeout (file:///C:/Users/ferna/Downloads/appforge-main/node_modules/@vitest/runner/dist/index.js:1209:10)\n' +
    '    at file:///C:/Users/ferna/Downloads/appforge-main/node_modules/@vitest/runner/dist/index.js:1653:37\n' +
    '    at Traces.$ (file:///C:/Users/ferna/Downloads/appforge-main/node_modules/vitest/dist/chunks/traces.CCmnQaNT.js:142:27)\n' +
    '    at trace (file:///C:/Users/ferna/Downloads/appforge-main/node_modules/vitest/dist/chunks/test.B8ej_ZHS.js:239:21)\n' +
    '    at runTest (file:///C:/Users/ferna/Downloads/appforge-main/node_modules/@vitest/runner/dist/index.js:1653:12)',
  timestamp: '2026-02-04T02:08:44.797Z',
  context: {},
  userAgent: 'Mozilla/5.0 (win32) AppleWebKit/537.36 (KHTML, like Gecko) jsdom/25.0.1',
  url: 'http://localhost:3000/',
  env: 'development'
}
≡ƒö┤ Error captured: {
  message: 'Error 145',
  stack: 'Error: Error 145\n' +
    '    at C:/Users/ferna/Downloads/appforge-main/src/utils/__tests__/errorTracking.test.js:40:33\n' +
    '    at file:///C:/Users/ferna/Downloads/appforge-main/node_modules/@vitest/runner/dist/index.js:145:11\n' +
    '    at file:///C:/Users/ferna/Downloads/appforge-main/node_modules/@vitest/runner/dist/index.js:915:26\n' +
    '    at file:///C:/Users/ferna/Downloads/appforge-main/node_modules/@vitest/runner/dist/index.js:1243:20\n' +
    '    at new Promise (<anonymous>)\n' +
    '    at runWithTimeout (file:///C:/Users/ferna/Downloads/appforge-main/node_modules/@vitest/runner/dist/index.js:1209:10)\n' +
    '    at file:///C:/Users/ferna/Downloads/appforge-main/node_modules/@vitest/runner/dist/index.js:1653:37\n' +
    '    at Traces.$ (file:///C:/Users/ferna/Downloads/appforge-main/node_modules/vitest/dist/chunks/traces.CCmnQaNT.js:142:27)\n' +
    '    at trace (file:///C:/Users/ferna/Downloads/appforge-main/node_modules/vitest/dist/chunks/test.B8ej_ZHS.js:239:21)\n' +
    '    at runTest (file:///C:/Users/ferna/Downloads/appforge-main/node_modules/@vitest/runner/dist/index.js:1653:12)',
  timestamp: '2026-02-04T02:08:44.798Z',
  context: {},
  userAgent: 'Mozilla/5.0 (win32) AppleWebKit/537.36 (KHTML, like Gecko) jsdom/25.0.1',
  url: 'http://localhost:3000/',
  env: 'development'
}
≡ƒö┤ Error captured: {
  message: 'Error 146',
  stack: 'Error: Error 146\n' +
    '    at C:/Users/ferna/Downloads/appforge-main/src/utils/__tests__/errorTracking.test.js:40:33\n' +
    '    at file:///C:/Users/ferna/Downloads/appforge-main/node_modules/@vitest/runner/dist/index.js:145:11\n' +
    '    at file:///C:/Users/ferna/Downloads/appforge-main/node_modules/@vitest/runner/dist/index.js:915:26\n' +
    '    at file:///C:/Users/ferna/Downloads/appforge-main/node_modules/@vitest/runner/dist/index.js:1243:20\n' +
    '    at new Promise (<anonymous>)\n' +
    '    at runWithTimeout (file:///C:/Users/ferna/Downloads/appforge-main/node_modules/@vitest/runner/dist/index.js:1209:10)\n' +
    '    at file:///C:/Users/ferna/Downloads/appforge-main/node_modules/@vitest/runner/dist/index.js:1653:37\n' +
    '    at Traces.$ (file:///C:/Users/ferna/Downloads/appforge-main/node_modules/vitest/dist/chunks/traces.CCmnQaNT.js:142:27)\n' +
    '    at trace (file:///C:/Users/ferna/Downloads/appforge-main/node_modules/vitest/dist/chunks/test.B8ej_ZHS.js:239:21)\n' +
    '    at runTest (file:///C:/Users/ferna/Downloads/appforge-main/node_modules/@vitest/runner/dist/index.js:1653:12)',
  timestamp: '2026-02-04T02:08:44.799Z',
  context: {},
  userAgent: 'Mozilla/5.0 (win32) AppleWebKit/537.36 (KHTML, like Gecko) jsdom/25.0.1',
  url: 'http://localhost:3000/',
  env: 'development'
}
≡ƒö┤ Error captured: {
  message: 'Error 147',
  stack: 'Error: Error 147\n' +
    '    at C:/Users/ferna/Downloads/appforge-main/src/utils/__tests__/errorTracking.test.js:40:33\n' +
    '    at file:///C:/Users/ferna/Downloads/appforge-main/node_modules/@vitest/runner/dist/index.js:145:11\n' +
    '    at file:///C:/Users/ferna/Downloads/appforge-main/node_modules/@vitest/runner/dist/index.js:915:26\n' +
    '    at file:///C:/Users/ferna/Downloads/appforge-main/node_modules/@vitest/runner/dist/index.js:1243:20\n' +
    '    at new Promise (<anonymous>)\n' +
    '    at runWithTimeout (file:///C:/Users/ferna/Downloads/appforge-main/node_modules/@vitest/runner/dist/index.js:1209:10)\n' +
    '    at file:///C:/Users/ferna/Downloads/appforge-main/node_modules/@vitest/runner/dist/index.js:1653:37\n' +
    '    at Traces.$ (file:///C:/Users/ferna/Downloads/appforge-main/node_modules/vitest/dist/chunks/traces.CCmnQaNT.js:142:27)\n' +
    '    at trace (file:///C:/Users/ferna/Downloads/appforge-main/node_modules/vitest/dist/chunks/test.B8ej_ZHS.js:239:21)\n' +
    '    at runTest (file:///C:/Users/ferna/Downloads/appforge-main/node_modules/@vitest/runner/dist/index.js:1653:12)',
  timestamp: '2026-02-04T02:08:44.800Z',
  context: {},
  userAgent: 'Mozilla/5.0 (win32) AppleWebKit/537.36 (KHTML, like Gecko) jsdom/25.0.1',
  url: 'http://localhost:3000/',
  env: 'development'
}
≡ƒö┤ Error captured: {
  message: 'Error 148',
  stack: 'Error: Error 148\n' +
    '    at C:/Users/ferna/Downloads/appforge-main/src/utils/__tests__/errorTracking.test.js:40:33\n' +
    '    at file:///C:/Users/ferna/Downloads/appforge-main/node_modules/@vitest/runner/dist/index.js:145:11\n' +
    '    at file:///C:/Users/ferna/Downloads/appforge-main/node_modules/@vitest/runner/dist/index.js:915:26\n' +
    '    at file:///C:/Users/ferna/Downloads/appforge-main/node_modules/@vitest/runner/dist/index.js:1243:20\n' +
    '    at new Promise (<anonymous>)\n' +
    '    at runWithTimeout (file:///C:/Users/ferna/Downloads/appforge-main/node_modules/@vitest/runner/dist/index.js:1209:10)\n' +
    '    at file:///C:/Users/ferna/Downloads/appforge-main/node_modules/@vitest/runner/dist/index.js:1653:37\n' +
    '    at Traces.$ (file:///C:/Users/ferna/Downloads/appforge-main/node_modules/vitest/dist/chunks/traces.CCmnQaNT.js:142:27)\n' +
    '    at trace (file:///C:/Users/ferna/Downloads/appforge-main/node_modules/vitest/dist/chunks/test.B8ej_ZHS.js:239:21)\n' +
    '    at runTest (file:///C:/Users/ferna/Downloads/appforge-main/node_modules/@vitest/runner/dist/index.js:1653:12)',
  timestamp: '2026-02-04T02:08:44.800Z',
  context: {},
  userAgent: 'Mozilla/5.0 (win32) AppleWebKit/537.36 (KHTML, like Gecko) jsdom/25.0.1',
  url: 'http://localhost:3000/',
  env: 'development'
}
≡ƒö┤ Error captured: {
  message: 'Error 149',
  stack: 'Error: Error 149\n' +
    '    at C:/Users/ferna/Downloads/appforge-main/src/utils/__tests__/errorTracking.test.js:40:33\n' +
    '    at file:///C:/Users/ferna/Downloads/appforge-main/node_modules/@vitest/runner/dist/index.js:145:11\n' +
    '    at file:///C:/Users/ferna/Downloads/appforge-main/node_modules/@vitest/runner/dist/index.js:915:26\n' +
    '    at file:///C:/Users/ferna/Downloads/appforge-main/node_modules/@vitest/runner/dist/index.js:1243:20\n' +
    '    at new Promise (<anonymous>)\n' +
    '    at runWithTimeout (file:///C:/Users/ferna/Downloads/appforge-main/node_modules/@vitest/runner/dist/index.js:1209:10)\n' +
    '    at file:///C:/Users/ferna/Downloads/appforge-main/node_modules/@vitest/runner/dist/index.js:1653:37\n' +
    '    at Traces.$ (file:///C:/Users/ferna/Downloads/appforge-main/node_modules/vitest/dist/chunks/traces.CCmnQaNT.js:142:27)\n' +
    '    at trace (file:///C:/Users/ferna/Downloads/appforge-main/node_modules/vitest/dist/chunks/test.B8ej_ZHS.js:239:21)\n' +
    '    at runTest (file:///C:/Users/ferna/Downloads/appforge-main/node_modules/@vitest/runner/dist/index.js:1653:12)',
  timestamp: '2026-02-04T02:08:44.800Z',
  context: {},
  userAgent: 'Mozilla/5.0 (win32) AppleWebKit/537.36 (KHTML, like Gecko) jsdom/25.0.1',
  url: 'http://localhost:3000/',
  env: 'development'
}

[90mstdout[2m | src/utils/__tests__/errorTracking.test.js[2m > [22m[2mError Tracker[2m > [22m[2mcaptures messages with levels
[22m[39m≡ƒô¥ Message [info]: Test message { test: [33mtrue[39m }

stderr | src/utils/__tests__/errorTracking.test.js > Error Tracker > clears errors
≡ƒö┤ Error captured: {
  message: 'Test',
  stack: 'Error: Test\n' +
    '    at C:/Users/ferna/Downloads/appforge-main/src/utils/__tests__/errorTracking.test.js:58:31\n' +
    '    at file:///C:/Users/ferna/Downloads/appforge-main/node_modules/@vitest/runner/dist/index.js:145:11\n' +
    '    at file:///C:/Users/ferna/Downloads/appforge-main/node_modules/@vitest/runner/dist/index.js:915:26\n' +
    '    at file:///C:/Users/ferna/Downloads/appforge-main/node_modules/@vitest/runner/dist/index.js:1243:20\n' +
    '    at new Promise (<anonymous>)\n' +
    '    at runWithTimeout (file:///C:/Users/ferna/Downloads/appforge-main/node_modules/@vitest/runner/dist/index.js:1209:10)\n' +
    '    at file:///C:/Users/ferna/Downloads/appforge-main/node_modules/@vitest/runner/dist/index.js:1653:37\n' +
    '    at Traces.$ (file:///C:/Users/ferna/Downloads/appforge-main/node_modules/vitest/dist/chunks/traces.CCmnQaNT.js:142:27)\n' +
    '    at trace (file:///C:/Users/ferna/Downloads/appforge-main/node_modules/vitest/dist/chunks/test.B8ej_ZHS.js:239:21)\n' +
    '    at runTest (file:///C:/Users/ferna/Downloads/appforge-main/node_modules/@vitest/runner/dist/index.js:1653:12)',
  timestamp: '2026-02-04T02:08:44.814Z',
  context: {},
  userAgent: 'Mozilla/5.0 (win32) AppleWebKit/537.36 (KHTML, like Gecko) jsdom/25.0.1',
  url: 'http://localhost:3000/',
  env: 'development'
}

 [32mΓ£ô[39m src/utils/__tests__/errorTracking.test.js [2m([22m[2m5 tests[22m[2m)[22m[32m 139[2mms[22m[39m
 [32mΓ£ô[39m src/components/sidebar/ConsolidatedAISidebar.test.jsx [2m([22m[2m15 tests[22m[2m)[22m[33m 2815[2mms[22m[39m
     [33m[2mΓ£ô[22m[39m contains Core navigation items [33m 438[2mms[22m[39m
     [33m[2mΓ£ô[22m[39m contains Build section items [33m 461[2mms[22m[39m
     [33m[2mΓ£ô[22m[39m contains Enterprise section items [33m 554[2mms[22m[39m
 [32mΓ£ô[39m src/hooks/useSearch.test.js [2m([22m[2m18 tests[22m[2m)[22m[32m 163[2mms[22m[39m
stderr | src/tests/unit/components/PrivateRoute.test.jsx > PrivateRoute > should render protected content when authenticated
ΓÜá∩╕Å React Router Future Flag Warning: React Router will begin wrapping state updates in `React.startTransition` in v7. You can use the `v7_startTransition` future flag to opt-in early. For more information, see https://reactrouter.com/v6/upgrading/future#v7_starttransition.

 [32mΓ£ô[39m src/tests/unit/components/PrivateRoute.test.jsx [2m([22m[2m3 tests[22m[2m)[22m[32m 172[2mms[22m[39m
 [32mΓ£ô[39m src/components/ui/__tests__/card.test.jsx [2m([22m[2m3 tests[22m[2m)[22m[32m 110[2mms[22m[39m
 [32mΓ£ô[39m src/hooks/useProjectCloning.test.js [2m([22m[2m19 tests[22m[2m)[22m[32m 91[2mms[22m[39m
 [32mΓ£ô[39m src/hooks/useAPIKeys.test.js [2m([22m[2m14 tests[22m[2m)[22m[32m 97[2mms[22m[39m
 [32mΓ£ô[39m src/hooks/useAnalytics.test.js [2m([22m[2m9 tests[22m[2m)[22m[32m 111[2mms[22m[39m
 [32mΓ£ô[39m src/utils/__tests__/apiRateLimit.test.js [2m([22m[2m29 tests[22m[2m)[22m[32m 61[2mms[22m[39m
 [32mΓ£ô[39m src/lib/apiKeyUtils.test.js [2m([22m[2m18 tests[22m[2m)[22m[32m 135[2mms[22m[39m
 [32mΓ£ô[39m src/utils/__tests__/webhooks.test.js [2m([22m[2m29 tests[22m[2m)[22m[32m 48[2mms[22m[39m
 [32mΓ£ô[39m src/services/analytics.test.js [2m([22m[2m20 tests[22m[2m)[22m[32m 68[2mms[22m[39m
stderr | src/tests/unit/components/CommandPalette.test.jsx > CommandPalette > opens with Ctrl+K and shows search input
ΓÜá∩╕Å React Router Future Flag Warning: React Router will begin wrapping state updates in `React.startTransition` in v7. You can use the `v7_startTransition` future flag to opt-in early. For more information, see https://reactrouter.com/v6/upgrading/future#v7_starttransition.
ΓÜá∩╕Å React Router Future Flag Warning: Relative route resolution within Splat routes is changing in v7. You can use the `v7_relativeSplatPath` future flag to opt-in early. For more information, see https://reactrouter.com/v6/upgrading/future#v7_relativesplatpath.

 [32mΓ£ô[39m src/tests/unit/components/CommandPalette.test.jsx [2m([22m[2m2 tests[22m[2m)[22m[32m 231[2mms[22m[39m
 [32mΓ£ô[39m src/utils/__tests__/quantumComputing.test.js [2m([22m[2m31 tests[22m[2m)[22m[32m 42[2mms[22m[39m
 [32mΓ£ô[39m src/utils/__tests__/advancedPermissions.test.js [2m([22m[2m37 tests[22m[2m)[22m[32m 39[2mms[22m[39m
 [32mΓ£ô[39m src/utils/__tests__/searchIndexing.test.js [2m([22m[2m33 tests[22m[2m)[22m[32m 30[2mms[22m[39m
 [32mΓ£ô[39m src/utils/__tests__/performance.test.js [2m([22m[2m6 tests[22m[2m)[22m[32m 33[2mms[22m[39m
 [32mΓ£ô[39m src/utils/__tests__/analytics.test.js [2m([22m[2m24 tests[22m[2m)[22m[32m 27[2mms[22m[39m
 [32mΓ£ô[39m src/utils/__tests__/teamCollaboration.test.js [2m([22m[2m23 tests[22m[2m)[22m[32m 42[2mms[22m[39m
 [32mΓ£ô[39m src/utils/__tests__/collaboration.test.js [2m([22m[2m27 tests[22m[2m)[22m[32m 28[2mms[22m[39m
 [32mΓ£ô[39m src/utils/__tests__/searchAnalytics.test.js [2m([22m[2m21 tests[22m[2m)[22m[32m 26[2mms[22m[39m
 [32mΓ£ô[39m src/lib/search.test.js [2m([22m[2m25 tests[22m[2m)[22m[32m 19[2mms[22m[39m
 [32mΓ£ô[39m src/lib/favorites.test.js [2m([22m[2m16 tests[22m[2m)[22m[32m 16[2mms[22m[39m
 [32mΓ£ô[39m src/utils/__tests__/dataSecurity.test.js [2m([22m[2m7 tests[22m[2m)[22m[32m 21[2mms[22m[39m
 [32mΓ£ô[39m src/lib/teamInvites.test.js [2m([22m[2m18 tests[22m[2m)[22m[32m 21[2mms[22m[39m
 [32mΓ£ô[39m src/lib/environmentVariables.test.js [2m([22m[2m21 tests[22m[2m)[22m[32m 20[2mms[22m[39m
 [32mΓ£ô[39m src/lib/deploymentHistory.test.js [2m([22m[2m18 tests[22m[2m)[22m[32m 20[2mms[22m[39m
 [32mΓ£ô[39m src/lib/projectCloning.test.js [2m([22m[2m10 tests[22m[2m)[22m[32m 18[2mms[22m[39m
 [32mΓ£ô[39m src/utils/__tests__/refactoringEngine.test.js [2m([22m[2m3 tests[22m[2m)[22m[32m 11[2mms[22m[39m
 [32mΓ£ô[39m src/utils/__tests__/mlIntegration.test.js [2m([22m[2m4 tests[22m[2m)[22m[32m 11[2mms[22m[39m
 [32mΓ£ô[39m src/tests/unit/utils/env.test.js [2m([22m[2m2 tests[22m[2m)[22m[32m 9[2mms[22m[39m
 [32mΓ£ô[39m src/utils/__tests__/env.test.js [2m([22m[2m3 tests[22m[2m)[22m[32m 11[2mms[22m[39m
 [32mΓ£ô[39m src/utils/__tests__/observability.test.js [2m([22m[2m3 tests[22m[2m)[22m[32m 9[2mms[22m[39m
 [32mΓ£ô[39m tests/integration/payment-integration.test.ts [2m([22m[2m15 tests[22m[2m | [22m[33m14 skipped[39m[2m)[22m[32m 7[2mms[22m[39m
 [32mΓ£ô[39m src/tests/unit/utils/slackIntegration.test.js [2m([22m[2m2 tests[22m[2m)[22m[32m 5[2mms[22m[39m
[90mstdout[2m | src/tests/App.test.jsx[2m > [22m[2mApp[2m > [22m[2mrenders without crashing
[22m[39m[AuthContext] Starting app state check...
[AuthContext] Fetching public settings...
[AuthContext] Starting app state check...
[AuthContext] Fetching public settings...

[90mstdout[2m | src/tests/App.test.jsx
[22m[39m[AuthContext] Public settings loaded: {}
[AuthContext] No token, user not authenticated
[AuthContext] App state check complete

[90mstdout[2m | src/tests/App.test.jsx
[22m[39m[AuthContext] Public settings loaded: {}
[AuthContext] No token, user not authenticated
[AuthContext] App state check complete

 [32mΓ£ô[39m src/tests/App.test.jsx [2m([22m[2m1 test[22m[2m)[22m[32m 33[2mms[22m[39m

[2m Test Files [22m [1m[32m48 passed[39m[22m[90m (48)[39m
[2m      Tests [22m [1m[32m714 passed[39m[22m[2m | [22m[33m14 skipped[39m[90m (728)[39m
[2m   Start at [22m 10:08:34
[2m   Duration [22m 35.86s[2m (transform 10.69s, setup 28.31s, import 37.05s, tests 12.29s, environment 98.43s)[22m

